Apr 18 15:35:47 a952d0d9ca03 sshd[4900]: Connection closed by invalid user delegate 172.30.185.5 port 52624 [preauth]
Apr 18 15:35:47 a952d0d9ca03 sshd[4902]: Invalid user xcc from 172.30.185.8 port 39170
Apr 18 15:35:47 a952d0d9ca03 sshd[4902]: error: Could not get shadow information for NOUSER
Apr 18 15:35:47 a952d0d9ca03 sshd[4898]: Failed password for invalid user gogs from 172.30.185.7 port 36862 ssh2
Apr 18 15:35:47 a952d0d9ca03 sshd[4902]: Failed none for invalid user xcc from 172.30.185.8 port 39170 ssh2
Apr 18 15:35:47 a952d0d9ca03 sshd[4898]: Connection closed by invalid user gogs 172.30.185.7 port 36862 [preauth]
Apr 18 15:35:47 a952d0d9ca03 sshd[4902]: Failed password for invalid user xcc from 172.30.185.8 port 39170 ssh2
Apr 18 15:35:47 a952d0d9ca03 sshd[4902]: Connection closed by invalid user xcc 172.30.185.8 port 39170 [preauth]
Apr 18 15:35:47 a952d0d9ca03 sshd[4904]: Invalid user openproject from 172.30.185.6 port 44690
Apr 18 15:35:47 a952d0d9ca03 sshd[4904]: error: Could not get shadow information for NOUSER
Apr 18 15:35:47 a952d0d9ca03 sshd[4904]: Failed none for invalid user openproject from 172.30.185.6 port 44690 ssh2
Apr 18 15:35:47 a952d0d9ca03 sshd[4904]: Failed password for invalid user openproject from 172.30.185.6 port 44690 ssh2
Apr 18 15:35:47 a952d0d9ca03 sshd[4904]: Connection closed by invalid user openproject 172.30.185.6 port 44690 [preauth]
Apr 18 15:35:47 a952d0d9ca03 sshd[4906]: Invalid user delegate from 172.30.185.5 port 52636
Apr 18 15:35:47 a952d0d9ca03 sshd[4906]: error: Could not get shadow information for NOUSER
Apr 18 15:35:47 a952d0d9ca03 sshd[4906]: Failed none for invalid user delegate from 172.30.185.5 port 52636 ssh2
Apr 18 15:35:47 a952d0d9ca03 sshd[4906]: Failed password for invalid user delegate from 172.30.185.5 port 52636 ssh2
Apr 18 15:35:47 a952d0d9ca03 sshd[4906]: Connection closed by invalid user delegate 172.30.185.5 port 52636 [preauth]
Apr 18 15:35:47 a952d0d9ca03 sshd[4910]: Invalid user haoran from 172.30.185.8 port 39186
Apr 18 15:35:47 a952d0d9ca03 sshd[4910]: error: Could not get shadow information for NOUSER
Apr 18 15:35:47 a952d0d9ca03 sshd[4908]: Invalid user gogs from 172.30.185.7 port 36874
Apr 18 15:35:47 a952d0d9ca03 sshd[4910]: Failed none for invalid user haoran from 172.30.185.8 port 39186 ssh2
Apr 18 15:35:47 a952d0d9ca03 sshd[4908]: error: Could not get shadow information for NOUSER
Apr 18 15:35:47 a952d0d9ca03 sshd[4908]: Failed none for invalid user gogs from 172.30.185.7 port 36874 ssh2
Apr 18 15:35:47 a952d0d9ca03 sshd[4910]: Failed password for invalid user haoran from 172.30.185.8 port 39186 ssh2
Apr 18 15:35:47 a952d0d9ca03 sshd[4910]: Connection closed by invalid user haoran 172.30.185.8 port 39186 [preauth]
Apr 18 15:35:47 a952d0d9ca03 sshd[4908]: Failed password for invalid user gogs from 172.30.185.7 port 36874 ssh2
Apr 18 15:35:47 a952d0d9ca03 sshd[4908]: Connection closed by invalid user gogs 172.30.185.7 port 36874 [preauth]
Apr 18 15:35:47 a952d0d9ca03 sshd[4912]: Invalid user openproject from 172.30.185.6 port 44694
Apr 18 15:35:47 a952d0d9ca03 sshd[4912]: error: Could not get shadow information for NOUSER
Apr 18 15:35:47 a952d0d9ca03 sshd[4912]: Failed none for invalid user openproject from 172.30.185.6 port 44694 ssh2
Apr 18 15:35:47 a952d0d9ca03 sshd[4912]: Failed password for invalid user openproject from 172.30.185.6 port 44694 ssh2
Apr 18 15:35:47 a952d0d9ca03 sshd[4912]: Connection closed by invalid user openproject 172.30.185.6 port 44694 [preauth]
Apr 18 15:35:47 a952d0d9ca03 sshd[4914]: Invalid user delegate from 172.30.185.5 port 52644
Apr 18 15:35:47 a952d0d9ca03 sshd[4914]: error: Could not get shadow information for NOUSER
Apr 18 15:35:47 a952d0d9ca03 sshd[4914]: Failed none for invalid user delegate from 172.30.185.5 port 52644 ssh2
Apr 18 15:35:47 a952d0d9ca03 sshd[4914]: Failed password for invalid user delegate from 172.30.185.5 port 52644 ssh2
Apr 18 15:35:47 a952d0d9ca03 sshd[4914]: Connection closed by invalid user delegate 172.30.185.5 port 52644 [preauth]
Apr 18 15:35:47 a952d0d9ca03 sshd[4916]: Invalid user haoran from 172.30.185.8 port 39194
Apr 18 15:35:47 a952d0d9ca03 sshd[4916]: error: Could not get shadow information for NOUSER
Apr 18 15:35:47 a952d0d9ca03 sshd[4916]: Failed none for invalid user haoran from 172.30.185.8 port 39194 ssh2
Apr 18 15:35:47 a952d0d9ca03 sshd[4916]: Failed password for invalid user haoran from 172.30.185.8 port 39194 ssh2
Apr 18 15:35:47 a952d0d9ca03 sshd[4916]: Connection closed by invalid user haoran 172.30.185.8 port 39194 [preauth]
Apr 18 15:35:47 a952d0d9ca03 sshd[4917]: Invalid user gogs from 172.30.185.7 port 36880
Apr 18 15:35:47 a952d0d9ca03 sshd[4917]: error: Could not get shadow information for NOUSER
Apr 18 15:35:47 a952d0d9ca03 sshd[4917]: Failed none for invalid user gogs from 172.30.185.7 port 36880 ssh2
Apr 18 15:35:47 a952d0d9ca03 sshd[4917]: Failed password for invalid user gogs from 172.30.185.7 port 36880 ssh2
Apr 18 15:35:47 a952d0d9ca03 sshd[4917]: Connection closed by invalid user gogs 172.30.185.7 port 36880 [preauth]
Apr 18 15:35:47 a952d0d9ca03 sshd[4920]: Invalid user openproject from 172.30.185.6 port 44708
Apr 18 15:35:47 a952d0d9ca03 sshd[4920]: error: Could not get shadow information for NOUSER
Apr 18 15:35:47 a952d0d9ca03 sshd[4920]: Failed none for invalid user openproject from 172.30.185.6 port 44708 ssh2
Apr 18 15:35:47 a952d0d9ca03 sshd[4920]: Failed password for invalid user openproject from 172.30.185.6 port 44708 ssh2
Apr 18 15:35:47 a952d0d9ca03 sshd[4920]: Connection closed by invalid user openproject 172.30.185.6 port 44708 [preauth]
Apr 18 15:35:47 a952d0d9ca03 sshd[4922]: Invalid user delegate from 172.30.185.5 port 52654
Apr 18 15:35:47 a952d0d9ca03 sshd[4922]: error: Could not get shadow information for NOUSER
Apr 18 15:35:47 a952d0d9ca03 sshd[4922]: Failed none for invalid user delegate from 172.30.185.5 port 52654 ssh2
Apr 18 15:35:47 a952d0d9ca03 sshd[4922]: Failed password for invalid user delegate from 172.30.185.5 port 52654 ssh2
Apr 18 15:35:47 a952d0d9ca03 sshd[4922]: Connection closed by invalid user delegate 172.30.185.5 port 52654 [preauth]
Apr 18 15:35:47 a952d0d9ca03 sshd[4924]: Invalid user haoran from 172.30.185.8 port 39208
Apr 18 15:35:47 a952d0d9ca03 sshd[4924]: error: Could not get shadow information for NOUSER
Apr 18 15:35:47 a952d0d9ca03 sshd[4924]: Failed none for invalid user haoran from 172.30.185.8 port 39208 ssh2
Apr 18 15:35:47 a952d0d9ca03 sshd[4924]: Failed password for invalid user haoran from 172.30.185.8 port 39208 ssh2
Apr 18 15:35:47 a952d0d9ca03 sshd[4924]: Connection closed by invalid user haoran 172.30.185.8 port 39208 [preauth]
Apr 18 15:35:47 a952d0d9ca03 sshd[4928]: Invalid user openproject from 172.30.185.6 port 44716
Apr 18 15:35:47 a952d0d9ca03 sshd[4928]: error: Could not get shadow information for NOUSER
Apr 18 15:35:47 a952d0d9ca03 sshd[4928]: Failed none for invalid user openproject from 172.30.185.6 port 44716 ssh2
Apr 18 15:35:47 a952d0d9ca03 sshd[4926]: Invalid user gogs from 172.30.185.7 port 36884
Apr 18 15:35:47 a952d0d9ca03 sshd[4926]: error: Could not get shadow information for NOUSER
Apr 18 15:35:47 a952d0d9ca03 sshd[4926]: Failed none for invalid user gogs from 172.30.185.7 port 36884 ssh2
Apr 18 15:35:47 a952d0d9ca03 sshd[4930]: Invalid user tfj from 172.30.185.9 port 39828
Apr 18 15:35:47 a952d0d9ca03 sshd[4930]: error: Could not get shadow information for NOUSER
Apr 18 15:35:47 a952d0d9ca03 sshd[4928]: Failed password for invalid user openproject from 172.30.185.6 port 44716 ssh2
Apr 18 15:35:47 a952d0d9ca03 sshd[4930]: Failed none for invalid user tfj from 172.30.185.9 port 39828 ssh2
Apr 18 15:35:47 a952d0d9ca03 sshd[4926]: Failed password for invalid user gogs from 172.30.185.7 port 36884 ssh2
Apr 18 15:35:47 a952d0d9ca03 sshd[4928]: Connection closed by invalid user openproject 172.30.185.6 port 44716 [preauth]
Apr 18 15:35:47 a952d0d9ca03 sshd[4926]: Connection closed by invalid user gogs 172.30.185.7 port 36884 [preauth]
Apr 18 15:35:47 a952d0d9ca03 sshd[4930]: Failed password for invalid user tfj from 172.30.185.9 port 39828 ssh2
Apr 18 15:35:47 a952d0d9ca03 sshd[4930]: Connection closed by invalid user tfj 172.30.185.9 port 39828 [preauth]
Apr 18 15:35:47 a952d0d9ca03 sshd[4932]: Invalid user delegate from 172.30.185.5 port 52660
Apr 18 15:35:47 a952d0d9ca03 sshd[4932]: error: Could not get shadow information for NOUSER
Apr 18 15:35:47 a952d0d9ca03 sshd[4932]: Failed none for invalid user delegate from 172.30.185.5 port 52660 ssh2
Apr 18 15:35:47 a952d0d9ca03 sshd[4932]: Failed password for invalid user delegate from 172.30.185.5 port 52660 ssh2
Apr 18 15:35:47 a952d0d9ca03 sshd[4932]: Connection closed by invalid user delegate 172.30.185.5 port 52660 [preauth]
Apr 18 15:35:47 a952d0d9ca03 sshd[4934]: Invalid user haoran from 172.30.185.8 port 39220
Apr 18 15:35:47 a952d0d9ca03 sshd[4934]: error: Could not get shadow information for NOUSER
Apr 18 15:35:47 a952d0d9ca03 sshd[4934]: Failed none for invalid user haoran from 172.30.185.8 port 39220 ssh2
Apr 18 15:35:47 a952d0d9ca03 sshd[4934]: Failed password for invalid user haoran from 172.30.185.8 port 39220 ssh2
Apr 18 15:35:47 a952d0d9ca03 sshd[4934]: Connection closed by invalid user haoran 172.30.185.8 port 39220 [preauth]
Apr 18 15:35:47 a952d0d9ca03 sshd[4937]: Invalid user gogs from 172.30.185.7 port 36888
Apr 18 15:35:47 a952d0d9ca03 sshd[4937]: error: Could not get shadow information for NOUSER
Apr 18 15:35:47 a952d0d9ca03 sshd[4937]: Failed none for invalid user gogs from 172.30.185.7 port 36888 ssh2
Apr 18 15:35:48 a952d0d9ca03 sshd[4936]: Invalid user openproject from 172.30.185.6 port 44732
Apr 18 15:35:48 a952d0d9ca03 sshd[4936]: error: Could not get shadow information for NOUSER
Apr 18 15:35:48 a952d0d9ca03 sshd[4936]: Failed none for invalid user openproject from 172.30.185.6 port 44732 ssh2
Apr 18 15:35:48 a952d0d9ca03 sshd[4937]: Failed password for invalid user gogs from 172.30.185.7 port 36888 ssh2
Apr 18 15:35:48 a952d0d9ca03 sshd[4937]: Connection closed by invalid user gogs 172.30.185.7 port 36888 [preauth]
Apr 18 15:35:48 a952d0d9ca03 sshd[4936]: Failed password for invalid user openproject from 172.30.185.6 port 44732 ssh2
Apr 18 15:35:48 a952d0d9ca03 sshd[4936]: Connection closed by invalid user openproject 172.30.185.6 port 44732 [preauth]
Apr 18 15:35:48 a952d0d9ca03 sshd[4940]: Invalid user onlime_r from 172.30.185.9 port 39844
Apr 18 15:35:48 a952d0d9ca03 sshd[4940]: error: Could not get shadow information for NOUSER
Apr 18 15:35:48 a952d0d9ca03 sshd[4940]: Failed none for invalid user onlime_r from 172.30.185.9 port 39844 ssh2
Apr 18 15:35:48 a952d0d9ca03 sshd[4940]: Failed password for invalid user onlime_r from 172.30.185.9 port 39844 ssh2
Apr 18 15:35:48 a952d0d9ca03 sshd[4940]: Connection closed by invalid user onlime_r 172.30.185.9 port 39844 [preauth]
Apr 18 15:35:48 a952d0d9ca03 sshd[4942]: Invalid user haoran from 172.30.185.8 port 39226
Apr 18 15:35:48 a952d0d9ca03 sshd[4942]: error: Could not get shadow information for NOUSER
Apr 18 15:35:48 a952d0d9ca03 sshd[4942]: Failed none for invalid user haoran from 172.30.185.8 port 39226 ssh2
Apr 18 15:35:48 a952d0d9ca03 sshd[4942]: Failed password for invalid user haoran from 172.30.185.8 port 39226 ssh2
Apr 18 15:35:48 a952d0d9ca03 sshd[4942]: Connection closed by invalid user haoran 172.30.185.8 port 39226 [preauth]
Apr 18 15:35:48 a952d0d9ca03 sshd[4946]: Invalid user openproject from 172.30.185.6 port 44736
Apr 18 15:35:48 a952d0d9ca03 sshd[4946]: error: Could not get shadow information for NOUSER
Apr 18 15:35:48 a952d0d9ca03 sshd[4946]: Failed none for invalid user openproject from 172.30.185.6 port 44736 ssh2
Apr 18 15:35:48 a952d0d9ca03 sshd[4946]: Failed password for invalid user openproject from 172.30.185.6 port 44736 ssh2
Apr 18 15:35:48 a952d0d9ca03 sshd[4946]: Connection closed by invalid user openproject 172.30.185.6 port 44736 [preauth]
Apr 18 15:35:48 a952d0d9ca03 sshd[4944]: Invalid user gogs from 172.30.185.7 port 36904
Apr 18 15:35:48 a952d0d9ca03 sshd[4944]: error: Could not get shadow information for NOUSER
Apr 18 15:35:48 a952d0d9ca03 sshd[4944]: Failed none for invalid user gogs from 172.30.185.7 port 36904 ssh2
Apr 18 15:35:48 a952d0d9ca03 sshd[4944]: Failed password for invalid user gogs from 172.30.185.7 port 36904 ssh2
Apr 18 15:35:48 a952d0d9ca03 sshd[4948]: Invalid user onlime_r from 172.30.185.9 port 39848
Apr 18 15:35:48 a952d0d9ca03 sshd[4948]: error: Could not get shadow information for NOUSER
Apr 18 15:35:48 a952d0d9ca03 sshd[4944]: Connection closed by invalid user gogs 172.30.185.7 port 36904 [preauth]
Apr 18 15:35:48 a952d0d9ca03 sshd[4948]: Failed none for invalid user onlime_r from 172.30.185.9 port 39848 ssh2
Apr 18 15:35:48 a952d0d9ca03 sshd[4948]: Failed password for invalid user onlime_r from 172.30.185.9 port 39848 ssh2
Apr 18 15:35:48 a952d0d9ca03 sshd[4948]: Connection closed by invalid user onlime_r 172.30.185.9 port 39848 [preauth]
Apr 18 15:35:48 a952d0d9ca03 sshd[4950]: Invalid user haoran from 172.30.185.8 port 39236
Apr 18 15:35:48 a952d0d9ca03 sshd[4950]: error: Could not get shadow information for NOUSER
Apr 18 15:35:48 a952d0d9ca03 sshd[4950]: Failed none for invalid user haoran from 172.30.185.8 port 39236 ssh2
Apr 18 15:35:48 a952d0d9ca03 sshd[4950]: Failed password for invalid user haoran from 172.30.185.8 port 39236 ssh2
Apr 18 15:35:48 a952d0d9ca03 sshd[4950]: Connection closed by invalid user haoran 172.30.185.8 port 39236 [preauth]
Apr 18 15:35:48 a952d0d9ca03 sshd[4954]: Invalid user gogs from 172.30.185.7 port 36920
Apr 18 15:35:48 a952d0d9ca03 sshd[4954]: error: Could not get shadow information for NOUSER
Apr 18 15:35:48 a952d0d9ca03 sshd[4952]: Invalid user openproject from 172.30.185.6 port 44746
Apr 18 15:35:48 a952d0d9ca03 sshd[4952]: error: Could not get shadow information for NOUSER
Apr 18 15:35:48 a952d0d9ca03 sshd[4954]: Failed none for invalid user gogs from 172.30.185.7 port 36920 ssh2
Apr 18 15:35:48 a952d0d9ca03 sshd[4952]: Failed none for invalid user openproject from 172.30.185.6 port 44746 ssh2
Apr 18 15:35:48 a952d0d9ca03 sshd[4954]: Failed password for invalid user gogs from 172.30.185.7 port 36920 ssh2
Apr 18 15:35:48 a952d0d9ca03 sshd[4954]: Connection closed by invalid user gogs 172.30.185.7 port 36920 [preauth]
Apr 18 15:35:48 a952d0d9ca03 sshd[4952]: Failed password for invalid user openproject from 172.30.185.6 port 44746 ssh2
Apr 18 15:35:48 a952d0d9ca03 sshd[4952]: Connection closed by invalid user openproject 172.30.185.6 port 44746 [preauth]
Apr 18 15:35:48 a952d0d9ca03 sshd[4956]: Invalid user onlime_r from 172.30.185.9 port 39856
Apr 18 15:35:48 a952d0d9ca03 sshd[4956]: error: Could not get shadow information for NOUSER
Apr 18 15:35:48 a952d0d9ca03 sshd[4956]: Failed none for invalid user onlime_r from 172.30.185.9 port 39856 ssh2
Apr 18 15:35:48 a952d0d9ca03 sshd[4956]: Failed password for invalid user onlime_r from 172.30.185.9 port 39856 ssh2
Apr 18 15:35:48 a952d0d9ca03 sshd[4956]: Connection closed by invalid user onlime_r 172.30.185.9 port 39856 [preauth]
Apr 18 15:35:48 a952d0d9ca03 sshd[4958]: Invalid user haoran from 172.30.185.8 port 39244
Apr 18 15:35:48 a952d0d9ca03 sshd[4958]: error: Could not get shadow information for NOUSER
Apr 18 15:35:48 a952d0d9ca03 sshd[4958]: Failed none for invalid user haoran from 172.30.185.8 port 39244 ssh2
Apr 18 15:35:48 a952d0d9ca03 sshd[4958]: Failed password for invalid user haoran from 172.30.185.8 port 39244 ssh2
Apr 18 15:35:48 a952d0d9ca03 sshd[4958]: Connection closed by invalid user haoran 172.30.185.8 port 39244 [preauth]
Apr 18 15:35:48 a952d0d9ca03 sshd[4960]: Invalid user space from 172.30.185.10 port 39062
Apr 18 15:35:48 a952d0d9ca03 sshd[4960]: error: Could not get shadow information for NOUSER
Apr 18 15:35:48 a952d0d9ca03 sshd[4960]: Failed none for invalid user space from 172.30.185.10 port 39062 ssh2
Apr 18 15:35:48 a952d0d9ca03 sshd[4960]: Failed password for invalid user space from 172.30.185.10 port 39062 ssh2
Apr 18 15:35:48 a952d0d9ca03 sshd[4960]: Connection closed by invalid user space 172.30.185.10 port 39062 [preauth]
Apr 18 15:35:48 a952d0d9ca03 sshd[4962]: Invalid user gogs from 172.30.185.7 port 36928
Apr 18 15:35:48 a952d0d9ca03 sshd[4962]: error: Could not get shadow information for NOUSER
Apr 18 15:35:48 a952d0d9ca03 sshd[4962]: Failed none for invalid user gogs from 172.30.185.7 port 36928 ssh2
Apr 18 15:35:48 a952d0d9ca03 sshd[4962]: Failed password for invalid user gogs from 172.30.185.7 port 36928 ssh2
Apr 18 15:35:48 a952d0d9ca03 sshd[4962]: Connection closed by invalid user gogs 172.30.185.7 port 36928 [preauth]
Apr 18 15:35:48 a952d0d9ca03 sshd[4964]: Invalid user onlime_r from 172.30.185.9 port 39868
Apr 18 15:35:48 a952d0d9ca03 sshd[4964]: error: Could not get shadow information for NOUSER
Apr 18 15:35:48 a952d0d9ca03 sshd[4964]: Failed none for invalid user onlime_r from 172.30.185.9 port 39868 ssh2
Apr 18 15:35:48 a952d0d9ca03 sshd[4964]: Failed password for invalid user onlime_r from 172.30.185.9 port 39868 ssh2
Apr 18 15:35:48 a952d0d9ca03 sshd[4964]: Connection closed by invalid user onlime_r 172.30.185.9 port 39868 [preauth]
Apr 18 15:35:48 a952d0d9ca03 sshd[4966]: Invalid user tony from 172.30.185.11 port 40464
Apr 18 15:35:48 a952d0d9ca03 sshd[4966]: error: Could not get shadow information for NOUSER
Apr 18 15:35:48 a952d0d9ca03 sshd[4966]: Failed none for invalid user tony from 172.30.185.11 port 40464 ssh2
Apr 18 15:35:48 a952d0d9ca03 sshd[4966]: Failed password for invalid user tony from 172.30.185.11 port 40464 ssh2
Apr 18 15:35:48 a952d0d9ca03 sshd[4966]: Connection closed by invalid user tony 172.30.185.11 port 40464 [preauth]
Apr 18 15:35:48 a952d0d9ca03 sshd[4970]: Invalid user xlm from 172.30.185.10 port 39074
Apr 18 15:35:48 a952d0d9ca03 sshd[4970]: error: Could not get shadow information for NOUSER
Apr 18 15:35:48 a952d0d9ca03 sshd[4970]: Failed none for invalid user xlm from 172.30.185.10 port 39074 ssh2
Apr 18 15:35:48 a952d0d9ca03 sshd[4967]: Invalid user haoran from 172.30.185.8 port 39250
Apr 18 15:35:48 a952d0d9ca03 sshd[4967]: error: Could not get shadow information for NOUSER
Apr 18 15:35:48 a952d0d9ca03 sshd[4967]: Failed none for invalid user haoran from 172.30.185.8 port 39250 ssh2
Apr 18 15:35:48 a952d0d9ca03 sshd[4970]: Failed password for invalid user xlm from 172.30.185.10 port 39074 ssh2
Apr 18 15:35:48 a952d0d9ca03 sshd[4970]: Connection closed by invalid user xlm 172.30.185.10 port 39074 [preauth]
Apr 18 15:35:48 a952d0d9ca03 sshd[4967]: Failed password for invalid user haoran from 172.30.185.8 port 39250 ssh2
Apr 18 15:35:48 a952d0d9ca03 sshd[4967]: Connection closed by invalid user haoran 172.30.185.8 port 39250 [preauth]
Apr 18 15:35:48 a952d0d9ca03 sshd[4972]: Invalid user gogs from 172.30.185.7 port 36930
Apr 18 15:35:48 a952d0d9ca03 sshd[4972]: error: Could not get shadow information for NOUSER
Apr 18 15:35:48 a952d0d9ca03 sshd[4972]: Failed none for invalid user gogs from 172.30.185.7 port 36930 ssh2
Apr 18 15:35:48 a952d0d9ca03 sshd[4972]: Failed password for invalid user gogs from 172.30.185.7 port 36930 ssh2
Apr 18 15:35:48 a952d0d9ca03 sshd[4972]: Connection closed by invalid user gogs 172.30.185.7 port 36930 [preauth]
Apr 18 15:35:48 a952d0d9ca03 sshd[4974]: Invalid user onlime_r from 172.30.185.9 port 39870
Apr 18 15:35:48 a952d0d9ca03 sshd[4974]: error: Could not get shadow information for NOUSER
Apr 18 15:35:48 a952d0d9ca03 sshd[4974]: Failed none for invalid user onlime_r from 172.30.185.9 port 39870 ssh2
Apr 18 15:35:48 a952d0d9ca03 sshd[4974]: Failed password for invalid user onlime_r from 172.30.185.9 port 39870 ssh2
Apr 18 15:35:48 a952d0d9ca03 sshd[4974]: Connection closed by invalid user onlime_r 172.30.185.9 port 39870 [preauth]
Apr 18 15:35:49 a952d0d9ca03 sshd[4976]: Invalid user root1 from 172.30.185.12 port 38006
Apr 18 15:35:49 a952d0d9ca03 sshd[4976]: error: Could not get shadow information for NOUSER
Apr 18 15:35:49 a952d0d9ca03 sshd[4976]: Failed none for invalid user root1 from 172.30.185.12 port 38006 ssh2
Apr 18 15:35:49 a952d0d9ca03 sshd[4976]: Failed password for invalid user root1 from 172.30.185.12 port 38006 ssh2
Apr 18 15:35:49 a952d0d9ca03 sshd[4976]: Connection closed by invalid user root1 172.30.185.12 port 38006 [preauth]
Apr 18 15:35:49 a952d0d9ca03 sshd[4978]: Invalid user lal from 172.30.185.11 port 40474
Apr 18 15:35:49 a952d0d9ca03 sshd[4978]: error: Could not get shadow information for NOUSER
Apr 18 15:35:49 a952d0d9ca03 sshd[4978]: Failed none for invalid user lal from 172.30.185.11 port 40474 ssh2
Apr 18 15:35:49 a952d0d9ca03 sshd[4982]: Invalid user haoran from 172.30.185.8 port 39258
Apr 18 15:35:49 a952d0d9ca03 sshd[4982]: error: Could not get shadow information for NOUSER
Apr 18 15:35:49 a952d0d9ca03 sshd[4980]: Invalid user xlm from 172.30.185.10 port 39082
Apr 18 15:35:49 a952d0d9ca03 sshd[4980]: error: Could not get shadow information for NOUSER
Apr 18 15:35:49 a952d0d9ca03 sshd[4982]: Failed none for invalid user haoran from 172.30.185.8 port 39258 ssh2
Apr 18 15:35:49 a952d0d9ca03 sshd[4980]: Failed none for invalid user xlm from 172.30.185.10 port 39082 ssh2
Apr 18 15:35:49 a952d0d9ca03 sshd[4978]: Failed password for invalid user lal from 172.30.185.11 port 40474 ssh2
Apr 18 15:35:49 a952d0d9ca03 sshd[4982]: Failed password for invalid user haoran from 172.30.185.8 port 39258 ssh2
Apr 18 15:35:49 a952d0d9ca03 sshd[4978]: Connection closed by invalid user lal 172.30.185.11 port 40474 [preauth]
Apr 18 15:35:49 a952d0d9ca03 sshd[4982]: Connection closed by invalid user haoran 172.30.185.8 port 39258 [preauth]
Apr 18 15:35:49 a952d0d9ca03 sshd[4980]: Failed password for invalid user xlm from 172.30.185.10 port 39082 ssh2
Apr 18 15:35:49 a952d0d9ca03 sshd[4980]: Connection closed by invalid user xlm 172.30.185.10 port 39082 [preauth]
Apr 18 15:35:49 a952d0d9ca03 sshd[4984]: Invalid user onlime_r from 172.30.185.9 port 39880
Apr 18 15:35:49 a952d0d9ca03 sshd[4984]: error: Could not get shadow information for NOUSER
Apr 18 15:35:49 a952d0d9ca03 sshd[4984]: Failed none for invalid user onlime_r from 172.30.185.9 port 39880 ssh2
Apr 18 15:35:49 a952d0d9ca03 sshd[4984]: Failed password for invalid user onlime_r from 172.30.185.9 port 39880 ssh2
Apr 18 15:35:49 a952d0d9ca03 sshd[4984]: Connection closed by invalid user onlime_r 172.30.185.9 port 39880 [preauth]
Apr 18 15:35:49 a952d0d9ca03 sshd[4986]: Invalid user reza from 172.30.185.12 port 38012
Apr 18 15:35:49 a952d0d9ca03 sshd[4986]: error: Could not get shadow information for NOUSER
Apr 18 15:35:49 a952d0d9ca03 sshd[4986]: Failed none for invalid user reza from 172.30.185.12 port 38012 ssh2
Apr 18 15:35:49 a952d0d9ca03 sshd[4986]: Failed password for invalid user reza from 172.30.185.12 port 38012 ssh2
Apr 18 15:35:49 a952d0d9ca03 sshd[4986]: Connection closed by invalid user reza 172.30.185.12 port 38012 [preauth]
Apr 18 15:35:49 a952d0d9ca03 sshd[4988]: Invalid user lal from 172.30.185.11 port 40476
Apr 18 15:35:49 a952d0d9ca03 sshd[4988]: error: Could not get shadow information for NOUSER
Apr 18 15:35:49 a952d0d9ca03 sshd[4989]: Invalid user xlm from 172.30.185.10 port 39098
Apr 18 15:35:49 a952d0d9ca03 sshd[4988]: Failed none for invalid user lal from 172.30.185.11 port 40476 ssh2
Apr 18 15:35:49 a952d0d9ca03 sshd[4989]: error: Could not get shadow information for NOUSER
Apr 18 15:35:49 a952d0d9ca03 sshd[4989]: Failed none for invalid user xlm from 172.30.185.10 port 39098 ssh2
Apr 18 15:35:49 a952d0d9ca03 sshd[4988]: Failed password for invalid user lal from 172.30.185.11 port 40476 ssh2
Apr 18 15:35:49 a952d0d9ca03 sshd[4989]: Failed password for invalid user xlm from 172.30.185.10 port 39098 ssh2
Apr 18 15:35:49 a952d0d9ca03 sshd[4988]: Connection closed by invalid user lal 172.30.185.11 port 40476 [preauth]
Apr 18 15:35:49 a952d0d9ca03 sshd[4989]: Connection closed by invalid user xlm 172.30.185.10 port 39098 [preauth]
Apr 18 15:35:49 a952d0d9ca03 sshd[4992]: Invalid user onlime_r from 172.30.185.9 port 39894
Apr 18 15:35:49 a952d0d9ca03 sshd[4992]: error: Could not get shadow information for NOUSER
Apr 18 15:35:49 a952d0d9ca03 sshd[4992]: Failed none for invalid user onlime_r from 172.30.185.9 port 39894 ssh2
Apr 18 15:35:49 a952d0d9ca03 sshd[4992]: Failed password for invalid user onlime_r from 172.30.185.9 port 39894 ssh2
Apr 18 15:35:49 a952d0d9ca03 sshd[4992]: Connection closed by invalid user onlime_r 172.30.185.9 port 39894 [preauth]
Apr 18 15:35:49 a952d0d9ca03 sshd[4994]: Invalid user reza from 172.30.185.12 port 38018
Apr 18 15:35:49 a952d0d9ca03 sshd[4994]: error: Could not get shadow information for NOUSER
Apr 18 15:35:49 a952d0d9ca03 sshd[4994]: Failed none for invalid user reza from 172.30.185.12 port 38018 ssh2
Apr 18 15:35:49 a952d0d9ca03 sshd[4994]: Failed password for invalid user reza from 172.30.185.12 port 38018 ssh2
Apr 18 15:35:49 a952d0d9ca03 sshd[4994]: Connection closed by invalid user reza 172.30.185.12 port 38018 [preauth]
Apr 18 15:35:49 a952d0d9ca03 sshd[4996]: Invalid user lal from 172.30.185.11 port 40478
Apr 18 15:35:49 a952d0d9ca03 sshd[4996]: error: Could not get shadow information for NOUSER
Apr 18 15:35:49 a952d0d9ca03 sshd[4996]: Failed none for invalid user lal from 172.30.185.11 port 40478 ssh2
Apr 18 15:35:49 a952d0d9ca03 sshd[4997]: Invalid user xlm from 172.30.185.10 port 39110
Apr 18 15:35:49 a952d0d9ca03 sshd[4997]: error: Could not get shadow information for NOUSER
Apr 18 15:35:49 a952d0d9ca03 sshd[4996]: Failed password for invalid user lal from 172.30.185.11 port 40478 ssh2
Apr 18 15:35:49 a952d0d9ca03 sshd[4997]: Failed none for invalid user xlm from 172.30.185.10 port 39110 ssh2
Apr 18 15:35:49 a952d0d9ca03 sshd[4996]: Connection closed by invalid user lal 172.30.185.11 port 40478 [preauth]
Apr 18 15:35:49 a952d0d9ca03 sshd[4997]: Failed password for invalid user xlm from 172.30.185.10 port 39110 ssh2
Apr 18 15:35:49 a952d0d9ca03 sshd[4997]: Connection closed by invalid user xlm 172.30.185.10 port 39110 [preauth]
Apr 18 15:35:49 a952d0d9ca03 sshd[5000]: Invalid user acer from 172.30.185.14 port 57648
Apr 18 15:35:49 a952d0d9ca03 sshd[5000]: error: Could not get shadow information for NOUSER
Apr 18 15:35:49 a952d0d9ca03 sshd[5000]: Failed none for invalid user acer from 172.30.185.14 port 57648 ssh2
Apr 18 15:35:49 a952d0d9ca03 sshd[5000]: Failed password for invalid user acer from 172.30.185.14 port 57648 ssh2
Apr 18 15:35:49 a952d0d9ca03 sshd[5000]: Connection closed by invalid user acer 172.30.185.14 port 57648 [preauth]
Apr 18 15:35:49 a952d0d9ca03 sshd[5002]: Invalid user onlime_r from 172.30.185.9 port 39898
Apr 18 15:35:49 a952d0d9ca03 sshd[5002]: error: Could not get shadow information for NOUSER
Apr 18 15:35:49 a952d0d9ca03 sshd[5002]: Failed none for invalid user onlime_r from 172.30.185.9 port 39898 ssh2
Apr 18 15:35:49 a952d0d9ca03 sshd[5002]: Failed password for invalid user onlime_r from 172.30.185.9 port 39898 ssh2
Apr 18 15:35:49 a952d0d9ca03 sshd[5002]: Connection closed by invalid user onlime_r 172.30.185.9 port 39898 [preauth]
Apr 18 15:35:49 a952d0d9ca03 sshd[5004]: Invalid user reza from 172.30.185.12 port 38028
Apr 18 15:35:49 a952d0d9ca03 sshd[5004]: error: Could not get shadow information for NOUSER
Apr 18 15:35:49 a952d0d9ca03 sshd[5004]: Failed none for invalid user reza from 172.30.185.12 port 38028 ssh2
Apr 18 15:35:49 a952d0d9ca03 sshd[5004]: Failed password for invalid user reza from 172.30.185.12 port 38028 ssh2
Apr 18 15:35:49 a952d0d9ca03 sshd[5004]: Connection closed by invalid user reza 172.30.185.12 port 38028 [preauth]
Apr 18 15:35:49 a952d0d9ca03 sshd[5006]: Invalid user lal from 172.30.185.11 port 40484
Apr 18 15:35:49 a952d0d9ca03 sshd[5006]: error: Could not get shadow information for NOUSER
Apr 18 15:35:49 a952d0d9ca03 sshd[5008]: Invalid user xlm from 172.30.185.10 port 39114
Apr 18 15:35:49 a952d0d9ca03 sshd[5008]: error: Could not get shadow information for NOUSER
Apr 18 15:35:49 a952d0d9ca03 sshd[5006]: Failed none for invalid user lal from 172.30.185.11 port 40484 ssh2
Apr 18 15:35:49 a952d0d9ca03 sshd[5008]: Failed none for invalid user xlm from 172.30.185.10 port 39114 ssh2
Apr 18 15:35:49 a952d0d9ca03 sshd[5006]: Failed password for invalid user lal from 172.30.185.11 port 40484 ssh2
Apr 18 15:35:49 a952d0d9ca03 sshd[5008]: Failed password for invalid user xlm from 172.30.185.10 port 39114 ssh2
Apr 18 15:35:49 a952d0d9ca03 sshd[5006]: Connection closed by invalid user lal 172.30.185.11 port 40484 [preauth]
Apr 18 15:35:49 a952d0d9ca03 sshd[5008]: Connection closed by invalid user xlm 172.30.185.10 port 39114 [preauth]
Apr 18 15:35:49 a952d0d9ca03 sshd[5010]: Invalid user irium from 172.30.185.14 port 57662
Apr 18 15:35:49 a952d0d9ca03 sshd[5010]: error: Could not get shadow information for NOUSER
Apr 18 15:35:49 a952d0d9ca03 sshd[5012]: Invalid user onlime_r from 172.30.185.9 port 39912
Apr 18 15:35:49 a952d0d9ca03 sshd[5012]: error: Could not get shadow information for NOUSER
Apr 18 15:35:49 a952d0d9ca03 sshd[5010]: Failed none for invalid user irium from 172.30.185.14 port 57662 ssh2
Apr 18 15:35:49 a952d0d9ca03 sshd[5012]: Failed none for invalid user onlime_r from 172.30.185.9 port 39912 ssh2
Apr 18 15:35:49 a952d0d9ca03 sshd[5012]: Failed password for invalid user onlime_r from 172.30.185.9 port 39912 ssh2
Apr 18 15:35:49 a952d0d9ca03 sshd[5010]: Failed password for invalid user irium from 172.30.185.14 port 57662 ssh2
Apr 18 15:35:49 a952d0d9ca03 sshd[5012]: Connection closed by invalid user onlime_r 172.30.185.9 port 39912 [preauth]
Apr 18 15:35:49 a952d0d9ca03 sshd[5010]: Connection closed by invalid user irium 172.30.185.14 port 57662 [preauth]
Apr 18 15:35:49 a952d0d9ca03 sshd[5014]: Invalid user reza from 172.30.185.12 port 38036
Apr 18 15:35:49 a952d0d9ca03 sshd[5014]: error: Could not get shadow information for NOUSER
Apr 18 15:35:49 a952d0d9ca03 sshd[5014]: Failed none for invalid user reza from 172.30.185.12 port 38036 ssh2
Apr 18 15:35:49 a952d0d9ca03 sshd[5014]: Failed password for invalid user reza from 172.30.185.12 port 38036 ssh2
Apr 18 15:35:49 a952d0d9ca03 sshd[5014]: Connection closed by invalid user reza 172.30.185.12 port 38036 [preauth]
Apr 18 15:35:49 a952d0d9ca03 sshd[5016]: Invalid user xlm from 172.30.185.10 port 39116
Apr 18 15:35:49 a952d0d9ca03 sshd[5016]: error: Could not get shadow information for NOUSER
Apr 18 15:35:49 a952d0d9ca03 sshd[5020]: Invalid user auser from 172.30.185.13 port 37872
Apr 18 15:35:49 a952d0d9ca03 sshd[5020]: error: Could not get shadow information for NOUSER
Apr 18 15:35:49 a952d0d9ca03 sshd[5016]: Failed none for invalid user xlm from 172.30.185.10 port 39116 ssh2
Apr 18 15:35:49 a952d0d9ca03 sshd[5020]: Failed none for invalid user auser from 172.30.185.13 port 37872 ssh2
Apr 18 15:35:50 a952d0d9ca03 sshd[5016]: Failed password for invalid user xlm from 172.30.185.10 port 39116 ssh2
Apr 18 15:35:50 a952d0d9ca03 sshd[5020]: Failed password for invalid user auser from 172.30.185.13 port 37872 ssh2
Apr 18 15:35:50 a952d0d9ca03 sshd[5017]: Invalid user lal from 172.30.185.11 port 40488
Apr 18 15:35:50 a952d0d9ca03 sshd[5017]: error: Could not get shadow information for NOUSER
Apr 18 15:35:50 a952d0d9ca03 sshd[5020]: Connection closed by invalid user auser 172.30.185.13 port 37872 [preauth]
Apr 18 15:35:50 a952d0d9ca03 sshd[5016]: Connection closed by invalid user xlm 172.30.185.10 port 39116 [preauth]
Apr 18 15:35:50 a952d0d9ca03 sshd[5017]: Failed none for invalid user lal from 172.30.185.11 port 40488 ssh2
Apr 18 15:35:50 a952d0d9ca03 sshd[5017]: Failed password for invalid user lal from 172.30.185.11 port 40488 ssh2
Apr 18 15:35:50 a952d0d9ca03 sshd[5017]: Connection closed by invalid user lal 172.30.185.11 port 40488 [preauth]
Apr 18 15:35:50 a952d0d9ca03 sshd[5022]: Invalid user irium from 172.30.185.14 port 57668
Apr 18 15:35:50 a952d0d9ca03 sshd[5022]: error: Could not get shadow information for NOUSER
Apr 18 15:35:50 a952d0d9ca03 sshd[5022]: Failed none for invalid user irium from 172.30.185.14 port 57668 ssh2
Apr 18 15:35:50 a952d0d9ca03 sshd[5022]: Failed password for invalid user irium from 172.30.185.14 port 57668 ssh2
Apr 18 15:35:50 a952d0d9ca03 sshd[5022]: Connection closed by invalid user irium 172.30.185.14 port 57668 [preauth]
Apr 18 15:35:50 a952d0d9ca03 sshd[5024]: Invalid user reza from 172.30.185.12 port 38044
Apr 18 15:35:50 a952d0d9ca03 sshd[5024]: error: Could not get shadow information for NOUSER
Apr 18 15:35:50 a952d0d9ca03 sshd[5024]: Failed none for invalid user reza from 172.30.185.12 port 38044 ssh2
Apr 18 15:35:50 a952d0d9ca03 sshd[5024]: Failed password for invalid user reza from 172.30.185.12 port 38044 ssh2
Apr 18 15:35:50 a952d0d9ca03 sshd[5024]: Connection closed by invalid user reza 172.30.185.12 port 38044 [preauth]
Apr 18 15:35:50 a952d0d9ca03 sshd[5026]: Invalid user spoilage from 172.30.185.13 port 37882
Apr 18 15:35:50 a952d0d9ca03 sshd[5026]: error: Could not get shadow information for NOUSER
Apr 18 15:35:50 a952d0d9ca03 sshd[5026]: Failed none for invalid user spoilage from 172.30.185.13 port 37882 ssh2
Apr 18 15:35:50 a952d0d9ca03 sshd[5027]: Invalid user xlm from 172.30.185.10 port 39130
Apr 18 15:35:50 a952d0d9ca03 sshd[5027]: error: Could not get shadow information for NOUSER
Apr 18 15:35:50 a952d0d9ca03 sshd[5027]: Failed none for invalid user xlm from 172.30.185.10 port 39130 ssh2
Apr 18 15:35:50 a952d0d9ca03 sshd[5026]: Failed password for invalid user spoilage from 172.30.185.13 port 37882 ssh2
Apr 18 15:35:50 a952d0d9ca03 sshd[5026]: Connection closed by invalid user spoilage 172.30.185.13 port 37882 [preauth]
Apr 18 15:35:50 a952d0d9ca03 sshd[5027]: Failed password for invalid user xlm from 172.30.185.10 port 39130 ssh2
Apr 18 15:35:50 a952d0d9ca03 sshd[5027]: Connection closed by invalid user xlm 172.30.185.10 port 39130 [preauth]
Apr 18 15:35:50 a952d0d9ca03 sshd[5030]: Invalid user lal from 172.30.185.11 port 40492
Apr 18 15:35:50 a952d0d9ca03 sshd[5030]: error: Could not get shadow information for NOUSER
Apr 18 15:35:50 a952d0d9ca03 sshd[5030]: Failed none for invalid user lal from 172.30.185.11 port 40492 ssh2
Apr 18 15:35:50 a952d0d9ca03 sshd[5030]: Failed password for invalid user lal from 172.30.185.11 port 40492 ssh2
Apr 18 15:35:50 a952d0d9ca03 sshd[5030]: Connection closed by invalid user lal 172.30.185.11 port 40492 [preauth]
Apr 18 15:35:50 a952d0d9ca03 sshd[5032]: Invalid user node from 172.30.185.15 port 54460
Apr 18 15:35:50 a952d0d9ca03 sshd[5032]: error: Could not get shadow information for NOUSER
Apr 18 15:35:50 a952d0d9ca03 sshd[5032]: Failed none for invalid user node from 172.30.185.15 port 54460 ssh2
Apr 18 15:35:50 a952d0d9ca03 sshd[5032]: Failed password for invalid user node from 172.30.185.15 port 54460 ssh2
Apr 18 15:35:50 a952d0d9ca03 sshd[5032]: Connection closed by invalid user node 172.30.185.15 port 54460 [preauth]
Apr 18 15:35:50 a952d0d9ca03 sshd[5034]: Invalid user irium from 172.30.185.14 port 57678
Apr 18 15:35:50 a952d0d9ca03 sshd[5034]: error: Could not get shadow information for NOUSER
Apr 18 15:35:50 a952d0d9ca03 sshd[5034]: Failed none for invalid user irium from 172.30.185.14 port 57678 ssh2
Apr 18 15:35:50 a952d0d9ca03 sshd[5036]: Invalid user reza from 172.30.185.12 port 38058
Apr 18 15:35:50 a952d0d9ca03 sshd[5036]: error: Could not get shadow information for NOUSER
Apr 18 15:35:50 a952d0d9ca03 sshd[5036]: Failed none for invalid user reza from 172.30.185.12 port 38058 ssh2
Apr 18 15:35:50 a952d0d9ca03 sshd[5034]: Failed password for invalid user irium from 172.30.185.14 port 57678 ssh2
Apr 18 15:35:50 a952d0d9ca03 sshd[5036]: Failed password for invalid user reza from 172.30.185.12 port 38058 ssh2
Apr 18 15:35:50 a952d0d9ca03 sshd[5034]: Connection closed by invalid user irium 172.30.185.14 port 57678 [preauth]
Apr 18 15:35:50 a952d0d9ca03 sshd[5036]: Connection closed by invalid user reza 172.30.185.12 port 38058 [preauth]
Apr 18 15:35:50 a952d0d9ca03 sshd[5040]: Invalid user xlm from 172.30.185.10 port 39146
Apr 18 15:35:50 a952d0d9ca03 sshd[5040]: error: Could not get shadow information for NOUSER
Apr 18 15:35:50 a952d0d9ca03 sshd[5040]: Failed none for invalid user xlm from 172.30.185.10 port 39146 ssh2
Apr 18 15:35:50 a952d0d9ca03 sshd[5040]: Failed password for invalid user xlm from 172.30.185.10 port 39146 ssh2
Apr 18 15:35:50 a952d0d9ca03 sshd[5040]: Connection closed by invalid user xlm 172.30.185.10 port 39146 [preauth]
Apr 18 15:35:50 a952d0d9ca03 sshd[5038]: Invalid user spoilage from 172.30.185.13 port 37896
Apr 18 15:35:50 a952d0d9ca03 sshd[5038]: error: Could not get shadow information for NOUSER
Apr 18 15:35:50 a952d0d9ca03 sshd[5038]: Failed none for invalid user spoilage from 172.30.185.13 port 37896 ssh2
Apr 18 15:35:50 a952d0d9ca03 sshd[5042]: Invalid user lal from 172.30.185.11 port 40500
Apr 18 15:35:50 a952d0d9ca03 sshd[5038]: Failed password for invalid user spoilage from 172.30.185.13 port 37896 ssh2
Apr 18 15:35:50 a952d0d9ca03 sshd[5042]: error: Could not get shadow information for NOUSER
Apr 18 15:35:50 a952d0d9ca03 sshd[5038]: Connection closed by invalid user spoilage 172.30.185.13 port 37896 [preauth]
Apr 18 15:35:50 a952d0d9ca03 sshd[5042]: Failed none for invalid user lal from 172.30.185.11 port 40500 ssh2
Apr 18 15:35:50 a952d0d9ca03 sshd[5042]: Failed password for invalid user lal from 172.30.185.11 port 40500 ssh2
Apr 18 15:35:50 a952d0d9ca03 sshd[5042]: Connection closed by invalid user lal 172.30.185.11 port 40500 [preauth]
Apr 18 15:35:50 a952d0d9ca03 sshd[5046]: Invalid user sandeep from 172.30.185.16 port 33688
Apr 18 15:35:50 a952d0d9ca03 sshd[5046]: error: Could not get shadow information for NOUSER
Apr 18 15:35:50 a952d0d9ca03 sshd[5046]: Failed none for invalid user sandeep from 172.30.185.16 port 33688 ssh2
Apr 18 15:35:50 a952d0d9ca03 sshd[5046]: Failed password for invalid user sandeep from 172.30.185.16 port 33688 ssh2
Apr 18 15:35:50 a952d0d9ca03 sshd[5044]: Invalid user riscv from 172.30.185.15 port 54468
Apr 18 15:35:50 a952d0d9ca03 sshd[5044]: error: Could not get shadow information for NOUSER
Apr 18 15:35:50 a952d0d9ca03 sshd[5047]: Invalid user irium from 172.30.185.14 port 57688
Apr 18 15:35:50 a952d0d9ca03 sshd[5046]: Connection closed by invalid user sandeep 172.30.185.16 port 33688 [preauth]
Apr 18 15:35:50 a952d0d9ca03 sshd[5047]: error: Could not get shadow information for NOUSER
Apr 18 15:35:50 a952d0d9ca03 sshd[5044]: Failed none for invalid user riscv from 172.30.185.15 port 54468 ssh2
Apr 18 15:35:50 a952d0d9ca03 sshd[5047]: Failed none for invalid user irium from 172.30.185.14 port 57688 ssh2
Apr 18 15:35:50 a952d0d9ca03 sshd[5044]: Failed password for invalid user riscv from 172.30.185.15 port 54468 ssh2
Apr 18 15:35:50 a952d0d9ca03 sshd[5047]: Failed password for invalid user irium from 172.30.185.14 port 57688 ssh2
Apr 18 15:35:50 a952d0d9ca03 sshd[5044]: Connection closed by invalid user riscv 172.30.185.15 port 54468 [preauth]
Apr 18 15:35:50 a952d0d9ca03 sshd[5047]: Connection closed by invalid user irium 172.30.185.14 port 57688 [preauth]
Apr 18 15:35:50 a952d0d9ca03 sshd[5048]: Invalid user reza from 172.30.185.12 port 38072
Apr 18 15:35:50 a952d0d9ca03 sshd[5048]: error: Could not get shadow information for NOUSER
Apr 18 15:35:50 a952d0d9ca03 sshd[5048]: Failed none for invalid user reza from 172.30.185.12 port 38072 ssh2
Apr 18 15:35:50 a952d0d9ca03 sshd[5048]: Failed password for invalid user reza from 172.30.185.12 port 38072 ssh2
Apr 18 15:35:50 a952d0d9ca03 sshd[5048]: Connection closed by invalid user reza 172.30.185.12 port 38072 [preauth]
Apr 18 15:35:50 a952d0d9ca03 sshd[5054]: Invalid user spoilage from 172.30.185.13 port 37908
Apr 18 15:35:50 a952d0d9ca03 sshd[5054]: error: Could not get shadow information for NOUSER
Apr 18 15:35:50 a952d0d9ca03 sshd[5054]: Failed none for invalid user spoilage from 172.30.185.13 port 37908 ssh2
Apr 18 15:35:50 a952d0d9ca03 sshd[5054]: Failed password for invalid user spoilage from 172.30.185.13 port 37908 ssh2
Apr 18 15:35:50 a952d0d9ca03 sshd[5054]: Connection closed by invalid user spoilage 172.30.185.13 port 37908 [preauth]
Apr 18 15:35:50 a952d0d9ca03 sshd[5052]: Invalid user xlm from 172.30.185.10 port 39152
Apr 18 15:35:50 a952d0d9ca03 sshd[5052]: error: Could not get shadow information for NOUSER
Apr 18 15:35:50 a952d0d9ca03 sshd[5056]: Invalid user lal from 172.30.185.11 port 40502
Apr 18 15:35:50 a952d0d9ca03 sshd[5056]: error: Could not get shadow information for NOUSER
Apr 18 15:35:50 a952d0d9ca03 sshd[5052]: Failed none for invalid user xlm from 172.30.185.10 port 39152 ssh2
Apr 18 15:35:50 a952d0d9ca03 sshd[5056]: Failed none for invalid user lal from 172.30.185.11 port 40502 ssh2
Apr 18 15:35:50 a952d0d9ca03 sshd[5052]: Failed password for invalid user xlm from 172.30.185.10 port 39152 ssh2
Apr 18 15:35:50 a952d0d9ca03 sshd[5056]: Failed password for invalid user lal from 172.30.185.11 port 40502 ssh2
Apr 18 15:35:50 a952d0d9ca03 sshd[5052]: Connection closed by invalid user xlm 172.30.185.10 port 39152 [preauth]
Apr 18 15:35:50 a952d0d9ca03 sshd[5056]: Connection closed by invalid user lal 172.30.185.11 port 40502 [preauth]
Apr 18 15:35:50 a952d0d9ca03 sshd[5058]: Invalid user solana from 172.30.185.16 port 33700
Apr 18 15:35:50 a952d0d9ca03 sshd[5058]: error: Could not get shadow information for NOUSER
Apr 18 15:35:50 a952d0d9ca03 sshd[5058]: Failed none for invalid user solana from 172.30.185.16 port 33700 ssh2
Apr 18 15:35:50 a952d0d9ca03 sshd[5058]: Failed password for invalid user solana from 172.30.185.16 port 33700 ssh2
Apr 18 15:35:50 a952d0d9ca03 sshd[5058]: Connection closed by invalid user solana 172.30.185.16 port 33700 [preauth]
Apr 18 15:35:50 a952d0d9ca03 sshd[5060]: Invalid user riscv from 172.30.185.15 port 54476
Apr 18 15:35:50 a952d0d9ca03 sshd[5060]: error: Could not get shadow information for NOUSER
Apr 18 15:35:50 a952d0d9ca03 sshd[5060]: Failed none for invalid user riscv from 172.30.185.15 port 54476 ssh2
Apr 18 15:35:50 a952d0d9ca03 sshd[5060]: Failed password for invalid user riscv from 172.30.185.15 port 54476 ssh2
Apr 18 15:35:50 a952d0d9ca03 sshd[5060]: Connection closed by invalid user riscv 172.30.185.15 port 54476 [preauth]
Apr 18 15:35:50 a952d0d9ca03 sshd[5062]: Invalid user irium from 172.30.185.14 port 57702
Apr 18 15:35:50 a952d0d9ca03 sshd[5062]: error: Could not get shadow information for NOUSER
Apr 18 15:35:50 a952d0d9ca03 sshd[5062]: Failed none for invalid user irium from 172.30.185.14 port 57702 ssh2
Apr 18 15:35:50 a952d0d9ca03 sshd[5062]: Failed password for invalid user irium from 172.30.185.14 port 57702 ssh2
Apr 18 15:35:50 a952d0d9ca03 sshd[5062]: Connection closed by invalid user irium 172.30.185.14 port 57702 [preauth]
Apr 18 15:35:50 a952d0d9ca03 sshd[5066]: Invalid user spoilage from 172.30.185.13 port 37916
Apr 18 15:35:50 a952d0d9ca03 sshd[5066]: error: Could not get shadow information for NOUSER
Apr 18 15:35:50 a952d0d9ca03 sshd[5064]: Invalid user reza from 172.30.185.12 port 38078
Apr 18 15:35:50 a952d0d9ca03 sshd[5064]: error: Could not get shadow information for NOUSER
Apr 18 15:35:50 a952d0d9ca03 sshd[5066]: Failed none for invalid user spoilage from 172.30.185.13 port 37916 ssh2
Apr 18 15:35:50 a952d0d9ca03 sshd[5068]: Invalid user lal from 172.30.185.11 port 40518
Apr 18 15:35:50 a952d0d9ca03 sshd[5068]: error: Could not get shadow information for NOUSER
Apr 18 15:35:50 a952d0d9ca03 sshd[5064]: Failed none for invalid user reza from 172.30.185.12 port 38078 ssh2
Apr 18 15:35:50 a952d0d9ca03 sshd[5068]: Failed none for invalid user lal from 172.30.185.11 port 40518 ssh2
Apr 18 15:35:50 a952d0d9ca03 sshd[5066]: Failed password for invalid user spoilage from 172.30.185.13 port 37916 ssh2
Apr 18 15:35:50 a952d0d9ca03 sshd[5066]: Connection closed by invalid user spoilage 172.30.185.13 port 37916 [preauth]
Apr 18 15:35:50 a952d0d9ca03 sshd[5064]: Failed password for invalid user reza from 172.30.185.12 port 38078 ssh2
Apr 18 15:35:50 a952d0d9ca03 sshd[5068]: Failed password for invalid user lal from 172.30.185.11 port 40518 ssh2
Apr 18 15:35:50 a952d0d9ca03 sshd[5064]: Connection closed by invalid user reza 172.30.185.12 port 38078 [preauth]
Apr 18 15:35:50 a952d0d9ca03 sshd[5068]: Connection closed by invalid user lal 172.30.185.11 port 40518 [preauth]
Apr 18 15:35:51 a952d0d9ca03 sshd[5070]: Invalid user solana from 172.30.185.16 port 33708
Apr 18 15:35:51 a952d0d9ca03 sshd[5070]: error: Could not get shadow information for NOUSER
Apr 18 15:35:51 a952d0d9ca03 sshd[5070]: Failed none for invalid user solana from 172.30.185.16 port 33708 ssh2
Apr 18 15:35:51 a952d0d9ca03 sshd[5070]: Failed password for invalid user solana from 172.30.185.16 port 33708 ssh2
Apr 18 15:35:51 a952d0d9ca03 sshd[5070]: Connection closed by invalid user solana 172.30.185.16 port 33708 [preauth]
Apr 18 15:35:51 a952d0d9ca03 sshd[5072]: Invalid user riscv from 172.30.185.15 port 54486
Apr 18 15:35:51 a952d0d9ca03 sshd[5072]: error: Could not get shadow information for NOUSER
Apr 18 15:35:51 a952d0d9ca03 sshd[5072]: Failed none for invalid user riscv from 172.30.185.15 port 54486 ssh2
Apr 18 15:35:51 a952d0d9ca03 sshd[5072]: Failed password for invalid user riscv from 172.30.185.15 port 54486 ssh2
Apr 18 15:35:51 a952d0d9ca03 sshd[5072]: Connection closed by invalid user riscv 172.30.185.15 port 54486 [preauth]
Apr 18 15:35:51 a952d0d9ca03 sshd[5076]: Invalid user spoilage from 172.30.185.13 port 37930
Apr 18 15:35:51 a952d0d9ca03 sshd[5076]: error: Could not get shadow information for NOUSER
Apr 18 15:35:51 a952d0d9ca03 sshd[5076]: Failed none for invalid user spoilage from 172.30.185.13 port 37930 ssh2
Apr 18 15:35:51 a952d0d9ca03 sshd[5076]: Failed password for invalid user spoilage from 172.30.185.13 port 37930 ssh2
Apr 18 15:35:51 a952d0d9ca03 sshd[5077]: Invalid user reza from 172.30.185.12 port 38084
Apr 18 15:35:51 a952d0d9ca03 sshd[5077]: error: Could not get shadow information for NOUSER
Apr 18 15:35:51 a952d0d9ca03 sshd[5076]: Connection closed by invalid user spoilage 172.30.185.13 port 37930 [preauth]
Apr 18 15:35:51 a952d0d9ca03 sshd[5077]: Failed none for invalid user reza from 172.30.185.12 port 38084 ssh2
Apr 18 15:35:51 a952d0d9ca03 sshd[5077]: Failed password for invalid user reza from 172.30.185.12 port 38084 ssh2
Apr 18 15:35:51 a952d0d9ca03 sshd[5074]: Invalid user irium from 172.30.185.14 port 57704
Apr 18 15:35:51 a952d0d9ca03 sshd[5074]: error: Could not get shadow information for NOUSER
Apr 18 15:35:51 a952d0d9ca03 sshd[5077]: Connection closed by invalid user reza 172.30.185.12 port 38084 [preauth]
Apr 18 15:35:51 a952d0d9ca03 sshd[5074]: Failed none for invalid user irium from 172.30.185.14 port 57704 ssh2
Apr 18 15:35:51 a952d0d9ca03 sshd[5074]: Failed password for invalid user irium from 172.30.185.14 port 57704 ssh2
Apr 18 15:35:51 a952d0d9ca03 sshd[5074]: Connection closed by invalid user irium 172.30.185.14 port 57704 [preauth]
Apr 18 15:35:51 a952d0d9ca03 sshd[5080]: Invalid user solana from 172.30.185.16 port 33714
Apr 18 15:35:51 a952d0d9ca03 sshd[5080]: error: Could not get shadow information for NOUSER
Apr 18 15:35:51 a952d0d9ca03 sshd[5080]: Failed none for invalid user solana from 172.30.185.16 port 33714 ssh2
Apr 18 15:35:51 a952d0d9ca03 sshd[5080]: Failed password for invalid user solana from 172.30.185.16 port 33714 ssh2
Apr 18 15:35:51 a952d0d9ca03 sshd[5080]: Connection closed by invalid user solana 172.30.185.16 port 33714 [preauth]
Apr 18 15:35:51 a952d0d9ca03 sshd[5082]: Invalid user riscv from 172.30.185.15 port 54500
Apr 18 15:35:51 a952d0d9ca03 sshd[5082]: error: Could not get shadow information for NOUSER
Apr 18 15:35:51 a952d0d9ca03 sshd[5082]: Failed none for invalid user riscv from 172.30.185.15 port 54500 ssh2
Apr 18 15:35:51 a952d0d9ca03 sshd[5082]: Failed password for invalid user riscv from 172.30.185.15 port 54500 ssh2
Apr 18 15:35:51 a952d0d9ca03 sshd[5082]: Connection closed by invalid user riscv 172.30.185.15 port 54500 [preauth]
Apr 18 15:35:51 a952d0d9ca03 sshd[5084]: Invalid user spoilage from 172.30.185.13 port 37940
Apr 18 15:35:51 a952d0d9ca03 sshd[5084]: error: Could not get shadow information for NOUSER
Apr 18 15:35:51 a952d0d9ca03 sshd[5084]: Failed none for invalid user spoilage from 172.30.185.13 port 37940 ssh2
Apr 18 15:35:51 a952d0d9ca03 sshd[5084]: Failed password for invalid user spoilage from 172.30.185.13 port 37940 ssh2
Apr 18 15:35:51 a952d0d9ca03 sshd[5084]: Connection closed by invalid user spoilage 172.30.185.13 port 37940 [preauth]
Apr 18 15:35:51 a952d0d9ca03 sshd[5086]: Invalid user irium from 172.30.185.14 port 57714
Apr 18 15:35:51 a952d0d9ca03 sshd[5086]: error: Could not get shadow information for NOUSER
Apr 18 15:35:51 a952d0d9ca03 sshd[5086]: Failed none for invalid user irium from 172.30.185.14 port 57714 ssh2
Apr 18 15:35:51 a952d0d9ca03 sshd[5086]: Failed password for invalid user irium from 172.30.185.14 port 57714 ssh2
Apr 18 15:35:51 a952d0d9ca03 sshd[5086]: Connection closed by invalid user irium 172.30.185.14 port 57714 [preauth]
Apr 18 15:35:51 a952d0d9ca03 sshd[5088]: Invalid user solana from 172.30.185.16 port 33716
Apr 18 15:35:51 a952d0d9ca03 sshd[5088]: error: Could not get shadow information for NOUSER
Apr 18 15:35:51 a952d0d9ca03 sshd[5088]: Failed none for invalid user solana from 172.30.185.16 port 33716 ssh2
Apr 18 15:35:51 a952d0d9ca03 sshd[5088]: Failed password for invalid user solana from 172.30.185.16 port 33716 ssh2
Apr 18 15:35:51 a952d0d9ca03 sshd[5088]: Connection closed by invalid user solana 172.30.185.16 port 33716 [preauth]
Apr 18 15:35:51 a952d0d9ca03 sshd[5090]: Invalid user riscv from 172.30.185.15 port 54516
Apr 18 15:35:51 a952d0d9ca03 sshd[5090]: error: Could not get shadow information for NOUSER
Apr 18 15:35:51 a952d0d9ca03 sshd[5090]: Failed none for invalid user riscv from 172.30.185.15 port 54516 ssh2
