Apr 18 15:38:20 a952d0d9ca03 sshd[10856]: Failed none for invalid user install from 172.30.185.15 port 58972 ssh2
Apr 18 15:38:20 a952d0d9ca03 sshd[10856]: Failed password for invalid user install from 172.30.185.15 port 58972 ssh2
Apr 18 15:38:20 a952d0d9ca03 sshd[10856]: Connection closed by invalid user install 172.30.185.15 port 58972 [preauth]
Apr 18 15:38:20 a952d0d9ca03 sshd[10858]: Invalid user yash from 172.30.185.16 port 55600
Apr 18 15:38:20 a952d0d9ca03 sshd[10858]: error: Could not get shadow information for NOUSER
Apr 18 15:38:20 a952d0d9ca03 sshd[10858]: Failed none for invalid user yash from 172.30.185.16 port 55600 ssh2
Apr 18 15:38:20 a952d0d9ca03 sshd[10858]: Failed password for invalid user yash from 172.30.185.16 port 55600 ssh2
Apr 18 15:38:20 a952d0d9ca03 sshd[10858]: Connection closed by invalid user yash 172.30.185.16 port 55600 [preauth]
Apr 18 15:38:20 a952d0d9ca03 sshd[10860]: Invalid user jito from 172.30.185.13 port 44426
Apr 18 15:38:20 a952d0d9ca03 sshd[10860]: error: Could not get shadow information for NOUSER
Apr 18 15:38:20 a952d0d9ca03 sshd[10862]: User ftp not allowed because account is locked
Apr 18 15:38:20 a952d0d9ca03 sshd[10862]: error: Could not get shadow information for NOUSER
Apr 18 15:38:20 a952d0d9ca03 sshd[10860]: Failed none for invalid user jito from 172.30.185.13 port 44426 ssh2
Apr 18 15:38:20 a952d0d9ca03 sshd[10862]: Failed none for invalid user ftp from 172.30.185.14 port 37872 ssh2
Apr 18 15:38:20 a952d0d9ca03 sshd[10862]: Failed password for invalid user ftp from 172.30.185.14 port 37872 ssh2
Apr 18 15:38:20 a952d0d9ca03 sshd[10860]: Failed password for invalid user jito from 172.30.185.13 port 44426 ssh2
Apr 18 15:38:20 a952d0d9ca03 sshd[10862]: Connection closed by invalid user ftp 172.30.185.14 port 37872 [preauth]
Apr 18 15:38:20 a952d0d9ca03 sshd[10860]: Connection closed by invalid user jito 172.30.185.13 port 44426 [preauth]
Apr 18 15:38:20 a952d0d9ca03 sshd[10864]: Invalid user newuser from 172.30.185.17 port 43212
Apr 18 15:38:20 a952d0d9ca03 sshd[10864]: error: Could not get shadow information for NOUSER
Apr 18 15:38:20 a952d0d9ca03 sshd[10864]: Failed none for invalid user newuser from 172.30.185.17 port 43212 ssh2
Apr 18 15:38:20 a952d0d9ca03 sshd[10864]: Failed password for invalid user newuser from 172.30.185.17 port 43212 ssh2
Apr 18 15:38:20 a952d0d9ca03 sshd[10864]: Connection closed by invalid user newuser 172.30.185.17 port 43212 [preauth]
Apr 18 15:38:20 a952d0d9ca03 sshd[10866]: Invalid user install from 172.30.185.15 port 58978
Apr 18 15:38:20 a952d0d9ca03 sshd[10866]: error: Could not get shadow information for NOUSER
Apr 18 15:38:20 a952d0d9ca03 sshd[10866]: Failed none for invalid user install from 172.30.185.15 port 58978 ssh2
Apr 18 15:38:20 a952d0d9ca03 sshd[10866]: Failed password for invalid user install from 172.30.185.15 port 58978 ssh2
Apr 18 15:38:20 a952d0d9ca03 sshd[10866]: Connection closed by invalid user install 172.30.185.15 port 58978 [preauth]
Apr 18 15:38:20 a952d0d9ca03 sshd[10868]: Invalid user asterisk from 172.30.185.18 port 47398
Apr 18 15:38:20 a952d0d9ca03 sshd[10868]: error: Could not get shadow information for NOUSER
Apr 18 15:38:20 a952d0d9ca03 sshd[10868]: Failed none for invalid user asterisk from 172.30.185.18 port 47398 ssh2
Apr 18 15:38:20 a952d0d9ca03 sshd[10868]: Failed password for invalid user asterisk from 172.30.185.18 port 47398 ssh2
Apr 18 15:38:20 a952d0d9ca03 sshd[10868]: Connection closed by invalid user asterisk 172.30.185.18 port 47398 [preauth]
Apr 18 15:38:20 a952d0d9ca03 sshd[10870]: Invalid user yash from 172.30.185.16 port 55602
Apr 18 15:38:20 a952d0d9ca03 sshd[10870]: error: Could not get shadow information for NOUSER
Apr 18 15:38:20 a952d0d9ca03 sshd[10870]: Failed none for invalid user yash from 172.30.185.16 port 55602 ssh2
Apr 18 15:38:20 a952d0d9ca03 sshd[10870]: Failed password for invalid user yash from 172.30.185.16 port 55602 ssh2
Apr 18 15:38:20 a952d0d9ca03 sshd[10870]: Connection closed by invalid user yash 172.30.185.16 port 55602 [preauth]
Apr 18 15:38:20 a952d0d9ca03 sshd[10872]: User ftp not allowed because account is locked
Apr 18 15:38:20 a952d0d9ca03 sshd[10872]: error: Could not get shadow information for NOUSER
Apr 18 15:38:20 a952d0d9ca03 sshd[10872]: Failed none for invalid user ftp from 172.30.185.14 port 37888 ssh2
Apr 18 15:38:20 a952d0d9ca03 sshd[10872]: Failed password for invalid user ftp from 172.30.185.14 port 37888 ssh2
Apr 18 15:38:20 a952d0d9ca03 sshd[10872]: Connection closed by invalid user ftp 172.30.185.14 port 37888 [preauth]
Apr 18 15:38:20 a952d0d9ca03 sshd[10874]: Invalid user jumpserver from 172.30.185.17 port 43222
Apr 18 15:38:20 a952d0d9ca03 sshd[10874]: error: Could not get shadow information for NOUSER
Apr 18 15:38:20 a952d0d9ca03 sshd[10874]: Failed none for invalid user jumpserver from 172.30.185.17 port 43222 ssh2
Apr 18 15:38:20 a952d0d9ca03 sshd[10874]: Failed password for invalid user jumpserver from 172.30.185.17 port 43222 ssh2
Apr 18 15:38:20 a952d0d9ca03 sshd[10876]: Invalid user testuser from 172.30.185.19 port 44178
Apr 18 15:38:20 a952d0d9ca03 sshd[10876]: error: Could not get shadow information for NOUSER
Apr 18 15:38:20 a952d0d9ca03 sshd[10874]: Connection closed by invalid user jumpserver 172.30.185.17 port 43222 [preauth]
Apr 18 15:38:20 a952d0d9ca03 sshd[10876]: Failed none for invalid user testuser from 172.30.185.19 port 44178 ssh2
Apr 18 15:38:20 a952d0d9ca03 sshd[10876]: Failed password for invalid user testuser from 172.30.185.19 port 44178 ssh2
Apr 18 15:38:20 a952d0d9ca03 sshd[10876]: Connection closed by invalid user testuser 172.30.185.19 port 44178 [preauth]
Apr 18 15:38:20 a952d0d9ca03 sshd[10878]: Invalid user install from 172.30.185.15 port 58984
Apr 18 15:38:20 a952d0d9ca03 sshd[10878]: error: Could not get shadow information for NOUSER
Apr 18 15:38:20 a952d0d9ca03 sshd[10878]: Failed none for invalid user install from 172.30.185.15 port 58984 ssh2
Apr 18 15:38:20 a952d0d9ca03 sshd[10878]: Failed password for invalid user install from 172.30.185.15 port 58984 ssh2
Apr 18 15:38:20 a952d0d9ca03 sshd[10878]: Connection closed by invalid user install 172.30.185.15 port 58984 [preauth]
Apr 18 15:38:20 a952d0d9ca03 sshd[10880]: Invalid user config from 172.30.185.18 port 47412
Apr 18 15:38:20 a952d0d9ca03 sshd[10880]: error: Could not get shadow information for NOUSER
Apr 18 15:38:20 a952d0d9ca03 sshd[10880]: Failed none for invalid user config from 172.30.185.18 port 47412 ssh2
Apr 18 15:38:20 a952d0d9ca03 sshd[10880]: Failed password for invalid user config from 172.30.185.18 port 47412 ssh2
Apr 18 15:38:20 a952d0d9ca03 sshd[10880]: Connection closed by invalid user config 172.30.185.18 port 47412 [preauth]
Apr 18 15:38:20 a952d0d9ca03 sshd[10882]: Invalid user yash from 172.30.185.16 port 55608
Apr 18 15:38:20 a952d0d9ca03 sshd[10882]: error: Could not get shadow information for NOUSER
Apr 18 15:38:20 a952d0d9ca03 sshd[10882]: Failed none for invalid user yash from 172.30.185.16 port 55608 ssh2
Apr 18 15:38:20 a952d0d9ca03 sshd[10882]: Failed password for invalid user yash from 172.30.185.16 port 55608 ssh2
Apr 18 15:38:20 a952d0d9ca03 sshd[10882]: Connection closed by invalid user yash 172.30.185.16 port 55608 [preauth]
Apr 18 15:38:20 a952d0d9ca03 sshd[10884]: Invalid user jumpserver from 172.30.185.17 port 43232
Apr 18 15:38:20 a952d0d9ca03 sshd[10884]: error: Could not get shadow information for NOUSER
Apr 18 15:38:20 a952d0d9ca03 sshd[10884]: Failed none for invalid user jumpserver from 172.30.185.17 port 43232 ssh2
Apr 18 15:38:20 a952d0d9ca03 sshd[10884]: Failed password for invalid user jumpserver from 172.30.185.17 port 43232 ssh2
Apr 18 15:38:20 a952d0d9ca03 sshd[10884]: Connection closed by invalid user jumpserver 172.30.185.17 port 43232 [preauth]
Apr 18 15:38:20 a952d0d9ca03 sshd[10888]: Invalid user install from 172.30.185.15 port 58990
Apr 18 15:38:20 a952d0d9ca03 sshd[10888]: error: Could not get shadow information for NOUSER
Apr 18 15:38:20 a952d0d9ca03 sshd[10888]: Failed none for invalid user install from 172.30.185.15 port 58990 ssh2
Apr 18 15:38:20 a952d0d9ca03 sshd[10886]: Invalid user kafka from 172.30.185.19 port 44190
Apr 18 15:38:20 a952d0d9ca03 sshd[10888]: Failed password for invalid user install from 172.30.185.15 port 58990 ssh2
Apr 18 15:38:20 a952d0d9ca03 sshd[10886]: error: Could not get shadow information for NOUSER
Apr 18 15:38:20 a952d0d9ca03 sshd[10886]: Failed none for invalid user kafka from 172.30.185.19 port 44190 ssh2
Apr 18 15:38:20 a952d0d9ca03 sshd[10888]: Connection closed by invalid user install 172.30.185.15 port 58990 [preauth]
Apr 18 15:38:20 a952d0d9ca03 sshd[10886]: Failed password for invalid user kafka from 172.30.185.19 port 44190 ssh2
Apr 18 15:38:20 a952d0d9ca03 sshd[10886]: Connection closed by invalid user kafka 172.30.185.19 port 44190 [preauth]
Apr 18 15:38:20 a952d0d9ca03 sshd[10890]: Invalid user config from 172.30.185.18 port 47420
Apr 18 15:38:20 a952d0d9ca03 sshd[10890]: error: Could not get shadow information for NOUSER
Apr 18 15:38:20 a952d0d9ca03 sshd[10890]: Failed none for invalid user config from 172.30.185.18 port 47420 ssh2
Apr 18 15:38:20 a952d0d9ca03 sshd[10890]: Failed password for invalid user config from 172.30.185.18 port 47420 ssh2
Apr 18 15:38:20 a952d0d9ca03 sshd[10890]: Connection closed by invalid user config 172.30.185.18 port 47420 [preauth]
Apr 18 15:38:20 a952d0d9ca03 sshd[10892]: Invalid user yash from 172.30.185.16 port 55622
Apr 18 15:38:20 a952d0d9ca03 sshd[10892]: error: Could not get shadow information for NOUSER
Apr 18 15:38:20 a952d0d9ca03 sshd[10892]: Failed none for invalid user yash from 172.30.185.16 port 55622 ssh2
Apr 18 15:38:20 a952d0d9ca03 sshd[10892]: Failed password for invalid user yash from 172.30.185.16 port 55622 ssh2
Apr 18 15:38:20 a952d0d9ca03 sshd[10892]: Connection closed by invalid user yash 172.30.185.16 port 55622 [preauth]
Apr 18 15:38:20 a952d0d9ca03 sshd[10894]: Invalid user jumpserver from 172.30.185.17 port 43242
Apr 18 15:38:20 a952d0d9ca03 sshd[10894]: error: Could not get shadow information for NOUSER
Apr 18 15:38:20 a952d0d9ca03 sshd[10894]: Failed none for invalid user jumpserver from 172.30.185.17 port 43242 ssh2
Apr 18 15:38:20 a952d0d9ca03 sshd[10894]: Failed password for invalid user jumpserver from 172.30.185.17 port 43242 ssh2
Apr 18 15:38:20 a952d0d9ca03 sshd[10894]: Connection closed by invalid user jumpserver 172.30.185.17 port 43242 [preauth]
Apr 18 15:38:21 a952d0d9ca03 sshd[10896]: Invalid user install from 172.30.185.15 port 59006
Apr 18 15:38:21 a952d0d9ca03 sshd[10896]: error: Could not get shadow information for NOUSER
Apr 18 15:38:21 a952d0d9ca03 sshd[10896]: Failed none for invalid user install from 172.30.185.15 port 59006 ssh2
Apr 18 15:38:21 a952d0d9ca03 sshd[10898]: Invalid user kafka from 172.30.185.19 port 44202
Apr 18 15:38:21 a952d0d9ca03 sshd[10898]: error: Could not get shadow information for NOUSER
Apr 18 15:38:21 a952d0d9ca03 sshd[10898]: Failed none for invalid user kafka from 172.30.185.19 port 44202 ssh2
Apr 18 15:38:21 a952d0d9ca03 sshd[10896]: Failed password for invalid user install from 172.30.185.15 port 59006 ssh2
Apr 18 15:38:21 a952d0d9ca03 sshd[10896]: Connection closed by invalid user install 172.30.185.15 port 59006 [preauth]
Apr 18 15:38:21 a952d0d9ca03 sshd[10898]: Failed password for invalid user kafka from 172.30.185.19 port 44202 ssh2
Apr 18 15:38:21 a952d0d9ca03 sshd[10898]: Connection closed by invalid user kafka 172.30.185.19 port 44202 [preauth]
Apr 18 15:38:21 a952d0d9ca03 sshd[10902]: Invalid user yash from 172.30.185.16 port 55630
Apr 18 15:38:21 a952d0d9ca03 sshd[10902]: error: Could not get shadow information for NOUSER
Apr 18 15:38:21 a952d0d9ca03 sshd[10902]: Failed none for invalid user yash from 172.30.185.16 port 55630 ssh2
Apr 18 15:38:21 a952d0d9ca03 sshd[10902]: Failed password for invalid user yash from 172.30.185.16 port 55630 ssh2
Apr 18 15:38:21 a952d0d9ca03 sshd[10900]: Invalid user config from 172.30.185.18 port 47436
Apr 18 15:38:21 a952d0d9ca03 sshd[10900]: error: Could not get shadow information for NOUSER
Apr 18 15:38:21 a952d0d9ca03 sshd[10902]: Connection closed by invalid user yash 172.30.185.16 port 55630 [preauth]
Apr 18 15:38:21 a952d0d9ca03 sshd[10900]: Failed none for invalid user config from 172.30.185.18 port 47436 ssh2
Apr 18 15:38:21 a952d0d9ca03 sshd[10900]: Failed password for invalid user config from 172.30.185.18 port 47436 ssh2
Apr 18 15:38:21 a952d0d9ca03 sshd[10900]: Connection closed by invalid user config 172.30.185.18 port 47436 [preauth]
Apr 18 15:38:21 a952d0d9ca03 sshd[10904]: Invalid user jumpserver from 172.30.185.17 port 43248
Apr 18 15:38:21 a952d0d9ca03 sshd[10904]: error: Could not get shadow information for NOUSER
Apr 18 15:38:21 a952d0d9ca03 sshd[10904]: Failed none for invalid user jumpserver from 172.30.185.17 port 43248 ssh2
Apr 18 15:38:21 a952d0d9ca03 sshd[10904]: Failed password for invalid user jumpserver from 172.30.185.17 port 43248 ssh2
Apr 18 15:38:21 a952d0d9ca03 sshd[10904]: Connection closed by invalid user jumpserver 172.30.185.17 port 43248 [preauth]
Apr 18 15:38:21 a952d0d9ca03 sshd[10906]: Invalid user install from 172.30.185.15 port 59008
Apr 18 15:38:21 a952d0d9ca03 sshd[10906]: error: Could not get shadow information for NOUSER
Apr 18 15:38:21 a952d0d9ca03 sshd[10906]: Failed none for invalid user install from 172.30.185.15 port 59008 ssh2
Apr 18 15:38:21 a952d0d9ca03 sshd[10908]: Invalid user kafka from 172.30.185.19 port 44210
Apr 18 15:38:21 a952d0d9ca03 sshd[10908]: error: Could not get shadow information for NOUSER
Apr 18 15:38:21 a952d0d9ca03 sshd[10906]: Failed password for invalid user install from 172.30.185.15 port 59008 ssh2
Apr 18 15:38:21 a952d0d9ca03 sshd[10908]: Failed none for invalid user kafka from 172.30.185.19 port 44210 ssh2
Apr 18 15:38:21 a952d0d9ca03 sshd[10906]: Connection closed by invalid user install 172.30.185.15 port 59008 [preauth]
Apr 18 15:38:21 a952d0d9ca03 sshd[10908]: Failed password for invalid user kafka from 172.30.185.19 port 44210 ssh2
Apr 18 15:38:21 a952d0d9ca03 sshd[10908]: Connection closed by invalid user kafka 172.30.185.19 port 44210 [preauth]
Apr 18 15:38:21 a952d0d9ca03 sshd[10913]: Invalid user spectrum from 172.30.185.20 port 54644
Apr 18 15:38:21 a952d0d9ca03 sshd[10913]: error: Could not get shadow information for NOUSER
Apr 18 15:38:21 a952d0d9ca03 sshd[10913]: Failed none for invalid user spectrum from 172.30.185.20 port 54644 ssh2
Apr 18 15:38:21 a952d0d9ca03 sshd[10910]: Invalid user yash from 172.30.185.16 port 55644
Apr 18 15:38:21 a952d0d9ca03 sshd[10910]: error: Could not get shadow information for NOUSER
Apr 18 15:38:21 a952d0d9ca03 sshd[10912]: Invalid user config from 172.30.185.18 port 47450
Apr 18 15:38:21 a952d0d9ca03 sshd[10912]: error: Could not get shadow information for NOUSER
Apr 18 15:38:21 a952d0d9ca03 sshd[10910]: Failed none for invalid user yash from 172.30.185.16 port 55644 ssh2
Apr 18 15:38:21 a952d0d9ca03 sshd[10913]: Failed password for invalid user spectrum from 172.30.185.20 port 54644 ssh2
Apr 18 15:38:21 a952d0d9ca03 sshd[10912]: Failed none for invalid user config from 172.30.185.18 port 47450 ssh2
Apr 18 15:38:21 a952d0d9ca03 sshd[10913]: Connection closed by invalid user spectrum 172.30.185.20 port 54644 [preauth]
Apr 18 15:38:21 a952d0d9ca03 sshd[10910]: Failed password for invalid user yash from 172.30.185.16 port 55644 ssh2
Apr 18 15:38:21 a952d0d9ca03 sshd[10910]: Connection closed by invalid user yash 172.30.185.16 port 55644 [preauth]
Apr 18 15:38:21 a952d0d9ca03 sshd[10912]: Failed password for invalid user config from 172.30.185.18 port 47450 ssh2
Apr 18 15:38:21 a952d0d9ca03 sshd[10912]: Connection closed by invalid user config 172.30.185.18 port 47450 [preauth]
Apr 18 15:38:21 a952d0d9ca03 sshd[10916]: Invalid user jumpserver from 172.30.185.17 port 43250
Apr 18 15:38:21 a952d0d9ca03 sshd[10916]: error: Could not get shadow information for NOUSER
Apr 18 15:38:21 a952d0d9ca03 sshd[10916]: Failed none for invalid user jumpserver from 172.30.185.17 port 43250 ssh2
Apr 18 15:38:21 a952d0d9ca03 sshd[10916]: Failed password for invalid user jumpserver from 172.30.185.17 port 43250 ssh2
Apr 18 15:38:21 a952d0d9ca03 sshd[10916]: Connection closed by invalid user jumpserver 172.30.185.17 port 43250 [preauth]
Apr 18 15:38:21 a952d0d9ca03 sshd[10918]: Invalid user kafka from 172.30.185.19 port 44214
Apr 18 15:38:21 a952d0d9ca03 sshd[10918]: error: Could not get shadow information for NOUSER
Apr 18 15:38:21 a952d0d9ca03 sshd[10918]: Failed none for invalid user kafka from 172.30.185.19 port 44214 ssh2
Apr 18 15:38:21 a952d0d9ca03 sshd[10918]: Failed password for invalid user kafka from 172.30.185.19 port 44214 ssh2
Apr 18 15:38:21 a952d0d9ca03 sshd[10918]: Connection closed by invalid user kafka 172.30.185.19 port 44214 [preauth]
Apr 18 15:38:21 a952d0d9ca03 sshd[10920]: Invalid user test1 from 172.30.185.20 port 54656
Apr 18 15:38:21 a952d0d9ca03 sshd[10920]: error: Could not get shadow information for NOUSER
Apr 18 15:38:21 a952d0d9ca03 sshd[10920]: Failed none for invalid user test1 from 172.30.185.20 port 54656 ssh2
Apr 18 15:38:21 a952d0d9ca03 sshd[10922]: Invalid user config from 172.30.185.18 port 47462
Apr 18 15:38:21 a952d0d9ca03 sshd[10922]: error: Could not get shadow information for NOUSER
Apr 18 15:38:21 a952d0d9ca03 sshd[10920]: Failed password for invalid user test1 from 172.30.185.20 port 54656 ssh2
Apr 18 15:38:21 a952d0d9ca03 sshd[10922]: Failed none for invalid user config from 172.30.185.18 port 47462 ssh2
Apr 18 15:38:21 a952d0d9ca03 sshd[10920]: Connection closed by invalid user test1 172.30.185.20 port 54656 [preauth]
Apr 18 15:38:21 a952d0d9ca03 sshd[10922]: Failed password for invalid user config from 172.30.185.18 port 47462 ssh2
Apr 18 15:38:21 a952d0d9ca03 sshd[10922]: Connection closed by invalid user config 172.30.185.18 port 47462 [preauth]
Apr 18 15:38:21 a952d0d9ca03 sshd[10924]: Invalid user jumpserver from 172.30.185.17 port 43258
Apr 18 15:38:21 a952d0d9ca03 sshd[10924]: error: Could not get shadow information for NOUSER
Apr 18 15:38:21 a952d0d9ca03 sshd[10924]: Failed none for invalid user jumpserver from 172.30.185.17 port 43258 ssh2
Apr 18 15:38:21 a952d0d9ca03 sshd[10924]: Failed password for invalid user jumpserver from 172.30.185.17 port 43258 ssh2
Apr 18 15:38:21 a952d0d9ca03 sshd[10924]: Connection closed by invalid user jumpserver 172.30.185.17 port 43258 [preauth]
Apr 18 15:38:21 a952d0d9ca03 sshd[10926]: Invalid user kafka from 172.30.185.19 port 44218
Apr 18 15:38:21 a952d0d9ca03 sshd[10926]: error: Could not get shadow information for NOUSER
Apr 18 15:38:21 a952d0d9ca03 sshd[10926]: Failed none for invalid user kafka from 172.30.185.19 port 44218 ssh2
Apr 18 15:38:21 a952d0d9ca03 sshd[10926]: Failed password for invalid user kafka from 172.30.185.19 port 44218 ssh2
Apr 18 15:38:21 a952d0d9ca03 sshd[10926]: Connection closed by invalid user kafka 172.30.185.19 port 44218 [preauth]
Apr 18 15:38:21 a952d0d9ca03 sshd[10928]: Invalid user test1 from 172.30.185.20 port 54662
Apr 18 15:38:21 a952d0d9ca03 sshd[10928]: error: Could not get shadow information for NOUSER
Apr 18 15:38:21 a952d0d9ca03 sshd[10928]: Failed none for invalid user test1 from 172.30.185.20 port 54662 ssh2
Apr 18 15:38:21 a952d0d9ca03 sshd[10930]: Invalid user config from 172.30.185.18 port 47464
Apr 18 15:38:21 a952d0d9ca03 sshd[10930]: error: Could not get shadow information for NOUSER
Apr 18 15:38:21 a952d0d9ca03 sshd[10930]: Failed none for invalid user config from 172.30.185.18 port 47464 ssh2
Apr 18 15:38:21 a952d0d9ca03 sshd[10928]: Failed password for invalid user test1 from 172.30.185.20 port 54662 ssh2
Apr 18 15:38:21 a952d0d9ca03 sshd[10928]: Connection closed by invalid user test1 172.30.185.20 port 54662 [preauth]
Apr 18 15:38:21 a952d0d9ca03 sshd[10930]: Failed password for invalid user config from 172.30.185.18 port 47464 ssh2
Apr 18 15:38:21 a952d0d9ca03 sshd[10930]: Connection closed by invalid user config 172.30.185.18 port 47464 [preauth]
Apr 18 15:38:21 a952d0d9ca03 sshd[10932]: Invalid user jumpserver from 172.30.185.17 port 43264
Apr 18 15:38:21 a952d0d9ca03 sshd[10932]: error: Could not get shadow information for NOUSER
Apr 18 15:38:21 a952d0d9ca03 sshd[10932]: Failed none for invalid user jumpserver from 172.30.185.17 port 43264 ssh2
Apr 18 15:38:21 a952d0d9ca03 sshd[10932]: Failed password for invalid user jumpserver from 172.30.185.17 port 43264 ssh2
Apr 18 15:38:21 a952d0d9ca03 sshd[10932]: Connection closed by invalid user jumpserver 172.30.185.17 port 43264 [preauth]
Apr 18 15:38:21 a952d0d9ca03 sshd[10934]: Invalid user kafka from 172.30.185.19 port 44220
Apr 18 15:38:21 a952d0d9ca03 sshd[10934]: error: Could not get shadow information for NOUSER
Apr 18 15:38:21 a952d0d9ca03 sshd[10934]: Failed none for invalid user kafka from 172.30.185.19 port 44220 ssh2
Apr 18 15:38:21 a952d0d9ca03 sshd[10934]: Failed password for invalid user kafka from 172.30.185.19 port 44220 ssh2
Apr 18 15:38:21 a952d0d9ca03 sshd[10934]: Connection closed by invalid user kafka 172.30.185.19 port 44220 [preauth]
Apr 18 15:38:22 a952d0d9ca03 sshd[10936]: Invalid user test1 from 172.30.185.20 port 54670
Apr 18 15:38:22 a952d0d9ca03 sshd[10936]: error: Could not get shadow information for NOUSER
Apr 18 15:38:22 a952d0d9ca03 sshd[10936]: Failed none for invalid user test1 from 172.30.185.20 port 54670 ssh2
Apr 18 15:38:22 a952d0d9ca03 sshd[10938]: Invalid user config from 172.30.185.18 port 47480
Apr 18 15:38:22 a952d0d9ca03 sshd[10938]: error: Could not get shadow information for NOUSER
Apr 18 15:38:22 a952d0d9ca03 sshd[10938]: Failed none for invalid user config from 172.30.185.18 port 47480 ssh2
Apr 18 15:38:22 a952d0d9ca03 sshd[10936]: Failed password for invalid user test1 from 172.30.185.20 port 54670 ssh2
Apr 18 15:38:22 a952d0d9ca03 sshd[10936]: Connection closed by invalid user test1 172.30.185.20 port 54670 [preauth]
Apr 18 15:38:22 a952d0d9ca03 sshd[10938]: Failed password for invalid user config from 172.30.185.18 port 47480 ssh2
Apr 18 15:38:22 a952d0d9ca03 sshd[10938]: Connection closed by invalid user config 172.30.185.18 port 47480 [preauth]
Apr 18 15:38:22 a952d0d9ca03 sshd[10940]: Invalid user jumpserver from 172.30.185.17 port 43268
Apr 18 15:38:22 a952d0d9ca03 sshd[10940]: error: Could not get shadow information for NOUSER
Apr 18 15:38:22 a952d0d9ca03 sshd[10940]: Failed none for invalid user jumpserver from 172.30.185.17 port 43268 ssh2
Apr 18 15:38:22 a952d0d9ca03 sshd[10940]: Failed password for invalid user jumpserver from 172.30.185.17 port 43268 ssh2
Apr 18 15:38:22 a952d0d9ca03 sshd[10940]: Connection closed by invalid user jumpserver 172.30.185.17 port 43268 [preauth]
Apr 18 15:38:22 a952d0d9ca03 sshd[10942]: Invalid user kafka from 172.30.185.19 port 44222
Apr 18 15:38:22 a952d0d9ca03 sshd[10942]: error: Could not get shadow information for NOUSER
Apr 18 15:38:22 a952d0d9ca03 sshd[10942]: Failed none for invalid user kafka from 172.30.185.19 port 44222 ssh2
Apr 18 15:38:22 a952d0d9ca03 sshd[10942]: Failed password for invalid user kafka from 172.30.185.19 port 44222 ssh2
Apr 18 15:38:22 a952d0d9ca03 sshd[10942]: Connection closed by invalid user kafka 172.30.185.19 port 44222 [preauth]
Apr 18 15:38:22 a952d0d9ca03 sshd[10944]: Invalid user test1 from 172.30.185.20 port 54680
Apr 18 15:38:22 a952d0d9ca03 sshd[10944]: error: Could not get shadow information for NOUSER
Apr 18 15:38:22 a952d0d9ca03 sshd[10946]: Invalid user config from 172.30.185.18 port 47492
Apr 18 15:38:22 a952d0d9ca03 sshd[10946]: error: Could not get shadow information for NOUSER
Apr 18 15:38:22 a952d0d9ca03 sshd[10944]: Failed none for invalid user test1 from 172.30.185.20 port 54680 ssh2
Apr 18 15:38:22 a952d0d9ca03 sshd[10946]: Failed none for invalid user config from 172.30.185.18 port 47492 ssh2
Apr 18 15:38:22 a952d0d9ca03 sshd[10944]: Failed password for invalid user test1 from 172.30.185.20 port 54680 ssh2
Apr 18 15:38:22 a952d0d9ca03 sshd[10946]: Failed password for invalid user config from 172.30.185.18 port 47492 ssh2
Apr 18 15:38:22 a952d0d9ca03 sshd[10946]: Connection closed by invalid user config 172.30.185.18 port 47492 [preauth]
Apr 18 15:38:22 a952d0d9ca03 sshd[10944]: Connection closed by invalid user test1 172.30.185.20 port 54680 [preauth]
Apr 18 15:38:22 a952d0d9ca03 sshd[10948]: Invalid user jumpserver from 172.30.185.17 port 43284
Apr 18 15:38:22 a952d0d9ca03 sshd[10948]: error: Could not get shadow information for NOUSER
Apr 18 15:38:22 a952d0d9ca03 sshd[10948]: Failed none for invalid user jumpserver from 172.30.185.17 port 43284 ssh2
Apr 18 15:38:22 a952d0d9ca03 sshd[10948]: Failed password for invalid user jumpserver from 172.30.185.17 port 43284 ssh2
Apr 18 15:38:22 a952d0d9ca03 sshd[10948]: Connection closed by invalid user jumpserver 172.30.185.17 port 43284 [preauth]
Apr 18 15:38:22 a952d0d9ca03 sshd[10950]: Invalid user kafka from 172.30.185.19 port 44228
Apr 18 15:38:22 a952d0d9ca03 sshd[10950]: error: Could not get shadow information for NOUSER
Apr 18 15:38:22 a952d0d9ca03 sshd[10950]: Failed none for invalid user kafka from 172.30.185.19 port 44228 ssh2
Apr 18 15:38:22 a952d0d9ca03 sshd[10950]: Failed password for invalid user kafka from 172.30.185.19 port 44228 ssh2
Apr 18 15:38:22 a952d0d9ca03 sshd[10950]: Connection closed by invalid user kafka 172.30.185.19 port 44228 [preauth]
Apr 18 15:38:22 a952d0d9ca03 sshd[10953]: Invalid user test1 from 172.30.185.20 port 54696
Apr 18 15:38:22 a952d0d9ca03 sshd[10953]: error: Could not get shadow information for NOUSER
Apr 18 15:38:22 a952d0d9ca03 sshd[10952]: Invalid user config from 172.30.185.18 port 47496
Apr 18 15:38:22 a952d0d9ca03 sshd[10952]: error: Could not get shadow information for NOUSER
Apr 18 15:38:22 a952d0d9ca03 sshd[10953]: Failed none for invalid user test1 from 172.30.185.20 port 54696 ssh2
Apr 18 15:38:22 a952d0d9ca03 sshd[10952]: Failed none for invalid user config from 172.30.185.18 port 47496 ssh2
Apr 18 15:38:22 a952d0d9ca03 sshd[10953]: Failed password for invalid user test1 from 172.30.185.20 port 54696 ssh2
Apr 18 15:38:22 a952d0d9ca03 sshd[10952]: Failed password for invalid user config from 172.30.185.18 port 47496 ssh2
Apr 18 15:38:22 a952d0d9ca03 sshd[10953]: Connection closed by invalid user test1 172.30.185.20 port 54696 [preauth]
Apr 18 15:38:22 a952d0d9ca03 sshd[10952]: Connection closed by invalid user config 172.30.185.18 port 47496 [preauth]
Apr 18 15:38:22 a952d0d9ca03 sshd[10956]: Invalid user kafka from 172.30.185.19 port 44230
Apr 18 15:38:22 a952d0d9ca03 sshd[10956]: error: Could not get shadow information for NOUSER
Apr 18 15:38:22 a952d0d9ca03 sshd[10956]: Failed none for invalid user kafka from 172.30.185.19 port 44230 ssh2
Apr 18 15:38:22 a952d0d9ca03 sshd[10956]: Failed password for invalid user kafka from 172.30.185.19 port 44230 ssh2
Apr 18 15:38:22 a952d0d9ca03 sshd[10956]: Connection closed by invalid user kafka 172.30.185.19 port 44230 [preauth]
Apr 18 15:38:22 a952d0d9ca03 sshd[10958]: Invalid user authority from 172.30.185.21 port 34736
Apr 18 15:38:22 a952d0d9ca03 sshd[10958]: error: Could not get shadow information for NOUSER
Apr 18 15:38:22 a952d0d9ca03 sshd[10958]: Failed none for invalid user authority from 172.30.185.21 port 34736 ssh2
Apr 18 15:38:22 a952d0d9ca03 sshd[10958]: Failed password for invalid user authority from 172.30.185.21 port 34736 ssh2
Apr 18 15:38:22 a952d0d9ca03 sshd[10958]: Connection closed by invalid user authority 172.30.185.21 port 34736 [preauth]
Apr 18 15:38:22 a952d0d9ca03 sshd[10960]: Invalid user test1 from 172.30.185.20 port 54706
Apr 18 15:38:22 a952d0d9ca03 sshd[10960]: error: Could not get shadow information for NOUSER
Apr 18 15:38:22 a952d0d9ca03 sshd[10960]: Failed none for invalid user test1 from 172.30.185.20 port 54706 ssh2
Apr 18 15:38:22 a952d0d9ca03 sshd[10960]: Failed password for invalid user test1 from 172.30.185.20 port 54706 ssh2
Apr 18 15:38:22 a952d0d9ca03 sshd[10960]: Connection closed by invalid user test1 172.30.185.20 port 54706 [preauth]
Apr 18 15:38:22 a952d0d9ca03 sshd[10962]: Invalid user repalma from 172.30.185.21 port 34746
Apr 18 15:38:22 a952d0d9ca03 sshd[10962]: error: Could not get shadow information for NOUSER
Apr 18 15:38:22 a952d0d9ca03 sshd[10962]: Failed none for invalid user repalma from 172.30.185.21 port 34746 ssh2
Apr 18 15:38:22 a952d0d9ca03 sshd[10964]: Invalid user test1 from 172.30.185.20 port 54718
Apr 18 15:38:22 a952d0d9ca03 sshd[10964]: error: Could not get shadow information for NOUSER
Apr 18 15:38:22 a952d0d9ca03 sshd[10962]: Failed password for invalid user repalma from 172.30.185.21 port 34746 ssh2
Apr 18 15:38:22 a952d0d9ca03 sshd[10962]: Connection closed by invalid user repalma 172.30.185.21 port 34746 [preauth]
Apr 18 15:38:22 a952d0d9ca03 sshd[10964]: Failed none for invalid user test1 from 172.30.185.20 port 54718 ssh2
Apr 18 15:38:22 a952d0d9ca03 sshd[10964]: Failed password for invalid user test1 from 172.30.185.20 port 54718 ssh2
Apr 18 15:38:22 a952d0d9ca03 sshd[10964]: Connection closed by invalid user test1 172.30.185.20 port 54718 [preauth]
Apr 18 15:38:23 a952d0d9ca03 sshd[10966]: Invalid user repalma from 172.30.185.21 port 34758
Apr 18 15:38:23 a952d0d9ca03 sshd[10966]: error: Could not get shadow information for NOUSER
Apr 18 15:38:23 a952d0d9ca03 sshd[10966]: Failed none for invalid user repalma from 172.30.185.21 port 34758 ssh2
Apr 18 15:38:23 a952d0d9ca03 sshd[10968]: Invalid user test1 from 172.30.185.20 port 54722
Apr 18 15:38:23 a952d0d9ca03 sshd[10968]: error: Could not get shadow information for NOUSER
Apr 18 15:38:23 a952d0d9ca03 sshd[10968]: Failed none for invalid user test1 from 172.30.185.20 port 54722 ssh2
Apr 18 15:38:23 a952d0d9ca03 sshd[10966]: Failed password for invalid user repalma from 172.30.185.21 port 34758 ssh2
Apr 18 15:38:23 a952d0d9ca03 sshd[10966]: Connection closed by invalid user repalma 172.30.185.21 port 34758 [preauth]
Apr 18 15:38:23 a952d0d9ca03 sshd[10968]: Failed password for invalid user test1 from 172.30.185.20 port 54722 ssh2
Apr 18 15:38:23 a952d0d9ca03 sshd[10968]: Connection closed by invalid user test1 172.30.185.20 port 54722 [preauth]
Apr 18 15:38:23 a952d0d9ca03 sshd[10970]: Invalid user hipchat from 172.30.185.23 port 47872
Apr 18 15:38:23 a952d0d9ca03 sshd[10970]: error: Could not get shadow information for NOUSER
Apr 18 15:38:23 a952d0d9ca03 sshd[10970]: Failed none for invalid user hipchat from 172.30.185.23 port 47872 ssh2
Apr 18 15:38:23 a952d0d9ca03 sshd[10970]: Failed password for invalid user hipchat from 172.30.185.23 port 47872 ssh2
Apr 18 15:38:23 a952d0d9ca03 sshd[10970]: Connection closed by invalid user hipchat 172.30.185.23 port 47872 [preauth]
Apr 18 15:38:23 a952d0d9ca03 sshd[10972]: Invalid user artwork from 172.30.185.22 port 55504
Apr 18 15:38:23 a952d0d9ca03 sshd[10972]: error: Could not get shadow information for NOUSER
Apr 18 15:38:23 a952d0d9ca03 sshd[10972]: Failed none for invalid user artwork from 172.30.185.22 port 55504 ssh2
Apr 18 15:38:23 a952d0d9ca03 sshd[10972]: Failed password for invalid user artwork from 172.30.185.22 port 55504 ssh2
Apr 18 15:38:23 a952d0d9ca03 sshd[10972]: Connection closed by invalid user artwork 172.30.185.22 port 55504 [preauth]
Apr 18 15:38:23 a952d0d9ca03 sshd[10974]: Invalid user repalma from 172.30.185.21 port 34774
Apr 18 15:38:23 a952d0d9ca03 sshd[10974]: error: Could not get shadow information for NOUSER
Apr 18 15:38:23 a952d0d9ca03 sshd[10974]: Failed none for invalid user repalma from 172.30.185.21 port 34774 ssh2
Apr 18 15:38:23 a952d0d9ca03 sshd[10974]: Failed password for invalid user repalma from 172.30.185.21 port 34774 ssh2
Apr 18 15:38:23 a952d0d9ca03 sshd[10976]: Invalid user test1 from 172.30.185.20 port 54728
Apr 18 15:38:23 a952d0d9ca03 sshd[10976]: error: Could not get shadow information for NOUSER
Apr 18 15:38:23 a952d0d9ca03 sshd[10976]: Failed none for invalid user test1 from 172.30.185.20 port 54728 ssh2
Apr 18 15:38:23 a952d0d9ca03 sshd[10974]: Connection closed by invalid user repalma 172.30.185.21 port 34774 [preauth]
Apr 18 15:38:23 a952d0d9ca03 sshd[10976]: Failed password for invalid user test1 from 172.30.185.20 port 54728 ssh2
Apr 18 15:38:23 a952d0d9ca03 sshd[10976]: Connection closed by invalid user test1 172.30.185.20 port 54728 [preauth]
Apr 18 15:38:23 a952d0d9ca03 sshd[10980]: Invalid user loginuser from 172.30.185.22 port 55508
Apr 18 15:38:23 a952d0d9ca03 sshd[10980]: error: Could not get shadow information for NOUSER
Apr 18 15:38:23 a952d0d9ca03 sshd[10978]: Invalid user bob from 172.30.185.23 port 47880
Apr 18 15:38:23 a952d0d9ca03 sshd[10978]: error: Could not get shadow information for NOUSER
Apr 18 15:38:23 a952d0d9ca03 sshd[10980]: Failed none for invalid user loginuser from 172.30.185.22 port 55508 ssh2
Apr 18 15:38:23 a952d0d9ca03 sshd[10978]: Failed none for invalid user bob from 172.30.185.23 port 47880 ssh2
Apr 18 15:38:23 a952d0d9ca03 sshd[10980]: Failed password for invalid user loginuser from 172.30.185.22 port 55508 ssh2
Apr 18 15:38:23 a952d0d9ca03 sshd[10978]: Failed password for invalid user bob from 172.30.185.23 port 47880 ssh2
Apr 18 15:38:23 a952d0d9ca03 sshd[10980]: Connection closed by invalid user loginuser 172.30.185.22 port 55508 [preauth]
Apr 18 15:38:23 a952d0d9ca03 sshd[10978]: Connection closed by invalid user bob 172.30.185.23 port 47880 [preauth]
Apr 18 15:38:23 a952d0d9ca03 sshd[10982]: Invalid user repalma from 172.30.185.21 port 34786
Apr 18 15:38:23 a952d0d9ca03 sshd[10982]: error: Could not get shadow information for NOUSER
Apr 18 15:38:23 a952d0d9ca03 sshd[10982]: Failed none for invalid user repalma from 172.30.185.21 port 34786 ssh2
Apr 18 15:38:23 a952d0d9ca03 sshd[10982]: Failed password for invalid user repalma from 172.30.185.21 port 34786 ssh2
Apr 18 15:38:23 a952d0d9ca03 sshd[10982]: Connection closed by invalid user repalma 172.30.185.21 port 34786 [preauth]
Apr 18 15:38:23 a952d0d9ca03 sshd[10984]: Invalid user loginuser from 172.30.185.22 port 55510
Apr 18 15:38:23 a952d0d9ca03 sshd[10984]: error: Could not get shadow information for NOUSER
Apr 18 15:38:23 a952d0d9ca03 sshd[10984]: Failed none for invalid user loginuser from 172.30.185.22 port 55510 ssh2
Apr 18 15:38:23 a952d0d9ca03 sshd[10984]: Failed password for invalid user loginuser from 172.30.185.22 port 55510 ssh2
Apr 18 15:38:23 a952d0d9ca03 sshd[10985]: Invalid user bob from 172.30.185.23 port 47888
Apr 18 15:38:23 a952d0d9ca03 sshd[10985]: error: Could not get shadow information for NOUSER
Apr 18 15:38:23 a952d0d9ca03 sshd[10985]: Failed none for invalid user bob from 172.30.185.23 port 47888 ssh2
Apr 18 15:38:23 a952d0d9ca03 sshd[10984]: Connection closed by invalid user loginuser 172.30.185.22 port 55510 [preauth]
Apr 18 15:38:23 a952d0d9ca03 sshd[10985]: Failed password for invalid user bob from 172.30.185.23 port 47888 ssh2
Apr 18 15:38:23 a952d0d9ca03 sshd[10985]: Connection closed by invalid user bob 172.30.185.23 port 47888 [preauth]
Apr 18 15:38:23 a952d0d9ca03 sshd[10988]: Invalid user shopify from 172.30.185.26 port 50188
Apr 18 15:38:23 a952d0d9ca03 sshd[10988]: error: Could not get shadow information for NOUSER
Apr 18 15:38:23 a952d0d9ca03 sshd[10988]: Failed none for invalid user shopify from 172.30.185.26 port 50188 ssh2
Apr 18 15:38:23 a952d0d9ca03 sshd[10988]: Failed password for invalid user shopify from 172.30.185.26 port 50188 ssh2
Apr 18 15:38:23 a952d0d9ca03 sshd[10988]: Connection closed by invalid user shopify 172.30.185.26 port 50188 [preauth]
Apr 18 15:38:23 a952d0d9ca03 sshd[10991]: Invalid user repalma from 172.30.185.21 port 34802
Apr 18 15:38:23 a952d0d9ca03 sshd[10991]: error: Could not get shadow information for NOUSER
Apr 18 15:38:23 a952d0d9ca03 sshd[10991]: Failed none for invalid user repalma from 172.30.185.21 port 34802 ssh2
Apr 18 15:38:23 a952d0d9ca03 sshd[10990]: Invalid user satis from 172.30.185.25 port 40336
Apr 18 15:38:23 a952d0d9ca03 sshd[10990]: error: Could not get shadow information for NOUSER
Apr 18 15:38:23 a952d0d9ca03 sshd[10990]: Failed none for invalid user satis from 172.30.185.25 port 40336 ssh2
Apr 18 15:38:23 a952d0d9ca03 sshd[10991]: Failed password for invalid user repalma from 172.30.185.21 port 34802 ssh2
Apr 18 15:38:23 a952d0d9ca03 sshd[10991]: Connection closed by invalid user repalma 172.30.185.21 port 34802 [preauth]
Apr 18 15:38:23 a952d0d9ca03 sshd[10990]: Failed password for invalid user satis from 172.30.185.25 port 40336 ssh2
Apr 18 15:38:23 a952d0d9ca03 sshd[10990]: Connection closed by invalid user satis 172.30.185.25 port 40336 [preauth]
Apr 18 15:38:23 a952d0d9ca03 sshd[10996]: Invalid user bob from 172.30.185.23 port 47900
Apr 18 15:38:23 a952d0d9ca03 sshd[10996]: error: Could not get shadow information for NOUSER
Apr 18 15:38:23 a952d0d9ca03 sshd[10994]: Invalid user loginuser from 172.30.185.22 port 55518
Apr 18 15:38:23 a952d0d9ca03 sshd[10996]: Failed none for invalid user bob from 172.30.185.23 port 47900 ssh2
Apr 18 15:38:23 a952d0d9ca03 sshd[10994]: error: Could not get shadow information for NOUSER
Apr 18 15:38:23 a952d0d9ca03 sshd[10994]: Failed none for invalid user loginuser from 172.30.185.22 port 55518 ssh2
Apr 18 15:38:23 a952d0d9ca03 sshd[11000]: Invalid user dbinst from 172.30.185.26 port 50196
Apr 18 15:38:23 a952d0d9ca03 sshd[11000]: error: Could not get shadow information for NOUSER
Apr 18 15:38:23 a952d0d9ca03 sshd[11000]: Failed none for invalid user dbinst from 172.30.185.26 port 50196 ssh2
Apr 18 15:38:23 a952d0d9ca03 sshd[10996]: Failed password for invalid user bob from 172.30.185.23 port 47900 ssh2
Apr 18 15:38:23 a952d0d9ca03 sshd[10994]: Failed password for invalid user loginuser from 172.30.185.22 port 55518 ssh2
Apr 18 15:38:23 a952d0d9ca03 sshd[10996]: Connection closed by invalid user bob 172.30.185.23 port 47900 [preauth]
Apr 18 15:38:23 a952d0d9ca03 sshd[11000]: Failed password for invalid user dbinst from 172.30.185.26 port 50196 ssh2
Apr 18 15:38:23 a952d0d9ca03 sshd[10994]: Connection closed by invalid user loginuser 172.30.185.22 port 55518 [preauth]
Apr 18 15:38:23 a952d0d9ca03 sshd[11000]: Connection closed by invalid user dbinst 172.30.185.26 port 50196 [preauth]
Apr 18 15:38:23 a952d0d9ca03 sshd[10997]: Invalid user sahil from 172.30.185.24 port 35790
Apr 18 15:38:23 a952d0d9ca03 sshd[10997]: error: Could not get shadow information for NOUSER
Apr 18 15:38:23 a952d0d9ca03 sshd[10997]: Failed none for invalid user sahil from 172.30.185.24 port 35790 ssh2
Apr 18 15:38:23 a952d0d9ca03 sshd[10997]: Failed password for invalid user sahil from 172.30.185.24 port 35790 ssh2
Apr 18 15:38:23 a952d0d9ca03 sshd[10997]: Connection closed by invalid user sahil 172.30.185.24 port 35790 [preauth]
Apr 18 15:38:24 a952d0d9ca03 sshd[11002]: Invalid user repalma from 172.30.185.21 port 34808
Apr 18 15:38:24 a952d0d9ca03 sshd[11002]: error: Could not get shadow information for NOUSER
Apr 18 15:38:24 a952d0d9ca03 sshd[11002]: Failed none for invalid user repalma from 172.30.185.21 port 34808 ssh2
Apr 18 15:38:24 a952d0d9ca03 sshd[11002]: Failed password for invalid user repalma from 172.30.185.21 port 34808 ssh2
Apr 18 15:38:24 a952d0d9ca03 sshd[11004]: Invalid user tmpuser from 172.30.185.25 port 40350
Apr 18 15:38:24 a952d0d9ca03 sshd[11004]: error: Could not get shadow information for NOUSER
Apr 18 15:38:24 a952d0d9ca03 sshd[11002]: Connection closed by invalid user repalma 172.30.185.21 port 34808 [preauth]
Apr 18 15:38:24 a952d0d9ca03 sshd[11004]: Failed none for invalid user tmpuser from 172.30.185.25 port 40350 ssh2
Apr 18 15:38:24 a952d0d9ca03 sshd[11004]: Failed password for invalid user tmpuser from 172.30.185.25 port 40350 ssh2
Apr 18 15:38:24 a952d0d9ca03 sshd[11004]: Connection closed by invalid user tmpuser 172.30.185.25 port 40350 [preauth]
Apr 18 15:38:24 a952d0d9ca03 sshd[11009]: Invalid user dbinst from 172.30.185.26 port 50206
Apr 18 15:38:24 a952d0d9ca03 sshd[11009]: error: Could not get shadow information for NOUSER
Apr 18 15:38:24 a952d0d9ca03 sshd[11009]: Failed none for invalid user dbinst from 172.30.185.26 port 50206 ssh2
Apr 18 15:38:24 a952d0d9ca03 sshd[11009]: Failed password for invalid user dbinst from 172.30.185.26 port 50206 ssh2
Apr 18 15:38:24 a952d0d9ca03 sshd[11009]: Connection closed by invalid user dbinst 172.30.185.26 port 50206 [preauth]
Apr 18 15:38:24 a952d0d9ca03 sshd[11006]: Invalid user bob from 172.30.185.23 port 47906
Apr 18 15:38:24 a952d0d9ca03 sshd[11006]: error: Could not get shadow information for NOUSER
Apr 18 15:38:24 a952d0d9ca03 sshd[11012]: Invalid user ubnt from 172.30.185.24 port 35804
Apr 18 15:38:24 a952d0d9ca03 sshd[11007]: Invalid user loginuser from 172.30.185.22 port 55534
Apr 18 15:38:24 a952d0d9ca03 sshd[11012]: error: Could not get shadow information for NOUSER
Apr 18 15:38:24 a952d0d9ca03 sshd[11007]: error: Could not get shadow information for NOUSER
Apr 18 15:38:24 a952d0d9ca03 sshd[11006]: Failed none for invalid user bob from 172.30.185.23 port 47906 ssh2
Apr 18 15:38:24 a952d0d9ca03 sshd[11012]: Failed none for invalid user ubnt from 172.30.185.24 port 35804 ssh2
Apr 18 15:38:24 a952d0d9ca03 sshd[11007]: Failed none for invalid user loginuser from 172.30.185.22 port 55534 ssh2
Apr 18 15:38:24 a952d0d9ca03 sshd[11012]: Failed password for invalid user ubnt from 172.30.185.24 port 35804 ssh2
Apr 18 15:38:24 a952d0d9ca03 sshd[11006]: Failed password for invalid user bob from 172.30.185.23 port 47906 ssh2
Apr 18 15:38:24 a952d0d9ca03 sshd[11012]: Connection closed by invalid user ubnt 172.30.185.24 port 35804 [preauth]
Apr 18 15:38:24 a952d0d9ca03 sshd[11007]: Failed password for invalid user loginuser from 172.30.185.22 port 55534 ssh2
Apr 18 15:38:24 a952d0d9ca03 sshd[11006]: Connection closed by invalid user bob 172.30.185.23 port 47906 [preauth]
Apr 18 15:38:24 a952d0d9ca03 sshd[11007]: Connection closed by invalid user loginuser 172.30.185.22 port 55534 [preauth]
Apr 18 15:38:24 a952d0d9ca03 sshd[11015]: Invalid user systemd from 172.30.185.3 port 39402
Apr 18 15:38:24 a952d0d9ca03 sshd[11015]: error: Could not get shadow information for NOUSER
Apr 18 15:38:24 a952d0d9ca03 sshd[11015]: Failed none for invalid user systemd from 172.30.185.3 port 39402 ssh2
Apr 18 15:38:24 a952d0d9ca03 sshd[11015]: Failed password for invalid user systemd from 172.30.185.3 port 39402 ssh2
Apr 18 15:38:24 a952d0d9ca03 sshd[11015]: Connection closed by invalid user systemd 172.30.185.3 port 39402 [preauth]
Apr 18 15:38:24 a952d0d9ca03 sshd[11018]: Invalid user tmpuser from 172.30.185.25 port 40362
Apr 18 15:38:24 a952d0d9ca03 sshd[11018]: error: Could not get shadow information for NOUSER
Apr 18 15:38:24 a952d0d9ca03 sshd[11018]: Failed none for invalid user tmpuser from 172.30.185.25 port 40362 ssh2
Apr 18 15:38:24 a952d0d9ca03 sshd[11014]: Invalid user repalma from 172.30.185.21 port 34822
Apr 18 15:38:24 a952d0d9ca03 sshd[11014]: error: Could not get shadow information for NOUSER
Apr 18 15:38:24 a952d0d9ca03 sshd[11014]: Failed none for invalid user repalma from 172.30.185.21 port 34822 ssh2
Apr 18 15:38:24 a952d0d9ca03 sshd[11018]: Failed password for invalid user tmpuser from 172.30.185.25 port 40362 ssh2
Apr 18 15:38:24 a952d0d9ca03 sshd[11018]: Connection closed by invalid user tmpuser 172.30.185.25 port 40362 [preauth]
Apr 18 15:38:24 a952d0d9ca03 sshd[11014]: Failed password for invalid user repalma from 172.30.185.21 port 34822 ssh2
Apr 18 15:38:24 a952d0d9ca03 sshd[11014]: Connection closed by invalid user repalma 172.30.185.21 port 34822 [preauth]
Apr 18 15:38:24 a952d0d9ca03 sshd[11023]: Invalid user bob from 172.30.185.23 port 47918
Apr 18 15:38:24 a952d0d9ca03 sshd[11023]: error: Could not get shadow information for NOUSER
Apr 18 15:38:24 a952d0d9ca03 sshd[11023]: Failed none for invalid user bob from 172.30.185.23 port 47918 ssh2
Apr 18 15:38:24 a952d0d9ca03 sshd[11023]: Failed password for invalid user bob from 172.30.185.23 port 47918 ssh2
Apr 18 15:38:24 a952d0d9ca03 sshd[11020]: Invalid user dbinst from 172.30.185.26 port 50208
Apr 18 15:38:24 a952d0d9ca03 sshd[11020]: error: Could not get shadow information for NOUSER
Apr 18 15:38:24 a952d0d9ca03 sshd[11023]: Connection closed by invalid user bob 172.30.185.23 port 47918 [preauth]
Apr 18 15:38:24 a952d0d9ca03 sshd[11020]: Failed none for invalid user dbinst from 172.30.185.26 port 50208 ssh2
Apr 18 15:38:24 a952d0d9ca03 sshd[11020]: Failed password for invalid user dbinst from 172.30.185.26 port 50208 ssh2
Apr 18 15:38:24 a952d0d9ca03 sshd[11025]: Invalid user loginuser from 172.30.185.22 port 55536
Apr 18 15:38:24 a952d0d9ca03 sshd[11025]: error: Could not get shadow information for NOUSER
Apr 18 15:38:24 a952d0d9ca03 sshd[11020]: Connection closed by invalid user dbinst 172.30.185.26 port 50208 [preauth]
Apr 18 15:38:24 a952d0d9ca03 sshd[11025]: Failed none for invalid user loginuser from 172.30.185.22 port 55536 ssh2
Apr 18 15:38:24 a952d0d9ca03 sshd[11022]: Invalid user ubnt from 172.30.185.24 port 35808
Apr 18 15:38:24 a952d0d9ca03 sshd[11022]: error: Could not get shadow information for NOUSER
Apr 18 15:38:24 a952d0d9ca03 sshd[11022]: Failed none for invalid user ubnt from 172.30.185.24 port 35808 ssh2
Apr 18 15:38:24 a952d0d9ca03 sshd[11025]: Failed password for invalid user loginuser from 172.30.185.22 port 55536 ssh2
Apr 18 15:38:24 a952d0d9ca03 sshd[11025]: Connection closed by invalid user loginuser 172.30.185.22 port 55536 [preauth]
Apr 18 15:38:24 a952d0d9ca03 sshd[11022]: Failed password for invalid user ubnt from 172.30.185.24 port 35808 ssh2
Apr 18 15:38:24 a952d0d9ca03 sshd[11022]: Connection closed by invalid user ubnt 172.30.185.24 port 35808 [preauth]
Apr 18 15:38:24 a952d0d9ca03 sshd[11028]: Invalid user systemd from 172.30.185.3 port 39418
Apr 18 15:38:24 a952d0d9ca03 sshd[11028]: error: Could not get shadow information for NOUSER
Apr 18 15:38:24 a952d0d9ca03 sshd[11028]: Failed none for invalid user systemd from 172.30.185.3 port 39418 ssh2
Apr 18 15:38:24 a952d0d9ca03 sshd[11028]: Failed password for invalid user systemd from 172.30.185.3 port 39418 ssh2
Apr 18 15:38:24 a952d0d9ca03 sshd[11028]: Connection closed by invalid user systemd 172.30.185.3 port 39418 [preauth]
Apr 18 15:38:24 a952d0d9ca03 sshd[11032]: Invalid user repalma from 172.30.185.21 port 34824
Apr 18 15:38:24 a952d0d9ca03 sshd[11032]: error: Could not get shadow information for NOUSER
Apr 18 15:38:24 a952d0d9ca03 sshd[11032]: Failed none for invalid user repalma from 172.30.185.21 port 34824 ssh2
Apr 18 15:38:24 a952d0d9ca03 sshd[11032]: Failed password for invalid user repalma from 172.30.185.21 port 34824 ssh2
Apr 18 15:38:24 a952d0d9ca03 sshd[11030]: Invalid user tmpuser from 172.30.185.25 port 40378
Apr 18 15:38:24 a952d0d9ca03 sshd[11030]: error: Could not get shadow information for NOUSER
Apr 18 15:38:24 a952d0d9ca03 sshd[11032]: Connection closed by invalid user repalma 172.30.185.21 port 34824 [preauth]
Apr 18 15:38:24 a952d0d9ca03 sshd[11030]: Failed none for invalid user tmpuser from 172.30.185.25 port 40378 ssh2
Apr 18 15:38:24 a952d0d9ca03 sshd[11030]: Failed password for invalid user tmpuser from 172.30.185.25 port 40378 ssh2
Apr 18 15:38:24 a952d0d9ca03 sshd[11030]: Connection closed by invalid user tmpuser 172.30.185.25 port 40378 [preauth]
Apr 18 15:38:24 a952d0d9ca03 sshd[11034]: Invalid user bot from 172.30.185.4 port 42902
Apr 18 15:38:24 a952d0d9ca03 sshd[11034]: error: Could not get shadow information for NOUSER
Apr 18 15:38:24 a952d0d9ca03 sshd[11036]: Invalid user bob from 172.30.185.23 port 47932
Apr 18 15:38:24 a952d0d9ca03 sshd[11034]: Failed none for invalid user bot from 172.30.185.4 port 42902 ssh2
Apr 18 15:38:24 a952d0d9ca03 sshd[11036]: error: Could not get shadow information for NOUSER
Apr 18 15:38:24 a952d0d9ca03 sshd[11036]: Failed none for invalid user bob from 172.30.185.23 port 47932 ssh2
Apr 18 15:38:24 a952d0d9ca03 sshd[11034]: Failed password for invalid user bot from 172.30.185.4 port 42902 ssh2
Apr 18 15:38:24 a952d0d9ca03 sshd[11034]: Connection closed by invalid user bot 172.30.185.4 port 42902 [preauth]
Apr 18 15:38:24 a952d0d9ca03 sshd[11036]: Failed password for invalid user bob from 172.30.185.23 port 47932 ssh2
Apr 18 15:38:24 a952d0d9ca03 sshd[11036]: Connection closed by invalid user bob 172.30.185.23 port 47932 [preauth]
Apr 18 15:38:24 a952d0d9ca03 sshd[11038]: Invalid user dbinst from 172.30.185.26 port 50220
Apr 18 15:38:24 a952d0d9ca03 sshd[11038]: error: Could not get shadow information for NOUSER
Apr 18 15:38:24 a952d0d9ca03 sshd[11038]: Failed none for invalid user dbinst from 172.30.185.26 port 50220 ssh2
Apr 18 15:38:24 a952d0d9ca03 sshd[11038]: Failed password for invalid user dbinst from 172.30.185.26 port 50220 ssh2
Apr 18 15:38:24 a952d0d9ca03 sshd[11038]: Connection closed by invalid user dbinst 172.30.185.26 port 50220 [preauth]
Apr 18 15:38:24 a952d0d9ca03 sshd[11041]: Invalid user ubnt from 172.30.185.24 port 35824
Apr 18 15:38:24 a952d0d9ca03 sshd[11041]: error: Could not get shadow information for NOUSER
Apr 18 15:38:24 a952d0d9ca03 sshd[11041]: Failed none for invalid user ubnt from 172.30.185.24 port 35824 ssh2
Apr 18 15:38:24 a952d0d9ca03 sshd[11040]: Invalid user loginuser from 172.30.185.22 port 55540
Apr 18 15:38:24 a952d0d9ca03 sshd[11040]: error: Could not get shadow information for NOUSER
Apr 18 15:38:24 a952d0d9ca03 sshd[11041]: Failed password for invalid user ubnt from 172.30.185.24 port 35824 ssh2
Apr 18 15:38:24 a952d0d9ca03 sshd[11041]: Connection closed by invalid user ubnt 172.30.185.24 port 35824 [preauth]
Apr 18 15:38:24 a952d0d9ca03 sshd[11040]: Failed none for invalid user loginuser from 172.30.185.22 port 55540 ssh2
Apr 18 15:38:24 a952d0d9ca03 sshd[11040]: Failed password for invalid user loginuser from 172.30.185.22 port 55540 ssh2
Apr 18 15:38:24 a952d0d9ca03 sshd[11040]: Connection closed by invalid user loginuser 172.30.185.22 port 55540 [preauth]
