Apr 18 15:35:41 a952d0d9ca03 sshd[4711]: Failed password for invalid user ftpuser from 172.30.185.22 port 47152 ssh2
Apr 18 15:35:41 a952d0d9ca03 sshd[4703]: Failed password for invalid user link from 172.30.185.19 port 34314 ssh2
Apr 18 15:35:41 a952d0d9ca03 sshd[4711]: Connection closed by invalid user ftpuser 172.30.185.22 port 47152 [preauth]
Apr 18 15:35:41 a952d0d9ca03 sshd[4705]: Failed password for invalid user sybase from 172.30.185.25 port 47902 ssh2
Apr 18 15:35:41 a952d0d9ca03 sshd[4703]: Connection closed by invalid user link 172.30.185.19 port 34314 [preauth]
Apr 18 15:35:41 a952d0d9ca03 sshd[4705]: Connection closed by invalid user sybase 172.30.185.25 port 47902 [preauth]
Apr 18 15:35:41 a952d0d9ca03 sshd[4707]: Invalid user sarah from 172.30.185.21 port 58962
Apr 18 15:35:41 a952d0d9ca03 sshd[4707]: error: Could not get shadow information for NOUSER
Apr 18 15:35:41 a952d0d9ca03 sshd[4707]: Failed none for invalid user sarah from 172.30.185.21 port 58962 ssh2
Apr 18 15:35:41 a952d0d9ca03 sshd[4707]: Failed password for invalid user sarah from 172.30.185.21 port 58962 ssh2
Apr 18 15:35:41 a952d0d9ca03 sshd[4709]: Invalid user pi from 172.30.185.20 port 45564
Apr 18 15:35:41 a952d0d9ca03 sshd[4709]: error: Could not get shadow information for NOUSER
Apr 18 15:35:41 a952d0d9ca03 sshd[4707]: Connection closed by invalid user sarah 172.30.185.21 port 58962 [preauth]
Apr 18 15:35:41 a952d0d9ca03 sshd[4709]: Failed none for invalid user pi from 172.30.185.20 port 45564 ssh2
Apr 18 15:35:41 a952d0d9ca03 sshd[4709]: Failed password for invalid user pi from 172.30.185.20 port 45564 ssh2
Apr 18 15:35:41 a952d0d9ca03 sshd[4709]: Connection closed by invalid user pi 172.30.185.20 port 45564 [preauth]
Apr 18 15:35:41 a952d0d9ca03 sshd[4715]: Invalid user ts3user from 172.30.185.23 port 43312
Apr 18 15:35:41 a952d0d9ca03 sshd[4715]: error: Could not get shadow information for NOUSER
Apr 18 15:35:41 a952d0d9ca03 sshd[4715]: Failed none for invalid user ts3user from 172.30.185.23 port 43312 ssh2
Apr 18 15:35:41 a952d0d9ca03 sshd[4713]: Invalid user ada from 172.30.185.26 port 41310
Apr 18 15:35:41 a952d0d9ca03 sshd[4713]: error: Could not get shadow information for NOUSER
Apr 18 15:35:41 a952d0d9ca03 sshd[4715]: Failed password for invalid user ts3user from 172.30.185.23 port 43312 ssh2
Apr 18 15:35:41 a952d0d9ca03 sshd[4713]: Failed none for invalid user ada from 172.30.185.26 port 41310 ssh2
Apr 18 15:35:41 a952d0d9ca03 sshd[4715]: Connection closed by invalid user ts3user 172.30.185.23 port 43312 [preauth]
Apr 18 15:35:41 a952d0d9ca03 sshd[4713]: Failed password for invalid user ada from 172.30.185.26 port 41310 ssh2
Apr 18 15:35:41 a952d0d9ca03 sshd[4713]: Connection closed by invalid user ada 172.30.185.26 port 41310 [preauth]
Apr 18 15:35:41 a952d0d9ca03 sshd[4717]: Invalid user noc from 172.30.185.24 port 48288
Apr 18 15:35:41 a952d0d9ca03 sshd[4717]: error: Could not get shadow information for NOUSER
Apr 18 15:35:41 a952d0d9ca03 sshd[4717]: Failed none for invalid user noc from 172.30.185.24 port 48288 ssh2
Apr 18 15:35:41 a952d0d9ca03 sshd[4717]: Failed password for invalid user noc from 172.30.185.24 port 48288 ssh2
Apr 18 15:35:41 a952d0d9ca03 sshd[4717]: Connection closed by invalid user noc 172.30.185.24 port 48288 [preauth]
Apr 18 15:35:41 a952d0d9ca03 sshd[4721]: Invalid user manager from 172.30.185.17 port 38472
Apr 18 15:35:41 a952d0d9ca03 sshd[4721]: error: Could not get shadow information for NOUSER
Apr 18 15:35:41 a952d0d9ca03 sshd[4721]: Failed none for invalid user manager from 172.30.185.17 port 38472 ssh2
Apr 18 15:35:41 a952d0d9ca03 sshd[4721]: Failed password for invalid user manager from 172.30.185.17 port 38472 ssh2
Apr 18 15:35:41 a952d0d9ca03 sshd[4726]: Invalid user ftpuser from 172.30.185.22 port 47164
Apr 18 15:35:41 a952d0d9ca03 sshd[4726]: error: Could not get shadow information for NOUSER
Apr 18 15:35:41 a952d0d9ca03 sshd[4721]: Connection closed by invalid user manager 172.30.185.17 port 38472 [preauth]
Apr 18 15:35:41 a952d0d9ca03 sshd[4726]: Failed none for invalid user ftpuser from 172.30.185.22 port 47164 ssh2
Apr 18 15:35:41 a952d0d9ca03 sshd[4723]: Invalid user hanna from 172.30.185.18 port 38172
Apr 18 15:35:41 a952d0d9ca03 sshd[4723]: error: Could not get shadow information for NOUSER
Apr 18 15:35:41 a952d0d9ca03 sshd[4728]: Invalid user sybase from 172.30.185.25 port 47904
Apr 18 15:35:41 a952d0d9ca03 sshd[4728]: error: Could not get shadow information for NOUSER
Apr 18 15:35:41 a952d0d9ca03 sshd[4723]: Failed none for invalid user hanna from 172.30.185.18 port 38172 ssh2
Apr 18 15:35:41 a952d0d9ca03 sshd[4728]: Failed none for invalid user sybase from 172.30.185.25 port 47904 ssh2
Apr 18 15:35:41 a952d0d9ca03 sshd[4726]: Failed password for invalid user ftpuser from 172.30.185.22 port 47164 ssh2
Apr 18 15:35:41 a952d0d9ca03 sshd[4726]: Connection closed by invalid user ftpuser 172.30.185.22 port 47164 [preauth]
Apr 18 15:35:41 a952d0d9ca03 sshd[4723]: Failed password for invalid user hanna from 172.30.185.18 port 38172 ssh2
Apr 18 15:35:41 a952d0d9ca03 sshd[4728]: Failed password for invalid user sybase from 172.30.185.25 port 47904 ssh2
Apr 18 15:35:41 a952d0d9ca03 sshd[4723]: Connection closed by invalid user hanna 172.30.185.18 port 38172 [preauth]
Apr 18 15:35:41 a952d0d9ca03 sshd[4728]: Connection closed by invalid user sybase 172.30.185.25 port 47904 [preauth]
Apr 18 15:35:41 a952d0d9ca03 sshd[4727]: Invalid user link from 172.30.185.19 port 34320
Apr 18 15:35:41 a952d0d9ca03 sshd[4727]: error: Could not get shadow information for NOUSER
Apr 18 15:35:41 a952d0d9ca03 sshd[4727]: Failed none for invalid user link from 172.30.185.19 port 34320 ssh2
Apr 18 15:35:41 a952d0d9ca03 sshd[4727]: Failed password for invalid user link from 172.30.185.19 port 34320 ssh2
Apr 18 15:35:41 a952d0d9ca03 sshd[4727]: Connection closed by invalid user link 172.30.185.19 port 34320 [preauth]
Apr 18 15:35:41 a952d0d9ca03 sshd[4732]: Invalid user sarah from 172.30.185.21 port 58972
Apr 18 15:35:41 a952d0d9ca03 sshd[4732]: error: Could not get shadow information for NOUSER
Apr 18 15:35:41 a952d0d9ca03 sshd[4732]: Failed none for invalid user sarah from 172.30.185.21 port 58972 ssh2
Apr 18 15:35:41 a952d0d9ca03 sshd[4738]: Invalid user ada from 172.30.185.26 port 41318
Apr 18 15:35:41 a952d0d9ca03 sshd[4738]: error: Could not get shadow information for NOUSER
Apr 18 15:35:41 a952d0d9ca03 sshd[4738]: Failed none for invalid user ada from 172.30.185.26 port 41318 ssh2
Apr 18 15:35:41 a952d0d9ca03 sshd[4732]: Failed password for invalid user sarah from 172.30.185.21 port 58972 ssh2
Apr 18 15:35:41 a952d0d9ca03 sshd[4734]: Invalid user pi from 172.30.185.20 port 45578
Apr 18 15:35:41 a952d0d9ca03 sshd[4734]: error: Could not get shadow information for NOUSER
Apr 18 15:35:41 a952d0d9ca03 sshd[4734]: Failed none for invalid user pi from 172.30.185.20 port 45578 ssh2
Apr 18 15:35:41 a952d0d9ca03 sshd[4732]: Connection closed by invalid user sarah 172.30.185.21 port 58972 [preauth]
Apr 18 15:35:41 a952d0d9ca03 sshd[4738]: Failed password for invalid user ada from 172.30.185.26 port 41318 ssh2
Apr 18 15:35:41 a952d0d9ca03 sshd[4734]: Failed password for invalid user pi from 172.30.185.20 port 45578 ssh2
Apr 18 15:35:41 a952d0d9ca03 sshd[4738]: Connection closed by invalid user ada 172.30.185.26 port 41318 [preauth]
Apr 18 15:35:41 a952d0d9ca03 sshd[4734]: Connection closed by invalid user pi 172.30.185.20 port 45578 [preauth]
Apr 18 15:35:41 a952d0d9ca03 sshd[4736]: Invalid user ts3user from 172.30.185.23 port 43320
Apr 18 15:35:41 a952d0d9ca03 sshd[4736]: error: Could not get shadow information for NOUSER
Apr 18 15:35:41 a952d0d9ca03 sshd[4736]: Failed none for invalid user ts3user from 172.30.185.23 port 43320 ssh2
Apr 18 15:35:41 a952d0d9ca03 sshd[4736]: Failed password for invalid user ts3user from 172.30.185.23 port 43320 ssh2
Apr 18 15:35:41 a952d0d9ca03 sshd[4736]: Connection closed by invalid user ts3user 172.30.185.23 port 43320 [preauth]
Apr 18 15:35:41 a952d0d9ca03 sshd[4740]: Invalid user noc from 172.30.185.24 port 48298
Apr 18 15:35:41 a952d0d9ca03 sshd[4740]: error: Could not get shadow information for NOUSER
Apr 18 15:35:41 a952d0d9ca03 sshd[4740]: Failed none for invalid user noc from 172.30.185.24 port 48298 ssh2
Apr 18 15:35:41 a952d0d9ca03 sshd[4740]: Failed password for invalid user noc from 172.30.185.24 port 48298 ssh2
Apr 18 15:35:41 a952d0d9ca03 sshd[4740]: Connection closed by invalid user noc 172.30.185.24 port 48298 [preauth]
Apr 18 15:35:41 a952d0d9ca03 sshd[4746]: Invalid user hanna from 172.30.185.18 port 38182
Apr 18 15:35:41 a952d0d9ca03 sshd[4746]: error: Could not get shadow information for NOUSER
Apr 18 15:35:41 a952d0d9ca03 sshd[4746]: Failed none for invalid user hanna from 172.30.185.18 port 38182 ssh2
Apr 18 15:35:41 a952d0d9ca03 sshd[4746]: Failed password for invalid user hanna from 172.30.185.18 port 38182 ssh2
Apr 18 15:35:41 a952d0d9ca03 sshd[4746]: Connection closed by invalid user hanna 172.30.185.18 port 38182 [preauth]
Apr 18 15:35:41 a952d0d9ca03 sshd[4742]: Invalid user manager from 172.30.185.17 port 38480
Apr 18 15:35:41 a952d0d9ca03 sshd[4742]: error: Could not get shadow information for NOUSER
Apr 18 15:35:41 a952d0d9ca03 sshd[4742]: Failed none for invalid user manager from 172.30.185.17 port 38480 ssh2
Apr 18 15:35:41 a952d0d9ca03 sshd[4744]: Invalid user ftpuser from 172.30.185.22 port 47176
Apr 18 15:35:41 a952d0d9ca03 sshd[4744]: error: Could not get shadow information for NOUSER
Apr 18 15:35:41 a952d0d9ca03 sshd[4744]: Failed none for invalid user ftpuser from 172.30.185.22 port 47176 ssh2
Apr 18 15:35:41 a952d0d9ca03 sshd[4748]: Invalid user sybase from 172.30.185.25 port 47914
Apr 18 15:35:41 a952d0d9ca03 sshd[4748]: error: Could not get shadow information for NOUSER
Apr 18 15:35:41 a952d0d9ca03 sshd[4748]: Failed none for invalid user sybase from 172.30.185.25 port 47914 ssh2
Apr 18 15:35:41 a952d0d9ca03 sshd[4742]: Failed password for invalid user manager from 172.30.185.17 port 38480 ssh2
Apr 18 15:35:41 a952d0d9ca03 sshd[4742]: Connection closed by invalid user manager 172.30.185.17 port 38480 [preauth]
Apr 18 15:35:41 a952d0d9ca03 sshd[4744]: Failed password for invalid user ftpuser from 172.30.185.22 port 47176 ssh2
Apr 18 15:35:41 a952d0d9ca03 sshd[4744]: Connection closed by invalid user ftpuser 172.30.185.22 port 47176 [preauth]
Apr 18 15:35:41 a952d0d9ca03 sshd[4748]: Failed password for invalid user sybase from 172.30.185.25 port 47914 ssh2
Apr 18 15:35:41 a952d0d9ca03 sshd[4748]: Connection closed by invalid user sybase 172.30.185.25 port 47914 [preauth]
Apr 18 15:35:41 a952d0d9ca03 sshd[4750]: Invalid user link from 172.30.185.19 port 34324
Apr 18 15:35:41 a952d0d9ca03 sshd[4750]: error: Could not get shadow information for NOUSER
Apr 18 15:35:41 a952d0d9ca03 sshd[4750]: Failed none for invalid user link from 172.30.185.19 port 34324 ssh2
Apr 18 15:35:41 a952d0d9ca03 sshd[4758]: Invalid user ts3user from 172.30.185.23 port 43332
Apr 18 15:35:41 a952d0d9ca03 sshd[4758]: error: Could not get shadow information for NOUSER
Apr 18 15:35:41 a952d0d9ca03 sshd[4758]: Failed none for invalid user ts3user from 172.30.185.23 port 43332 ssh2
Apr 18 15:35:41 a952d0d9ca03 sshd[4750]: Failed password for invalid user link from 172.30.185.19 port 34324 ssh2
Apr 18 15:35:41 a952d0d9ca03 sshd[4750]: Connection closed by invalid user link 172.30.185.19 port 34324 [preauth]
Apr 18 15:35:41 a952d0d9ca03 sshd[4758]: Failed password for invalid user ts3user from 172.30.185.23 port 43332 ssh2
Apr 18 15:35:41 a952d0d9ca03 sshd[4755]: Invalid user pi from 172.30.185.20 port 45592
Apr 18 15:35:41 a952d0d9ca03 sshd[4755]: error: Could not get shadow information for NOUSER
Apr 18 15:35:41 a952d0d9ca03 sshd[4758]: Connection closed by invalid user ts3user 172.30.185.23 port 43332 [preauth]
Apr 18 15:35:41 a952d0d9ca03 sshd[4755]: Failed none for invalid user pi from 172.30.185.20 port 45592 ssh2
Apr 18 15:35:41 a952d0d9ca03 sshd[4755]: Failed password for invalid user pi from 172.30.185.20 port 45592 ssh2
Apr 18 15:35:41 a952d0d9ca03 sshd[4752]: Invalid user sarah from 172.30.185.21 port 58978
Apr 18 15:35:41 a952d0d9ca03 sshd[4752]: error: Could not get shadow information for NOUSER
Apr 18 15:35:41 a952d0d9ca03 sshd[4755]: Connection closed by invalid user pi 172.30.185.20 port 45592 [preauth]
Apr 18 15:35:41 a952d0d9ca03 sshd[4752]: Failed none for invalid user sarah from 172.30.185.21 port 58978 ssh2
Apr 18 15:35:41 a952d0d9ca03 sshd[4752]: Failed password for invalid user sarah from 172.30.185.21 port 58978 ssh2
Apr 18 15:35:41 a952d0d9ca03 sshd[4754]: Invalid user ada from 172.30.185.26 port 41322
Apr 18 15:35:41 a952d0d9ca03 sshd[4754]: error: Could not get shadow information for NOUSER
Apr 18 15:35:41 a952d0d9ca03 sshd[4752]: Connection closed by invalid user sarah 172.30.185.21 port 58978 [preauth]
Apr 18 15:35:41 a952d0d9ca03 sshd[4754]: Failed none for invalid user ada from 172.30.185.26 port 41322 ssh2
Apr 18 15:35:41 a952d0d9ca03 sshd[4754]: Failed password for invalid user ada from 172.30.185.26 port 41322 ssh2
Apr 18 15:35:41 a952d0d9ca03 sshd[4754]: Connection closed by invalid user ada 172.30.185.26 port 41322 [preauth]
Apr 18 15:35:41 a952d0d9ca03 sshd[4760]: Invalid user noc from 172.30.185.24 port 48312
Apr 18 15:35:41 a952d0d9ca03 sshd[4760]: error: Could not get shadow information for NOUSER
Apr 18 15:35:41 a952d0d9ca03 sshd[4760]: Failed none for invalid user noc from 172.30.185.24 port 48312 ssh2
Apr 18 15:35:41 a952d0d9ca03 sshd[4760]: Failed password for invalid user noc from 172.30.185.24 port 48312 ssh2
Apr 18 15:35:41 a952d0d9ca03 sshd[4760]: Connection closed by invalid user noc 172.30.185.24 port 48312 [preauth]
Apr 18 15:35:41 a952d0d9ca03 sshd[4762]: Invalid user ftpuser from 172.30.185.22 port 47188
Apr 18 15:35:41 a952d0d9ca03 sshd[4762]: error: Could not get shadow information for NOUSER
Apr 18 15:35:41 a952d0d9ca03 sshd[4762]: Failed none for invalid user ftpuser from 172.30.185.22 port 47188 ssh2
Apr 18 15:35:41 a952d0d9ca03 sshd[4762]: Failed password for invalid user ftpuser from 172.30.185.22 port 47188 ssh2
Apr 18 15:35:41 a952d0d9ca03 sshd[4764]: Invalid user sybase from 172.30.185.25 port 47918
Apr 18 15:35:41 a952d0d9ca03 sshd[4764]: error: Could not get shadow information for NOUSER
Apr 18 15:35:41 a952d0d9ca03 sshd[4764]: Failed none for invalid user sybase from 172.30.185.25 port 47918 ssh2
Apr 18 15:35:41 a952d0d9ca03 sshd[4762]: Connection closed by invalid user ftpuser 172.30.185.22 port 47188 [preauth]
Apr 18 15:35:41 a952d0d9ca03 sshd[4764]: Failed password for invalid user sybase from 172.30.185.25 port 47918 ssh2
Apr 18 15:35:41 a952d0d9ca03 sshd[4764]: Connection closed by invalid user sybase 172.30.185.25 port 47918 [preauth]
Apr 18 15:35:41 a952d0d9ca03 sshd[4770]: Invalid user pi from 172.30.185.20 port 45598
Apr 18 15:35:41 a952d0d9ca03 sshd[4770]: error: Could not get shadow information for NOUSER
Apr 18 15:35:41 a952d0d9ca03 sshd[4770]: Failed none for invalid user pi from 172.30.185.20 port 45598 ssh2
Apr 18 15:35:41 a952d0d9ca03 sshd[4770]: Failed password for invalid user pi from 172.30.185.20 port 45598 ssh2
Apr 18 15:35:41 a952d0d9ca03 sshd[4770]: Connection closed by invalid user pi 172.30.185.20 port 45598 [preauth]
Apr 18 15:35:41 a952d0d9ca03 sshd[4767]: Invalid user ts3user from 172.30.185.23 port 43338
Apr 18 15:35:41 a952d0d9ca03 sshd[4767]: error: Could not get shadow information for NOUSER
Apr 18 15:35:41 a952d0d9ca03 sshd[4766]: Invalid user link from 172.30.185.19 port 34328
Apr 18 15:35:41 a952d0d9ca03 sshd[4766]: error: Could not get shadow information for NOUSER
Apr 18 15:35:41 a952d0d9ca03 sshd[4767]: Failed none for invalid user ts3user from 172.30.185.23 port 43338 ssh2
Apr 18 15:35:41 a952d0d9ca03 sshd[4766]: Failed none for invalid user link from 172.30.185.19 port 34328 ssh2
Apr 18 15:35:41 a952d0d9ca03 sshd[4767]: Failed password for invalid user ts3user from 172.30.185.23 port 43338 ssh2
Apr 18 15:35:41 a952d0d9ca03 sshd[4767]: Connection closed by invalid user ts3user 172.30.185.23 port 43338 [preauth]
Apr 18 15:35:41 a952d0d9ca03 sshd[4766]: Failed password for invalid user link from 172.30.185.19 port 34328 ssh2
Apr 18 15:35:41 a952d0d9ca03 sshd[4766]: Connection closed by invalid user link 172.30.185.19 port 34328 [preauth]
Apr 18 15:35:41 a952d0d9ca03 sshd[4772]: Invalid user sarah from 172.30.185.21 port 58986
Apr 18 15:35:41 a952d0d9ca03 sshd[4772]: error: Could not get shadow information for NOUSER
Apr 18 15:35:41 a952d0d9ca03 sshd[4772]: Failed none for invalid user sarah from 172.30.185.21 port 58986 ssh2
Apr 18 15:35:41 a952d0d9ca03 sshd[4774]: Invalid user ada from 172.30.185.26 port 41326
Apr 18 15:35:41 a952d0d9ca03 sshd[4774]: error: Could not get shadow information for NOUSER
Apr 18 15:35:41 a952d0d9ca03 sshd[4772]: Failed password for invalid user sarah from 172.30.185.21 port 58986 ssh2
Apr 18 15:35:41 a952d0d9ca03 sshd[4774]: Failed none for invalid user ada from 172.30.185.26 port 41326 ssh2
Apr 18 15:35:41 a952d0d9ca03 sshd[4772]: Connection closed by invalid user sarah 172.30.185.21 port 58986 [preauth]
Apr 18 15:35:41 a952d0d9ca03 sshd[4776]: Invalid user noc from 172.30.185.24 port 48318
Apr 18 15:35:41 a952d0d9ca03 sshd[4776]: error: Could not get shadow information for NOUSER
Apr 18 15:35:41 a952d0d9ca03 sshd[4774]: Failed password for invalid user ada from 172.30.185.26 port 41326 ssh2
Apr 18 15:35:41 a952d0d9ca03 sshd[4776]: Failed none for invalid user noc from 172.30.185.24 port 48318 ssh2
Apr 18 15:35:41 a952d0d9ca03 sshd[4774]: Connection closed by invalid user ada 172.30.185.26 port 41326 [preauth]
Apr 18 15:35:42 a952d0d9ca03 sshd[4776]: Failed password for invalid user noc from 172.30.185.24 port 48318 ssh2
Apr 18 15:35:42 a952d0d9ca03 sshd[4776]: Connection closed by invalid user noc 172.30.185.24 port 48318 [preauth]
Apr 18 15:35:42 a952d0d9ca03 sshd[4780]: Invalid user sybase from 172.30.185.25 port 47934
Apr 18 15:35:42 a952d0d9ca03 sshd[4780]: error: Could not get shadow information for NOUSER
Apr 18 15:35:42 a952d0d9ca03 sshd[4780]: Failed none for invalid user sybase from 172.30.185.25 port 47934 ssh2
Apr 18 15:35:42 a952d0d9ca03 sshd[4778]: Invalid user ftpuser from 172.30.185.22 port 47192
Apr 18 15:35:42 a952d0d9ca03 sshd[4778]: error: Could not get shadow information for NOUSER
Apr 18 15:35:42 a952d0d9ca03 sshd[4780]: Failed password for invalid user sybase from 172.30.185.25 port 47934 ssh2
Apr 18 15:35:42 a952d0d9ca03 sshd[4778]: Failed none for invalid user ftpuser from 172.30.185.22 port 47192 ssh2
Apr 18 15:35:42 a952d0d9ca03 sshd[4780]: Connection closed by invalid user sybase 172.30.185.25 port 47934 [preauth]
Apr 18 15:35:42 a952d0d9ca03 sshd[4778]: Failed password for invalid user ftpuser from 172.30.185.22 port 47192 ssh2
Apr 18 15:35:42 a952d0d9ca03 sshd[4778]: Connection closed by invalid user ftpuser 172.30.185.22 port 47192 [preauth]
Apr 18 15:35:42 a952d0d9ca03 sshd[4782]: Invalid user pi from 172.30.185.20 port 45614
Apr 18 15:35:42 a952d0d9ca03 sshd[4782]: error: Could not get shadow information for NOUSER
Apr 18 15:35:42 a952d0d9ca03 sshd[4782]: Failed none for invalid user pi from 172.30.185.20 port 45614 ssh2
Apr 18 15:35:42 a952d0d9ca03 sshd[4782]: Failed password for invalid user pi from 172.30.185.20 port 45614 ssh2
Apr 18 15:35:42 a952d0d9ca03 sshd[4782]: Connection closed by invalid user pi 172.30.185.20 port 45614 [preauth]
Apr 18 15:35:42 a952d0d9ca03 sshd[4784]: Invalid user ts3user from 172.30.185.23 port 43350
Apr 18 15:35:42 a952d0d9ca03 sshd[4784]: error: Could not get shadow information for NOUSER
Apr 18 15:35:42 a952d0d9ca03 sshd[4784]: Failed none for invalid user ts3user from 172.30.185.23 port 43350 ssh2
Apr 18 15:35:42 a952d0d9ca03 sshd[4786]: Invalid user sarah from 172.30.185.21 port 59002
Apr 18 15:35:42 a952d0d9ca03 sshd[4786]: error: Could not get shadow information for NOUSER
Apr 18 15:35:42 a952d0d9ca03 sshd[4786]: Failed none for invalid user sarah from 172.30.185.21 port 59002 ssh2
Apr 18 15:35:42 a952d0d9ca03 sshd[4784]: Failed password for invalid user ts3user from 172.30.185.23 port 43350 ssh2
Apr 18 15:35:42 a952d0d9ca03 sshd[4784]: Connection closed by invalid user ts3user 172.30.185.23 port 43350 [preauth]
Apr 18 15:35:42 a952d0d9ca03 sshd[4786]: Failed password for invalid user sarah from 172.30.185.21 port 59002 ssh2
Apr 18 15:35:42 a952d0d9ca03 sshd[4786]: Connection closed by invalid user sarah 172.30.185.21 port 59002 [preauth]
Apr 18 15:35:42 a952d0d9ca03 sshd[4790]: Invalid user noc from 172.30.185.24 port 48326
Apr 18 15:35:42 a952d0d9ca03 sshd[4790]: error: Could not get shadow information for NOUSER
Apr 18 15:35:42 a952d0d9ca03 sshd[4790]: Failed none for invalid user noc from 172.30.185.24 port 48326 ssh2
Apr 18 15:35:42 a952d0d9ca03 sshd[4790]: Failed password for invalid user noc from 172.30.185.24 port 48326 ssh2
Apr 18 15:35:42 a952d0d9ca03 sshd[4790]: Connection closed by invalid user noc 172.30.185.24 port 48326 [preauth]
Apr 18 15:35:42 a952d0d9ca03 sshd[4788]: Invalid user ada from 172.30.185.26 port 41330
Apr 18 15:35:42 a952d0d9ca03 sshd[4788]: error: Could not get shadow information for NOUSER
Apr 18 15:35:42 a952d0d9ca03 sshd[4788]: Failed none for invalid user ada from 172.30.185.26 port 41330 ssh2
Apr 18 15:35:42 a952d0d9ca03 sshd[4788]: Failed password for invalid user ada from 172.30.185.26 port 41330 ssh2
Apr 18 15:35:42 a952d0d9ca03 sshd[4788]: Connection closed by invalid user ada 172.30.185.26 port 41330 [preauth]
Apr 18 15:35:42 a952d0d9ca03 sshd[4794]: Invalid user ftpuser from 172.30.185.22 port 47206
Apr 18 15:35:42 a952d0d9ca03 sshd[4794]: error: Could not get shadow information for NOUSER
Apr 18 15:35:42 a952d0d9ca03 sshd[4794]: Failed none for invalid user ftpuser from 172.30.185.22 port 47206 ssh2
Apr 18 15:35:42 a952d0d9ca03 sshd[4794]: Failed password for invalid user ftpuser from 172.30.185.22 port 47206 ssh2
Apr 18 15:35:42 a952d0d9ca03 sshd[4794]: Connection closed by invalid user ftpuser 172.30.185.22 port 47206 [preauth]
Apr 18 15:35:42 a952d0d9ca03 sshd[4792]: Invalid user sybase from 172.30.185.25 port 47950
Apr 18 15:35:42 a952d0d9ca03 sshd[4792]: error: Could not get shadow information for NOUSER
Apr 18 15:35:42 a952d0d9ca03 sshd[4792]: Failed none for invalid user sybase from 172.30.185.25 port 47950 ssh2
Apr 18 15:35:42 a952d0d9ca03 sshd[4792]: Failed password for invalid user sybase from 172.30.185.25 port 47950 ssh2
Apr 18 15:35:42 a952d0d9ca03 sshd[4796]: Invalid user pi from 172.30.185.20 port 45626
Apr 18 15:35:42 a952d0d9ca03 sshd[4796]: error: Could not get shadow information for NOUSER
Apr 18 15:35:42 a952d0d9ca03 sshd[4792]: Connection closed by invalid user sybase 172.30.185.25 port 47950 [preauth]
Apr 18 15:35:42 a952d0d9ca03 sshd[4796]: Failed none for invalid user pi from 172.30.185.20 port 45626 ssh2
Apr 18 15:35:42 a952d0d9ca03 sshd[4796]: Failed password for invalid user pi from 172.30.185.20 port 45626 ssh2
Apr 18 15:35:42 a952d0d9ca03 sshd[4796]: Connection closed by invalid user pi 172.30.185.20 port 45626 [preauth]
Apr 18 15:35:42 a952d0d9ca03 sshd[4800]: Invalid user sarah from 172.30.185.21 port 59010
Apr 18 15:35:42 a952d0d9ca03 sshd[4800]: error: Could not get shadow information for NOUSER
Apr 18 15:35:42 a952d0d9ca03 sshd[4800]: Failed none for invalid user sarah from 172.30.185.21 port 59010 ssh2
Apr 18 15:35:42 a952d0d9ca03 sshd[4800]: Failed password for invalid user sarah from 172.30.185.21 port 59010 ssh2
Apr 18 15:35:42 a952d0d9ca03 sshd[4800]: Connection closed by invalid user sarah 172.30.185.21 port 59010 [preauth]
Apr 18 15:35:42 a952d0d9ca03 sshd[4798]: Invalid user ts3user from 172.30.185.23 port 43362
Apr 18 15:35:42 a952d0d9ca03 sshd[4798]: error: Could not get shadow information for NOUSER
Apr 18 15:35:42 a952d0d9ca03 sshd[4798]: Failed none for invalid user ts3user from 172.30.185.23 port 43362 ssh2
Apr 18 15:35:42 a952d0d9ca03 sshd[4798]: Failed password for invalid user ts3user from 172.30.185.23 port 43362 ssh2
Apr 18 15:35:42 a952d0d9ca03 sshd[4798]: Connection closed by invalid user ts3user 172.30.185.23 port 43362 [preauth]
Apr 18 15:35:42 a952d0d9ca03 sshd[4802]: Invalid user noc from 172.30.185.24 port 48334
Apr 18 15:35:42 a952d0d9ca03 sshd[4802]: error: Could not get shadow information for NOUSER
Apr 18 15:35:42 a952d0d9ca03 sshd[4804]: Invalid user ada from 172.30.185.26 port 41342
Apr 18 15:35:42 a952d0d9ca03 sshd[4802]: Failed none for invalid user noc from 172.30.185.24 port 48334 ssh2
Apr 18 15:35:42 a952d0d9ca03 sshd[4804]: error: Could not get shadow information for NOUSER
Apr 18 15:35:42 a952d0d9ca03 sshd[4804]: Failed none for invalid user ada from 172.30.185.26 port 41342 ssh2
Apr 18 15:35:42 a952d0d9ca03 sshd[4802]: Failed password for invalid user noc from 172.30.185.24 port 48334 ssh2
Apr 18 15:35:42 a952d0d9ca03 sshd[4802]: Connection closed by invalid user noc 172.30.185.24 port 48334 [preauth]
Apr 18 15:35:42 a952d0d9ca03 sshd[4804]: Failed password for invalid user ada from 172.30.185.26 port 41342 ssh2
Apr 18 15:35:42 a952d0d9ca03 sshd[4804]: Connection closed by invalid user ada 172.30.185.26 port 41342 [preauth]
Apr 18 15:35:42 a952d0d9ca03 sshd[4806]: Invalid user ftpuser from 172.30.185.22 port 47216
Apr 18 15:35:42 a952d0d9ca03 sshd[4806]: error: Could not get shadow information for NOUSER
Apr 18 15:35:42 a952d0d9ca03 sshd[4806]: Failed none for invalid user ftpuser from 172.30.185.22 port 47216 ssh2
Apr 18 15:35:42 a952d0d9ca03 sshd[4806]: Failed password for invalid user ftpuser from 172.30.185.22 port 47216 ssh2
Apr 18 15:35:42 a952d0d9ca03 sshd[4806]: Connection closed by invalid user ftpuser 172.30.185.22 port 47216 [preauth]
Apr 18 15:35:42 a952d0d9ca03 sshd[4808]: Invalid user sybase from 172.30.185.25 port 47954
Apr 18 15:35:42 a952d0d9ca03 sshd[4808]: error: Could not get shadow information for NOUSER
Apr 18 15:35:42 a952d0d9ca03 sshd[4808]: Failed none for invalid user sybase from 172.30.185.25 port 47954 ssh2
Apr 18 15:35:42 a952d0d9ca03 sshd[4808]: Failed password for invalid user sybase from 172.30.185.25 port 47954 ssh2
Apr 18 15:35:42 a952d0d9ca03 sshd[4808]: Connection closed by invalid user sybase 172.30.185.25 port 47954 [preauth]
Apr 18 15:35:42 a952d0d9ca03 sshd[4810]: Invalid user sarah from 172.30.185.21 port 59022
Apr 18 15:35:42 a952d0d9ca03 sshd[4810]: error: Could not get shadow information for NOUSER
Apr 18 15:35:42 a952d0d9ca03 sshd[4810]: Failed none for invalid user sarah from 172.30.185.21 port 59022 ssh2
Apr 18 15:35:42 a952d0d9ca03 sshd[4810]: Failed password for invalid user sarah from 172.30.185.21 port 59022 ssh2
Apr 18 15:35:42 a952d0d9ca03 sshd[4810]: Connection closed by invalid user sarah 172.30.185.21 port 59022 [preauth]
Apr 18 15:35:42 a952d0d9ca03 sshd[4812]: Invalid user ts3user from 172.30.185.23 port 43370
Apr 18 15:35:42 a952d0d9ca03 sshd[4812]: error: Could not get shadow information for NOUSER
Apr 18 15:35:42 a952d0d9ca03 sshd[4812]: Failed none for invalid user ts3user from 172.30.185.23 port 43370 ssh2
Apr 18 15:35:42 a952d0d9ca03 sshd[4812]: Failed password for invalid user ts3user from 172.30.185.23 port 43370 ssh2
Apr 18 15:35:42 a952d0d9ca03 sshd[4812]: Connection closed by invalid user ts3user 172.30.185.23 port 43370 [preauth]
Apr 18 15:35:42 a952d0d9ca03 sshd[4816]: Invalid user ada from 172.30.185.26 port 41358
Apr 18 15:35:42 a952d0d9ca03 sshd[4816]: error: Could not get shadow information for NOUSER
Apr 18 15:35:42 a952d0d9ca03 sshd[4814]: Invalid user noc from 172.30.185.24 port 48350
Apr 18 15:35:42 a952d0d9ca03 sshd[4816]: Failed none for invalid user ada from 172.30.185.26 port 41358 ssh2
Apr 18 15:35:42 a952d0d9ca03 sshd[4814]: error: Could not get shadow information for NOUSER
Apr 18 15:35:42 a952d0d9ca03 sshd[4814]: Failed none for invalid user noc from 172.30.185.24 port 48350 ssh2
Apr 18 15:35:42 a952d0d9ca03 sshd[4816]: Failed password for invalid user ada from 172.30.185.26 port 41358 ssh2
Apr 18 15:35:42 a952d0d9ca03 sshd[4814]: Failed password for invalid user noc from 172.30.185.24 port 48350 ssh2
Apr 18 15:35:42 a952d0d9ca03 sshd[4816]: Connection closed by invalid user ada 172.30.185.26 port 41358 [preauth]
Apr 18 15:35:42 a952d0d9ca03 sshd[4814]: Connection closed by invalid user noc 172.30.185.24 port 48350 [preauth]
Apr 18 15:35:42 a952d0d9ca03 sshd[4820]: Invalid user sybase from 172.30.185.25 port 47964
Apr 18 15:35:42 a952d0d9ca03 sshd[4820]: error: Could not get shadow information for NOUSER
Apr 18 15:35:42 a952d0d9ca03 sshd[4818]: Invalid user ftpuser from 172.30.185.22 port 47218
Apr 18 15:35:42 a952d0d9ca03 sshd[4820]: Failed none for invalid user sybase from 172.30.185.25 port 47964 ssh2
Apr 18 15:35:42 a952d0d9ca03 sshd[4818]: error: Could not get shadow information for NOUSER
Apr 18 15:35:42 a952d0d9ca03 sshd[4818]: Failed none for invalid user ftpuser from 172.30.185.22 port 47218 ssh2
Apr 18 15:35:42 a952d0d9ca03 sshd[4820]: Failed password for invalid user sybase from 172.30.185.25 port 47964 ssh2
Apr 18 15:35:42 a952d0d9ca03 sshd[4818]: Failed password for invalid user ftpuser from 172.30.185.22 port 47218 ssh2
Apr 18 15:35:42 a952d0d9ca03 sshd[4818]: Connection closed by invalid user ftpuser 172.30.185.22 port 47218 [preauth]
Apr 18 15:35:42 a952d0d9ca03 sshd[4820]: Connection closed by invalid user sybase 172.30.185.25 port 47964 [preauth]
Apr 18 15:35:42 a952d0d9ca03 sshd[4822]: Invalid user ts3user from 172.30.185.23 port 43378
Apr 18 15:35:42 a952d0d9ca03 sshd[4822]: error: Could not get shadow information for NOUSER
Apr 18 15:35:42 a952d0d9ca03 sshd[4822]: Failed none for invalid user ts3user from 172.30.185.23 port 43378 ssh2
Apr 18 15:35:42 a952d0d9ca03 sshd[4822]: Failed password for invalid user ts3user from 172.30.185.23 port 43378 ssh2
Apr 18 15:35:42 a952d0d9ca03 sshd[4822]: Connection closed by invalid user ts3user 172.30.185.23 port 43378 [preauth]
Apr 18 15:35:42 a952d0d9ca03 sshd[4825]: Invalid user ada from 172.30.185.26 port 41360
Apr 18 15:35:43 a952d0d9ca03 sshd[4825]: error: Could not get shadow information for NOUSER
Apr 18 15:35:43 a952d0d9ca03 sshd[4828]: Invalid user ftpuser from 172.30.185.22 port 47224
Apr 18 15:35:43 a952d0d9ca03 sshd[4828]: error: Could not get shadow information for NOUSER
Apr 18 15:35:43 a952d0d9ca03 sshd[4825]: Failed none for invalid user ada from 172.30.185.26 port 41360 ssh2
Apr 18 15:35:43 a952d0d9ca03 sshd[4828]: Failed none for invalid user ftpuser from 172.30.185.22 port 47224 ssh2
Apr 18 15:35:43 a952d0d9ca03 sshd[4824]: Invalid user noc from 172.30.185.24 port 48352
Apr 18 15:35:43 a952d0d9ca03 sshd[4829]: Invalid user sybase from 172.30.185.25 port 47978
Apr 18 15:35:43 a952d0d9ca03 sshd[4824]: error: Could not get shadow information for NOUSER
Apr 18 15:35:43 a952d0d9ca03 sshd[4829]: error: Could not get shadow information for NOUSER
Apr 18 15:35:43 a952d0d9ca03 sshd[4825]: Failed password for invalid user ada from 172.30.185.26 port 41360 ssh2
Apr 18 15:35:43 a952d0d9ca03 sshd[4828]: Failed password for invalid user ftpuser from 172.30.185.22 port 47224 ssh2
Apr 18 15:35:43 a952d0d9ca03 sshd[4824]: Failed none for invalid user noc from 172.30.185.24 port 48352 ssh2
Apr 18 15:35:43 a952d0d9ca03 sshd[4829]: Failed none for invalid user sybase from 172.30.185.25 port 47978 ssh2
Apr 18 15:35:43 a952d0d9ca03 sshd[4828]: Connection closed by invalid user ftpuser 172.30.185.22 port 47224 [preauth]
Apr 18 15:35:43 a952d0d9ca03 sshd[4825]: Connection closed by invalid user ada 172.30.185.26 port 41360 [preauth]
Apr 18 15:35:43 a952d0d9ca03 sshd[4824]: Failed password for invalid user noc from 172.30.185.24 port 48352 ssh2
Apr 18 15:35:43 a952d0d9ca03 sshd[4829]: Failed password for invalid user sybase from 172.30.185.25 port 47978 ssh2
Apr 18 15:35:43 a952d0d9ca03 sshd[4824]: Connection closed by invalid user noc 172.30.185.24 port 48352 [preauth]
Apr 18 15:35:43 a952d0d9ca03 sshd[4829]: Connection closed by invalid user sybase 172.30.185.25 port 47978 [preauth]
Apr 18 15:35:43 a952d0d9ca03 sshd[4835]: Invalid user sybase from 172.30.185.25 port 47994
Apr 18 15:35:43 a952d0d9ca03 sshd[4835]: error: Could not get shadow information for NOUSER
Apr 18 15:35:43 a952d0d9ca03 sshd[4834]: Invalid user noc from 172.30.185.24 port 48368
Apr 18 15:35:43 a952d0d9ca03 sshd[4834]: error: Could not get shadow information for NOUSER
Apr 18 15:35:43 a952d0d9ca03 sshd[4835]: Failed none for invalid user sybase from 172.30.185.25 port 47994 ssh2
Apr 18 15:35:43 a952d0d9ca03 sshd[4834]: Failed none for invalid user noc from 172.30.185.24 port 48368 ssh2
Apr 18 15:35:43 a952d0d9ca03 sshd[4832]: Invalid user ada from 172.30.185.26 port 41364
Apr 18 15:35:43 a952d0d9ca03 sshd[4832]: error: Could not get shadow information for NOUSER
Apr 18 15:35:43 a952d0d9ca03 sshd[4832]: Failed none for invalid user ada from 172.30.185.26 port 41364 ssh2
Apr 18 15:35:43 a952d0d9ca03 sshd[4835]: Failed password for invalid user sybase from 172.30.185.25 port 47994 ssh2
Apr 18 15:35:43 a952d0d9ca03 sshd[4834]: Failed password for invalid user noc from 172.30.185.24 port 48368 ssh2
Apr 18 15:35:43 a952d0d9ca03 sshd[4834]: Connection closed by invalid user noc 172.30.185.24 port 48368 [preauth]
Apr 18 15:35:43 a952d0d9ca03 sshd[4835]: Connection closed by invalid user sybase 172.30.185.25 port 47994 [preauth]
Apr 18 15:35:43 a952d0d9ca03 sshd[4832]: Failed password for invalid user ada from 172.30.185.26 port 41364 ssh2
Apr 18 15:35:43 a952d0d9ca03 sshd[4832]: Connection closed by invalid user ada 172.30.185.26 port 41364 [preauth]
Apr 18 15:35:43 a952d0d9ca03 sshd[4838]: Invalid user ada from 172.30.185.26 port 41376
Apr 18 15:35:43 a952d0d9ca03 sshd[4838]: error: Could not get shadow information for NOUSER
Apr 18 15:35:43 a952d0d9ca03 sshd[4838]: Failed none for invalid user ada from 172.30.185.26 port 41376 ssh2
Apr 18 15:35:43 a952d0d9ca03 sshd[4838]: Failed password for invalid user ada from 172.30.185.26 port 41376 ssh2
Apr 18 15:35:43 a952d0d9ca03 sshd[4838]: Connection closed by invalid user ada 172.30.185.26 port 41376 [preauth]
Apr 18 15:35:44 a952d0d9ca03 sshd[4840]: Invalid user carol from 172.30.185.3 port 49998
Apr 18 15:35:44 a952d0d9ca03 sshd[4840]: error: Could not get shadow information for NOUSER
Apr 18 15:35:44 a952d0d9ca03 sshd[4840]: Failed none for invalid user carol from 172.30.185.3 port 49998 ssh2
Apr 18 15:35:44 a952d0d9ca03 sshd[4840]: Failed password for invalid user carol from 172.30.185.3 port 49998 ssh2
Apr 18 15:35:44 a952d0d9ca03 sshd[4840]: Connection closed by invalid user carol 172.30.185.3 port 49998 [preauth]
Apr 18 15:35:44 a952d0d9ca03 sshd[4842]: Invalid user min from 172.30.185.3 port 50014
Apr 18 15:35:44 a952d0d9ca03 sshd[4842]: error: Could not get shadow information for NOUSER
Apr 18 15:35:44 a952d0d9ca03 sshd[4842]: Failed none for invalid user min from 172.30.185.3 port 50014 ssh2
Apr 18 15:35:44 a952d0d9ca03 sshd[4842]: Failed password for invalid user min from 172.30.185.3 port 50014 ssh2
Apr 18 15:35:44 a952d0d9ca03 sshd[4842]: Connection closed by invalid user min 172.30.185.3 port 50014 [preauth]
Apr 18 15:35:44 a952d0d9ca03 sshd[4844]: Invalid user min from 172.30.185.3 port 50022
Apr 18 15:35:44 a952d0d9ca03 sshd[4844]: error: Could not get shadow information for NOUSER
Apr 18 15:35:44 a952d0d9ca03 sshd[4844]: Failed none for invalid user min from 172.30.185.3 port 50022 ssh2
Apr 18 15:35:44 a952d0d9ca03 sshd[4844]: Failed password for invalid user min from 172.30.185.3 port 50022 ssh2
Apr 18 15:35:44 a952d0d9ca03 sshd[4844]: Connection closed by invalid user min 172.30.185.3 port 50022 [preauth]
Apr 18 15:35:44 a952d0d9ca03 sshd[4846]: Invalid user min from 172.30.185.3 port 50036
Apr 18 15:35:44 a952d0d9ca03 sshd[4846]: error: Could not get shadow information for NOUSER
Apr 18 15:35:44 a952d0d9ca03 sshd[4846]: Failed none for invalid user min from 172.30.185.3 port 50036 ssh2
Apr 18 15:35:44 a952d0d9ca03 sshd[4846]: Failed password for invalid user min from 172.30.185.3 port 50036 ssh2
Apr 18 15:35:44 a952d0d9ca03 sshd[4846]: Connection closed by invalid user min 172.30.185.3 port 50036 [preauth]
Apr 18 15:35:44 a952d0d9ca03 sshd[4848]: Invalid user joyce from 172.30.185.4 port 44486
Apr 18 15:35:44 a952d0d9ca03 sshd[4848]: error: Could not get shadow information for NOUSER
Apr 18 15:35:44 a952d0d9ca03 sshd[4848]: Failed none for invalid user joyce from 172.30.185.4 port 44486 ssh2
Apr 18 15:35:44 a952d0d9ca03 sshd[4848]: Failed password for invalid user joyce from 172.30.185.4 port 44486 ssh2
Apr 18 15:35:44 a952d0d9ca03 sshd[4848]: Connection closed by invalid user joyce 172.30.185.4 port 44486 [preauth]
Apr 18 15:35:45 a952d0d9ca03 sshd[4850]: Invalid user min from 172.30.185.3 port 50038
Apr 18 15:35:45 a952d0d9ca03 sshd[4850]: error: Could not get shadow information for NOUSER
Apr 18 15:35:45 a952d0d9ca03 sshd[4850]: Failed none for invalid user min from 172.30.185.3 port 50038 ssh2
Apr 18 15:35:45 a952d0d9ca03 sshd[4850]: Failed password for invalid user min from 172.30.185.3 port 50038 ssh2
Apr 18 15:35:45 a952d0d9ca03 sshd[4850]: Connection closed by invalid user min 172.30.185.3 port 50038 [preauth]
Apr 18 15:35:45 a952d0d9ca03 sshd[4852]: Invalid user baba from 172.30.185.4 port 44502
Apr 18 15:35:45 a952d0d9ca03 sshd[4852]: error: Could not get shadow information for NOUSER
Apr 18 15:35:45 a952d0d9ca03 sshd[4852]: Failed none for invalid user baba from 172.30.185.4 port 44502 ssh2
Apr 18 15:35:45 a952d0d9ca03 sshd[4852]: Failed password for invalid user baba from 172.30.185.4 port 44502 ssh2
Apr 18 15:35:45 a952d0d9ca03 sshd[4852]: Connection closed by invalid user baba 172.30.185.4 port 44502 [preauth]
Apr 18 15:35:45 a952d0d9ca03 sshd[4854]: Invalid user min from 172.30.185.3 port 50050
Apr 18 15:35:45 a952d0d9ca03 sshd[4854]: error: Could not get shadow information for NOUSER
Apr 18 15:35:45 a952d0d9ca03 sshd[4854]: Failed none for invalid user min from 172.30.185.3 port 50050 ssh2
Apr 18 15:35:45 a952d0d9ca03 sshd[4854]: Failed password for invalid user min from 172.30.185.3 port 50050 ssh2
Apr 18 15:35:45 a952d0d9ca03 sshd[4854]: Connection closed by invalid user min 172.30.185.3 port 50050 [preauth]
Apr 18 15:35:45 a952d0d9ca03 sshd[4856]: Invalid user baba from 172.30.185.4 port 44512
Apr 18 15:35:45 a952d0d9ca03 sshd[4856]: error: Could not get shadow information for NOUSER
Apr 18 15:35:45 a952d0d9ca03 sshd[4856]: Failed none for invalid user baba from 172.30.185.4 port 44512 ssh2
Apr 18 15:35:45 a952d0d9ca03 sshd[4856]: Failed password for invalid user baba from 172.30.185.4 port 44512 ssh2
Apr 18 15:35:45 a952d0d9ca03 sshd[4856]: Connection closed by invalid user baba 172.30.185.4 port 44512 [preauth]
Apr 18 15:35:45 a952d0d9ca03 sshd[4858]: Invalid user min from 172.30.185.3 port 50066
Apr 18 15:35:45 a952d0d9ca03 sshd[4858]: error: Could not get shadow information for NOUSER
Apr 18 15:35:45 a952d0d9ca03 sshd[4858]: Failed none for invalid user min from 172.30.185.3 port 50066 ssh2
Apr 18 15:35:45 a952d0d9ca03 sshd[4858]: Failed password for invalid user min from 172.30.185.3 port 50066 ssh2
Apr 18 15:35:45 a952d0d9ca03 sshd[4858]: Connection closed by invalid user min 172.30.185.3 port 50066 [preauth]
Apr 18 15:35:45 a952d0d9ca03 sshd[4860]: Invalid user baba from 172.30.185.4 port 44514
Apr 18 15:35:45 a952d0d9ca03 sshd[4860]: error: Could not get shadow information for NOUSER
Apr 18 15:35:45 a952d0d9ca03 sshd[4860]: Failed none for invalid user baba from 172.30.185.4 port 44514 ssh2
Apr 18 15:35:45 a952d0d9ca03 sshd[4860]: Failed password for invalid user baba from 172.30.185.4 port 44514 ssh2
Apr 18 15:35:45 a952d0d9ca03 sshd[4860]: Connection closed by invalid user baba 172.30.185.4 port 44514 [preauth]
Apr 18 15:35:45 a952d0d9ca03 sshd[4862]: Invalid user min from 172.30.185.3 port 50080
Apr 18 15:35:45 a952d0d9ca03 sshd[4862]: error: Could not get shadow information for NOUSER
Apr 18 15:35:45 a952d0d9ca03 sshd[4862]: Failed none for invalid user min from 172.30.185.3 port 50080 ssh2
Apr 18 15:35:45 a952d0d9ca03 sshd[4862]: Failed password for invalid user min from 172.30.185.3 port 50080 ssh2
Apr 18 15:35:45 a952d0d9ca03 sshd[4862]: Connection closed by invalid user min 172.30.185.3 port 50080 [preauth]
Apr 18 15:35:45 a952d0d9ca03 sshd[4864]: Invalid user baba from 172.30.185.4 port 44528
Apr 18 15:35:45 a952d0d9ca03 sshd[4864]: error: Could not get shadow information for NOUSER
Apr 18 15:35:45 a952d0d9ca03 sshd[4864]: Failed none for invalid user baba from 172.30.185.4 port 44528 ssh2
Apr 18 15:35:45 a952d0d9ca03 sshd[4864]: Failed password for invalid user baba from 172.30.185.4 port 44528 ssh2
Apr 18 15:35:45 a952d0d9ca03 sshd[4864]: Connection closed by invalid user baba 172.30.185.4 port 44528 [preauth]
Apr 18 15:35:45 a952d0d9ca03 sshd[4866]: Invalid user scsadmin from 172.30.185.5 port 55026
Apr 18 15:35:45 a952d0d9ca03 sshd[4866]: error: Could not get shadow information for NOUSER
Apr 18 15:35:45 a952d0d9ca03 sshd[4866]: Failed none for invalid user scsadmin from 172.30.185.5 port 55026 ssh2
Apr 18 15:35:45 a952d0d9ca03 sshd[4866]: Failed password for invalid user scsadmin from 172.30.185.5 port 55026 ssh2
Apr 18 15:35:45 a952d0d9ca03 sshd[4866]: Connection closed by invalid user scsadmin 172.30.185.5 port 55026 [preauth]
Apr 18 15:35:45 a952d0d9ca03 sshd[4868]: Invalid user min from 172.30.185.3 port 50082
Apr 18 15:35:45 a952d0d9ca03 sshd[4868]: error: Could not get shadow information for NOUSER
Apr 18 15:35:45 a952d0d9ca03 sshd[4868]: Failed none for invalid user min from 172.30.185.3 port 50082 ssh2
Apr 18 15:35:45 a952d0d9ca03 sshd[4868]: Failed password for invalid user min from 172.30.185.3 port 50082 ssh2
Apr 18 15:35:45 a952d0d9ca03 sshd[4868]: Connection closed by invalid user min 172.30.185.3 port 50082 [preauth]
Apr 18 15:35:46 a952d0d9ca03 sshd[4870]: Invalid user baba from 172.30.185.4 port 44538
Apr 18 15:35:46 a952d0d9ca03 sshd[4870]: error: Could not get shadow information for NOUSER
Apr 18 15:35:46 a952d0d9ca03 sshd[4870]: Failed none for invalid user baba from 172.30.185.4 port 44538 ssh2
Apr 18 15:35:46 a952d0d9ca03 sshd[4870]: Failed password for invalid user baba from 172.30.185.4 port 44538 ssh2
Apr 18 15:35:46 a952d0d9ca03 sshd[4870]: Connection closed by invalid user baba 172.30.185.4 port 44538 [preauth]
Apr 18 15:35:46 a952d0d9ca03 sshd[4872]: Invalid user delegate from 172.30.185.5 port 55036
Apr 18 15:35:46 a952d0d9ca03 sshd[4872]: error: Could not get shadow information for NOUSER
Apr 18 15:35:46 a952d0d9ca03 sshd[4872]: Failed none for invalid user delegate from 172.30.185.5 port 55036 ssh2
Apr 18 15:35:46 a952d0d9ca03 sshd[4872]: Failed password for invalid user delegate from 172.30.185.5 port 55036 ssh2
Apr 18 15:35:46 a952d0d9ca03 sshd[4872]: Connection closed by invalid user delegate 172.30.185.5 port 55036 [preauth]
Apr 18 15:35:46 a952d0d9ca03 sshd[4874]: Invalid user min from 172.30.185.3 port 50086
Apr 18 15:35:46 a952d0d9ca03 sshd[4874]: error: Could not get shadow information for NOUSER
Apr 18 15:35:46 a952d0d9ca03 sshd[4874]: Failed none for invalid user min from 172.30.185.3 port 50086 ssh2
Apr 18 15:35:46 a952d0d9ca03 sshd[4874]: Failed password for invalid user min from 172.30.185.3 port 50086 ssh2
Apr 18 15:35:46 a952d0d9ca03 sshd[4874]: Connection closed by invalid user min 172.30.185.3 port 50086 [preauth]
Apr 18 15:35:46 a952d0d9ca03 sshd[4876]: Invalid user baba from 172.30.185.4 port 44552
Apr 18 15:35:46 a952d0d9ca03 sshd[4876]: error: Could not get shadow information for NOUSER
Apr 18 15:35:46 a952d0d9ca03 sshd[4876]: Failed none for invalid user baba from 172.30.185.4 port 44552 ssh2
Apr 18 15:35:46 a952d0d9ca03 sshd[4876]: Failed password for invalid user baba from 172.30.185.4 port 44552 ssh2
Apr 18 15:35:46 a952d0d9ca03 sshd[4876]: Connection closed by invalid user baba 172.30.185.4 port 44552 [preauth]
Apr 18 15:35:46 a952d0d9ca03 sshd[4878]: Invalid user delegate from 172.30.185.5 port 55038
Apr 18 15:35:46 a952d0d9ca03 sshd[4878]: error: Could not get shadow information for NOUSER
Apr 18 15:35:46 a952d0d9ca03 sshd[4878]: Failed none for invalid user delegate from 172.30.185.5 port 55038 ssh2
Apr 18 15:35:46 a952d0d9ca03 sshd[4878]: Failed password for invalid user delegate from 172.30.185.5 port 55038 ssh2
Apr 18 15:35:46 a952d0d9ca03 sshd[4878]: Connection closed by invalid user delegate 172.30.185.5 port 55038 [preauth]
Apr 18 15:35:46 a952d0d9ca03 sshd[4880]: Invalid user deamon_root from 172.30.185.6 port 33814
Apr 18 15:35:46 a952d0d9ca03 sshd[4880]: error: Could not get shadow information for NOUSER
Apr 18 15:35:46 a952d0d9ca03 sshd[4882]: Invalid user baba from 172.30.185.4 port 44566
Apr 18 15:35:46 a952d0d9ca03 sshd[4880]: Failed none for invalid user deamon_root from 172.30.185.6 port 33814 ssh2
Apr 18 15:35:46 a952d0d9ca03 sshd[4882]: error: Could not get shadow information for NOUSER
Apr 18 15:35:46 a952d0d9ca03 sshd[4882]: Failed none for invalid user baba from 172.30.185.4 port 44566 ssh2
Apr 18 15:35:46 a952d0d9ca03 sshd[4880]: Failed password for invalid user deamon_root from 172.30.185.6 port 33814 ssh2
Apr 18 15:35:46 a952d0d9ca03 sshd[4882]: Failed password for invalid user baba from 172.30.185.4 port 44566 ssh2
Apr 18 15:35:46 a952d0d9ca03 sshd[4880]: Connection closed by invalid user deamon_root 172.30.185.6 port 33814 [preauth]
Apr 18 15:35:46 a952d0d9ca03 sshd[4882]: Connection closed by invalid user baba 172.30.185.4 port 44566 [preauth]
Apr 18 15:35:46 a952d0d9ca03 sshd[4884]: Invalid user delegate from 172.30.185.5 port 55050
Apr 18 15:35:46 a952d0d9ca03 sshd[4884]: error: Could not get shadow information for NOUSER
Apr 18 15:35:46 a952d0d9ca03 sshd[4884]: Failed none for invalid user delegate from 172.30.185.5 port 55050 ssh2
Apr 18 15:35:46 a952d0d9ca03 sshd[4884]: Failed password for invalid user delegate from 172.30.185.5 port 55050 ssh2
Apr 18 15:35:46 a952d0d9ca03 sshd[4884]: Connection closed by invalid user delegate 172.30.185.5 port 55050 [preauth]
Apr 18 15:35:46 a952d0d9ca03 sshd[4887]: Invalid user baba from 172.30.185.4 port 38736
Apr 18 15:35:46 a952d0d9ca03 sshd[4886]: Invalid user openproject from 172.30.185.6 port 44672
Apr 18 15:35:46 a952d0d9ca03 sshd[4887]: error: Could not get shadow information for NOUSER
Apr 18 15:35:46 a952d0d9ca03 sshd[4886]: error: Could not get shadow information for NOUSER
Apr 18 15:35:46 a952d0d9ca03 sshd[4886]: Failed none for invalid user openproject from 172.30.185.6 port 44672 ssh2
Apr 18 15:35:46 a952d0d9ca03 sshd[4887]: Failed none for invalid user baba from 172.30.185.4 port 38736 ssh2
Apr 18 15:35:46 a952d0d9ca03 sshd[4886]: Failed password for invalid user openproject from 172.30.185.6 port 44672 ssh2
Apr 18 15:35:46 a952d0d9ca03 sshd[4887]: Failed password for invalid user baba from 172.30.185.4 port 38736 ssh2
Apr 18 15:35:46 a952d0d9ca03 sshd[4886]: Connection closed by invalid user openproject 172.30.185.6 port 44672 [preauth]
Apr 18 15:35:46 a952d0d9ca03 sshd[4887]: Connection closed by invalid user baba 172.30.185.4 port 38736 [preauth]
Apr 18 15:35:46 a952d0d9ca03 sshd[4890]: Invalid user plexuser from 172.30.185.7 port 36846
Apr 18 15:35:46 a952d0d9ca03 sshd[4890]: error: Could not get shadow information for NOUSER
Apr 18 15:35:46 a952d0d9ca03 sshd[4890]: Failed none for invalid user plexuser from 172.30.185.7 port 36846 ssh2
Apr 18 15:35:46 a952d0d9ca03 sshd[4890]: Failed password for invalid user plexuser from 172.30.185.7 port 36846 ssh2
Apr 18 15:35:46 a952d0d9ca03 sshd[4890]: Connection closed by invalid user plexuser 172.30.185.7 port 36846 [preauth]
Apr 18 15:35:46 a952d0d9ca03 sshd[4892]: Invalid user delegate from 172.30.185.5 port 52616
Apr 18 15:35:46 a952d0d9ca03 sshd[4892]: error: Could not get shadow information for NOUSER
Apr 18 15:35:46 a952d0d9ca03 sshd[4892]: Failed none for invalid user delegate from 172.30.185.5 port 52616 ssh2
Apr 18 15:35:46 a952d0d9ca03 sshd[4892]: Failed password for invalid user delegate from 172.30.185.5 port 52616 ssh2
Apr 18 15:35:46 a952d0d9ca03 sshd[4892]: Connection closed by invalid user delegate 172.30.185.5 port 52616 [preauth]
Apr 18 15:35:46 a952d0d9ca03 sshd[4895]: Invalid user baba from 172.30.185.4 port 38742
Apr 18 15:35:46 a952d0d9ca03 sshd[4894]: Invalid user openproject from 172.30.185.6 port 44682
Apr 18 15:35:46 a952d0d9ca03 sshd[4895]: error: Could not get shadow information for NOUSER
Apr 18 15:35:46 a952d0d9ca03 sshd[4894]: error: Could not get shadow information for NOUSER
Apr 18 15:35:46 a952d0d9ca03 sshd[4895]: Failed none for invalid user baba from 172.30.185.4 port 38742 ssh2
Apr 18 15:35:46 a952d0d9ca03 sshd[4894]: Failed none for invalid user openproject from 172.30.185.6 port 44682 ssh2
Apr 18 15:35:46 a952d0d9ca03 sshd[4895]: Failed password for invalid user baba from 172.30.185.4 port 38742 ssh2
Apr 18 15:35:46 a952d0d9ca03 sshd[4894]: Failed password for invalid user openproject from 172.30.185.6 port 44682 ssh2
Apr 18 15:35:46 a952d0d9ca03 sshd[4895]: Connection closed by invalid user baba 172.30.185.4 port 38742 [preauth]
Apr 18 15:35:46 a952d0d9ca03 sshd[4894]: Connection closed by invalid user openproject 172.30.185.6 port 44682 [preauth]
Apr 18 15:35:47 a952d0d9ca03 sshd[4900]: Invalid user delegate from 172.30.185.5 port 52624
Apr 18 15:35:47 a952d0d9ca03 sshd[4900]: error: Could not get shadow information for NOUSER
Apr 18 15:35:47 a952d0d9ca03 sshd[4900]: Failed none for invalid user delegate from 172.30.185.5 port 52624 ssh2
Apr 18 15:35:47 a952d0d9ca03 sshd[4898]: Invalid user gogs from 172.30.185.7 port 36862
Apr 18 15:35:47 a952d0d9ca03 sshd[4898]: error: Could not get shadow information for NOUSER
Apr 18 15:35:47 a952d0d9ca03 sshd[4900]: Failed password for invalid user delegate from 172.30.185.5 port 52624 ssh2
Apr 18 15:35:47 a952d0d9ca03 sshd[4898]: Failed none for invalid user gogs from 172.30.185.7 port 36862 ssh2
