Apr 18 15:34:00 a952d0d9ca03 sshd[795]: error: Could not get shadow information for NOUSER
Apr 18 15:34:00 a952d0d9ca03 sshd[786]: Connection closed by invalid user xiaolong 172.30.185.19 port 42592 [preauth]
Apr 18 15:34:00 a952d0d9ca03 sshd[795]: Failed none for invalid user ec2-user from 172.30.185.21 port 34848 ssh2
Apr 18 15:34:00 a952d0d9ca03 sshd[788]: Invalid user mysql from 172.30.185.18 port 58272
Apr 18 15:34:00 a952d0d9ca03 sshd[788]: error: Could not get shadow information for NOUSER
Apr 18 15:34:00 a952d0d9ca03 sshd[790]: Invalid user wang from 172.30.185.17 port 38852
Apr 18 15:34:00 a952d0d9ca03 sshd[790]: error: Could not get shadow information for NOUSER
Apr 18 15:34:00 a952d0d9ca03 sshd[788]: Failed none for invalid user mysql from 172.30.185.18 port 58272 ssh2
Apr 18 15:34:00 a952d0d9ca03 sshd[790]: Failed none for invalid user wang from 172.30.185.17 port 38852 ssh2
Apr 18 15:34:00 a952d0d9ca03 sshd[795]: Failed password for invalid user ec2-user from 172.30.185.21 port 34848 ssh2
Apr 18 15:34:00 a952d0d9ca03 sshd[792]: Failed password for invalid user ospite from 172.30.185.16 port 54422 ssh2
Apr 18 15:34:00 a952d0d9ca03 sshd[792]: Connection closed by invalid user ospite 172.30.185.16 port 54422 [preauth]
Apr 18 15:34:00 a952d0d9ca03 sshd[795]: Connection closed by invalid user ec2-user 172.30.185.21 port 34848 [preauth]
Apr 18 15:34:00 a952d0d9ca03 sshd[788]: Failed password for invalid user mysql from 172.30.185.18 port 58272 ssh2
Apr 18 15:34:00 a952d0d9ca03 sshd[788]: Connection closed by invalid user mysql 172.30.185.18 port 58272 [preauth]
Apr 18 15:34:00 a952d0d9ca03 sshd[790]: Failed password for invalid user wang from 172.30.185.17 port 38852 ssh2
Apr 18 15:34:00 a952d0d9ca03 sshd[790]: Connection closed by invalid user wang 172.30.185.17 port 38852 [preauth]
Apr 18 15:34:00 a952d0d9ca03 sshd[794]: Invalid user yangy from 172.30.185.14 port 44744
Apr 18 15:34:00 a952d0d9ca03 sshd[794]: error: Could not get shadow information for NOUSER
Apr 18 15:34:00 a952d0d9ca03 sshd[794]: Failed none for invalid user yangy from 172.30.185.14 port 44744 ssh2
Apr 18 15:34:00 a952d0d9ca03 sshd[794]: Failed password for invalid user yangy from 172.30.185.14 port 44744 ssh2
Apr 18 15:34:00 a952d0d9ca03 sshd[794]: Connection closed by invalid user yangy 172.30.185.14 port 44744 [preauth]
Apr 18 15:34:00 a952d0d9ca03 sshd[798]: Invalid user shib from 172.30.185.20 port 41190
Apr 18 15:34:00 a952d0d9ca03 sshd[798]: error: Could not get shadow information for NOUSER
Apr 18 15:34:00 a952d0d9ca03 sshd[798]: Failed none for invalid user shib from 172.30.185.20 port 41190 ssh2
Apr 18 15:34:00 a952d0d9ca03 sshd[798]: Failed password for invalid user shib from 172.30.185.20 port 41190 ssh2
Apr 18 15:34:00 a952d0d9ca03 sshd[798]: Connection closed by invalid user shib 172.30.185.20 port 41190 [preauth]
Apr 18 15:34:00 a952d0d9ca03 sshd[800]: Invalid user testftp from 172.30.185.15 port 57012
Apr 18 15:34:00 a952d0d9ca03 sshd[800]: error: Could not get shadow information for NOUSER
Apr 18 15:34:00 a952d0d9ca03 sshd[800]: Failed none for invalid user testftp from 172.30.185.15 port 57012 ssh2
Apr 18 15:34:00 a952d0d9ca03 sshd[800]: Failed password for invalid user testftp from 172.30.185.15 port 57012 ssh2
Apr 18 15:34:00 a952d0d9ca03 sshd[800]: Connection closed by invalid user testftp 172.30.185.15 port 57012 [preauth]
Apr 18 15:34:00 a952d0d9ca03 sshd[802]: Invalid user tool from 172.30.185.22 port 43228
Apr 18 15:34:00 a952d0d9ca03 sshd[802]: error: Could not get shadow information for NOUSER
Apr 18 15:34:00 a952d0d9ca03 sshd[806]: Invalid user ospite from 172.30.185.16 port 54438
Apr 18 15:34:00 a952d0d9ca03 sshd[802]: Failed none for invalid user tool from 172.30.185.22 port 43228 ssh2
Apr 18 15:34:00 a952d0d9ca03 sshd[806]: error: Could not get shadow information for NOUSER
Apr 18 15:34:00 a952d0d9ca03 sshd[809]: Invalid user mysql from 172.30.185.18 port 58274
Apr 18 15:34:00 a952d0d9ca03 sshd[809]: error: Could not get shadow information for NOUSER
Apr 18 15:34:00 a952d0d9ca03 sshd[806]: Failed none for invalid user ospite from 172.30.185.16 port 54438 ssh2
Apr 18 15:34:00 a952d0d9ca03 sshd[809]: Failed none for invalid user mysql from 172.30.185.18 port 58274 ssh2
Apr 18 15:34:00 a952d0d9ca03 sshd[804]: Invalid user xiaolong from 172.30.185.19 port 42594
Apr 18 15:34:00 a952d0d9ca03 sshd[802]: Failed password for invalid user tool from 172.30.185.22 port 43228 ssh2
Apr 18 15:34:00 a952d0d9ca03 sshd[804]: error: Could not get shadow information for NOUSER
Apr 18 15:34:00 a952d0d9ca03 sshd[806]: Failed password for invalid user ospite from 172.30.185.16 port 54438 ssh2
Apr 18 15:34:00 a952d0d9ca03 sshd[804]: Failed none for invalid user xiaolong from 172.30.185.19 port 42594 ssh2
Apr 18 15:34:00 a952d0d9ca03 sshd[809]: Failed password for invalid user mysql from 172.30.185.18 port 58274 ssh2
Apr 18 15:34:00 a952d0d9ca03 sshd[802]: Connection closed by invalid user tool 172.30.185.22 port 43228 [preauth]
Apr 18 15:34:00 a952d0d9ca03 sshd[806]: Connection closed by invalid user ospite 172.30.185.16 port 54438 [preauth]
Apr 18 15:34:00 a952d0d9ca03 sshd[809]: Connection closed by invalid user mysql 172.30.185.18 port 58274 [preauth]
Apr 18 15:34:00 a952d0d9ca03 sshd[811]: Invalid user wang from 172.30.185.17 port 38866
Apr 18 15:34:00 a952d0d9ca03 sshd[811]: error: Could not get shadow information for NOUSER
Apr 18 15:34:00 a952d0d9ca03 sshd[811]: Failed none for invalid user wang from 172.30.185.17 port 38866 ssh2
Apr 18 15:34:00 a952d0d9ca03 sshd[804]: Failed password for invalid user xiaolong from 172.30.185.19 port 42594 ssh2
Apr 18 15:34:00 a952d0d9ca03 sshd[807]: Invalid user ec2-user from 172.30.185.21 port 34860
Apr 18 15:34:00 a952d0d9ca03 sshd[807]: error: Could not get shadow information for NOUSER
Apr 18 15:34:00 a952d0d9ca03 sshd[804]: Connection closed by invalid user xiaolong 172.30.185.19 port 42594 [preauth]
Apr 18 15:34:00 a952d0d9ca03 sshd[807]: Failed none for invalid user ec2-user from 172.30.185.21 port 34860 ssh2
Apr 18 15:34:00 a952d0d9ca03 sshd[811]: Failed password for invalid user wang from 172.30.185.17 port 38866 ssh2
Apr 18 15:34:00 a952d0d9ca03 sshd[811]: Connection closed by invalid user wang 172.30.185.17 port 38866 [preauth]
Apr 18 15:34:00 a952d0d9ca03 sshd[807]: Failed password for invalid user ec2-user from 172.30.185.21 port 34860 ssh2
Apr 18 15:34:00 a952d0d9ca03 sshd[807]: Connection closed by invalid user ec2-user 172.30.185.21 port 34860 [preauth]
Apr 18 15:34:00 a952d0d9ca03 sshd[814]: Invalid user shib from 172.30.185.20 port 41198
Apr 18 15:34:00 a952d0d9ca03 sshd[814]: error: Could not get shadow information for NOUSER
Apr 18 15:34:00 a952d0d9ca03 sshd[814]: Failed none for invalid user shib from 172.30.185.20 port 41198 ssh2
Apr 18 15:34:00 a952d0d9ca03 sshd[814]: Failed password for invalid user shib from 172.30.185.20 port 41198 ssh2
Apr 18 15:34:00 a952d0d9ca03 sshd[814]: Connection closed by invalid user shib 172.30.185.20 port 41198 [preauth]
Apr 18 15:34:00 a952d0d9ca03 sshd[816]: Invalid user letmein from 172.30.185.23 port 58096
Apr 18 15:34:00 a952d0d9ca03 sshd[816]: error: Could not get shadow information for NOUSER
Apr 18 15:34:00 a952d0d9ca03 sshd[816]: Failed none for invalid user letmein from 172.30.185.23 port 58096 ssh2
Apr 18 15:34:00 a952d0d9ca03 sshd[816]: Failed password for invalid user letmein from 172.30.185.23 port 58096 ssh2
Apr 18 15:34:00 a952d0d9ca03 sshd[816]: Connection closed by invalid user letmein 172.30.185.23 port 58096 [preauth]
Apr 18 15:34:00 a952d0d9ca03 sshd[818]: Invalid user tool from 172.30.185.22 port 43234
Apr 18 15:34:00 a952d0d9ca03 sshd[818]: error: Could not get shadow information for NOUSER
Apr 18 15:34:00 a952d0d9ca03 sshd[818]: Failed none for invalid user tool from 172.30.185.22 port 43234 ssh2
Apr 18 15:34:00 a952d0d9ca03 sshd[824]: Invalid user xiaolong from 172.30.185.19 port 42608
Apr 18 15:34:00 a952d0d9ca03 sshd[824]: error: Could not get shadow information for NOUSER
Apr 18 15:34:00 a952d0d9ca03 sshd[818]: Failed password for invalid user tool from 172.30.185.22 port 43234 ssh2
Apr 18 15:34:00 a952d0d9ca03 sshd[819]: Invalid user ospite from 172.30.185.16 port 54448
Apr 18 15:34:00 a952d0d9ca03 sshd[819]: error: Could not get shadow information for NOUSER
Apr 18 15:34:00 a952d0d9ca03 sshd[824]: Failed none for invalid user xiaolong from 172.30.185.19 port 42608 ssh2
Apr 18 15:34:00 a952d0d9ca03 sshd[819]: Failed none for invalid user ospite from 172.30.185.16 port 54448 ssh2
Apr 18 15:34:00 a952d0d9ca03 sshd[818]: Connection closed by invalid user tool 172.30.185.22 port 43234 [preauth]
Apr 18 15:34:00 a952d0d9ca03 sshd[820]: Invalid user mysql from 172.30.185.18 port 58278
Apr 18 15:34:00 a952d0d9ca03 sshd[820]: error: Could not get shadow information for NOUSER
Apr 18 15:34:00 a952d0d9ca03 sshd[820]: Failed none for invalid user mysql from 172.30.185.18 port 58278 ssh2
Apr 18 15:34:00 a952d0d9ca03 sshd[824]: Failed password for invalid user xiaolong from 172.30.185.19 port 42608 ssh2
Apr 18 15:34:00 a952d0d9ca03 sshd[819]: Failed password for invalid user ospite from 172.30.185.16 port 54448 ssh2
Apr 18 15:34:00 a952d0d9ca03 sshd[824]: Connection closed by invalid user xiaolong 172.30.185.19 port 42608 [preauth]
Apr 18 15:34:00 a952d0d9ca03 sshd[819]: Connection closed by invalid user ospite 172.30.185.16 port 54448 [preauth]
Apr 18 15:34:00 a952d0d9ca03 sshd[820]: Failed password for invalid user mysql from 172.30.185.18 port 58278 ssh2
Apr 18 15:34:00 a952d0d9ca03 sshd[820]: Connection closed by invalid user mysql 172.30.185.18 port 58278 [preauth]
Apr 18 15:34:00 a952d0d9ca03 sshd[826]: Invalid user wang from 172.30.185.17 port 38882
Apr 18 15:34:00 a952d0d9ca03 sshd[826]: error: Could not get shadow information for NOUSER
Apr 18 15:34:00 a952d0d9ca03 sshd[826]: Failed none for invalid user wang from 172.30.185.17 port 38882 ssh2
Apr 18 15:34:00 a952d0d9ca03 sshd[828]: Invalid user ec2-user from 172.30.185.21 port 34876
Apr 18 15:34:00 a952d0d9ca03 sshd[828]: error: Could not get shadow information for NOUSER
Apr 18 15:34:00 a952d0d9ca03 sshd[828]: Failed none for invalid user ec2-user from 172.30.185.21 port 34876 ssh2
Apr 18 15:34:00 a952d0d9ca03 sshd[826]: Failed password for invalid user wang from 172.30.185.17 port 38882 ssh2
Apr 18 15:34:00 a952d0d9ca03 sshd[826]: Connection closed by invalid user wang 172.30.185.17 port 38882 [preauth]
Apr 18 15:34:00 a952d0d9ca03 sshd[828]: Failed password for invalid user ec2-user from 172.30.185.21 port 34876 ssh2
Apr 18 15:34:00 a952d0d9ca03 sshd[828]: Connection closed by invalid user ec2-user 172.30.185.21 port 34876 [preauth]
Apr 18 15:34:00 a952d0d9ca03 sshd[830]: Invalid user shib from 172.30.185.20 port 41208
Apr 18 15:34:00 a952d0d9ca03 sshd[830]: error: Could not get shadow information for NOUSER
Apr 18 15:34:00 a952d0d9ca03 sshd[830]: Failed none for invalid user shib from 172.30.185.20 port 41208 ssh2
Apr 18 15:34:00 a952d0d9ca03 sshd[830]: Failed password for invalid user shib from 172.30.185.20 port 41208 ssh2
Apr 18 15:34:00 a952d0d9ca03 sshd[830]: Connection closed by invalid user shib 172.30.185.20 port 41208 [preauth]
Apr 18 15:34:00 a952d0d9ca03 sshd[832]: Invalid user letmein from 172.30.185.23 port 58110
Apr 18 15:34:00 a952d0d9ca03 sshd[832]: error: Could not get shadow information for NOUSER
Apr 18 15:34:01 a952d0d9ca03 sshd[832]: Failed none for invalid user letmein from 172.30.185.23 port 58110 ssh2
Apr 18 15:34:01 a952d0d9ca03 sshd[832]: Failed password for invalid user letmein from 172.30.185.23 port 58110 ssh2
Apr 18 15:34:01 a952d0d9ca03 sshd[832]: Connection closed by invalid user letmein 172.30.185.23 port 58110 [preauth]
Apr 18 15:34:01 a952d0d9ca03 sshd[838]: Invalid user xiaolong from 172.30.185.19 port 42624
Apr 18 15:34:01 a952d0d9ca03 sshd[838]: error: Could not get shadow information for NOUSER
Apr 18 15:34:01 a952d0d9ca03 sshd[838]: Failed none for invalid user xiaolong from 172.30.185.19 port 42624 ssh2
Apr 18 15:34:01 a952d0d9ca03 sshd[838]: Failed password for invalid user xiaolong from 172.30.185.19 port 42624 ssh2
Apr 18 15:34:01 a952d0d9ca03 sshd[838]: Connection closed by invalid user xiaolong 172.30.185.19 port 42624 [preauth]
Apr 18 15:34:01 a952d0d9ca03 sshd[834]: Invalid user tool from 172.30.185.22 port 43248
Apr 18 15:34:01 a952d0d9ca03 sshd[834]: error: Could not get shadow information for NOUSER
Apr 18 15:34:01 a952d0d9ca03 sshd[834]: Failed none for invalid user tool from 172.30.185.22 port 43248 ssh2
Apr 18 15:34:01 a952d0d9ca03 sshd[835]: Invalid user ror from 172.30.185.24 port 41068
Apr 18 15:34:01 a952d0d9ca03 sshd[835]: error: Could not get shadow information for NOUSER
Apr 18 15:34:01 a952d0d9ca03 sshd[840]: Invalid user mysql from 172.30.185.18 port 58282
Apr 18 15:34:01 a952d0d9ca03 sshd[840]: error: Could not get shadow information for NOUSER
Apr 18 15:34:01 a952d0d9ca03 sshd[835]: Failed none for invalid user ror from 172.30.185.24 port 41068 ssh2
Apr 18 15:34:01 a952d0d9ca03 sshd[840]: Failed none for invalid user mysql from 172.30.185.18 port 58282 ssh2
Apr 18 15:34:01 a952d0d9ca03 sshd[834]: Failed password for invalid user tool from 172.30.185.22 port 43248 ssh2
Apr 18 15:34:01 a952d0d9ca03 sshd[835]: Failed password for invalid user ror from 172.30.185.24 port 41068 ssh2
Apr 18 15:34:01 a952d0d9ca03 sshd[835]: Connection closed by invalid user ror 172.30.185.24 port 41068 [preauth]
Apr 18 15:34:01 a952d0d9ca03 sshd[834]: Connection closed by invalid user tool 172.30.185.22 port 43248 [preauth]
Apr 18 15:34:01 a952d0d9ca03 sshd[840]: Failed password for invalid user mysql from 172.30.185.18 port 58282 ssh2
Apr 18 15:34:01 a952d0d9ca03 sshd[846]: Invalid user shib from 172.30.185.20 port 41210
Apr 18 15:34:01 a952d0d9ca03 sshd[846]: error: Could not get shadow information for NOUSER
Apr 18 15:34:01 a952d0d9ca03 sshd[840]: Connection closed by invalid user mysql 172.30.185.18 port 58282 [preauth]
Apr 18 15:34:01 a952d0d9ca03 sshd[846]: Failed none for invalid user shib from 172.30.185.20 port 41210 ssh2
Apr 18 15:34:01 a952d0d9ca03 sshd[842]: Invalid user wang from 172.30.185.17 port 38898
Apr 18 15:34:01 a952d0d9ca03 sshd[842]: error: Could not get shadow information for NOUSER
Apr 18 15:34:01 a952d0d9ca03 sshd[844]: Invalid user ec2-user from 172.30.185.21 port 34888
Apr 18 15:34:01 a952d0d9ca03 sshd[844]: error: Could not get shadow information for NOUSER
Apr 18 15:34:01 a952d0d9ca03 sshd[842]: Failed none for invalid user wang from 172.30.185.17 port 38898 ssh2
Apr 18 15:34:01 a952d0d9ca03 sshd[844]: Failed none for invalid user ec2-user from 172.30.185.21 port 34888 ssh2
Apr 18 15:34:01 a952d0d9ca03 sshd[846]: Failed password for invalid user shib from 172.30.185.20 port 41210 ssh2
Apr 18 15:34:01 a952d0d9ca03 sshd[846]: Connection closed by invalid user shib 172.30.185.20 port 41210 [preauth]
Apr 18 15:34:01 a952d0d9ca03 sshd[844]: Failed password for invalid user ec2-user from 172.30.185.21 port 34888 ssh2
Apr 18 15:34:01 a952d0d9ca03 sshd[842]: Failed password for invalid user wang from 172.30.185.17 port 38898 ssh2
Apr 18 15:34:01 a952d0d9ca03 sshd[844]: Connection closed by invalid user ec2-user 172.30.185.21 port 34888 [preauth]
Apr 18 15:34:01 a952d0d9ca03 sshd[842]: Connection closed by invalid user wang 172.30.185.17 port 38898 [preauth]
Apr 18 15:34:01 a952d0d9ca03 sshd[848]: Invalid user letmein from 172.30.185.23 port 58116
Apr 18 15:34:01 a952d0d9ca03 sshd[848]: error: Could not get shadow information for NOUSER
Apr 18 15:34:01 a952d0d9ca03 sshd[848]: Failed none for invalid user letmein from 172.30.185.23 port 58116 ssh2
Apr 18 15:34:01 a952d0d9ca03 sshd[848]: Failed password for invalid user letmein from 172.30.185.23 port 58116 ssh2
Apr 18 15:34:01 a952d0d9ca03 sshd[848]: Connection closed by invalid user letmein 172.30.185.23 port 58116 [preauth]
Apr 18 15:34:01 a952d0d9ca03 sshd[850]: Invalid user xiaolong from 172.30.185.19 port 42628
Apr 18 15:34:01 a952d0d9ca03 sshd[850]: error: Could not get shadow information for NOUSER
Apr 18 15:34:01 a952d0d9ca03 sshd[850]: Failed none for invalid user xiaolong from 172.30.185.19 port 42628 ssh2
Apr 18 15:34:01 a952d0d9ca03 sshd[858]: Invalid user shib from 172.30.185.20 port 41220
Apr 18 15:34:01 a952d0d9ca03 sshd[858]: error: Could not get shadow information for NOUSER
Apr 18 15:34:01 a952d0d9ca03 sshd[858]: Failed none for invalid user shib from 172.30.185.20 port 41220 ssh2
Apr 18 15:34:01 a952d0d9ca03 sshd[850]: Failed password for invalid user xiaolong from 172.30.185.19 port 42628 ssh2
Apr 18 15:34:01 a952d0d9ca03 sshd[858]: Failed password for invalid user shib from 172.30.185.20 port 41220 ssh2
Apr 18 15:34:01 a952d0d9ca03 sshd[850]: Connection closed by invalid user xiaolong 172.30.185.19 port 42628 [preauth]
Apr 18 15:34:01 a952d0d9ca03 sshd[861]: Invalid user wang from 172.30.185.17 port 38902
Apr 18 15:34:01 a952d0d9ca03 sshd[858]: Connection closed by invalid user shib 172.30.185.20 port 41220 [preauth]
Apr 18 15:34:01 a952d0d9ca03 sshd[861]: error: Could not get shadow information for NOUSER
Apr 18 15:34:01 a952d0d9ca03 sshd[861]: Failed none for invalid user wang from 172.30.185.17 port 38902 ssh2
Apr 18 15:34:01 a952d0d9ca03 sshd[852]: Invalid user ror from 172.30.185.24 port 41076
Apr 18 15:34:01 a952d0d9ca03 sshd[852]: error: Could not get shadow information for NOUSER
Apr 18 15:34:01 a952d0d9ca03 sshd[852]: Failed none for invalid user ror from 172.30.185.24 port 41076 ssh2
Apr 18 15:34:01 a952d0d9ca03 sshd[861]: Failed password for invalid user wang from 172.30.185.17 port 38902 ssh2
Apr 18 15:34:01 a952d0d9ca03 sshd[853]: Invalid user tool from 172.30.185.22 port 43250
Apr 18 15:34:01 a952d0d9ca03 sshd[853]: error: Could not get shadow information for NOUSER
Apr 18 15:34:01 a952d0d9ca03 sshd[853]: Failed none for invalid user tool from 172.30.185.22 port 43250 ssh2
Apr 18 15:34:01 a952d0d9ca03 sshd[854]: Invalid user mysql from 172.30.185.18 port 58286
Apr 18 15:34:01 a952d0d9ca03 sshd[861]: Connection closed by invalid user wang 172.30.185.17 port 38902 [preauth]
Apr 18 15:34:01 a952d0d9ca03 sshd[854]: error: Could not get shadow information for NOUSER
Apr 18 15:34:01 a952d0d9ca03 sshd[854]: Failed none for invalid user mysql from 172.30.185.18 port 58286 ssh2
Apr 18 15:34:01 a952d0d9ca03 sshd[852]: Failed password for invalid user ror from 172.30.185.24 port 41076 ssh2
Apr 18 15:34:01 a952d0d9ca03 sshd[852]: Connection closed by invalid user ror 172.30.185.24 port 41076 [preauth]
Apr 18 15:34:01 a952d0d9ca03 sshd[853]: Failed password for invalid user tool from 172.30.185.22 port 43250 ssh2
Apr 18 15:34:01 a952d0d9ca03 sshd[854]: Failed password for invalid user mysql from 172.30.185.18 port 58286 ssh2
Apr 18 15:34:01 a952d0d9ca03 sshd[854]: Connection closed by invalid user mysql 172.30.185.18 port 58286 [preauth]
Apr 18 15:34:01 a952d0d9ca03 sshd[853]: Connection closed by invalid user tool 172.30.185.22 port 43250 [preauth]
Apr 18 15:34:01 a952d0d9ca03 sshd[862]: User adm not allowed because account is locked
Apr 18 15:34:01 a952d0d9ca03 sshd[860]: Invalid user ec2-user from 172.30.185.21 port 34904
Apr 18 15:34:01 a952d0d9ca03 sshd[862]: error: Could not get shadow information for NOUSER
Apr 18 15:34:01 a952d0d9ca03 sshd[860]: error: Could not get shadow information for NOUSER
Apr 18 15:34:01 a952d0d9ca03 sshd[862]: Failed none for invalid user adm from 172.30.185.25 port 44010 ssh2
Apr 18 15:34:01 a952d0d9ca03 sshd[860]: Failed none for invalid user ec2-user from 172.30.185.21 port 34904 ssh2
Apr 18 15:34:01 a952d0d9ca03 sshd[862]: Failed password for invalid user adm from 172.30.185.25 port 44010 ssh2
Apr 18 15:34:01 a952d0d9ca03 sshd[860]: Failed password for invalid user ec2-user from 172.30.185.21 port 34904 ssh2
Apr 18 15:34:01 a952d0d9ca03 sshd[862]: Connection closed by invalid user adm 172.30.185.25 port 44010 [preauth]
Apr 18 15:34:01 a952d0d9ca03 sshd[860]: Connection closed by invalid user ec2-user 172.30.185.21 port 34904 [preauth]
Apr 18 15:34:01 a952d0d9ca03 sshd[866]: Invalid user letmein from 172.30.185.23 port 58118
Apr 18 15:34:01 a952d0d9ca03 sshd[866]: error: Could not get shadow information for NOUSER
Apr 18 15:34:01 a952d0d9ca03 sshd[866]: Failed none for invalid user letmein from 172.30.185.23 port 58118 ssh2
Apr 18 15:34:01 a952d0d9ca03 sshd[866]: Failed password for invalid user letmein from 172.30.185.23 port 58118 ssh2
Apr 18 15:34:01 a952d0d9ca03 sshd[866]: Connection closed by invalid user letmein 172.30.185.23 port 58118 [preauth]
Apr 18 15:34:01 a952d0d9ca03 sshd[869]: Invalid user shib from 172.30.185.20 port 41222
Apr 18 15:34:01 a952d0d9ca03 sshd[869]: error: Could not get shadow information for NOUSER
Apr 18 15:34:01 a952d0d9ca03 sshd[869]: Failed none for invalid user shib from 172.30.185.20 port 41222 ssh2
Apr 18 15:34:01 a952d0d9ca03 sshd[869]: Failed password for invalid user shib from 172.30.185.20 port 41222 ssh2
Apr 18 15:34:01 a952d0d9ca03 sshd[869]: Connection closed by invalid user shib 172.30.185.20 port 41222 [preauth]
Apr 18 15:34:01 a952d0d9ca03 sshd[868]: Invalid user xiaolong from 172.30.185.19 port 42636
Apr 18 15:34:01 a952d0d9ca03 sshd[868]: error: Could not get shadow information for NOUSER
Apr 18 15:34:01 a952d0d9ca03 sshd[868]: Failed none for invalid user xiaolong from 172.30.185.19 port 42636 ssh2
Apr 18 15:34:01 a952d0d9ca03 sshd[868]: Failed password for invalid user xiaolong from 172.30.185.19 port 42636 ssh2
Apr 18 15:34:01 a952d0d9ca03 sshd[868]: Connection closed by invalid user xiaolong 172.30.185.19 port 42636 [preauth]
Apr 18 15:34:01 a952d0d9ca03 sshd[872]: Invalid user ror from 172.30.185.24 port 41086
Apr 18 15:34:01 a952d0d9ca03 sshd[872]: error: Could not get shadow information for NOUSER
Apr 18 15:34:01 a952d0d9ca03 sshd[872]: Failed none for invalid user ror from 172.30.185.24 port 41086 ssh2
Apr 18 15:34:01 a952d0d9ca03 sshd[872]: Failed password for invalid user ror from 172.30.185.24 port 41086 ssh2
Apr 18 15:34:01 a952d0d9ca03 sshd[874]: Invalid user mysql from 172.30.185.18 port 58292
Apr 18 15:34:01 a952d0d9ca03 sshd[874]: error: Could not get shadow information for NOUSER
Apr 18 15:34:01 a952d0d9ca03 sshd[872]: Connection closed by invalid user ror 172.30.185.24 port 41086 [preauth]
Apr 18 15:34:01 a952d0d9ca03 sshd[875]: Invalid user tool from 172.30.185.22 port 43256
Apr 18 15:34:01 a952d0d9ca03 sshd[874]: Failed none for invalid user mysql from 172.30.185.18 port 58292 ssh2
Apr 18 15:34:01 a952d0d9ca03 sshd[875]: error: Could not get shadow information for NOUSER
Apr 18 15:34:01 a952d0d9ca03 sshd[875]: Failed none for invalid user tool from 172.30.185.22 port 43256 ssh2
Apr 18 15:34:01 a952d0d9ca03 sshd[874]: Failed password for invalid user mysql from 172.30.185.18 port 58292 ssh2
Apr 18 15:34:01 a952d0d9ca03 sshd[874]: Connection closed by invalid user mysql 172.30.185.18 port 58292 [preauth]
Apr 18 15:34:01 a952d0d9ca03 sshd[878]: User adm not allowed because account is locked
Apr 18 15:34:01 a952d0d9ca03 sshd[875]: Failed password for invalid user tool from 172.30.185.22 port 43256 ssh2
Apr 18 15:34:01 a952d0d9ca03 sshd[878]: error: Could not get shadow information for NOUSER
Apr 18 15:34:01 a952d0d9ca03 sshd[878]: Failed none for invalid user adm from 172.30.185.25 port 44026 ssh2
Apr 18 15:34:01 a952d0d9ca03 sshd[875]: Connection closed by invalid user tool 172.30.185.22 port 43256 [preauth]
Apr 18 15:34:01 a952d0d9ca03 sshd[879]: Invalid user ec2-user from 172.30.185.21 port 34906
Apr 18 15:34:01 a952d0d9ca03 sshd[879]: error: Could not get shadow information for NOUSER
Apr 18 15:34:01 a952d0d9ca03 sshd[882]: Invalid user pdv from 172.30.185.26 port 46196
Apr 18 15:34:01 a952d0d9ca03 sshd[882]: error: Could not get shadow information for NOUSER
Apr 18 15:34:01 a952d0d9ca03 sshd[884]: Invalid user letmein from 172.30.185.23 port 58128
Apr 18 15:34:01 a952d0d9ca03 sshd[878]: Failed password for invalid user adm from 172.30.185.25 port 44026 ssh2
Apr 18 15:34:01 a952d0d9ca03 sshd[884]: error: Could not get shadow information for NOUSER
Apr 18 15:34:01 a952d0d9ca03 sshd[882]: Failed none for invalid user pdv from 172.30.185.26 port 46196 ssh2
Apr 18 15:34:01 a952d0d9ca03 sshd[879]: Failed none for invalid user ec2-user from 172.30.185.21 port 34906 ssh2
Apr 18 15:34:01 a952d0d9ca03 sshd[878]: Connection closed by invalid user adm 172.30.185.25 port 44026 [preauth]
Apr 18 15:34:01 a952d0d9ca03 sshd[884]: Failed none for invalid user letmein from 172.30.185.23 port 58128 ssh2
Apr 18 15:34:01 a952d0d9ca03 sshd[882]: Failed password for invalid user pdv from 172.30.185.26 port 46196 ssh2
Apr 18 15:34:01 a952d0d9ca03 sshd[879]: Failed password for invalid user ec2-user from 172.30.185.21 port 34906 ssh2
Apr 18 15:34:01 a952d0d9ca03 sshd[884]: Failed password for invalid user letmein from 172.30.185.23 port 58128 ssh2
Apr 18 15:34:01 a952d0d9ca03 sshd[879]: Connection closed by invalid user ec2-user 172.30.185.21 port 34906 [preauth]
Apr 18 15:34:01 a952d0d9ca03 sshd[882]: Connection closed by invalid user pdv 172.30.185.26 port 46196 [preauth]
Apr 18 15:34:01 a952d0d9ca03 sshd[884]: Connection closed by invalid user letmein 172.30.185.23 port 58128 [preauth]
Apr 18 15:34:01 a952d0d9ca03 sshd[886]: Invalid user shib from 172.30.185.20 port 41228
Apr 18 15:34:01 a952d0d9ca03 sshd[886]: error: Could not get shadow information for NOUSER
Apr 18 15:34:01 a952d0d9ca03 sshd[886]: Failed none for invalid user shib from 172.30.185.20 port 41228 ssh2
Apr 18 15:34:01 a952d0d9ca03 sshd[886]: Failed password for invalid user shib from 172.30.185.20 port 41228 ssh2
Apr 18 15:34:01 a952d0d9ca03 sshd[886]: Connection closed by invalid user shib 172.30.185.20 port 41228 [preauth]
Apr 18 15:34:01 a952d0d9ca03 sshd[888]: Invalid user xiaolong from 172.30.185.19 port 42652
Apr 18 15:34:01 a952d0d9ca03 sshd[888]: error: Could not get shadow information for NOUSER
Apr 18 15:34:01 a952d0d9ca03 sshd[888]: Failed none for invalid user xiaolong from 172.30.185.19 port 42652 ssh2
Apr 18 15:34:01 a952d0d9ca03 sshd[888]: Failed password for invalid user xiaolong from 172.30.185.19 port 42652 ssh2
Apr 18 15:34:01 a952d0d9ca03 sshd[888]: Connection closed by invalid user xiaolong 172.30.185.19 port 42652 [preauth]
Apr 18 15:34:01 a952d0d9ca03 sshd[890]: Invalid user ror from 172.30.185.24 port 41094
Apr 18 15:34:01 a952d0d9ca03 sshd[890]: error: Could not get shadow information for NOUSER
Apr 18 15:34:01 a952d0d9ca03 sshd[897]: Invalid user ec2-user from 172.30.185.21 port 34910
Apr 18 15:34:01 a952d0d9ca03 sshd[897]: error: Could not get shadow information for NOUSER
Apr 18 15:34:01 a952d0d9ca03 sshd[890]: Failed none for invalid user ror from 172.30.185.24 port 41094 ssh2
Apr 18 15:34:01 a952d0d9ca03 sshd[897]: Failed none for invalid user ec2-user from 172.30.185.21 port 34910 ssh2
Apr 18 15:34:01 a952d0d9ca03 sshd[890]: Failed password for invalid user ror from 172.30.185.24 port 41094 ssh2
Apr 18 15:34:01 a952d0d9ca03 sshd[890]: Connection closed by invalid user ror 172.30.185.24 port 41094 [preauth]
Apr 18 15:34:01 a952d0d9ca03 sshd[897]: Failed password for invalid user ec2-user from 172.30.185.21 port 34910 ssh2
Apr 18 15:34:01 a952d0d9ca03 sshd[896]: Invalid user letmein from 172.30.185.23 port 58136
Apr 18 15:34:01 a952d0d9ca03 sshd[896]: error: Could not get shadow information for NOUSER
Apr 18 15:34:01 a952d0d9ca03 sshd[897]: Connection closed by invalid user ec2-user 172.30.185.21 port 34910 [preauth]
Apr 18 15:34:01 a952d0d9ca03 sshd[896]: Failed none for invalid user letmein from 172.30.185.23 port 58136 ssh2
Apr 18 15:34:01 a952d0d9ca03 sshd[896]: Failed password for invalid user letmein from 172.30.185.23 port 58136 ssh2
Apr 18 15:34:01 a952d0d9ca03 sshd[892]: Invalid user tool from 172.30.185.22 port 43272
Apr 18 15:34:01 a952d0d9ca03 sshd[892]: error: Could not get shadow information for NOUSER
Apr 18 15:34:01 a952d0d9ca03 sshd[896]: Connection closed by invalid user letmein 172.30.185.23 port 58136 [preauth]
Apr 18 15:34:01 a952d0d9ca03 sshd[892]: Failed none for invalid user tool from 172.30.185.22 port 43272 ssh2
Apr 18 15:34:01 a952d0d9ca03 sshd[898]: Invalid user pdv from 172.30.185.26 port 46206
Apr 18 15:34:01 a952d0d9ca03 sshd[898]: error: Could not get shadow information for NOUSER
Apr 18 15:34:01 a952d0d9ca03 sshd[892]: Failed password for invalid user tool from 172.30.185.22 port 43272 ssh2
Apr 18 15:34:01 a952d0d9ca03 sshd[894]: User adm not allowed because account is locked
Apr 18 15:34:01 a952d0d9ca03 sshd[894]: error: Could not get shadow information for NOUSER
Apr 18 15:34:01 a952d0d9ca03 sshd[898]: Failed none for invalid user pdv from 172.30.185.26 port 46206 ssh2
Apr 18 15:34:01 a952d0d9ca03 sshd[894]: Failed none for invalid user adm from 172.30.185.25 port 44034 ssh2
Apr 18 15:34:01 a952d0d9ca03 sshd[892]: Connection closed by invalid user tool 172.30.185.22 port 43272 [preauth]
Apr 18 15:34:01 a952d0d9ca03 sshd[898]: Failed password for invalid user pdv from 172.30.185.26 port 46206 ssh2
Apr 18 15:34:01 a952d0d9ca03 sshd[894]: Failed password for invalid user adm from 172.30.185.25 port 44034 ssh2
Apr 18 15:34:01 a952d0d9ca03 sshd[898]: Connection closed by invalid user pdv 172.30.185.26 port 46206 [preauth]
Apr 18 15:34:01 a952d0d9ca03 sshd[894]: Connection closed by invalid user adm 172.30.185.25 port 44034 [preauth]
Apr 18 15:34:02 a952d0d9ca03 sshd[902]: Invalid user shib from 172.30.185.20 port 41232
Apr 18 15:34:02 a952d0d9ca03 sshd[902]: error: Could not get shadow information for NOUSER
Apr 18 15:34:02 a952d0d9ca03 sshd[902]: Failed none for invalid user shib from 172.30.185.20 port 41232 ssh2
Apr 18 15:34:02 a952d0d9ca03 sshd[902]: Failed password for invalid user shib from 172.30.185.20 port 41232 ssh2
Apr 18 15:34:02 a952d0d9ca03 sshd[902]: Connection closed by invalid user shib 172.30.185.20 port 41232 [preauth]
Apr 18 15:34:02 a952d0d9ca03 sshd[904]: Invalid user ror from 172.30.185.24 port 41100
Apr 18 15:34:02 a952d0d9ca03 sshd[904]: error: Could not get shadow information for NOUSER
Apr 18 15:34:02 a952d0d9ca03 sshd[904]: Failed none for invalid user ror from 172.30.185.24 port 41100 ssh2
Apr 18 15:34:02 a952d0d9ca03 sshd[904]: Failed password for invalid user ror from 172.30.185.24 port 41100 ssh2
Apr 18 15:34:02 a952d0d9ca03 sshd[904]: Connection closed by invalid user ror 172.30.185.24 port 41100 [preauth]
Apr 18 15:34:02 a952d0d9ca03 sshd[910]: Invalid user tool from 172.30.185.22 port 43288
Apr 18 15:34:02 a952d0d9ca03 sshd[910]: error: Could not get shadow information for NOUSER
Apr 18 15:34:02 a952d0d9ca03 sshd[910]: Failed none for invalid user tool from 172.30.185.22 port 43288 ssh2
Apr 18 15:34:02 a952d0d9ca03 sshd[905]: Invalid user ec2-user from 172.30.185.21 port 34918
Apr 18 15:34:02 a952d0d9ca03 sshd[905]: error: Could not get shadow information for NOUSER
Apr 18 15:34:02 a952d0d9ca03 sshd[905]: Failed none for invalid user ec2-user from 172.30.185.21 port 34918 ssh2
Apr 18 15:34:02 a952d0d9ca03 sshd[908]: Invalid user letmein from 172.30.185.23 port 58146
Apr 18 15:34:02 a952d0d9ca03 sshd[908]: error: Could not get shadow information for NOUSER
Apr 18 15:34:02 a952d0d9ca03 sshd[910]: Failed password for invalid user tool from 172.30.185.22 port 43288 ssh2
Apr 18 15:34:02 a952d0d9ca03 sshd[908]: Failed none for invalid user letmein from 172.30.185.23 port 58146 ssh2
Apr 18 15:34:02 a952d0d9ca03 sshd[905]: Failed password for invalid user ec2-user from 172.30.185.21 port 34918 ssh2
Apr 18 15:34:02 a952d0d9ca03 sshd[910]: Connection closed by invalid user tool 172.30.185.22 port 43288 [preauth]
Apr 18 15:34:02 a952d0d9ca03 sshd[905]: Connection closed by invalid user ec2-user 172.30.185.21 port 34918 [preauth]
Apr 18 15:34:02 a952d0d9ca03 sshd[908]: Failed password for invalid user letmein from 172.30.185.23 port 58146 ssh2
Apr 18 15:34:02 a952d0d9ca03 sshd[908]: Connection closed by invalid user letmein 172.30.185.23 port 58146 [preauth]
Apr 18 15:34:02 a952d0d9ca03 sshd[913]: User adm not allowed because account is locked
Apr 18 15:34:02 a952d0d9ca03 sshd[913]: error: Could not get shadow information for NOUSER
Apr 18 15:34:02 a952d0d9ca03 sshd[913]: Failed none for invalid user adm from 172.30.185.25 port 44046 ssh2
Apr 18 15:34:02 a952d0d9ca03 sshd[912]: Invalid user pdv from 172.30.185.26 port 46208
Apr 18 15:34:02 a952d0d9ca03 sshd[912]: error: Could not get shadow information for NOUSER
Apr 18 15:34:02 a952d0d9ca03 sshd[912]: Failed none for invalid user pdv from 172.30.185.26 port 46208 ssh2
Apr 18 15:34:02 a952d0d9ca03 sshd[913]: Failed password for invalid user adm from 172.30.185.25 port 44046 ssh2
Apr 18 15:34:02 a952d0d9ca03 sshd[913]: Connection closed by invalid user adm 172.30.185.25 port 44046 [preauth]
Apr 18 15:34:02 a952d0d9ca03 sshd[912]: Failed password for invalid user pdv from 172.30.185.26 port 46208 ssh2
Apr 18 15:34:02 a952d0d9ca03 sshd[912]: Connection closed by invalid user pdv 172.30.185.26 port 46208 [preauth]
Apr 18 15:34:02 a952d0d9ca03 sshd[916]: Invalid user ror from 172.30.185.24 port 41106
Apr 18 15:34:02 a952d0d9ca03 sshd[916]: error: Could not get shadow information for NOUSER
Apr 18 15:34:02 a952d0d9ca03 sshd[916]: Failed none for invalid user ror from 172.30.185.24 port 41106 ssh2
Apr 18 15:34:02 a952d0d9ca03 sshd[916]: Failed password for invalid user ror from 172.30.185.24 port 41106 ssh2
Apr 18 15:34:02 a952d0d9ca03 sshd[916]: Connection closed by invalid user ror 172.30.185.24 port 41106 [preauth]
Apr 18 15:34:02 a952d0d9ca03 sshd[918]: Invalid user tool from 172.30.185.22 port 43298
Apr 18 15:34:02 a952d0d9ca03 sshd[918]: error: Could not get shadow information for NOUSER
Apr 18 15:34:02 a952d0d9ca03 sshd[918]: Failed none for invalid user tool from 172.30.185.22 port 43298 ssh2
Apr 18 15:34:02 a952d0d9ca03 sshd[918]: Failed password for invalid user tool from 172.30.185.22 port 43298 ssh2
Apr 18 15:34:02 a952d0d9ca03 sshd[918]: Connection closed by invalid user tool 172.30.185.22 port 43298 [preauth]
Apr 18 15:34:02 a952d0d9ca03 sshd[919]: Invalid user ec2-user from 172.30.185.21 port 34930
Apr 18 15:34:02 a952d0d9ca03 sshd[919]: error: Could not get shadow information for NOUSER
Apr 18 15:34:02 a952d0d9ca03 sshd[919]: Failed none for invalid user ec2-user from 172.30.185.21 port 34930 ssh2
Apr 18 15:34:02 a952d0d9ca03 sshd[921]: Invalid user letmein from 172.30.185.23 port 58152
Apr 18 15:34:02 a952d0d9ca03 sshd[921]: error: Could not get shadow information for NOUSER
Apr 18 15:34:02 a952d0d9ca03 sshd[926]: Invalid user pdv from 172.30.185.26 port 46222
Apr 18 15:34:02 a952d0d9ca03 sshd[921]: Failed none for invalid user letmein from 172.30.185.23 port 58152 ssh2
Apr 18 15:34:02 a952d0d9ca03 sshd[926]: error: Could not get shadow information for NOUSER
Apr 18 15:34:02 a952d0d9ca03 sshd[919]: Failed password for invalid user ec2-user from 172.30.185.21 port 34930 ssh2
Apr 18 15:34:02 a952d0d9ca03 sshd[926]: Failed none for invalid user pdv from 172.30.185.26 port 46222 ssh2
Apr 18 15:34:02 a952d0d9ca03 sshd[919]: Connection closed by invalid user ec2-user 172.30.185.21 port 34930 [preauth]
Apr 18 15:34:02 a952d0d9ca03 sshd[921]: Failed password for invalid user letmein from 172.30.185.23 port 58152 ssh2
Apr 18 15:34:02 a952d0d9ca03 sshd[921]: Connection closed by invalid user letmein 172.30.185.23 port 58152 [preauth]
Apr 18 15:34:02 a952d0d9ca03 sshd[926]: Failed password for invalid user pdv from 172.30.185.26 port 46222 ssh2
Apr 18 15:34:02 a952d0d9ca03 sshd[926]: Connection closed by invalid user pdv 172.30.185.26 port 46222 [preauth]
Apr 18 15:34:02 a952d0d9ca03 sshd[924]: User adm not allowed because account is locked
Apr 18 15:34:02 a952d0d9ca03 sshd[924]: error: Could not get shadow information for NOUSER
Apr 18 15:34:02 a952d0d9ca03 sshd[924]: Failed none for invalid user adm from 172.30.185.25 port 44054 ssh2
Apr 18 15:34:02 a952d0d9ca03 sshd[924]: Failed password for invalid user adm from 172.30.185.25 port 44054 ssh2
Apr 18 15:34:02 a952d0d9ca03 sshd[924]: Connection closed by invalid user adm 172.30.185.25 port 44054 [preauth]
Apr 18 15:34:02 a952d0d9ca03 sshd[928]: Invalid user ror from 172.30.185.24 port 41120
Apr 18 15:34:02 a952d0d9ca03 sshd[928]: error: Could not get shadow information for NOUSER
Apr 18 15:34:02 a952d0d9ca03 sshd[928]: Failed none for invalid user ror from 172.30.185.24 port 41120 ssh2
Apr 18 15:34:02 a952d0d9ca03 sshd[928]: Failed password for invalid user ror from 172.30.185.24 port 41120 ssh2
Apr 18 15:34:02 a952d0d9ca03 sshd[928]: Connection closed by invalid user ror 172.30.185.24 port 41120 [preauth]
Apr 18 15:34:02 a952d0d9ca03 sshd[932]: Invalid user letmein from 172.30.185.23 port 58156
Apr 18 15:34:02 a952d0d9ca03 sshd[932]: error: Could not get shadow information for NOUSER
Apr 18 15:34:02 a952d0d9ca03 sshd[932]: Failed none for invalid user letmein from 172.30.185.23 port 58156 ssh2
Apr 18 15:34:02 a952d0d9ca03 sshd[930]: Invalid user tool from 172.30.185.22 port 43314
Apr 18 15:34:02 a952d0d9ca03 sshd[930]: error: Could not get shadow information for NOUSER
Apr 18 15:34:02 a952d0d9ca03 sshd[930]: Failed none for invalid user tool from 172.30.185.22 port 43314 ssh2
Apr 18 15:34:02 a952d0d9ca03 sshd[932]: Failed password for invalid user letmein from 172.30.185.23 port 58156 ssh2
Apr 18 15:34:02 a952d0d9ca03 sshd[932]: Connection closed by invalid user letmein 172.30.185.23 port 58156 [preauth]
Apr 18 15:34:02 a952d0d9ca03 sshd[930]: Failed password for invalid user tool from 172.30.185.22 port 43314 ssh2
Apr 18 15:34:02 a952d0d9ca03 sshd[930]: Connection closed by invalid user tool 172.30.185.22 port 43314 [preauth]
Apr 18 15:34:02 a952d0d9ca03 sshd[936]: User adm not allowed because account is locked
Apr 18 15:34:02 a952d0d9ca03 sshd[936]: error: Could not get shadow information for NOUSER
Apr 18 15:34:02 a952d0d9ca03 sshd[933]: Invalid user pdv from 172.30.185.26 port 46236
Apr 18 15:34:02 a952d0d9ca03 sshd[933]: error: Could not get shadow information for NOUSER
Apr 18 15:34:02 a952d0d9ca03 sshd[936]: Failed none for invalid user adm from 172.30.185.25 port 44060 ssh2
Apr 18 15:34:02 a952d0d9ca03 sshd[933]: Failed none for invalid user pdv from 172.30.185.26 port 46236 ssh2
Apr 18 15:34:02 a952d0d9ca03 sshd[936]: Failed password for invalid user adm from 172.30.185.25 port 44060 ssh2
Apr 18 15:34:02 a952d0d9ca03 sshd[933]: Failed password for invalid user pdv from 172.30.185.26 port 46236 ssh2
Apr 18 15:34:02 a952d0d9ca03 sshd[936]: Connection closed by invalid user adm 172.30.185.25 port 44060 [preauth]
Apr 18 15:34:02 a952d0d9ca03 sshd[933]: Connection closed by invalid user pdv 172.30.185.26 port 46236 [preauth]
Apr 18 15:34:02 a952d0d9ca03 sshd[938]: Invalid user ror from 172.30.185.24 port 41134
Apr 18 15:34:02 a952d0d9ca03 sshd[938]: error: Could not get shadow information for NOUSER
Apr 18 15:34:02 a952d0d9ca03 sshd[938]: Failed none for invalid user ror from 172.30.185.24 port 41134 ssh2
Apr 18 15:34:02 a952d0d9ca03 sshd[938]: Failed password for invalid user ror from 172.30.185.24 port 41134 ssh2
Apr 18 15:34:02 a952d0d9ca03 sshd[938]: Connection closed by invalid user ror 172.30.185.24 port 41134 [preauth]
Apr 18 15:34:02 a952d0d9ca03 sshd[940]: Invalid user letmein from 172.30.185.23 port 58170
Apr 18 15:34:02 a952d0d9ca03 sshd[940]: error: Could not get shadow information for NOUSER
Apr 18 15:34:02 a952d0d9ca03 sshd[940]: Failed none for invalid user letmein from 172.30.185.23 port 58170 ssh2
Apr 18 15:34:02 a952d0d9ca03 sshd[942]: Invalid user tool from 172.30.185.22 port 43326
Apr 18 15:34:02 a952d0d9ca03 sshd[942]: error: Could not get shadow information for NOUSER
Apr 18 15:34:02 a952d0d9ca03 sshd[940]: Failed password for invalid user letmein from 172.30.185.23 port 58170 ssh2
Apr 18 15:34:02 a952d0d9ca03 sshd[942]: Failed none for invalid user tool from 172.30.185.22 port 43326 ssh2
Apr 18 15:34:02 a952d0d9ca03 sshd[940]: Connection closed by invalid user letmein 172.30.185.23 port 58170 [preauth]
Apr 18 15:34:02 a952d0d9ca03 sshd[942]: Failed password for invalid user tool from 172.30.185.22 port 43326 ssh2
Apr 18 15:34:02 a952d0d9ca03 sshd[942]: Connection closed by invalid user tool 172.30.185.22 port 43326 [preauth]
Apr 18 15:34:02 a952d0d9ca03 sshd[944]: User adm not allowed because account is locked
Apr 18 15:34:02 a952d0d9ca03 sshd[944]: error: Could not get shadow information for NOUSER
Apr 18 15:34:02 a952d0d9ca03 sshd[944]: Failed none for invalid user adm from 172.30.185.25 port 44076 ssh2
Apr 18 15:34:02 a952d0d9ca03 sshd[944]: Failed password for invalid user adm from 172.30.185.25 port 44076 ssh2
Apr 18 15:34:02 a952d0d9ca03 sshd[944]: Connection closed by invalid user adm 172.30.185.25 port 44076 [preauth]
Apr 18 15:34:02 a952d0d9ca03 sshd[945]: Invalid user pdv from 172.30.185.26 port 46246
Apr 18 15:34:02 a952d0d9ca03 sshd[945]: error: Could not get shadow information for NOUSER
Apr 18 15:34:02 a952d0d9ca03 sshd[945]: Failed none for invalid user pdv from 172.30.185.26 port 46246 ssh2
Apr 18 15:34:02 a952d0d9ca03 sshd[945]: Failed password for invalid user pdv from 172.30.185.26 port 46246 ssh2
Apr 18 15:34:02 a952d0d9ca03 sshd[945]: Connection closed by invalid user pdv 172.30.185.26 port 46246 [preauth]
Apr 18 15:34:02 a952d0d9ca03 sshd[948]: Invalid user ror from 172.30.185.24 port 41146
Apr 18 15:34:02 a952d0d9ca03 sshd[948]: error: Could not get shadow information for NOUSER
Apr 18 15:34:02 a952d0d9ca03 sshd[948]: Failed none for invalid user ror from 172.30.185.24 port 41146 ssh2
Apr 18 15:34:02 a952d0d9ca03 sshd[948]: Failed password for invalid user ror from 172.30.185.24 port 41146 ssh2
Apr 18 15:34:02 a952d0d9ca03 sshd[948]: Connection closed by invalid user ror 172.30.185.24 port 41146 [preauth]
Apr 18 15:34:03 a952d0d9ca03 sshd[950]: User adm not allowed because account is locked
Apr 18 15:34:03 a952d0d9ca03 sshd[950]: error: Could not get shadow information for NOUSER
Apr 18 15:34:03 a952d0d9ca03 sshd[950]: Failed none for invalid user adm from 172.30.185.25 port 44092 ssh2
Apr 18 15:34:03 a952d0d9ca03 sshd[950]: Failed password for invalid user adm from 172.30.185.25 port 44092 ssh2
Apr 18 15:34:03 a952d0d9ca03 sshd[950]: Connection closed by invalid user adm 172.30.185.25 port 44092 [preauth]
Apr 18 15:34:03 a952d0d9ca03 sshd[952]: Invalid user pdv from 172.30.185.26 port 46250
Apr 18 15:34:03 a952d0d9ca03 sshd[952]: error: Could not get shadow information for NOUSER
Apr 18 15:34:03 a952d0d9ca03 sshd[952]: Failed none for invalid user pdv from 172.30.185.26 port 46250 ssh2
Apr 18 15:34:03 a952d0d9ca03 sshd[952]: Failed password for invalid user pdv from 172.30.185.26 port 46250 ssh2
Apr 18 15:34:03 a952d0d9ca03 sshd[952]: Connection closed by invalid user pdv 172.30.185.26 port 46250 [preauth]
Apr 18 15:34:03 a952d0d9ca03 sshd[954]: Invalid user ror from 172.30.185.24 port 41148
Apr 18 15:34:03 a952d0d9ca03 sshd[954]: error: Could not get shadow information for NOUSER
Apr 18 15:34:03 a952d0d9ca03 sshd[954]: Failed none for invalid user ror from 172.30.185.24 port 41148 ssh2
Apr 18 15:34:03 a952d0d9ca03 sshd[954]: Failed password for invalid user ror from 172.30.185.24 port 41148 ssh2
Apr 18 15:34:03 a952d0d9ca03 sshd[954]: Connection closed by invalid user ror 172.30.185.24 port 41148 [preauth]
Apr 18 15:34:03 a952d0d9ca03 sshd[956]: User adm not allowed because account is locked
Apr 18 15:34:03 a952d0d9ca03 sshd[956]: error: Could not get shadow information for NOUSER
Apr 18 15:34:03 a952d0d9ca03 sshd[956]: Failed none for invalid user adm from 172.30.185.25 port 44108 ssh2
Apr 18 15:34:03 a952d0d9ca03 sshd[956]: Failed password for invalid user adm from 172.30.185.25 port 44108 ssh2
Apr 18 15:34:03 a952d0d9ca03 sshd[956]: Connection closed by invalid user adm 172.30.185.25 port 44108 [preauth]
Apr 18 15:34:03 a952d0d9ca03 sshd[958]: Invalid user pdv from 172.30.185.26 port 46264
Apr 18 15:34:03 a952d0d9ca03 sshd[958]: error: Could not get shadow information for NOUSER
Apr 18 15:34:03 a952d0d9ca03 sshd[958]: Failed none for invalid user pdv from 172.30.185.26 port 46264 ssh2
Apr 18 15:34:03 a952d0d9ca03 sshd[958]: Failed password for invalid user pdv from 172.30.185.26 port 46264 ssh2
Apr 18 15:34:03 a952d0d9ca03 sshd[958]: Connection closed by invalid user pdv 172.30.185.26 port 46264 [preauth]
Apr 18 15:34:03 a952d0d9ca03 sshd[960]: User adm not allowed because account is locked
Apr 18 15:34:03 a952d0d9ca03 sshd[960]: error: Could not get shadow information for NOUSER
Apr 18 15:34:03 a952d0d9ca03 sshd[960]: Failed none for invalid user adm from 172.30.185.25 port 44114 ssh2
Apr 18 15:34:03 a952d0d9ca03 sshd[962]: Invalid user pdv from 172.30.185.26 port 46270
Apr 18 15:34:03 a952d0d9ca03 sshd[962]: error: Could not get shadow information for NOUSER
Apr 18 15:34:03 a952d0d9ca03 sshd[962]: Failed none for invalid user pdv from 172.30.185.26 port 46270 ssh2
Apr 18 15:34:03 a952d0d9ca03 sshd[960]: Failed password for invalid user adm from 172.30.185.25 port 44114 ssh2
Apr 18 15:34:03 a952d0d9ca03 sshd[960]: Connection closed by invalid user adm 172.30.185.25 port 44114 [preauth]
Apr 18 15:34:03 a952d0d9ca03 sshd[962]: Failed password for invalid user pdv from 172.30.185.26 port 46270 ssh2
Apr 18 15:34:03 a952d0d9ca03 sshd[962]: Connection closed by invalid user pdv 172.30.185.26 port 46270 [preauth]
Apr 18 15:34:03 a952d0d9ca03 sshd[964]: Invalid user pdv from 172.30.185.26 port 46280
Apr 18 15:34:03 a952d0d9ca03 sshd[964]: error: Could not get shadow information for NOUSER
Apr 18 15:34:03 a952d0d9ca03 sshd[964]: Failed none for invalid user pdv from 172.30.185.26 port 46280 ssh2
Apr 18 15:34:03 a952d0d9ca03 sshd[964]: Failed password for invalid user pdv from 172.30.185.26 port 46280 ssh2
Apr 18 15:34:03 a952d0d9ca03 sshd[964]: Connection closed by invalid user pdv 172.30.185.26 port 46280 [preauth]
Apr 18 15:34:06 a952d0d9ca03 sshd[966]: Invalid user myuser from 172.30.185.2 port 59654
Apr 18 15:34:06 a952d0d9ca03 sshd[966]: error: Could not get shadow information for NOUSER
Apr 18 15:34:06 a952d0d9ca03 sshd[966]: Failed none for invalid user myuser from 172.30.185.2 port 59654 ssh2
Apr 18 15:34:06 a952d0d9ca03 sshd[966]: Failed password for invalid user myuser from 172.30.185.2 port 59654 ssh2
Apr 18 15:34:06 a952d0d9ca03 sshd[966]: Connection closed by invalid user myuser 172.30.185.2 port 59654 [preauth]
Apr 18 15:34:06 a952d0d9ca03 sshd[968]: Invalid user web from 172.30.185.3 port 34156
Apr 18 15:34:06 a952d0d9ca03 sshd[968]: error: Could not get shadow information for NOUSER
Apr 18 15:34:06 a952d0d9ca03 sshd[968]: Failed none for invalid user web from 172.30.185.3 port 34156 ssh2
Apr 18 15:34:06 a952d0d9ca03 sshd[968]: Failed password for invalid user web from 172.30.185.3 port 34156 ssh2
Apr 18 15:34:06 a952d0d9ca03 sshd[968]: Connection closed by invalid user web 172.30.185.3 port 34156 [preauth]
Apr 18 15:34:06 a952d0d9ca03 sshd[970]: Invalid user mapr from 172.30.185.3 port 37016
Apr 18 15:34:06 a952d0d9ca03 sshd[970]: error: Could not get shadow information for NOUSER
Apr 18 15:34:06 a952d0d9ca03 sshd[970]: Failed none for invalid user mapr from 172.30.185.3 port 37016 ssh2
Apr 18 15:34:06 a952d0d9ca03 sshd[970]: Failed password for invalid user mapr from 172.30.185.3 port 37016 ssh2
Apr 18 15:34:06 a952d0d9ca03 sshd[970]: Connection closed by invalid user mapr 172.30.185.3 port 37016 [preauth]
Apr 18 15:34:06 a952d0d9ca03 sshd[972]: Invalid user mapr from 172.30.185.3 port 37026
Apr 18 15:34:06 a952d0d9ca03 sshd[972]: error: Could not get shadow information for NOUSER
Apr 18 15:34:06 a952d0d9ca03 sshd[972]: Failed none for invalid user mapr from 172.30.185.3 port 37026 ssh2
Apr 18 15:34:06 a952d0d9ca03 sshd[972]: Failed password for invalid user mapr from 172.30.185.3 port 37026 ssh2
Apr 18 15:34:06 a952d0d9ca03 sshd[972]: Connection closed by invalid user mapr 172.30.185.3 port 37026 [preauth]
Apr 18 15:34:07 a952d0d9ca03 sshd[974]: Invalid user snx from 172.30.185.4 port 40434
Apr 18 15:34:07 a952d0d9ca03 sshd[974]: error: Could not get shadow information for NOUSER
Apr 18 15:34:07 a952d0d9ca03 sshd[974]: Failed none for invalid user snx from 172.30.185.4 port 40434 ssh2
Apr 18 15:34:07 a952d0d9ca03 sshd[974]: Failed password for invalid user snx from 172.30.185.4 port 40434 ssh2
Apr 18 15:34:07 a952d0d9ca03 sshd[974]: Connection closed by invalid user snx 172.30.185.4 port 40434 [preauth]
Apr 18 15:34:07 a952d0d9ca03 sshd[976]: Invalid user mapr from 172.30.185.3 port 37028
Apr 18 15:34:07 a952d0d9ca03 sshd[976]: error: Could not get shadow information for NOUSER
Apr 18 15:34:07 a952d0d9ca03 sshd[976]: Failed none for invalid user mapr from 172.30.185.3 port 37028 ssh2
Apr 18 15:34:07 a952d0d9ca03 sshd[976]: Failed password for invalid user mapr from 172.30.185.3 port 37028 ssh2
Apr 18 15:34:07 a952d0d9ca03 sshd[976]: Connection closed by invalid user mapr 172.30.185.3 port 37028 [preauth]
Apr 18 15:34:07 a952d0d9ca03 sshd[978]: Invalid user zenith from 172.30.185.4 port 40442
Apr 18 15:34:07 a952d0d9ca03 sshd[978]: error: Could not get shadow information for NOUSER
Apr 18 15:34:07 a952d0d9ca03 sshd[978]: Failed none for invalid user zenith from 172.30.185.4 port 40442 ssh2
Apr 18 15:34:07 a952d0d9ca03 sshd[978]: Failed password for invalid user zenith from 172.30.185.4 port 40442 ssh2
Apr 18 15:34:07 a952d0d9ca03 sshd[978]: Connection closed by invalid user zenith 172.30.185.4 port 40442 [preauth]
Apr 18 15:34:07 a952d0d9ca03 sshd[980]: Invalid user mapr from 172.30.185.3 port 37036
Apr 18 15:34:07 a952d0d9ca03 sshd[980]: error: Could not get shadow information for NOUSER
Apr 18 15:34:07 a952d0d9ca03 sshd[980]: Failed none for invalid user mapr from 172.30.185.3 port 37036 ssh2
Apr 18 15:34:07 a952d0d9ca03 sshd[980]: Failed password for invalid user mapr from 172.30.185.3 port 37036 ssh2
Apr 18 15:34:07 a952d0d9ca03 sshd[980]: Connection closed by invalid user mapr 172.30.185.3 port 37036 [preauth]
