Apr 18 15:35:05 a952d0d9ca03 sshd[3393]: Connection closed by invalid user uno85 172.30.185.26 port 40554 [preauth]
Apr 18 15:35:05 a952d0d9ca03 sshd[3395]: Invalid user uno85 from 172.30.185.26 port 40564
Apr 18 15:35:05 a952d0d9ca03 sshd[3395]: error: Could not get shadow information for NOUSER
Apr 18 15:35:05 a952d0d9ca03 sshd[3395]: Failed none for invalid user uno85 from 172.30.185.26 port 40564 ssh2
Apr 18 15:35:05 a952d0d9ca03 sshd[3395]: Failed password for invalid user uno85 from 172.30.185.26 port 40564 ssh2
Apr 18 15:35:05 a952d0d9ca03 sshd[3395]: Connection closed by invalid user uno85 172.30.185.26 port 40564 [preauth]
Apr 18 15:35:07 a952d0d9ca03 sshd[3397]: Invalid user develop from 172.30.185.3 port 51182
Apr 18 15:35:07 a952d0d9ca03 sshd[3397]: error: Could not get shadow information for NOUSER
Apr 18 15:35:07 a952d0d9ca03 sshd[3397]: Failed none for invalid user develop from 172.30.185.3 port 51182 ssh2
Apr 18 15:35:07 a952d0d9ca03 sshd[3397]: Failed password for invalid user develop from 172.30.185.3 port 51182 ssh2
Apr 18 15:35:07 a952d0d9ca03 sshd[3397]: Connection closed by invalid user develop 172.30.185.3 port 51182 [preauth]
Apr 18 15:35:07 a952d0d9ca03 sshd[3399]: Invalid user develop from 172.30.185.3 port 51190
Apr 18 15:35:07 a952d0d9ca03 sshd[3399]: error: Could not get shadow information for NOUSER
Apr 18 15:35:07 a952d0d9ca03 sshd[3399]: Failed none for invalid user develop from 172.30.185.3 port 51190 ssh2
Apr 18 15:35:07 a952d0d9ca03 sshd[3399]: Failed password for invalid user develop from 172.30.185.3 port 51190 ssh2
Apr 18 15:35:07 a952d0d9ca03 sshd[3399]: Connection closed by invalid user develop 172.30.185.3 port 51190 [preauth]
Apr 18 15:35:07 a952d0d9ca03 sshd[3401]: Invalid user develop from 172.30.185.3 port 51196
Apr 18 15:35:07 a952d0d9ca03 sshd[3401]: error: Could not get shadow information for NOUSER
Apr 18 15:35:07 a952d0d9ca03 sshd[3401]: Failed none for invalid user develop from 172.30.185.3 port 51196 ssh2
Apr 18 15:35:07 a952d0d9ca03 sshd[3401]: Failed password for invalid user develop from 172.30.185.3 port 51196 ssh2
Apr 18 15:35:08 a952d0d9ca03 sshd[3401]: Connection closed by invalid user develop 172.30.185.3 port 51196 [preauth]
Apr 18 15:35:08 a952d0d9ca03 sshd[3403]: Invalid user develop from 172.30.185.3 port 51198
Apr 18 15:35:08 a952d0d9ca03 sshd[3403]: error: Could not get shadow information for NOUSER
Apr 18 15:35:08 a952d0d9ca03 sshd[3405]: Invalid user andi from 172.30.185.4 port 59186
Apr 18 15:35:08 a952d0d9ca03 sshd[3405]: error: Could not get shadow information for NOUSER
Apr 18 15:35:08 a952d0d9ca03 sshd[3403]: Failed none for invalid user develop from 172.30.185.3 port 51198 ssh2
Apr 18 15:35:08 a952d0d9ca03 sshd[3405]: Failed none for invalid user andi from 172.30.185.4 port 59186 ssh2
Apr 18 15:35:08 a952d0d9ca03 sshd[3403]: Failed password for invalid user develop from 172.30.185.3 port 51198 ssh2
Apr 18 15:35:08 a952d0d9ca03 sshd[3403]: Connection closed by invalid user develop 172.30.185.3 port 51198 [preauth]
Apr 18 15:35:08 a952d0d9ca03 sshd[3405]: Failed password for invalid user andi from 172.30.185.4 port 59186 ssh2
Apr 18 15:35:08 a952d0d9ca03 sshd[3405]: Connection closed by invalid user andi 172.30.185.4 port 59186 [preauth]
Apr 18 15:35:08 a952d0d9ca03 sshd[3408]: Invalid user andi from 172.30.185.4 port 59198
Apr 18 15:35:08 a952d0d9ca03 sshd[3407]: Invalid user develop from 172.30.185.3 port 51212
Apr 18 15:35:08 a952d0d9ca03 sshd[3407]: error: Could not get shadow information for NOUSER
Apr 18 15:35:08 a952d0d9ca03 sshd[3408]: error: Could not get shadow information for NOUSER
Apr 18 15:35:08 a952d0d9ca03 sshd[3408]: Failed none for invalid user andi from 172.30.185.4 port 59198 ssh2
Apr 18 15:35:08 a952d0d9ca03 sshd[3407]: Failed none for invalid user develop from 172.30.185.3 port 51212 ssh2
Apr 18 15:35:08 a952d0d9ca03 sshd[3408]: Failed password for invalid user andi from 172.30.185.4 port 59198 ssh2
Apr 18 15:35:08 a952d0d9ca03 sshd[3407]: Failed password for invalid user develop from 172.30.185.3 port 51212 ssh2
Apr 18 15:35:08 a952d0d9ca03 sshd[3408]: Connection closed by invalid user andi 172.30.185.4 port 59198 [preauth]
Apr 18 15:35:08 a952d0d9ca03 sshd[3407]: Connection closed by invalid user develop 172.30.185.3 port 51212 [preauth]
Apr 18 15:35:08 a952d0d9ca03 sshd[3411]: Invalid user andi from 172.30.185.4 port 59206
Apr 18 15:35:08 a952d0d9ca03 sshd[3412]: Invalid user develop from 172.30.185.3 port 51228
Apr 18 15:35:08 a952d0d9ca03 sshd[3411]: error: Could not get shadow information for NOUSER
Apr 18 15:35:08 a952d0d9ca03 sshd[3412]: error: Could not get shadow information for NOUSER
Apr 18 15:35:08 a952d0d9ca03 sshd[3411]: Failed none for invalid user andi from 172.30.185.4 port 59206 ssh2
Apr 18 15:35:08 a952d0d9ca03 sshd[3412]: Failed none for invalid user develop from 172.30.185.3 port 51228 ssh2
Apr 18 15:35:08 a952d0d9ca03 sshd[3411]: Failed password for invalid user andi from 172.30.185.4 port 59206 ssh2
Apr 18 15:35:08 a952d0d9ca03 sshd[3412]: Failed password for invalid user develop from 172.30.185.3 port 51228 ssh2
Apr 18 15:35:08 a952d0d9ca03 sshd[3411]: Connection closed by invalid user andi 172.30.185.4 port 59206 [preauth]
Apr 18 15:35:08 a952d0d9ca03 sshd[3412]: Connection closed by invalid user develop 172.30.185.3 port 51228 [preauth]
Apr 18 15:35:08 a952d0d9ca03 sshd[3415]: Invalid user andi from 172.30.185.4 port 59216
Apr 18 15:35:08 a952d0d9ca03 sshd[3415]: error: Could not get shadow information for NOUSER
Apr 18 15:35:08 a952d0d9ca03 sshd[3415]: Failed none for invalid user andi from 172.30.185.4 port 59216 ssh2
Apr 18 15:35:08 a952d0d9ca03 sshd[3416]: Invalid user develop from 172.30.185.3 port 51236
Apr 18 15:35:08 a952d0d9ca03 sshd[3416]: error: Could not get shadow information for NOUSER
Apr 18 15:35:08 a952d0d9ca03 sshd[3416]: Failed none for invalid user develop from 172.30.185.3 port 51236 ssh2
Apr 18 15:35:08 a952d0d9ca03 sshd[3415]: Failed password for invalid user andi from 172.30.185.4 port 59216 ssh2
Apr 18 15:35:08 a952d0d9ca03 sshd[3415]: Connection closed by invalid user andi 172.30.185.4 port 59216 [preauth]
Apr 18 15:35:08 a952d0d9ca03 sshd[3416]: Failed password for invalid user develop from 172.30.185.3 port 51236 ssh2
Apr 18 15:35:08 a952d0d9ca03 sshd[3416]: Connection closed by invalid user develop 172.30.185.3 port 51236 [preauth]
Apr 18 15:35:08 a952d0d9ca03 sshd[3419]: Invalid user lisi from 172.30.185.5 port 58668
Apr 18 15:35:08 a952d0d9ca03 sshd[3419]: error: Could not get shadow information for NOUSER
Apr 18 15:35:08 a952d0d9ca03 sshd[3419]: Failed none for invalid user lisi from 172.30.185.5 port 58668 ssh2
Apr 18 15:35:08 a952d0d9ca03 sshd[3419]: Failed password for invalid user lisi from 172.30.185.5 port 58668 ssh2
Apr 18 15:35:08 a952d0d9ca03 sshd[3419]: Connection closed by invalid user lisi 172.30.185.5 port 58668 [preauth]
Apr 18 15:35:09 a952d0d9ca03 sshd[3423]: Invalid user develop from 172.30.185.3 port 51250
Apr 18 15:35:09 a952d0d9ca03 sshd[3423]: error: Could not get shadow information for NOUSER
Apr 18 15:35:09 a952d0d9ca03 sshd[3423]: Failed none for invalid user develop from 172.30.185.3 port 51250 ssh2
Apr 18 15:35:09 a952d0d9ca03 sshd[3421]: Invalid user andi from 172.30.185.4 port 59222
Apr 18 15:35:09 a952d0d9ca03 sshd[3421]: error: Could not get shadow information for NOUSER
Apr 18 15:35:09 a952d0d9ca03 sshd[3421]: Failed none for invalid user andi from 172.30.185.4 port 59222 ssh2
Apr 18 15:35:09 a952d0d9ca03 sshd[3423]: Failed password for invalid user develop from 172.30.185.3 port 51250 ssh2
Apr 18 15:35:09 a952d0d9ca03 sshd[3421]: Failed password for invalid user andi from 172.30.185.4 port 59222 ssh2
Apr 18 15:35:09 a952d0d9ca03 sshd[3423]: Connection closed by invalid user develop 172.30.185.3 port 51250 [preauth]
Apr 18 15:35:09 a952d0d9ca03 sshd[3421]: Connection closed by invalid user andi 172.30.185.4 port 59222 [preauth]
Apr 18 15:35:09 a952d0d9ca03 sshd[3425]: Invalid user lisi from 172.30.185.5 port 58682
Apr 18 15:35:09 a952d0d9ca03 sshd[3425]: error: Could not get shadow information for NOUSER
Apr 18 15:35:09 a952d0d9ca03 sshd[3425]: Failed none for invalid user lisi from 172.30.185.5 port 58682 ssh2
Apr 18 15:35:09 a952d0d9ca03 sshd[3425]: Failed password for invalid user lisi from 172.30.185.5 port 58682 ssh2
Apr 18 15:35:09 a952d0d9ca03 sshd[3425]: Connection closed by invalid user lisi 172.30.185.5 port 58682 [preauth]
Apr 18 15:35:09 a952d0d9ca03 sshd[3427]: Invalid user develop from 172.30.185.3 port 51258
Apr 18 15:35:09 a952d0d9ca03 sshd[3427]: error: Could not get shadow information for NOUSER
Apr 18 15:35:09 a952d0d9ca03 sshd[3428]: Invalid user andi from 172.30.185.4 port 59234
Apr 18 15:35:09 a952d0d9ca03 sshd[3428]: error: Could not get shadow information for NOUSER
Apr 18 15:35:09 a952d0d9ca03 sshd[3427]: Failed none for invalid user develop from 172.30.185.3 port 51258 ssh2
Apr 18 15:35:09 a952d0d9ca03 sshd[3428]: Failed none for invalid user andi from 172.30.185.4 port 59234 ssh2
Apr 18 15:35:09 a952d0d9ca03 sshd[3428]: Failed password for invalid user andi from 172.30.185.4 port 59234 ssh2
Apr 18 15:35:09 a952d0d9ca03 sshd[3427]: Failed password for invalid user develop from 172.30.185.3 port 51258 ssh2
Apr 18 15:35:09 a952d0d9ca03 sshd[3428]: Connection closed by invalid user andi 172.30.185.4 port 59234 [preauth]
Apr 18 15:35:09 a952d0d9ca03 sshd[3427]: Connection closed by invalid user develop 172.30.185.3 port 51258 [preauth]
Apr 18 15:35:09 a952d0d9ca03 sshd[3431]: Invalid user lisi from 172.30.185.5 port 58688
Apr 18 15:35:09 a952d0d9ca03 sshd[3431]: error: Could not get shadow information for NOUSER
Apr 18 15:35:09 a952d0d9ca03 sshd[3431]: Failed none for invalid user lisi from 172.30.185.5 port 58688 ssh2
Apr 18 15:35:09 a952d0d9ca03 sshd[3431]: Failed password for invalid user lisi from 172.30.185.5 port 58688 ssh2
Apr 18 15:35:09 a952d0d9ca03 sshd[3431]: Connection closed by invalid user lisi 172.30.185.5 port 58688 [preauth]
Apr 18 15:35:09 a952d0d9ca03 sshd[3433]: Invalid user uat from 172.30.185.6 port 60082
Apr 18 15:35:09 a952d0d9ca03 sshd[3433]: error: Could not get shadow information for NOUSER
Apr 18 15:35:09 a952d0d9ca03 sshd[3433]: Failed none for invalid user uat from 172.30.185.6 port 60082 ssh2
Apr 18 15:35:09 a952d0d9ca03 sshd[3433]: Failed password for invalid user uat from 172.30.185.6 port 60082 ssh2
Apr 18 15:35:09 a952d0d9ca03 sshd[3433]: Connection closed by invalid user uat 172.30.185.6 port 60082 [preauth]
Apr 18 15:35:09 a952d0d9ca03 sshd[3435]: Invalid user andi from 172.30.185.4 port 59242
Apr 18 15:35:09 a952d0d9ca03 sshd[3435]: error: Could not get shadow information for NOUSER
Apr 18 15:35:09 a952d0d9ca03 sshd[3435]: Failed none for invalid user andi from 172.30.185.4 port 59242 ssh2
Apr 18 15:35:09 a952d0d9ca03 sshd[3435]: Failed password for invalid user andi from 172.30.185.4 port 59242 ssh2
Apr 18 15:35:09 a952d0d9ca03 sshd[3435]: Connection closed by invalid user andi 172.30.185.4 port 59242 [preauth]
Apr 18 15:35:09 a952d0d9ca03 sshd[3436]: Invalid user develop from 172.30.185.3 port 51262
Apr 18 15:35:09 a952d0d9ca03 sshd[3436]: error: Could not get shadow information for NOUSER
Apr 18 15:35:09 a952d0d9ca03 sshd[3436]: Failed none for invalid user develop from 172.30.185.3 port 51262 ssh2
Apr 18 15:35:09 a952d0d9ca03 sshd[3439]: Invalid user lisi from 172.30.185.5 port 58692
Apr 18 15:35:09 a952d0d9ca03 sshd[3439]: error: Could not get shadow information for NOUSER
Apr 18 15:35:09 a952d0d9ca03 sshd[3439]: Failed none for invalid user lisi from 172.30.185.5 port 58692 ssh2
Apr 18 15:35:09 a952d0d9ca03 sshd[3436]: Failed password for invalid user develop from 172.30.185.3 port 51262 ssh2
Apr 18 15:35:09 a952d0d9ca03 sshd[3439]: Failed password for invalid user lisi from 172.30.185.5 port 58692 ssh2
Apr 18 15:35:09 a952d0d9ca03 sshd[3436]: Connection closed by invalid user develop 172.30.185.3 port 51262 [preauth]
Apr 18 15:35:09 a952d0d9ca03 sshd[3439]: Connection closed by invalid user lisi 172.30.185.5 port 58692 [preauth]
Apr 18 15:35:09 a952d0d9ca03 sshd[3441]: Invalid user uat from 172.30.185.6 port 60084
Apr 18 15:35:09 a952d0d9ca03 sshd[3441]: error: Could not get shadow information for NOUSER
Apr 18 15:35:09 a952d0d9ca03 sshd[3441]: Failed none for invalid user uat from 172.30.185.6 port 60084 ssh2
Apr 18 15:35:09 a952d0d9ca03 sshd[3441]: Failed password for invalid user uat from 172.30.185.6 port 60084 ssh2
Apr 18 15:35:09 a952d0d9ca03 sshd[3441]: Connection closed by invalid user uat 172.30.185.6 port 60084 [preauth]
Apr 18 15:35:09 a952d0d9ca03 sshd[3443]: Invalid user andi from 172.30.185.4 port 59248
Apr 18 15:35:09 a952d0d9ca03 sshd[3443]: error: Could not get shadow information for NOUSER
Apr 18 15:35:09 a952d0d9ca03 sshd[3443]: Failed none for invalid user andi from 172.30.185.4 port 59248 ssh2
Apr 18 15:35:09 a952d0d9ca03 sshd[3443]: Failed password for invalid user andi from 172.30.185.4 port 59248 ssh2
Apr 18 15:35:09 a952d0d9ca03 sshd[3443]: Connection closed by invalid user andi 172.30.185.4 port 59248 [preauth]
Apr 18 15:35:09 a952d0d9ca03 sshd[3445]: Invalid user lisi from 172.30.185.5 port 58694
Apr 18 15:35:09 a952d0d9ca03 sshd[3445]: error: Could not get shadow information for NOUSER
Apr 18 15:35:09 a952d0d9ca03 sshd[3445]: Failed none for invalid user lisi from 172.30.185.5 port 58694 ssh2
Apr 18 15:35:09 a952d0d9ca03 sshd[3445]: Failed password for invalid user lisi from 172.30.185.5 port 58694 ssh2
Apr 18 15:35:09 a952d0d9ca03 sshd[3445]: Connection closed by invalid user lisi 172.30.185.5 port 58694 [preauth]
Apr 18 15:35:09 a952d0d9ca03 sshd[3449]: Invalid user tars from 172.30.185.7 port 35666
Apr 18 15:35:09 a952d0d9ca03 sshd[3449]: error: Could not get shadow information for NOUSER
Apr 18 15:35:09 a952d0d9ca03 sshd[3447]: Invalid user uat from 172.30.185.6 port 60094
Apr 18 15:35:09 a952d0d9ca03 sshd[3447]: error: Could not get shadow information for NOUSER
Apr 18 15:35:09 a952d0d9ca03 sshd[3449]: Failed none for invalid user tars from 172.30.185.7 port 35666 ssh2
Apr 18 15:35:09 a952d0d9ca03 sshd[3447]: Failed none for invalid user uat from 172.30.185.6 port 60094 ssh2
Apr 18 15:35:09 a952d0d9ca03 sshd[3449]: Failed password for invalid user tars from 172.30.185.7 port 35666 ssh2
Apr 18 15:35:09 a952d0d9ca03 sshd[3447]: Failed password for invalid user uat from 172.30.185.6 port 60094 ssh2
Apr 18 15:35:09 a952d0d9ca03 sshd[3449]: Connection closed by invalid user tars 172.30.185.7 port 35666 [preauth]
Apr 18 15:35:09 a952d0d9ca03 sshd[3447]: Connection closed by invalid user uat 172.30.185.6 port 60094 [preauth]
Apr 18 15:35:09 a952d0d9ca03 sshd[3451]: Invalid user ceshi from 172.30.185.8 port 57508
Apr 18 15:35:10 a952d0d9ca03 sshd[3451]: error: Could not get shadow information for NOUSER
Apr 18 15:35:10 a952d0d9ca03 sshd[3451]: Failed none for invalid user ceshi from 172.30.185.8 port 57508 ssh2
Apr 18 15:35:10 a952d0d9ca03 sshd[3451]: Failed password for invalid user ceshi from 172.30.185.8 port 57508 ssh2
Apr 18 15:35:10 a952d0d9ca03 sshd[3453]: Invalid user andi from 172.30.185.4 port 59254
Apr 18 15:35:10 a952d0d9ca03 sshd[3453]: error: Could not get shadow information for NOUSER
Apr 18 15:35:10 a952d0d9ca03 sshd[3451]: Connection closed by invalid user ceshi 172.30.185.8 port 57508 [preauth]
Apr 18 15:35:10 a952d0d9ca03 sshd[3453]: Failed none for invalid user andi from 172.30.185.4 port 59254 ssh2
Apr 18 15:35:10 a952d0d9ca03 sshd[3453]: Failed password for invalid user andi from 172.30.185.4 port 59254 ssh2
Apr 18 15:35:10 a952d0d9ca03 sshd[3453]: Connection closed by invalid user andi 172.30.185.4 port 59254 [preauth]
Apr 18 15:35:10 a952d0d9ca03 sshd[3455]: Invalid user lisi from 172.30.185.5 port 58704
Apr 18 15:35:10 a952d0d9ca03 sshd[3455]: error: Could not get shadow information for NOUSER
Apr 18 15:35:10 a952d0d9ca03 sshd[3455]: Failed none for invalid user lisi from 172.30.185.5 port 58704 ssh2
Apr 18 15:35:10 a952d0d9ca03 sshd[3455]: Failed password for invalid user lisi from 172.30.185.5 port 58704 ssh2
Apr 18 15:35:10 a952d0d9ca03 sshd[3455]: Connection closed by invalid user lisi 172.30.185.5 port 58704 [preauth]
Apr 18 15:35:10 a952d0d9ca03 sshd[3457]: Invalid user tars from 172.30.185.7 port 35672
Apr 18 15:35:10 a952d0d9ca03 sshd[3457]: error: Could not get shadow information for NOUSER
Apr 18 15:35:10 a952d0d9ca03 sshd[3457]: Failed none for invalid user tars from 172.30.185.7 port 35672 ssh2
Apr 18 15:35:10 a952d0d9ca03 sshd[3457]: Failed password for invalid user tars from 172.30.185.7 port 35672 ssh2
Apr 18 15:35:10 a952d0d9ca03 sshd[3457]: Connection closed by invalid user tars 172.30.185.7 port 35672 [preauth]
Apr 18 15:35:10 a952d0d9ca03 sshd[3459]: Invalid user uat from 172.30.185.6 port 60106
Apr 18 15:35:10 a952d0d9ca03 sshd[3459]: error: Could not get shadow information for NOUSER
Apr 18 15:35:10 a952d0d9ca03 sshd[3459]: Failed none for invalid user uat from 172.30.185.6 port 60106 ssh2
Apr 18 15:35:10 a952d0d9ca03 sshd[3459]: Failed password for invalid user uat from 172.30.185.6 port 60106 ssh2
Apr 18 15:35:10 a952d0d9ca03 sshd[3459]: Connection closed by invalid user uat 172.30.185.6 port 60106 [preauth]
Apr 18 15:35:10 a952d0d9ca03 sshd[3463]: Invalid user andi from 172.30.185.4 port 59258
Apr 18 15:35:10 a952d0d9ca03 sshd[3463]: error: Could not get shadow information for NOUSER
Apr 18 15:35:10 a952d0d9ca03 sshd[3463]: Failed none for invalid user andi from 172.30.185.4 port 59258 ssh2
Apr 18 15:35:10 a952d0d9ca03 sshd[3461]: Invalid user ceshi from 172.30.185.8 port 57522
Apr 18 15:35:10 a952d0d9ca03 sshd[3461]: error: Could not get shadow information for NOUSER
Apr 18 15:35:10 a952d0d9ca03 sshd[3461]: Failed none for invalid user ceshi from 172.30.185.8 port 57522 ssh2
Apr 18 15:35:10 a952d0d9ca03 sshd[3463]: Failed password for invalid user andi from 172.30.185.4 port 59258 ssh2
Apr 18 15:35:10 a952d0d9ca03 sshd[3463]: Connection closed by invalid user andi 172.30.185.4 port 59258 [preauth]
Apr 18 15:35:10 a952d0d9ca03 sshd[3461]: Failed password for invalid user ceshi from 172.30.185.8 port 57522 ssh2
Apr 18 15:35:10 a952d0d9ca03 sshd[3461]: Connection closed by invalid user ceshi 172.30.185.8 port 57522 [preauth]
Apr 18 15:35:10 a952d0d9ca03 sshd[3465]: Invalid user lisi from 172.30.185.5 port 58710
Apr 18 15:35:10 a952d0d9ca03 sshd[3465]: error: Could not get shadow information for NOUSER
Apr 18 15:35:10 a952d0d9ca03 sshd[3465]: Failed none for invalid user lisi from 172.30.185.5 port 58710 ssh2
Apr 18 15:35:10 a952d0d9ca03 sshd[3467]: Invalid user tars from 172.30.185.7 port 35674
Apr 18 15:35:10 a952d0d9ca03 sshd[3465]: Failed password for invalid user lisi from 172.30.185.5 port 58710 ssh2
Apr 18 15:35:10 a952d0d9ca03 sshd[3467]: error: Could not get shadow information for NOUSER
Apr 18 15:35:10 a952d0d9ca03 sshd[3465]: Connection closed by invalid user lisi 172.30.185.5 port 58710 [preauth]
Apr 18 15:35:10 a952d0d9ca03 sshd[3467]: Failed none for invalid user tars from 172.30.185.7 port 35674 ssh2
Apr 18 15:35:10 a952d0d9ca03 sshd[3467]: Failed password for invalid user tars from 172.30.185.7 port 35674 ssh2
Apr 18 15:35:10 a952d0d9ca03 sshd[3467]: Connection closed by invalid user tars 172.30.185.7 port 35674 [preauth]
Apr 18 15:35:10 a952d0d9ca03 sshd[3469]: Invalid user uat from 172.30.185.6 port 60112
Apr 18 15:35:10 a952d0d9ca03 sshd[3469]: error: Could not get shadow information for NOUSER
Apr 18 15:35:10 a952d0d9ca03 sshd[3469]: Failed none for invalid user uat from 172.30.185.6 port 60112 ssh2
Apr 18 15:35:10 a952d0d9ca03 sshd[3469]: Failed password for invalid user uat from 172.30.185.6 port 60112 ssh2
Apr 18 15:35:10 a952d0d9ca03 sshd[3469]: Connection closed by invalid user uat 172.30.185.6 port 60112 [preauth]
Apr 18 15:35:10 a952d0d9ca03 sshd[3471]: Invalid user ceshi from 172.30.185.8 port 57536
Apr 18 15:35:10 a952d0d9ca03 sshd[3471]: error: Could not get shadow information for NOUSER
Apr 18 15:35:10 a952d0d9ca03 sshd[3471]: Failed none for invalid user ceshi from 172.30.185.8 port 57536 ssh2
Apr 18 15:35:10 a952d0d9ca03 sshd[3471]: Failed password for invalid user ceshi from 172.30.185.8 port 57536 ssh2
Apr 18 15:35:10 a952d0d9ca03 sshd[3471]: Connection closed by invalid user ceshi 172.30.185.8 port 57536 [preauth]
Apr 18 15:35:10 a952d0d9ca03 sshd[3473]: Invalid user lisi from 172.30.185.5 port 58714
Apr 18 15:35:10 a952d0d9ca03 sshd[3473]: error: Could not get shadow information for NOUSER
Apr 18 15:35:10 a952d0d9ca03 sshd[3473]: Failed none for invalid user lisi from 172.30.185.5 port 58714 ssh2
Apr 18 15:35:10 a952d0d9ca03 sshd[3473]: Failed password for invalid user lisi from 172.30.185.5 port 58714 ssh2
Apr 18 15:35:10 a952d0d9ca03 sshd[3473]: Connection closed by invalid user lisi 172.30.185.5 port 58714 [preauth]
Apr 18 15:35:10 a952d0d9ca03 sshd[3475]: Invalid user tars from 172.30.185.7 port 35690
Apr 18 15:35:10 a952d0d9ca03 sshd[3475]: error: Could not get shadow information for NOUSER
Apr 18 15:35:10 a952d0d9ca03 sshd[3475]: Failed none for invalid user tars from 172.30.185.7 port 35690 ssh2
Apr 18 15:35:10 a952d0d9ca03 sshd[3477]: Invalid user uat from 172.30.185.6 port 60120
Apr 18 15:35:10 a952d0d9ca03 sshd[3477]: error: Could not get shadow information for NOUSER
Apr 18 15:35:10 a952d0d9ca03 sshd[3477]: Failed none for invalid user uat from 172.30.185.6 port 60120 ssh2
Apr 18 15:35:10 a952d0d9ca03 sshd[3475]: Failed password for invalid user tars from 172.30.185.7 port 35690 ssh2
Apr 18 15:35:10 a952d0d9ca03 sshd[3475]: Connection closed by invalid user tars 172.30.185.7 port 35690 [preauth]
Apr 18 15:35:10 a952d0d9ca03 sshd[3477]: Failed password for invalid user uat from 172.30.185.6 port 60120 ssh2
Apr 18 15:35:10 a952d0d9ca03 sshd[3477]: Connection closed by invalid user uat 172.30.185.6 port 60120 [preauth]
Apr 18 15:35:10 a952d0d9ca03 sshd[3479]: Invalid user ansible from 172.30.185.9 port 41036
Apr 18 15:35:10 a952d0d9ca03 sshd[3479]: error: Could not get shadow information for NOUSER
Apr 18 15:35:10 a952d0d9ca03 sshd[3479]: Failed none for invalid user ansible from 172.30.185.9 port 41036 ssh2
Apr 18 15:35:10 a952d0d9ca03 sshd[3479]: Failed password for invalid user ansible from 172.30.185.9 port 41036 ssh2
Apr 18 15:35:10 a952d0d9ca03 sshd[3479]: Connection closed by invalid user ansible 172.30.185.9 port 41036 [preauth]
Apr 18 15:35:10 a952d0d9ca03 sshd[3481]: Invalid user ceshi from 172.30.185.8 port 57552
Apr 18 15:35:10 a952d0d9ca03 sshd[3481]: error: Could not get shadow information for NOUSER
Apr 18 15:35:10 a952d0d9ca03 sshd[3481]: Failed none for invalid user ceshi from 172.30.185.8 port 57552 ssh2
Apr 18 15:35:10 a952d0d9ca03 sshd[3481]: Failed password for invalid user ceshi from 172.30.185.8 port 57552 ssh2
Apr 18 15:35:10 a952d0d9ca03 sshd[3481]: Connection closed by invalid user ceshi 172.30.185.8 port 57552 [preauth]
Apr 18 15:35:10 a952d0d9ca03 sshd[3483]: Invalid user lisi from 172.30.185.5 port 58730
Apr 18 15:35:10 a952d0d9ca03 sshd[3483]: error: Could not get shadow information for NOUSER
Apr 18 15:35:10 a952d0d9ca03 sshd[3483]: Failed none for invalid user lisi from 172.30.185.5 port 58730 ssh2
Apr 18 15:35:10 a952d0d9ca03 sshd[3485]: Invalid user tars from 172.30.185.7 port 35698
Apr 18 15:35:10 a952d0d9ca03 sshd[3485]: error: Could not get shadow information for NOUSER
Apr 18 15:35:10 a952d0d9ca03 sshd[3487]: Invalid user uat from 172.30.185.6 port 60136
Apr 18 15:35:10 a952d0d9ca03 sshd[3487]: error: Could not get shadow information for NOUSER
Apr 18 15:35:10 a952d0d9ca03 sshd[3483]: Failed password for invalid user lisi from 172.30.185.5 port 58730 ssh2
Apr 18 15:35:10 a952d0d9ca03 sshd[3483]: Connection closed by invalid user lisi 172.30.185.5 port 58730 [preauth]
Apr 18 15:35:10 a952d0d9ca03 sshd[3485]: Failed none for invalid user tars from 172.30.185.7 port 35698 ssh2
Apr 18 15:35:10 a952d0d9ca03 sshd[3487]: Failed none for invalid user uat from 172.30.185.6 port 60136 ssh2
Apr 18 15:35:10 a952d0d9ca03 sshd[3485]: Failed password for invalid user tars from 172.30.185.7 port 35698 ssh2
Apr 18 15:35:10 a952d0d9ca03 sshd[3487]: Failed password for invalid user uat from 172.30.185.6 port 60136 ssh2
Apr 18 15:35:10 a952d0d9ca03 sshd[3485]: Connection closed by invalid user tars 172.30.185.7 port 35698 [preauth]
Apr 18 15:35:10 a952d0d9ca03 sshd[3487]: Connection closed by invalid user uat 172.30.185.6 port 60136 [preauth]
Apr 18 15:35:10 a952d0d9ca03 sshd[3489]: Invalid user ansible from 172.30.185.9 port 41042
Apr 18 15:35:10 a952d0d9ca03 sshd[3489]: error: Could not get shadow information for NOUSER
Apr 18 15:35:10 a952d0d9ca03 sshd[3489]: Failed none for invalid user ansible from 172.30.185.9 port 41042 ssh2
Apr 18 15:35:10 a952d0d9ca03 sshd[3489]: Failed password for invalid user ansible from 172.30.185.9 port 41042 ssh2
Apr 18 15:35:10 a952d0d9ca03 sshd[3489]: Connection closed by invalid user ansible 172.30.185.9 port 41042 [preauth]
Apr 18 15:35:10 a952d0d9ca03 sshd[3491]: Invalid user ceshi from 172.30.185.8 port 57556
Apr 18 15:35:10 a952d0d9ca03 sshd[3491]: error: Could not get shadow information for NOUSER
Apr 18 15:35:10 a952d0d9ca03 sshd[3491]: Failed none for invalid user ceshi from 172.30.185.8 port 57556 ssh2
Apr 18 15:35:10 a952d0d9ca03 sshd[3491]: Failed password for invalid user ceshi from 172.30.185.8 port 57556 ssh2
Apr 18 15:35:10 a952d0d9ca03 sshd[3491]: Connection closed by invalid user ceshi 172.30.185.8 port 57556 [preauth]
Apr 18 15:35:11 a952d0d9ca03 sshd[3493]: Invalid user lisi from 172.30.185.5 port 58744
Apr 18 15:35:11 a952d0d9ca03 sshd[3493]: error: Could not get shadow information for NOUSER
Apr 18 15:35:11 a952d0d9ca03 sshd[3493]: Failed none for invalid user lisi from 172.30.185.5 port 58744 ssh2
Apr 18 15:35:11 a952d0d9ca03 sshd[3495]: Invalid user tars from 172.30.185.7 port 35702
Apr 18 15:35:11 a952d0d9ca03 sshd[3495]: error: Could not get shadow information for NOUSER
Apr 18 15:35:11 a952d0d9ca03 sshd[3495]: Failed none for invalid user tars from 172.30.185.7 port 35702 ssh2
Apr 18 15:35:11 a952d0d9ca03 sshd[3493]: Failed password for invalid user lisi from 172.30.185.5 port 58744 ssh2
Apr 18 15:35:11 a952d0d9ca03 sshd[3493]: Connection closed by invalid user lisi 172.30.185.5 port 58744 [preauth]
Apr 18 15:35:11 a952d0d9ca03 sshd[3495]: Failed password for invalid user tars from 172.30.185.7 port 35702 ssh2
Apr 18 15:35:11 a952d0d9ca03 sshd[3495]: Connection closed by invalid user tars 172.30.185.7 port 35702 [preauth]
Apr 18 15:35:11 a952d0d9ca03 sshd[3496]: Invalid user uat from 172.30.185.6 port 60138
Apr 18 15:35:11 a952d0d9ca03 sshd[3496]: error: Could not get shadow information for NOUSER
Apr 18 15:35:11 a952d0d9ca03 sshd[3496]: Failed none for invalid user uat from 172.30.185.6 port 60138 ssh2
Apr 18 15:35:11 a952d0d9ca03 sshd[3496]: Failed password for invalid user uat from 172.30.185.6 port 60138 ssh2
Apr 18 15:35:11 a952d0d9ca03 sshd[3496]: Connection closed by invalid user uat 172.30.185.6 port 60138 [preauth]
Apr 18 15:35:11 a952d0d9ca03 sshd[3499]: Invalid user ansible from 172.30.185.9 port 41056
Apr 18 15:35:11 a952d0d9ca03 sshd[3499]: error: Could not get shadow information for NOUSER
Apr 18 15:35:11 a952d0d9ca03 sshd[3501]: Invalid user ceshi from 172.30.185.8 port 57570
Apr 18 15:35:11 a952d0d9ca03 sshd[3501]: error: Could not get shadow information for NOUSER
Apr 18 15:35:11 a952d0d9ca03 sshd[3499]: Failed none for invalid user ansible from 172.30.185.9 port 41056 ssh2
Apr 18 15:35:11 a952d0d9ca03 sshd[3501]: Failed none for invalid user ceshi from 172.30.185.8 port 57570 ssh2
Apr 18 15:35:11 a952d0d9ca03 sshd[3499]: Failed password for invalid user ansible from 172.30.185.9 port 41056 ssh2
Apr 18 15:35:11 a952d0d9ca03 sshd[3499]: Connection closed by invalid user ansible 172.30.185.9 port 41056 [preauth]
Apr 18 15:35:11 a952d0d9ca03 sshd[3501]: Failed password for invalid user ceshi from 172.30.185.8 port 57570 ssh2
Apr 18 15:35:11 a952d0d9ca03 sshd[3501]: Connection closed by invalid user ceshi 172.30.185.8 port 57570 [preauth]
Apr 18 15:35:11 a952d0d9ca03 sshd[3503]: Invalid user tars from 172.30.185.7 port 35706
Apr 18 15:35:11 a952d0d9ca03 sshd[3503]: error: Could not get shadow information for NOUSER
Apr 18 15:35:11 a952d0d9ca03 sshd[3503]: Failed none for invalid user tars from 172.30.185.7 port 35706 ssh2
Apr 18 15:35:11 a952d0d9ca03 sshd[3503]: Failed password for invalid user tars from 172.30.185.7 port 35706 ssh2
Apr 18 15:35:11 a952d0d9ca03 sshd[3503]: Connection closed by invalid user tars 172.30.185.7 port 35706 [preauth]
Apr 18 15:35:11 a952d0d9ca03 sshd[3505]: Invalid user uat from 172.30.185.6 port 60154
Apr 18 15:35:11 a952d0d9ca03 sshd[3505]: error: Could not get shadow information for NOUSER
Apr 18 15:35:11 a952d0d9ca03 sshd[3505]: Failed none for invalid user uat from 172.30.185.6 port 60154 ssh2
Apr 18 15:35:11 a952d0d9ca03 sshd[3505]: Failed password for invalid user uat from 172.30.185.6 port 60154 ssh2
Apr 18 15:35:11 a952d0d9ca03 sshd[3505]: Connection closed by invalid user uat 172.30.185.6 port 60154 [preauth]
Apr 18 15:35:11 a952d0d9ca03 sshd[3508]: Invalid user ceshi from 172.30.185.8 port 57578
Apr 18 15:35:11 a952d0d9ca03 sshd[3508]: error: Could not get shadow information for NOUSER
Apr 18 15:35:11 a952d0d9ca03 sshd[3508]: Failed none for invalid user ceshi from 172.30.185.8 port 57578 ssh2
Apr 18 15:35:11 a952d0d9ca03 sshd[3508]: Failed password for invalid user ceshi from 172.30.185.8 port 57578 ssh2
Apr 18 15:35:11 a952d0d9ca03 sshd[3508]: Connection closed by invalid user ceshi 172.30.185.8 port 57578 [preauth]
Apr 18 15:35:11 a952d0d9ca03 sshd[3507]: Invalid user ansible from 172.30.185.9 port 41072
Apr 18 15:35:11 a952d0d9ca03 sshd[3507]: error: Could not get shadow information for NOUSER
Apr 18 15:35:11 a952d0d9ca03 sshd[3507]: Failed none for invalid user ansible from 172.30.185.9 port 41072 ssh2
Apr 18 15:35:11 a952d0d9ca03 sshd[3511]: Invalid user rajan from 172.30.185.10 port 41580
Apr 18 15:35:11 a952d0d9ca03 sshd[3507]: Failed password for invalid user ansible from 172.30.185.9 port 41072 ssh2
Apr 18 15:35:11 a952d0d9ca03 sshd[3511]: error: Could not get shadow information for NOUSER
Apr 18 15:35:11 a952d0d9ca03 sshd[3507]: Connection closed by invalid user ansible 172.30.185.9 port 41072 [preauth]
Apr 18 15:35:11 a952d0d9ca03 sshd[3511]: Failed none for invalid user rajan from 172.30.185.10 port 41580 ssh2
Apr 18 15:35:11 a952d0d9ca03 sshd[3511]: Failed password for invalid user rajan from 172.30.185.10 port 41580 ssh2
Apr 18 15:35:11 a952d0d9ca03 sshd[3511]: Connection closed by invalid user rajan 172.30.185.10 port 41580 [preauth]
Apr 18 15:35:11 a952d0d9ca03 sshd[3513]: Invalid user tars from 172.30.185.7 port 35716
Apr 18 15:35:11 a952d0d9ca03 sshd[3513]: error: Could not get shadow information for NOUSER
Apr 18 15:35:11 a952d0d9ca03 sshd[3513]: Failed none for invalid user tars from 172.30.185.7 port 35716 ssh2
Apr 18 15:35:11 a952d0d9ca03 sshd[3513]: Failed password for invalid user tars from 172.30.185.7 port 35716 ssh2
Apr 18 15:35:11 a952d0d9ca03 sshd[3513]: Connection closed by invalid user tars 172.30.185.7 port 35716 [preauth]
Apr 18 15:35:11 a952d0d9ca03 sshd[3515]: Invalid user uat from 172.30.185.6 port 60158
Apr 18 15:35:11 a952d0d9ca03 sshd[3515]: error: Could not get shadow information for NOUSER
Apr 18 15:35:11 a952d0d9ca03 sshd[3515]: Failed none for invalid user uat from 172.30.185.6 port 60158 ssh2
Apr 18 15:35:11 a952d0d9ca03 sshd[3515]: Failed password for invalid user uat from 172.30.185.6 port 60158 ssh2
Apr 18 15:35:11 a952d0d9ca03 sshd[3515]: Connection closed by invalid user uat 172.30.185.6 port 60158 [preauth]
Apr 18 15:35:11 a952d0d9ca03 sshd[3517]: Invalid user ceshi from 172.30.185.8 port 57590
Apr 18 15:35:11 a952d0d9ca03 sshd[3517]: error: Could not get shadow information for NOUSER
Apr 18 15:35:11 a952d0d9ca03 sshd[3517]: Failed none for invalid user ceshi from 172.30.185.8 port 57590 ssh2
Apr 18 15:35:11 a952d0d9ca03 sshd[3517]: Failed password for invalid user ceshi from 172.30.185.8 port 57590 ssh2
Apr 18 15:35:11 a952d0d9ca03 sshd[3517]: Connection closed by invalid user ceshi 172.30.185.8 port 57590 [preauth]
Apr 18 15:35:11 a952d0d9ca03 sshd[3519]: Invalid user ansible from 172.30.185.9 port 41078
Apr 18 15:35:11 a952d0d9ca03 sshd[3519]: error: Could not get shadow information for NOUSER
Apr 18 15:35:11 a952d0d9ca03 sshd[3519]: Failed none for invalid user ansible from 172.30.185.9 port 41078 ssh2
Apr 18 15:35:11 a952d0d9ca03 sshd[3519]: Failed password for invalid user ansible from 172.30.185.9 port 41078 ssh2
Apr 18 15:35:11 a952d0d9ca03 sshd[3521]: Invalid user rajan from 172.30.185.10 port 41584
Apr 18 15:35:11 a952d0d9ca03 sshd[3519]: Connection closed by invalid user ansible 172.30.185.9 port 41078 [preauth]
Apr 18 15:35:11 a952d0d9ca03 sshd[3521]: error: Could not get shadow information for NOUSER
Apr 18 15:35:11 a952d0d9ca03 sshd[3521]: Failed none for invalid user rajan from 172.30.185.10 port 41584 ssh2
Apr 18 15:35:11 a952d0d9ca03 sshd[3523]: Invalid user njzf from 172.30.185.11 port 36548
Apr 18 15:35:11 a952d0d9ca03 sshd[3521]: Failed password for invalid user rajan from 172.30.185.10 port 41584 ssh2
Apr 18 15:35:11 a952d0d9ca03 sshd[3523]: error: Could not get shadow information for NOUSER
Apr 18 15:35:11 a952d0d9ca03 sshd[3523]: Failed none for invalid user njzf from 172.30.185.11 port 36548 ssh2
Apr 18 15:35:11 a952d0d9ca03 sshd[3521]: Connection closed by invalid user rajan 172.30.185.10 port 41584 [preauth]
Apr 18 15:35:11 a952d0d9ca03 sshd[3523]: Failed password for invalid user njzf from 172.30.185.11 port 36548 ssh2
Apr 18 15:35:11 a952d0d9ca03 sshd[3523]: Connection closed by invalid user njzf 172.30.185.11 port 36548 [preauth]
Apr 18 15:35:11 a952d0d9ca03 sshd[3525]: Invalid user tars from 172.30.185.7 port 35718
Apr 18 15:35:11 a952d0d9ca03 sshd[3525]: error: Could not get shadow information for NOUSER
Apr 18 15:35:11 a952d0d9ca03 sshd[3525]: Failed none for invalid user tars from 172.30.185.7 port 35718 ssh2
Apr 18 15:35:11 a952d0d9ca03 sshd[3525]: Failed password for invalid user tars from 172.30.185.7 port 35718 ssh2
Apr 18 15:35:11 a952d0d9ca03 sshd[3525]: Connection closed by invalid user tars 172.30.185.7 port 35718 [preauth]
Apr 18 15:35:11 a952d0d9ca03 sshd[3527]: Invalid user ceshi from 172.30.185.8 port 57592
Apr 18 15:35:11 a952d0d9ca03 sshd[3527]: error: Could not get shadow information for NOUSER
Apr 18 15:35:11 a952d0d9ca03 sshd[3527]: Failed none for invalid user ceshi from 172.30.185.8 port 57592 ssh2
Apr 18 15:35:11 a952d0d9ca03 sshd[3527]: Failed password for invalid user ceshi from 172.30.185.8 port 57592 ssh2
Apr 18 15:35:11 a952d0d9ca03 sshd[3527]: Connection closed by invalid user ceshi 172.30.185.8 port 57592 [preauth]
Apr 18 15:35:11 a952d0d9ca03 sshd[3531]: Invalid user rajan from 172.30.185.10 port 41588
Apr 18 15:35:11 a952d0d9ca03 sshd[3531]: error: Could not get shadow information for NOUSER
Apr 18 15:35:11 a952d0d9ca03 sshd[3531]: Failed none for invalid user rajan from 172.30.185.10 port 41588 ssh2
Apr 18 15:35:11 a952d0d9ca03 sshd[3533]: Invalid user njzf from 172.30.185.11 port 36554
Apr 18 15:35:11 a952d0d9ca03 sshd[3533]: error: Could not get shadow information for NOUSER
Apr 18 15:35:11 a952d0d9ca03 sshd[3533]: Failed none for invalid user njzf from 172.30.185.11 port 36554 ssh2
Apr 18 15:35:11 a952d0d9ca03 sshd[3531]: Failed password for invalid user rajan from 172.30.185.10 port 41588 ssh2
Apr 18 15:35:11 a952d0d9ca03 sshd[3529]: Invalid user ansible from 172.30.185.9 port 41090
Apr 18 15:35:11 a952d0d9ca03 sshd[3529]: error: Could not get shadow information for NOUSER
Apr 18 15:35:11 a952d0d9ca03 sshd[3531]: Connection closed by invalid user rajan 172.30.185.10 port 41588 [preauth]
Apr 18 15:35:11 a952d0d9ca03 sshd[3529]: Failed none for invalid user ansible from 172.30.185.9 port 41090 ssh2
Apr 18 15:35:11 a952d0d9ca03 sshd[3533]: Failed password for invalid user njzf from 172.30.185.11 port 36554 ssh2
Apr 18 15:35:11 a952d0d9ca03 sshd[3533]: Connection closed by invalid user njzf 172.30.185.11 port 36554 [preauth]
Apr 18 15:35:11 a952d0d9ca03 sshd[3529]: Failed password for invalid user ansible from 172.30.185.9 port 41090 ssh2
Apr 18 15:35:11 a952d0d9ca03 sshd[3529]: Connection closed by invalid user ansible 172.30.185.9 port 41090 [preauth]
Apr 18 15:35:11 a952d0d9ca03 sshd[3535]: Invalid user tars from 172.30.185.7 port 35732
Apr 18 15:35:11 a952d0d9ca03 sshd[3535]: error: Could not get shadow information for NOUSER
Apr 18 15:35:11 a952d0d9ca03 sshd[3535]: Failed none for invalid user tars from 172.30.185.7 port 35732 ssh2
Apr 18 15:35:11 a952d0d9ca03 sshd[3535]: Failed password for invalid user tars from 172.30.185.7 port 35732 ssh2
Apr 18 15:35:11 a952d0d9ca03 sshd[3535]: Connection closed by invalid user tars 172.30.185.7 port 35732 [preauth]
Apr 18 15:35:12 a952d0d9ca03 sshd[3537]: Invalid user wasabi from 172.30.185.12 port 45422
Apr 18 15:35:12 a952d0d9ca03 sshd[3537]: error: Could not get shadow information for NOUSER
Apr 18 15:35:12 a952d0d9ca03 sshd[3537]: Failed none for invalid user wasabi from 172.30.185.12 port 45422 ssh2
Apr 18 15:35:12 a952d0d9ca03 sshd[3537]: Failed password for invalid user wasabi from 172.30.185.12 port 45422 ssh2
Apr 18 15:35:12 a952d0d9ca03 sshd[3537]: Connection closed by invalid user wasabi 172.30.185.12 port 45422 [preauth]
Apr 18 15:35:12 a952d0d9ca03 sshd[3538]: Invalid user ceshi from 172.30.185.8 port 57600
Apr 18 15:35:12 a952d0d9ca03 sshd[3538]: error: Could not get shadow information for NOUSER
Apr 18 15:35:12 a952d0d9ca03 sshd[3538]: Failed none for invalid user ceshi from 172.30.185.8 port 57600 ssh2
Apr 18 15:35:12 a952d0d9ca03 sshd[3538]: Failed password for invalid user ceshi from 172.30.185.8 port 57600 ssh2
Apr 18 15:35:12 a952d0d9ca03 sshd[3538]: Connection closed by invalid user ceshi 172.30.185.8 port 57600 [preauth]
Apr 18 15:35:12 a952d0d9ca03 sshd[3541]: Invalid user rajan from 172.30.185.10 port 41602
Apr 18 15:35:12 a952d0d9ca03 sshd[3541]: error: Could not get shadow information for NOUSER
Apr 18 15:35:12 a952d0d9ca03 sshd[3541]: Failed none for invalid user rajan from 172.30.185.10 port 41602 ssh2
Apr 18 15:35:12 a952d0d9ca03 sshd[3543]: Invalid user njzf from 172.30.185.11 port 36568
Apr 18 15:35:12 a952d0d9ca03 sshd[3543]: error: Could not get shadow information for NOUSER
Apr 18 15:35:12 a952d0d9ca03 sshd[3543]: Failed none for invalid user njzf from 172.30.185.11 port 36568 ssh2
Apr 18 15:35:12 a952d0d9ca03 sshd[3541]: Failed password for invalid user rajan from 172.30.185.10 port 41602 ssh2
Apr 18 15:35:12 a952d0d9ca03 sshd[3541]: Connection closed by invalid user rajan 172.30.185.10 port 41602 [preauth]
Apr 18 15:35:12 a952d0d9ca03 sshd[3543]: Failed password for invalid user njzf from 172.30.185.11 port 36568 ssh2
Apr 18 15:35:12 a952d0d9ca03 sshd[3544]: Invalid user ansible from 172.30.185.9 port 41100
Apr 18 15:35:12 a952d0d9ca03 sshd[3544]: error: Could not get shadow information for NOUSER
Apr 18 15:35:12 a952d0d9ca03 sshd[3543]: Connection closed by invalid user njzf 172.30.185.11 port 36568 [preauth]
Apr 18 15:35:12 a952d0d9ca03 sshd[3544]: Failed none for invalid user ansible from 172.30.185.9 port 41100 ssh2
Apr 18 15:35:12 a952d0d9ca03 sshd[3544]: Failed password for invalid user ansible from 172.30.185.9 port 41100 ssh2
Apr 18 15:35:12 a952d0d9ca03 sshd[3544]: Connection closed by invalid user ansible 172.30.185.9 port 41100 [preauth]
Apr 18 15:35:12 a952d0d9ca03 sshd[3547]: Invalid user wasabi from 172.30.185.12 port 45428
Apr 18 15:35:12 a952d0d9ca03 sshd[3547]: error: Could not get shadow information for NOUSER
Apr 18 15:35:12 a952d0d9ca03 sshd[3547]: Failed none for invalid user wasabi from 172.30.185.12 port 45428 ssh2
Apr 18 15:35:12 a952d0d9ca03 sshd[3547]: Failed password for invalid user wasabi from 172.30.185.12 port 45428 ssh2
Apr 18 15:35:12 a952d0d9ca03 sshd[3547]: Connection closed by invalid user wasabi 172.30.185.12 port 45428 [preauth]
Apr 18 15:35:12 a952d0d9ca03 sshd[3553]: Invalid user ansible from 172.30.185.9 port 41102
Apr 18 15:35:12 a952d0d9ca03 sshd[3553]: error: Could not get shadow information for NOUSER
Apr 18 15:35:12 a952d0d9ca03 sshd[3549]: Invalid user rajan from 172.30.185.10 port 41610
Apr 18 15:35:12 a952d0d9ca03 sshd[3549]: error: Could not get shadow information for NOUSER
Apr 18 15:35:12 a952d0d9ca03 sshd[3553]: Failed none for invalid user ansible from 172.30.185.9 port 41102 ssh2
Apr 18 15:35:12 a952d0d9ca03 sshd[3549]: Failed none for invalid user rajan from 172.30.185.10 port 41610 ssh2
Apr 18 15:35:12 a952d0d9ca03 sshd[3549]: Failed password for invalid user rajan from 172.30.185.10 port 41610 ssh2
Apr 18 15:35:12 a952d0d9ca03 sshd[3553]: Failed password for invalid user ansible from 172.30.185.9 port 41102 ssh2
Apr 18 15:35:12 a952d0d9ca03 sshd[3553]: Connection closed by invalid user ansible 172.30.185.9 port 41102 [preauth]
Apr 18 15:35:12 a952d0d9ca03 sshd[3549]: Connection closed by invalid user rajan 172.30.185.10 port 41610 [preauth]
Apr 18 15:35:12 a952d0d9ca03 sshd[3551]: Invalid user njzf from 172.30.185.11 port 36572
Apr 18 15:35:12 a952d0d9ca03 sshd[3551]: error: Could not get shadow information for NOUSER
Apr 18 15:35:12 a952d0d9ca03 sshd[3551]: Failed none for invalid user njzf from 172.30.185.11 port 36572 ssh2
Apr 18 15:35:12 a952d0d9ca03 sshd[3551]: Failed password for invalid user njzf from 172.30.185.11 port 36572 ssh2
Apr 18 15:35:12 a952d0d9ca03 sshd[3551]: Connection closed by invalid user njzf 172.30.185.11 port 36572 [preauth]
Apr 18 15:35:12 a952d0d9ca03 sshd[3555]: Invalid user wasabi from 172.30.185.12 port 45434
Apr 18 15:35:12 a952d0d9ca03 sshd[3555]: error: Could not get shadow information for NOUSER
Apr 18 15:35:12 a952d0d9ca03 sshd[3555]: Failed none for invalid user wasabi from 172.30.185.12 port 45434 ssh2
Apr 18 15:35:12 a952d0d9ca03 sshd[3555]: Failed password for invalid user wasabi from 172.30.185.12 port 45434 ssh2
Apr 18 15:35:12 a952d0d9ca03 sshd[3555]: Connection closed by invalid user wasabi 172.30.185.12 port 45434 [preauth]
Apr 18 15:35:12 a952d0d9ca03 sshd[3559]: Invalid user ansible from 172.30.185.9 port 41108
Apr 18 15:35:12 a952d0d9ca03 sshd[3559]: error: Could not get shadow information for NOUSER
Apr 18 15:35:12 a952d0d9ca03 sshd[3559]: Failed none for invalid user ansible from 172.30.185.9 port 41108 ssh2
Apr 18 15:35:12 a952d0d9ca03 sshd[3559]: Failed password for invalid user ansible from 172.30.185.9 port 41108 ssh2
Apr 18 15:35:12 a952d0d9ca03 sshd[3560]: Invalid user rajan from 172.30.185.10 port 41614
Apr 18 15:35:12 a952d0d9ca03 sshd[3560]: error: Could not get shadow information for NOUSER
Apr 18 15:35:12 a952d0d9ca03 sshd[3559]: Connection closed by invalid user ansible 172.30.185.9 port 41108 [preauth]
Apr 18 15:35:12 a952d0d9ca03 sshd[3557]: Invalid user toor from 172.30.185.13 port 40336
Apr 18 15:35:12 a952d0d9ca03 sshd[3557]: error: Could not get shadow information for NOUSER
Apr 18 15:35:12 a952d0d9ca03 sshd[3560]: Failed none for invalid user rajan from 172.30.185.10 port 41614 ssh2
Apr 18 15:35:12 a952d0d9ca03 sshd[3557]: Failed none for invalid user toor from 172.30.185.13 port 40336 ssh2
Apr 18 15:35:12 a952d0d9ca03 sshd[3560]: Failed password for invalid user rajan from 172.30.185.10 port 41614 ssh2
Apr 18 15:35:12 a952d0d9ca03 sshd[3560]: Connection closed by invalid user rajan 172.30.185.10 port 41614 [preauth]
Apr 18 15:35:12 a952d0d9ca03 sshd[3557]: Failed password for invalid user toor from 172.30.185.13 port 40336 ssh2
Apr 18 15:35:12 a952d0d9ca03 sshd[3557]: Connection closed by invalid user toor 172.30.185.13 port 40336 [preauth]
Apr 18 15:35:12 a952d0d9ca03 sshd[3563]: Invalid user njzf from 172.30.185.11 port 36580
Apr 18 15:35:12 a952d0d9ca03 sshd[3563]: error: Could not get shadow information for NOUSER
Apr 18 15:35:12 a952d0d9ca03 sshd[3563]: Failed none for invalid user njzf from 172.30.185.11 port 36580 ssh2
Apr 18 15:35:12 a952d0d9ca03 sshd[3563]: Failed password for invalid user njzf from 172.30.185.11 port 36580 ssh2
Apr 18 15:35:12 a952d0d9ca03 sshd[3563]: Connection closed by invalid user njzf 172.30.185.11 port 36580 [preauth]
Apr 18 15:35:12 a952d0d9ca03 sshd[3565]: Invalid user foundry from 172.30.185.14 port 52964
Apr 18 15:35:12 a952d0d9ca03 sshd[3565]: error: Could not get shadow information for NOUSER
Apr 18 15:35:12 a952d0d9ca03 sshd[3565]: Failed none for invalid user foundry from 172.30.185.14 port 52964 ssh2
Apr 18 15:35:12 a952d0d9ca03 sshd[3565]: Failed password for invalid user foundry from 172.30.185.14 port 52964 ssh2
Apr 18 15:35:12 a952d0d9ca03 sshd[3565]: Connection closed by invalid user foundry 172.30.185.14 port 52964 [preauth]
Apr 18 15:35:12 a952d0d9ca03 sshd[3567]: Invalid user wasabi from 172.30.185.12 port 45450
Apr 18 15:35:12 a952d0d9ca03 sshd[3567]: error: Could not get shadow information for NOUSER
Apr 18 15:35:12 a952d0d9ca03 sshd[3567]: Failed none for invalid user wasabi from 172.30.185.12 port 45450 ssh2
Apr 18 15:35:12 a952d0d9ca03 sshd[3567]: Failed password for invalid user wasabi from 172.30.185.12 port 45450 ssh2
Apr 18 15:35:12 a952d0d9ca03 sshd[3567]: Connection closed by invalid user wasabi 172.30.185.12 port 45450 [preauth]
Apr 18 15:35:12 a952d0d9ca03 sshd[3569]: Invalid user ansible from 172.30.185.9 port 41122
Apr 18 15:35:12 a952d0d9ca03 sshd[3569]: error: Could not get shadow information for NOUSER
Apr 18 15:35:12 a952d0d9ca03 sshd[3569]: Failed none for invalid user ansible from 172.30.185.9 port 41122 ssh2
Apr 18 15:35:12 a952d0d9ca03 sshd[3569]: Failed password for invalid user ansible from 172.30.185.9 port 41122 ssh2
Apr 18 15:35:12 a952d0d9ca03 sshd[3569]: Connection closed by invalid user ansible 172.30.185.9 port 41122 [preauth]
Apr 18 15:35:12 a952d0d9ca03 sshd[3571]: Invalid user rajan from 172.30.185.10 port 41622
Apr 18 15:35:12 a952d0d9ca03 sshd[3571]: error: Could not get shadow information for NOUSER
Apr 18 15:35:12 a952d0d9ca03 sshd[3571]: Failed none for invalid user rajan from 172.30.185.10 port 41622 ssh2
Apr 18 15:35:12 a952d0d9ca03 sshd[3571]: Failed password for invalid user rajan from 172.30.185.10 port 41622 ssh2
Apr 18 15:35:12 a952d0d9ca03 sshd[3571]: Connection closed by invalid user rajan 172.30.185.10 port 41622 [preauth]
Apr 18 15:35:12 a952d0d9ca03 sshd[3572]: Invalid user toor from 172.30.185.13 port 40338
Apr 18 15:35:12 a952d0d9ca03 sshd[3572]: error: Could not get shadow information for NOUSER
Apr 18 15:35:12 a952d0d9ca03 sshd[3572]: Failed none for invalid user toor from 172.30.185.13 port 40338 ssh2
Apr 18 15:35:12 a952d0d9ca03 sshd[3572]: Failed password for invalid user toor from 172.30.185.13 port 40338 ssh2
Apr 18 15:35:12 a952d0d9ca03 sshd[3572]: Connection closed by invalid user toor 172.30.185.13 port 40338 [preauth]
Apr 18 15:35:12 a952d0d9ca03 sshd[3577]: Invalid user foundry from 172.30.185.14 port 52968
Apr 18 15:35:12 a952d0d9ca03 sshd[3577]: error: Could not get shadow information for NOUSER
Apr 18 15:35:12 a952d0d9ca03 sshd[3575]: Invalid user njzf from 172.30.185.11 port 36582
Apr 18 15:35:12 a952d0d9ca03 sshd[3575]: error: Could not get shadow information for NOUSER
Apr 18 15:35:12 a952d0d9ca03 sshd[3577]: Failed none for invalid user foundry from 172.30.185.14 port 52968 ssh2
Apr 18 15:35:12 a952d0d9ca03 sshd[3575]: Failed none for invalid user njzf from 172.30.185.11 port 36582 ssh2
Apr 18 15:35:12 a952d0d9ca03 sshd[3577]: Failed password for invalid user foundry from 172.30.185.14 port 52968 ssh2
Apr 18 15:35:12 a952d0d9ca03 sshd[3579]: Invalid user wasabi from 172.30.185.12 port 45458
Apr 18 15:35:12 a952d0d9ca03 sshd[3579]: error: Could not get shadow information for NOUSER
Apr 18 15:35:12 a952d0d9ca03 sshd[3575]: Failed password for invalid user njzf from 172.30.185.11 port 36582 ssh2
Apr 18 15:35:12 a952d0d9ca03 sshd[3577]: Connection closed by invalid user foundry 172.30.185.14 port 52968 [preauth]
Apr 18 15:35:12 a952d0d9ca03 sshd[3579]: Failed none for invalid user wasabi from 172.30.185.12 port 45458 ssh2
Apr 18 15:35:12 a952d0d9ca03 sshd[3575]: Connection closed by invalid user njzf 172.30.185.11 port 36582 [preauth]
Apr 18 15:35:12 a952d0d9ca03 sshd[3579]: Failed password for invalid user wasabi from 172.30.185.12 port 45458 ssh2
Apr 18 15:35:12 a952d0d9ca03 sshd[3579]: Connection closed by invalid user wasabi 172.30.185.12 port 45458 [preauth]
Apr 18 15:35:13 a952d0d9ca03 sshd[3581]: Invalid user rajan from 172.30.185.10 port 41636
Apr 18 15:35:13 a952d0d9ca03 sshd[3581]: error: Could not get shadow information for NOUSER
Apr 18 15:35:13 a952d0d9ca03 sshd[3581]: Failed none for invalid user rajan from 172.30.185.10 port 41636 ssh2
Apr 18 15:35:13 a952d0d9ca03 sshd[3581]: Failed password for invalid user rajan from 172.30.185.10 port 41636 ssh2
Apr 18 15:35:13 a952d0d9ca03 sshd[3581]: Connection closed by invalid user rajan 172.30.185.10 port 41636 [preauth]
Apr 18 15:35:13 a952d0d9ca03 sshd[3584]: Invalid user toor from 172.30.185.13 port 40352
Apr 18 15:35:13 a952d0d9ca03 sshd[3584]: error: Could not get shadow information for NOUSER
Apr 18 15:35:13 a952d0d9ca03 sshd[3584]: Failed none for invalid user toor from 172.30.185.13 port 40352 ssh2
Apr 18 15:35:13 a952d0d9ca03 sshd[3584]: Failed password for invalid user toor from 172.30.185.13 port 40352 ssh2
Apr 18 15:35:13 a952d0d9ca03 sshd[3584]: Connection closed by invalid user toor 172.30.185.13 port 40352 [preauth]
Apr 18 15:35:13 a952d0d9ca03 sshd[3587]: Invalid user foundry from 172.30.185.14 port 52978
Apr 18 15:35:13 a952d0d9ca03 sshd[3587]: error: Could not get shadow information for NOUSER
Apr 18 15:35:13 a952d0d9ca03 sshd[3587]: Failed none for invalid user foundry from 172.30.185.14 port 52978 ssh2
Apr 18 15:35:13 a952d0d9ca03 sshd[3583]: Invalid user master from 172.30.185.15 port 40474
