Apr 18 15:36:51 a952d0d9ca03 sshd[7399]: Failed none for invalid user temp from 172.30.185.10 port 52214 ssh2
Apr 18 15:36:51 a952d0d9ca03 sshd[7399]: Failed password for invalid user temp from 172.30.185.10 port 52214 ssh2
Apr 18 15:36:51 a952d0d9ca03 sshd[7399]: Connection closed by invalid user temp 172.30.185.10 port 52214 [preauth]
Apr 18 15:36:51 a952d0d9ca03 sshd[7401]: Invalid user lily from 172.30.185.9 port 52530
Apr 18 15:36:51 a952d0d9ca03 sshd[7401]: error: Could not get shadow information for NOUSER
Apr 18 15:36:51 a952d0d9ca03 sshd[7401]: Failed none for invalid user lily from 172.30.185.9 port 52530 ssh2
Apr 18 15:36:51 a952d0d9ca03 sshd[7401]: Failed password for invalid user lily from 172.30.185.9 port 52530 ssh2
Apr 18 15:36:51 a952d0d9ca03 sshd[7401]: Connection closed by invalid user lily 172.30.185.9 port 52530 [preauth]
Apr 18 15:36:51 a952d0d9ca03 sshd[7403]: Invalid user magdalena from 172.30.185.11 port 40020
Apr 18 15:36:51 a952d0d9ca03 sshd[7403]: error: Could not get shadow information for NOUSER
Apr 18 15:36:51 a952d0d9ca03 sshd[7403]: Failed none for invalid user magdalena from 172.30.185.11 port 40020 ssh2
Apr 18 15:36:51 a952d0d9ca03 sshd[7403]: Failed password for invalid user magdalena from 172.30.185.11 port 40020 ssh2
Apr 18 15:36:51 a952d0d9ca03 sshd[7403]: Connection closed by invalid user magdalena 172.30.185.11 port 40020 [preauth]
Apr 18 15:36:51 a952d0d9ca03 sshd[7405]: Invalid user nfsnobod from 172.30.185.12 port 58722
Apr 18 15:36:51 a952d0d9ca03 sshd[7405]: error: Could not get shadow information for NOUSER
Apr 18 15:36:51 a952d0d9ca03 sshd[7405]: Failed none for invalid user nfsnobod from 172.30.185.12 port 58722 ssh2
Apr 18 15:36:51 a952d0d9ca03 sshd[7407]: Invalid user temp from 172.30.185.10 port 52230
Apr 18 15:36:51 a952d0d9ca03 sshd[7407]: error: Could not get shadow information for NOUSER
Apr 18 15:36:51 a952d0d9ca03 sshd[7405]: Failed password for invalid user nfsnobod from 172.30.185.12 port 58722 ssh2
Apr 18 15:36:51 a952d0d9ca03 sshd[7405]: Connection closed by invalid user nfsnobod 172.30.185.12 port 58722 [preauth]
Apr 18 15:36:51 a952d0d9ca03 sshd[7407]: Failed none for invalid user temp from 172.30.185.10 port 52230 ssh2
Apr 18 15:36:51 a952d0d9ca03 sshd[7407]: Failed password for invalid user temp from 172.30.185.10 port 52230 ssh2
Apr 18 15:36:51 a952d0d9ca03 sshd[7407]: Connection closed by invalid user temp 172.30.185.10 port 52230 [preauth]
Apr 18 15:36:51 a952d0d9ca03 sshd[7409]: Invalid user kibana from 172.30.185.13 port 33784
Apr 18 15:36:51 a952d0d9ca03 sshd[7409]: error: Could not get shadow information for NOUSER
Apr 18 15:36:51 a952d0d9ca03 sshd[7409]: Failed none for invalid user kibana from 172.30.185.13 port 33784 ssh2
Apr 18 15:36:51 a952d0d9ca03 sshd[7409]: Failed password for invalid user kibana from 172.30.185.13 port 33784 ssh2
Apr 18 15:36:51 a952d0d9ca03 sshd[7411]: Invalid user magdalena from 172.30.185.11 port 40030
Apr 18 15:36:51 a952d0d9ca03 sshd[7411]: error: Could not get shadow information for NOUSER
Apr 18 15:36:51 a952d0d9ca03 sshd[7411]: Failed none for invalid user magdalena from 172.30.185.11 port 40030 ssh2
Apr 18 15:36:51 a952d0d9ca03 sshd[7409]: Connection closed by invalid user kibana 172.30.185.13 port 33784 [preauth]
Apr 18 15:36:51 a952d0d9ca03 sshd[7411]: Failed password for invalid user magdalena from 172.30.185.11 port 40030 ssh2
Apr 18 15:36:51 a952d0d9ca03 sshd[7411]: Connection closed by invalid user magdalena 172.30.185.11 port 40030 [preauth]
Apr 18 15:36:51 a952d0d9ca03 sshd[7413]: Invalid user nfsnobod from 172.30.185.12 port 58730
Apr 18 15:36:51 a952d0d9ca03 sshd[7413]: error: Could not get shadow information for NOUSER
Apr 18 15:36:51 a952d0d9ca03 sshd[7413]: Failed none for invalid user nfsnobod from 172.30.185.12 port 58730 ssh2
Apr 18 15:36:51 a952d0d9ca03 sshd[7413]: Failed password for invalid user nfsnobod from 172.30.185.12 port 58730 ssh2
Apr 18 15:36:51 a952d0d9ca03 sshd[7415]: Invalid user temp from 172.30.185.10 port 52246
Apr 18 15:36:51 a952d0d9ca03 sshd[7415]: error: Could not get shadow information for NOUSER
Apr 18 15:36:51 a952d0d9ca03 sshd[7413]: Connection closed by invalid user nfsnobod 172.30.185.12 port 58730 [preauth]
Apr 18 15:36:51 a952d0d9ca03 sshd[7415]: Failed none for invalid user temp from 172.30.185.10 port 52246 ssh2
Apr 18 15:36:51 a952d0d9ca03 sshd[7415]: Failed password for invalid user temp from 172.30.185.10 port 52246 ssh2
Apr 18 15:36:51 a952d0d9ca03 sshd[7415]: Connection closed by invalid user temp 172.30.185.10 port 52246 [preauth]
Apr 18 15:36:51 a952d0d9ca03 sshd[7417]: Invalid user jinyu from 172.30.185.14 port 58136
Apr 18 15:36:51 a952d0d9ca03 sshd[7417]: error: Could not get shadow information for NOUSER
Apr 18 15:36:51 a952d0d9ca03 sshd[7417]: Failed none for invalid user jinyu from 172.30.185.14 port 58136 ssh2
Apr 18 15:36:51 a952d0d9ca03 sshd[7417]: Failed password for invalid user jinyu from 172.30.185.14 port 58136 ssh2
Apr 18 15:36:51 a952d0d9ca03 sshd[7417]: Connection closed by invalid user jinyu 172.30.185.14 port 58136 [preauth]
Apr 18 15:36:51 a952d0d9ca03 sshd[7419]: Invalid user kibana from 172.30.185.13 port 33788
Apr 18 15:36:51 a952d0d9ca03 sshd[7419]: error: Could not get shadow information for NOUSER
Apr 18 15:36:51 a952d0d9ca03 sshd[7419]: Failed none for invalid user kibana from 172.30.185.13 port 33788 ssh2
Apr 18 15:36:51 a952d0d9ca03 sshd[7419]: Failed password for invalid user kibana from 172.30.185.13 port 33788 ssh2
Apr 18 15:36:51 a952d0d9ca03 sshd[7419]: Connection closed by invalid user kibana 172.30.185.13 port 33788 [preauth]
Apr 18 15:36:51 a952d0d9ca03 sshd[7421]: Invalid user magdalena from 172.30.185.11 port 40032
Apr 18 15:36:51 a952d0d9ca03 sshd[7421]: error: Could not get shadow information for NOUSER
Apr 18 15:36:51 a952d0d9ca03 sshd[7421]: Failed none for invalid user magdalena from 172.30.185.11 port 40032 ssh2
Apr 18 15:36:51 a952d0d9ca03 sshd[7421]: Failed password for invalid user magdalena from 172.30.185.11 port 40032 ssh2
Apr 18 15:36:51 a952d0d9ca03 sshd[7421]: Connection closed by invalid user magdalena 172.30.185.11 port 40032 [preauth]
Apr 18 15:36:51 a952d0d9ca03 sshd[7423]: Invalid user nfsnobod from 172.30.185.12 port 58744
Apr 18 15:36:51 a952d0d9ca03 sshd[7423]: error: Could not get shadow information for NOUSER
Apr 18 15:36:51 a952d0d9ca03 sshd[7423]: Failed none for invalid user nfsnobod from 172.30.185.12 port 58744 ssh2
Apr 18 15:36:51 a952d0d9ca03 sshd[7425]: Invalid user temp from 172.30.185.10 port 52252
Apr 18 15:36:51 a952d0d9ca03 sshd[7423]: Failed password for invalid user nfsnobod from 172.30.185.12 port 58744 ssh2
Apr 18 15:36:51 a952d0d9ca03 sshd[7425]: error: Could not get shadow information for NOUSER
Apr 18 15:36:51 a952d0d9ca03 sshd[7425]: Failed none for invalid user temp from 172.30.185.10 port 52252 ssh2
Apr 18 15:36:51 a952d0d9ca03 sshd[7423]: Connection closed by invalid user nfsnobod 172.30.185.12 port 58744 [preauth]
Apr 18 15:36:51 a952d0d9ca03 sshd[7425]: Failed password for invalid user temp from 172.30.185.10 port 52252 ssh2
Apr 18 15:36:51 a952d0d9ca03 sshd[7425]: Connection closed by invalid user temp 172.30.185.10 port 52252 [preauth]
Apr 18 15:36:52 a952d0d9ca03 sshd[7427]: Invalid user jinyu from 172.30.185.14 port 58140
Apr 18 15:36:52 a952d0d9ca03 sshd[7427]: error: Could not get shadow information for NOUSER
Apr 18 15:36:52 a952d0d9ca03 sshd[7427]: Failed none for invalid user jinyu from 172.30.185.14 port 58140 ssh2
Apr 18 15:36:52 a952d0d9ca03 sshd[7429]: Invalid user kibana from 172.30.185.13 port 33794
Apr 18 15:36:52 a952d0d9ca03 sshd[7427]: Failed password for invalid user jinyu from 172.30.185.14 port 58140 ssh2
Apr 18 15:36:52 a952d0d9ca03 sshd[7429]: error: Could not get shadow information for NOUSER
Apr 18 15:36:52 a952d0d9ca03 sshd[7427]: Connection closed by invalid user jinyu 172.30.185.14 port 58140 [preauth]
Apr 18 15:36:52 a952d0d9ca03 sshd[7429]: Failed none for invalid user kibana from 172.30.185.13 port 33794 ssh2
Apr 18 15:36:52 a952d0d9ca03 sshd[7429]: Failed password for invalid user kibana from 172.30.185.13 port 33794 ssh2
Apr 18 15:36:52 a952d0d9ca03 sshd[7429]: Connection closed by invalid user kibana 172.30.185.13 port 33794 [preauth]
Apr 18 15:36:52 a952d0d9ca03 sshd[7431]: Invalid user magdalena from 172.30.185.11 port 40042
Apr 18 15:36:52 a952d0d9ca03 sshd[7431]: error: Could not get shadow information for NOUSER
Apr 18 15:36:52 a952d0d9ca03 sshd[7431]: Failed none for invalid user magdalena from 172.30.185.11 port 40042 ssh2
Apr 18 15:36:52 a952d0d9ca03 sshd[7431]: Failed password for invalid user magdalena from 172.30.185.11 port 40042 ssh2
Apr 18 15:36:52 a952d0d9ca03 sshd[7431]: Connection closed by invalid user magdalena 172.30.185.11 port 40042 [preauth]
Apr 18 15:36:52 a952d0d9ca03 sshd[7435]: Invalid user temp from 172.30.185.10 port 52266
Apr 18 15:36:52 a952d0d9ca03 sshd[7435]: error: Could not get shadow information for NOUSER
Apr 18 15:36:52 a952d0d9ca03 sshd[7433]: Invalid user nfsnobod from 172.30.185.12 port 58756
Apr 18 15:36:52 a952d0d9ca03 sshd[7433]: error: Could not get shadow information for NOUSER
Apr 18 15:36:52 a952d0d9ca03 sshd[7435]: Failed none for invalid user temp from 172.30.185.10 port 52266 ssh2
Apr 18 15:36:52 a952d0d9ca03 sshd[7433]: Failed none for invalid user nfsnobod from 172.30.185.12 port 58756 ssh2
Apr 18 15:36:52 a952d0d9ca03 sshd[7433]: Failed password for invalid user nfsnobod from 172.30.185.12 port 58756 ssh2
Apr 18 15:36:52 a952d0d9ca03 sshd[7435]: Failed password for invalid user temp from 172.30.185.10 port 52266 ssh2
Apr 18 15:36:52 a952d0d9ca03 sshd[7433]: Connection closed by invalid user nfsnobod 172.30.185.12 port 58756 [preauth]
Apr 18 15:36:52 a952d0d9ca03 sshd[7435]: Connection closed by invalid user temp 172.30.185.10 port 52266 [preauth]
Apr 18 15:36:52 a952d0d9ca03 sshd[7437]: Invalid user vali from 172.30.185.15 port 48994
Apr 18 15:36:52 a952d0d9ca03 sshd[7437]: error: Could not get shadow information for NOUSER
Apr 18 15:36:52 a952d0d9ca03 sshd[7437]: Failed none for invalid user vali from 172.30.185.15 port 48994 ssh2
Apr 18 15:36:52 a952d0d9ca03 sshd[7437]: Failed password for invalid user vali from 172.30.185.15 port 48994 ssh2
Apr 18 15:36:52 a952d0d9ca03 sshd[7437]: Connection closed by invalid user vali 172.30.185.15 port 48994 [preauth]
Apr 18 15:36:52 a952d0d9ca03 sshd[7439]: Invalid user jinyu from 172.30.185.14 port 58154
Apr 18 15:36:52 a952d0d9ca03 sshd[7441]: Invalid user kibana from 172.30.185.13 port 33810
Apr 18 15:36:52 a952d0d9ca03 sshd[7439]: error: Could not get shadow information for NOUSER
Apr 18 15:36:52 a952d0d9ca03 sshd[7441]: error: Could not get shadow information for NOUSER
Apr 18 15:36:52 a952d0d9ca03 sshd[7443]: Invalid user magdalena from 172.30.185.11 port 40044
Apr 18 15:36:52 a952d0d9ca03 sshd[7439]: Failed none for invalid user jinyu from 172.30.185.14 port 58154 ssh2
Apr 18 15:36:52 a952d0d9ca03 sshd[7443]: error: Could not get shadow information for NOUSER
Apr 18 15:36:52 a952d0d9ca03 sshd[7441]: Failed none for invalid user kibana from 172.30.185.13 port 33810 ssh2
Apr 18 15:36:52 a952d0d9ca03 sshd[7443]: Failed none for invalid user magdalena from 172.30.185.11 port 40044 ssh2
Apr 18 15:36:52 a952d0d9ca03 sshd[7439]: Failed password for invalid user jinyu from 172.30.185.14 port 58154 ssh2
Apr 18 15:36:52 a952d0d9ca03 sshd[7441]: Failed password for invalid user kibana from 172.30.185.13 port 33810 ssh2
Apr 18 15:36:52 a952d0d9ca03 sshd[7439]: Connection closed by invalid user jinyu 172.30.185.14 port 58154 [preauth]
Apr 18 15:36:52 a952d0d9ca03 sshd[7443]: Failed password for invalid user magdalena from 172.30.185.11 port 40044 ssh2
Apr 18 15:36:52 a952d0d9ca03 sshd[7441]: Connection closed by invalid user kibana 172.30.185.13 port 33810 [preauth]
Apr 18 15:36:52 a952d0d9ca03 sshd[7443]: Connection closed by invalid user magdalena 172.30.185.11 port 40044 [preauth]
Apr 18 15:36:52 a952d0d9ca03 sshd[7445]: Invalid user xu from 172.30.185.16 port 54752
Apr 18 15:36:52 a952d0d9ca03 sshd[7445]: error: Could not get shadow information for NOUSER
Apr 18 15:36:52 a952d0d9ca03 sshd[7445]: Failed none for invalid user xu from 172.30.185.16 port 54752 ssh2
Apr 18 15:36:52 a952d0d9ca03 sshd[7445]: Failed password for invalid user xu from 172.30.185.16 port 54752 ssh2
Apr 18 15:36:52 a952d0d9ca03 sshd[7445]: Connection closed by invalid user xu 172.30.185.16 port 54752 [preauth]
Apr 18 15:36:52 a952d0d9ca03 sshd[7447]: Invalid user nfsnobod from 172.30.185.12 port 58760
Apr 18 15:36:52 a952d0d9ca03 sshd[7447]: error: Could not get shadow information for NOUSER
Apr 18 15:36:52 a952d0d9ca03 sshd[7447]: Failed none for invalid user nfsnobod from 172.30.185.12 port 58760 ssh2
Apr 18 15:36:52 a952d0d9ca03 sshd[7448]: Invalid user temp from 172.30.185.10 port 52272
Apr 18 15:36:52 a952d0d9ca03 sshd[7448]: error: Could not get shadow information for NOUSER
Apr 18 15:36:52 a952d0d9ca03 sshd[7447]: Failed password for invalid user nfsnobod from 172.30.185.12 port 58760 ssh2
Apr 18 15:36:52 a952d0d9ca03 sshd[7448]: Failed none for invalid user temp from 172.30.185.10 port 52272 ssh2
Apr 18 15:36:52 a952d0d9ca03 sshd[7447]: Connection closed by invalid user nfsnobod 172.30.185.12 port 58760 [preauth]
Apr 18 15:36:52 a952d0d9ca03 sshd[7448]: Failed password for invalid user temp from 172.30.185.10 port 52272 ssh2
Apr 18 15:36:52 a952d0d9ca03 sshd[7448]: Connection closed by invalid user temp 172.30.185.10 port 52272 [preauth]
Apr 18 15:36:52 a952d0d9ca03 sshd[7451]: Invalid user vali from 172.30.185.15 port 48996
Apr 18 15:36:52 a952d0d9ca03 sshd[7451]: error: Could not get shadow information for NOUSER
Apr 18 15:36:52 a952d0d9ca03 sshd[7451]: Failed none for invalid user vali from 172.30.185.15 port 48996 ssh2
Apr 18 15:36:52 a952d0d9ca03 sshd[7451]: Failed password for invalid user vali from 172.30.185.15 port 48996 ssh2
Apr 18 15:36:52 a952d0d9ca03 sshd[7451]: Connection closed by invalid user vali 172.30.185.15 port 48996 [preauth]
Apr 18 15:36:52 a952d0d9ca03 sshd[7453]: Invalid user jinyu from 172.30.185.14 port 58158
Apr 18 15:36:52 a952d0d9ca03 sshd[7453]: error: Could not get shadow information for NOUSER
Apr 18 15:36:52 a952d0d9ca03 sshd[7453]: Failed none for invalid user jinyu from 172.30.185.14 port 58158 ssh2
Apr 18 15:36:52 a952d0d9ca03 sshd[7454]: Invalid user kibana from 172.30.185.13 port 33822
Apr 18 15:36:52 a952d0d9ca03 sshd[7454]: error: Could not get shadow information for NOUSER
Apr 18 15:36:52 a952d0d9ca03 sshd[7454]: Failed none for invalid user kibana from 172.30.185.13 port 33822 ssh2
Apr 18 15:36:52 a952d0d9ca03 sshd[7453]: Failed password for invalid user jinyu from 172.30.185.14 port 58158 ssh2
Apr 18 15:36:52 a952d0d9ca03 sshd[7453]: Connection closed by invalid user jinyu 172.30.185.14 port 58158 [preauth]
Apr 18 15:36:52 a952d0d9ca03 sshd[7454]: Failed password for invalid user kibana from 172.30.185.13 port 33822 ssh2
Apr 18 15:36:52 a952d0d9ca03 sshd[7454]: Connection closed by invalid user kibana 172.30.185.13 port 33822 [preauth]
Apr 18 15:36:52 a952d0d9ca03 sshd[7456]: Invalid user magdalena from 172.30.185.11 port 40056
Apr 18 15:36:52 a952d0d9ca03 sshd[7456]: error: Could not get shadow information for NOUSER
Apr 18 15:36:52 a952d0d9ca03 sshd[7456]: Failed none for invalid user magdalena from 172.30.185.11 port 40056 ssh2
Apr 18 15:36:52 a952d0d9ca03 sshd[7456]: Failed password for invalid user magdalena from 172.30.185.11 port 40056 ssh2
Apr 18 15:36:52 a952d0d9ca03 sshd[7456]: Connection closed by invalid user magdalena 172.30.185.11 port 40056 [preauth]
Apr 18 15:36:52 a952d0d9ca03 sshd[7461]: Invalid user nfsnobod from 172.30.185.12 port 58762
Apr 18 15:36:52 a952d0d9ca03 sshd[7461]: error: Could not get shadow information for NOUSER
Apr 18 15:36:52 a952d0d9ca03 sshd[7461]: Failed none for invalid user nfsnobod from 172.30.185.12 port 58762 ssh2
Apr 18 15:36:52 a952d0d9ca03 sshd[7459]: Invalid user xu from 172.30.185.16 port 54754
Apr 18 15:36:52 a952d0d9ca03 sshd[7459]: error: Could not get shadow information for NOUSER
Apr 18 15:36:52 a952d0d9ca03 sshd[7459]: Failed none for invalid user xu from 172.30.185.16 port 54754 ssh2
Apr 18 15:36:52 a952d0d9ca03 sshd[7461]: Failed password for invalid user nfsnobod from 172.30.185.12 port 58762 ssh2
Apr 18 15:36:52 a952d0d9ca03 sshd[7461]: Connection closed by invalid user nfsnobod 172.30.185.12 port 58762 [preauth]
Apr 18 15:36:52 a952d0d9ca03 sshd[7459]: Failed password for invalid user xu from 172.30.185.16 port 54754 ssh2
Apr 18 15:36:52 a952d0d9ca03 sshd[7459]: Connection closed by invalid user xu 172.30.185.16 port 54754 [preauth]
Apr 18 15:36:52 a952d0d9ca03 sshd[7463]: Invalid user vali from 172.30.185.15 port 49012
Apr 18 15:36:52 a952d0d9ca03 sshd[7463]: error: Could not get shadow information for NOUSER
Apr 18 15:36:52 a952d0d9ca03 sshd[7463]: Failed none for invalid user vali from 172.30.185.15 port 49012 ssh2
Apr 18 15:36:52 a952d0d9ca03 sshd[7463]: Failed password for invalid user vali from 172.30.185.15 port 49012 ssh2
Apr 18 15:36:52 a952d0d9ca03 sshd[7463]: Connection closed by invalid user vali 172.30.185.15 port 49012 [preauth]
Apr 18 15:36:52 a952d0d9ca03 sshd[7466]: Invalid user kibana from 172.30.185.13 port 33828
Apr 18 15:36:52 a952d0d9ca03 sshd[7466]: error: Could not get shadow information for NOUSER
Apr 18 15:36:52 a952d0d9ca03 sshd[7466]: Failed none for invalid user kibana from 172.30.185.13 port 33828 ssh2
Apr 18 15:36:52 a952d0d9ca03 sshd[7466]: Failed password for invalid user kibana from 172.30.185.13 port 33828 ssh2
Apr 18 15:36:52 a952d0d9ca03 sshd[7466]: Connection closed by invalid user kibana 172.30.185.13 port 33828 [preauth]
Apr 18 15:36:52 a952d0d9ca03 sshd[7469]: Invalid user magdalena from 172.30.185.11 port 40058
Apr 18 15:36:52 a952d0d9ca03 sshd[7469]: error: Could not get shadow information for NOUSER
Apr 18 15:36:52 a952d0d9ca03 sshd[7465]: Invalid user jinyu from 172.30.185.14 port 58166
Apr 18 15:36:52 a952d0d9ca03 sshd[7465]: error: Could not get shadow information for NOUSER
Apr 18 15:36:52 a952d0d9ca03 sshd[7469]: Failed none for invalid user magdalena from 172.30.185.11 port 40058 ssh2
Apr 18 15:36:52 a952d0d9ca03 sshd[7465]: Failed none for invalid user jinyu from 172.30.185.14 port 58166 ssh2
Apr 18 15:36:52 a952d0d9ca03 sshd[7465]: Failed password for invalid user jinyu from 172.30.185.14 port 58166 ssh2
Apr 18 15:36:52 a952d0d9ca03 sshd[7469]: Failed password for invalid user magdalena from 172.30.185.11 port 40058 ssh2
Apr 18 15:36:52 a952d0d9ca03 sshd[7465]: Connection closed by invalid user jinyu 172.30.185.14 port 58166 [preauth]
Apr 18 15:36:52 a952d0d9ca03 sshd[7469]: Connection closed by invalid user magdalena 172.30.185.11 port 40058 [preauth]
Apr 18 15:36:52 a952d0d9ca03 sshd[7473]: Invalid user xu from 172.30.185.16 port 54760
Apr 18 15:36:52 a952d0d9ca03 sshd[7473]: error: Could not get shadow information for NOUSER
Apr 18 15:36:52 a952d0d9ca03 sshd[7473]: Failed none for invalid user xu from 172.30.185.16 port 54760 ssh2
Apr 18 15:36:52 a952d0d9ca03 sshd[7473]: Failed password for invalid user xu from 172.30.185.16 port 54760 ssh2
Apr 18 15:36:52 a952d0d9ca03 sshd[7473]: Connection closed by invalid user xu 172.30.185.16 port 54760 [preauth]
Apr 18 15:36:52 a952d0d9ca03 sshd[7471]: Invalid user nfsnobod from 172.30.185.12 port 58770
Apr 18 15:36:52 a952d0d9ca03 sshd[7471]: error: Could not get shadow information for NOUSER
Apr 18 15:36:52 a952d0d9ca03 sshd[7471]: Failed none for invalid user nfsnobod from 172.30.185.12 port 58770 ssh2
Apr 18 15:36:52 a952d0d9ca03 sshd[7471]: Failed password for invalid user nfsnobod from 172.30.185.12 port 58770 ssh2
Apr 18 15:36:52 a952d0d9ca03 sshd[7471]: Connection closed by invalid user nfsnobod 172.30.185.12 port 58770 [preauth]
Apr 18 15:36:52 a952d0d9ca03 sshd[7475]: Invalid user vali from 172.30.185.15 port 49024
Apr 18 15:36:52 a952d0d9ca03 sshd[7475]: error: Could not get shadow information for NOUSER
Apr 18 15:36:52 a952d0d9ca03 sshd[7475]: Failed none for invalid user vali from 172.30.185.15 port 49024 ssh2
Apr 18 15:36:52 a952d0d9ca03 sshd[7475]: Failed password for invalid user vali from 172.30.185.15 port 49024 ssh2
Apr 18 15:36:53 a952d0d9ca03 sshd[7475]: Connection closed by invalid user vali 172.30.185.15 port 49024 [preauth]
Apr 18 15:36:53 a952d0d9ca03 sshd[7477]: Invalid user kibana from 172.30.185.13 port 33844
Apr 18 15:36:53 a952d0d9ca03 sshd[7477]: error: Could not get shadow information for NOUSER
Apr 18 15:36:53 a952d0d9ca03 sshd[7477]: Failed none for invalid user kibana from 172.30.185.13 port 33844 ssh2
Apr 18 15:36:53 a952d0d9ca03 sshd[7477]: Failed password for invalid user kibana from 172.30.185.13 port 33844 ssh2
Apr 18 15:36:53 a952d0d9ca03 sshd[7477]: Connection closed by invalid user kibana 172.30.185.13 port 33844 [preauth]
Apr 18 15:36:53 a952d0d9ca03 sshd[7479]: Invalid user jinyu from 172.30.185.14 port 58172
Apr 18 15:36:53 a952d0d9ca03 sshd[7479]: error: Could not get shadow information for NOUSER
Apr 18 15:36:53 a952d0d9ca03 sshd[7479]: Failed none for invalid user jinyu from 172.30.185.14 port 58172 ssh2
Apr 18 15:36:53 a952d0d9ca03 sshd[7479]: Failed password for invalid user jinyu from 172.30.185.14 port 58172 ssh2
Apr 18 15:36:53 a952d0d9ca03 sshd[7479]: Connection closed by invalid user jinyu 172.30.185.14 port 58172 [preauth]
Apr 18 15:36:53 a952d0d9ca03 sshd[7481]: Invalid user xu from 172.30.185.16 port 54764
Apr 18 15:36:53 a952d0d9ca03 sshd[7481]: error: Could not get shadow information for NOUSER
Apr 18 15:36:53 a952d0d9ca03 sshd[7481]: Failed none for invalid user xu from 172.30.185.16 port 54764 ssh2
Apr 18 15:36:53 a952d0d9ca03 sshd[7481]: Failed password for invalid user xu from 172.30.185.16 port 54764 ssh2
Apr 18 15:36:53 a952d0d9ca03 sshd[7483]: Invalid user nfsnobod from 172.30.185.12 port 58776
Apr 18 15:36:53 a952d0d9ca03 sshd[7483]: error: Could not get shadow information for NOUSER
Apr 18 15:36:53 a952d0d9ca03 sshd[7483]: Failed none for invalid user nfsnobod from 172.30.185.12 port 58776 ssh2
Apr 18 15:36:53 a952d0d9ca03 sshd[7481]: Connection closed by invalid user xu 172.30.185.16 port 54764 [preauth]
Apr 18 15:36:53 a952d0d9ca03 sshd[7483]: Failed password for invalid user nfsnobod from 172.30.185.12 port 58776 ssh2
Apr 18 15:36:53 a952d0d9ca03 sshd[7483]: Connection closed by invalid user nfsnobod 172.30.185.12 port 58776 [preauth]
Apr 18 15:36:53 a952d0d9ca03 sshd[7485]: Invalid user vali from 172.30.185.15 port 49032
Apr 18 15:36:53 a952d0d9ca03 sshd[7485]: error: Could not get shadow information for NOUSER
Apr 18 15:36:53 a952d0d9ca03 sshd[7485]: Failed none for invalid user vali from 172.30.185.15 port 49032 ssh2
Apr 18 15:36:53 a952d0d9ca03 sshd[7485]: Failed password for invalid user vali from 172.30.185.15 port 49032 ssh2
Apr 18 15:36:53 a952d0d9ca03 sshd[7485]: Connection closed by invalid user vali 172.30.185.15 port 49032 [preauth]
Apr 18 15:36:53 a952d0d9ca03 sshd[7487]: Invalid user kibana from 172.30.185.13 port 33850
Apr 18 15:36:53 a952d0d9ca03 sshd[7487]: error: Could not get shadow information for NOUSER
Apr 18 15:36:53 a952d0d9ca03 sshd[7487]: Failed none for invalid user kibana from 172.30.185.13 port 33850 ssh2
Apr 18 15:36:53 a952d0d9ca03 sshd[7487]: Failed password for invalid user kibana from 172.30.185.13 port 33850 ssh2
Apr 18 15:36:53 a952d0d9ca03 sshd[7487]: Connection closed by invalid user kibana 172.30.185.13 port 33850 [preauth]
Apr 18 15:36:53 a952d0d9ca03 sshd[7489]: Invalid user jinyu from 172.30.185.14 port 58186
Apr 18 15:36:53 a952d0d9ca03 sshd[7489]: error: Could not get shadow information for NOUSER
Apr 18 15:36:53 a952d0d9ca03 sshd[7489]: Failed none for invalid user jinyu from 172.30.185.14 port 58186 ssh2
Apr 18 15:36:53 a952d0d9ca03 sshd[7489]: Failed password for invalid user jinyu from 172.30.185.14 port 58186 ssh2
Apr 18 15:36:53 a952d0d9ca03 sshd[7489]: Connection closed by invalid user jinyu 172.30.185.14 port 58186 [preauth]
Apr 18 15:36:53 a952d0d9ca03 sshd[7491]: Invalid user xu from 172.30.185.16 port 54776
Apr 18 15:36:53 a952d0d9ca03 sshd[7491]: error: Could not get shadow information for NOUSER
Apr 18 15:36:53 a952d0d9ca03 sshd[7491]: Failed none for invalid user xu from 172.30.185.16 port 54776 ssh2
Apr 18 15:36:53 a952d0d9ca03 sshd[7491]: Failed password for invalid user xu from 172.30.185.16 port 54776 ssh2
Apr 18 15:36:53 a952d0d9ca03 sshd[7491]: Connection closed by invalid user xu 172.30.185.16 port 54776 [preauth]
Apr 18 15:36:53 a952d0d9ca03 sshd[7493]: Invalid user vali from 172.30.185.15 port 49034
Apr 18 15:36:53 a952d0d9ca03 sshd[7493]: error: Could not get shadow information for NOUSER
Apr 18 15:36:53 a952d0d9ca03 sshd[7493]: Failed none for invalid user vali from 172.30.185.15 port 49034 ssh2
Apr 18 15:36:53 a952d0d9ca03 sshd[7493]: Failed password for invalid user vali from 172.30.185.15 port 49034 ssh2
Apr 18 15:36:53 a952d0d9ca03 sshd[7493]: Connection closed by invalid user vali 172.30.185.15 port 49034 [preauth]
Apr 18 15:36:53 a952d0d9ca03 sshd[7495]: Invalid user kibana from 172.30.185.13 port 33856
Apr 18 15:36:53 a952d0d9ca03 sshd[7495]: error: Could not get shadow information for NOUSER
Apr 18 15:36:53 a952d0d9ca03 sshd[7495]: Failed none for invalid user kibana from 172.30.185.13 port 33856 ssh2
Apr 18 15:36:53 a952d0d9ca03 sshd[7497]: Invalid user jinyu from 172.30.185.14 port 58196
Apr 18 15:36:53 a952d0d9ca03 sshd[7495]: Failed password for invalid user kibana from 172.30.185.13 port 33856 ssh2
Apr 18 15:36:53 a952d0d9ca03 sshd[7497]: error: Could not get shadow information for NOUSER
Apr 18 15:36:53 a952d0d9ca03 sshd[7497]: Failed none for invalid user jinyu from 172.30.185.14 port 58196 ssh2
Apr 18 15:36:53 a952d0d9ca03 sshd[7495]: Connection closed by invalid user kibana 172.30.185.13 port 33856 [preauth]
Apr 18 15:36:53 a952d0d9ca03 sshd[7497]: Failed password for invalid user jinyu from 172.30.185.14 port 58196 ssh2
Apr 18 15:36:53 a952d0d9ca03 sshd[7497]: Connection closed by invalid user jinyu 172.30.185.14 port 58196 [preauth]
Apr 18 15:36:53 a952d0d9ca03 sshd[7499]: Invalid user xu from 172.30.185.16 port 54782
Apr 18 15:36:53 a952d0d9ca03 sshd[7499]: error: Could not get shadow information for NOUSER
Apr 18 15:36:53 a952d0d9ca03 sshd[7499]: Failed none for invalid user xu from 172.30.185.16 port 54782 ssh2
Apr 18 15:36:53 a952d0d9ca03 sshd[7499]: Failed password for invalid user xu from 172.30.185.16 port 54782 ssh2
Apr 18 15:36:53 a952d0d9ca03 sshd[7499]: Connection closed by invalid user xu 172.30.185.16 port 54782 [preauth]
Apr 18 15:36:53 a952d0d9ca03 sshd[7501]: Invalid user vali from 172.30.185.15 port 49048
Apr 18 15:36:53 a952d0d9ca03 sshd[7501]: error: Could not get shadow information for NOUSER
Apr 18 15:36:53 a952d0d9ca03 sshd[7501]: Failed none for invalid user vali from 172.30.185.15 port 49048 ssh2
Apr 18 15:36:53 a952d0d9ca03 sshd[7501]: Failed password for invalid user vali from 172.30.185.15 port 49048 ssh2
Apr 18 15:36:53 a952d0d9ca03 sshd[7501]: Connection closed by invalid user vali 172.30.185.15 port 49048 [preauth]
Apr 18 15:36:53 a952d0d9ca03 sshd[7503]: Invalid user kibana from 172.30.185.13 port 33864
Apr 18 15:36:53 a952d0d9ca03 sshd[7503]: error: Could not get shadow information for NOUSER
Apr 18 15:36:53 a952d0d9ca03 sshd[7503]: Failed none for invalid user kibana from 172.30.185.13 port 33864 ssh2
Apr 18 15:36:53 a952d0d9ca03 sshd[7503]: Failed password for invalid user kibana from 172.30.185.13 port 33864 ssh2
Apr 18 15:36:53 a952d0d9ca03 sshd[7505]: Invalid user jinyu from 172.30.185.14 port 58208
Apr 18 15:36:53 a952d0d9ca03 sshd[7505]: error: Could not get shadow information for NOUSER
Apr 18 15:36:53 a952d0d9ca03 sshd[7503]: Connection closed by invalid user kibana 172.30.185.13 port 33864 [preauth]
Apr 18 15:36:53 a952d0d9ca03 sshd[7505]: Failed none for invalid user jinyu from 172.30.185.14 port 58208 ssh2
Apr 18 15:36:53 a952d0d9ca03 sshd[7505]: Failed password for invalid user jinyu from 172.30.185.14 port 58208 ssh2
Apr 18 15:36:53 a952d0d9ca03 sshd[7505]: Connection closed by invalid user jinyu 172.30.185.14 port 58208 [preauth]
Apr 18 15:36:53 a952d0d9ca03 sshd[7507]: Invalid user xu from 172.30.185.16 port 54798
Apr 18 15:36:53 a952d0d9ca03 sshd[7507]: error: Could not get shadow information for NOUSER
Apr 18 15:36:53 a952d0d9ca03 sshd[7507]: Failed none for invalid user xu from 172.30.185.16 port 54798 ssh2
Apr 18 15:36:53 a952d0d9ca03 sshd[7507]: Failed password for invalid user xu from 172.30.185.16 port 54798 ssh2
Apr 18 15:36:53 a952d0d9ca03 sshd[7507]: Connection closed by invalid user xu 172.30.185.16 port 54798 [preauth]
Apr 18 15:36:53 a952d0d9ca03 sshd[7509]: Invalid user vali from 172.30.185.15 port 49060
Apr 18 15:36:53 a952d0d9ca03 sshd[7509]: error: Could not get shadow information for NOUSER
Apr 18 15:36:53 a952d0d9ca03 sshd[7509]: Failed none for invalid user vali from 172.30.185.15 port 49060 ssh2
Apr 18 15:36:53 a952d0d9ca03 sshd[7509]: Failed password for invalid user vali from 172.30.185.15 port 49060 ssh2
Apr 18 15:36:53 a952d0d9ca03 sshd[7511]: Invalid user thomnode from 172.30.185.18 port 60420
Apr 18 15:36:53 a952d0d9ca03 sshd[7511]: error: Could not get shadow information for NOUSER
Apr 18 15:36:53 a952d0d9ca03 sshd[7511]: Failed none for invalid user thomnode from 172.30.185.18 port 60420 ssh2
Apr 18 15:36:53 a952d0d9ca03 sshd[7509]: Connection closed by invalid user vali 172.30.185.15 port 49060 [preauth]
Apr 18 15:36:53 a952d0d9ca03 sshd[7511]: Failed password for invalid user thomnode from 172.30.185.18 port 60420 ssh2
Apr 18 15:36:53 a952d0d9ca03 sshd[7511]: Connection closed by invalid user thomnode 172.30.185.18 port 60420 [preauth]
Apr 18 15:36:53 a952d0d9ca03 sshd[7513]: Invalid user jinyu from 172.30.185.14 port 58216
Apr 18 15:36:53 a952d0d9ca03 sshd[7513]: error: Could not get shadow information for NOUSER
Apr 18 15:36:53 a952d0d9ca03 sshd[7513]: Failed none for invalid user jinyu from 172.30.185.14 port 58216 ssh2
Apr 18 15:36:54 a952d0d9ca03 sshd[7513]: Failed password for invalid user jinyu from 172.30.185.14 port 58216 ssh2
Apr 18 15:36:54 a952d0d9ca03 sshd[7513]: Connection closed by invalid user jinyu 172.30.185.14 port 58216 [preauth]
Apr 18 15:36:54 a952d0d9ca03 sshd[7515]: Invalid user uftp from 172.30.185.17 port 37960
Apr 18 15:36:54 a952d0d9ca03 sshd[7515]: error: Could not get shadow information for NOUSER
Apr 18 15:36:54 a952d0d9ca03 sshd[7515]: Failed none for invalid user uftp from 172.30.185.17 port 37960 ssh2
Apr 18 15:36:54 a952d0d9ca03 sshd[7515]: Failed password for invalid user uftp from 172.30.185.17 port 37960 ssh2
Apr 18 15:36:54 a952d0d9ca03 sshd[7515]: Connection closed by invalid user uftp 172.30.185.17 port 37960 [preauth]
Apr 18 15:36:54 a952d0d9ca03 sshd[7517]: Invalid user xu from 172.30.185.16 port 54810
Apr 18 15:36:54 a952d0d9ca03 sshd[7517]: error: Could not get shadow information for NOUSER
Apr 18 15:36:54 a952d0d9ca03 sshd[7517]: Failed none for invalid user xu from 172.30.185.16 port 54810 ssh2
Apr 18 15:36:54 a952d0d9ca03 sshd[7519]: Invalid user vali from 172.30.185.15 port 49070
Apr 18 15:36:54 a952d0d9ca03 sshd[7519]: error: Could not get shadow information for NOUSER
Apr 18 15:36:54 a952d0d9ca03 sshd[7517]: Failed password for invalid user xu from 172.30.185.16 port 54810 ssh2
Apr 18 15:36:54 a952d0d9ca03 sshd[7519]: Failed none for invalid user vali from 172.30.185.15 port 49070 ssh2
Apr 18 15:36:54 a952d0d9ca03 sshd[7517]: Connection closed by invalid user xu 172.30.185.16 port 54810 [preauth]
Apr 18 15:36:54 a952d0d9ca03 sshd[7521]: Invalid user thomnode from 172.30.185.18 port 60436
Apr 18 15:36:54 a952d0d9ca03 sshd[7521]: error: Could not get shadow information for NOUSER
Apr 18 15:36:54 a952d0d9ca03 sshd[7519]: Failed password for invalid user vali from 172.30.185.15 port 49070 ssh2
Apr 18 15:36:54 a952d0d9ca03 sshd[7521]: Failed none for invalid user thomnode from 172.30.185.18 port 60436 ssh2
Apr 18 15:36:54 a952d0d9ca03 sshd[7519]: Connection closed by invalid user vali 172.30.185.15 port 49070 [preauth]
Apr 18 15:36:54 a952d0d9ca03 sshd[7521]: Failed password for invalid user thomnode from 172.30.185.18 port 60436 ssh2
Apr 18 15:36:54 a952d0d9ca03 sshd[7521]: Connection closed by invalid user thomnode 172.30.185.18 port 60436 [preauth]
Apr 18 15:36:54 a952d0d9ca03 sshd[7523]: Invalid user uftp from 172.30.185.17 port 37972
Apr 18 15:36:54 a952d0d9ca03 sshd[7523]: error: Could not get shadow information for NOUSER
Apr 18 15:36:54 a952d0d9ca03 sshd[7523]: Failed none for invalid user uftp from 172.30.185.17 port 37972 ssh2
Apr 18 15:36:54 a952d0d9ca03 sshd[7523]: Failed password for invalid user uftp from 172.30.185.17 port 37972 ssh2
Apr 18 15:36:54 a952d0d9ca03 sshd[7523]: Connection closed by invalid user uftp 172.30.185.17 port 37972 [preauth]
Apr 18 15:36:54 a952d0d9ca03 sshd[7525]: Invalid user deploy from 172.30.185.19 port 45794
Apr 18 15:36:54 a952d0d9ca03 sshd[7525]: error: Could not get shadow information for NOUSER
Apr 18 15:36:54 a952d0d9ca03 sshd[7525]: Failed none for invalid user deploy from 172.30.185.19 port 45794 ssh2
Apr 18 15:36:54 a952d0d9ca03 sshd[7525]: Failed password for invalid user deploy from 172.30.185.19 port 45794 ssh2
Apr 18 15:36:54 a952d0d9ca03 sshd[7525]: Connection closed by invalid user deploy 172.30.185.19 port 45794 [preauth]
Apr 18 15:36:54 a952d0d9ca03 sshd[7531]: Invalid user thomnode from 172.30.185.18 port 60448
Apr 18 15:36:54 a952d0d9ca03 sshd[7531]: error: Could not get shadow information for NOUSER
Apr 18 15:36:54 a952d0d9ca03 sshd[7527]: Invalid user xu from 172.30.185.16 port 54822
Apr 18 15:36:54 a952d0d9ca03 sshd[7527]: error: Could not get shadow information for NOUSER
Apr 18 15:36:54 a952d0d9ca03 sshd[7531]: Failed none for invalid user thomnode from 172.30.185.18 port 60448 ssh2
Apr 18 15:36:54 a952d0d9ca03 sshd[7527]: Failed none for invalid user xu from 172.30.185.16 port 54822 ssh2
Apr 18 15:36:54 a952d0d9ca03 sshd[7531]: Failed password for invalid user thomnode from 172.30.185.18 port 60448 ssh2
Apr 18 15:36:54 a952d0d9ca03 sshd[7527]: Failed password for invalid user xu from 172.30.185.16 port 54822 ssh2
Apr 18 15:36:54 a952d0d9ca03 sshd[7531]: Connection closed by invalid user thomnode 172.30.185.18 port 60448 [preauth]
Apr 18 15:36:54 a952d0d9ca03 sshd[7527]: Connection closed by invalid user xu 172.30.185.16 port 54822 [preauth]
Apr 18 15:36:54 a952d0d9ca03 sshd[7529]: Invalid user vali from 172.30.185.15 port 49080
Apr 18 15:36:54 a952d0d9ca03 sshd[7529]: error: Could not get shadow information for NOUSER
Apr 18 15:36:54 a952d0d9ca03 sshd[7529]: Failed none for invalid user vali from 172.30.185.15 port 49080 ssh2
Apr 18 15:36:54 a952d0d9ca03 sshd[7529]: Failed password for invalid user vali from 172.30.185.15 port 49080 ssh2
Apr 18 15:36:54 a952d0d9ca03 sshd[7529]: Connection closed by invalid user vali 172.30.185.15 port 49080 [preauth]
Apr 18 15:36:54 a952d0d9ca03 sshd[7533]: Invalid user uftp from 172.30.185.17 port 37980
Apr 18 15:36:54 a952d0d9ca03 sshd[7533]: error: Could not get shadow information for NOUSER
Apr 18 15:36:54 a952d0d9ca03 sshd[7533]: Failed none for invalid user uftp from 172.30.185.17 port 37980 ssh2
Apr 18 15:36:54 a952d0d9ca03 sshd[7533]: Failed password for invalid user uftp from 172.30.185.17 port 37980 ssh2
Apr 18 15:36:54 a952d0d9ca03 sshd[7535]: Invalid user deploy from 172.30.185.19 port 45800
Apr 18 15:36:54 a952d0d9ca03 sshd[7535]: error: Could not get shadow information for NOUSER
Apr 18 15:36:54 a952d0d9ca03 sshd[7533]: Connection closed by invalid user uftp 172.30.185.17 port 37980 [preauth]
Apr 18 15:36:54 a952d0d9ca03 sshd[7535]: Failed none for invalid user deploy from 172.30.185.19 port 45800 ssh2
Apr 18 15:36:54 a952d0d9ca03 sshd[7535]: Failed password for invalid user deploy from 172.30.185.19 port 45800 ssh2
Apr 18 15:36:54 a952d0d9ca03 sshd[7535]: Connection closed by invalid user deploy 172.30.185.19 port 45800 [preauth]
Apr 18 15:36:54 a952d0d9ca03 sshd[7538]: Invalid user xu from 172.30.185.16 port 54832
Apr 18 15:36:54 a952d0d9ca03 sshd[7538]: error: Could not get shadow information for NOUSER
Apr 18 15:36:54 a952d0d9ca03 sshd[7538]: Failed none for invalid user xu from 172.30.185.16 port 54832 ssh2
Apr 18 15:36:54 a952d0d9ca03 sshd[7538]: Failed password for invalid user xu from 172.30.185.16 port 54832 ssh2
Apr 18 15:36:54 a952d0d9ca03 sshd[7537]: Invalid user thomnode from 172.30.185.18 port 60452
Apr 18 15:36:54 a952d0d9ca03 sshd[7537]: error: Could not get shadow information for NOUSER
Apr 18 15:36:54 a952d0d9ca03 sshd[7538]: Connection closed by invalid user xu 172.30.185.16 port 54832 [preauth]
Apr 18 15:36:54 a952d0d9ca03 sshd[7537]: Failed none for invalid user thomnode from 172.30.185.18 port 60452 ssh2
Apr 18 15:36:54 a952d0d9ca03 sshd[7537]: Failed password for invalid user thomnode from 172.30.185.18 port 60452 ssh2
Apr 18 15:36:54 a952d0d9ca03 sshd[7537]: Connection closed by invalid user thomnode 172.30.185.18 port 60452 [preauth]
Apr 18 15:36:54 a952d0d9ca03 sshd[7541]: Invalid user uftp from 172.30.185.17 port 37982
Apr 18 15:36:54 a952d0d9ca03 sshd[7541]: error: Could not get shadow information for NOUSER
Apr 18 15:36:54 a952d0d9ca03 sshd[7541]: Failed none for invalid user uftp from 172.30.185.17 port 37982 ssh2
Apr 18 15:36:54 a952d0d9ca03 sshd[7541]: Failed password for invalid user uftp from 172.30.185.17 port 37982 ssh2
Apr 18 15:36:54 a952d0d9ca03 sshd[7541]: Connection closed by invalid user uftp 172.30.185.17 port 37982 [preauth]
Apr 18 15:36:54 a952d0d9ca03 sshd[7543]: Invalid user deploy from 172.30.185.19 port 45810
Apr 18 15:36:54 a952d0d9ca03 sshd[7543]: error: Could not get shadow information for NOUSER
Apr 18 15:36:54 a952d0d9ca03 sshd[7543]: Failed none for invalid user deploy from 172.30.185.19 port 45810 ssh2
Apr 18 15:36:54 a952d0d9ca03 sshd[7543]: Failed password for invalid user deploy from 172.30.185.19 port 45810 ssh2
Apr 18 15:36:54 a952d0d9ca03 sshd[7543]: Connection closed by invalid user deploy 172.30.185.19 port 45810 [preauth]
Apr 18 15:36:54 a952d0d9ca03 sshd[7545]: Invalid user thomnode from 172.30.185.18 port 60460
Apr 18 15:36:54 a952d0d9ca03 sshd[7545]: error: Could not get shadow information for NOUSER
Apr 18 15:36:54 a952d0d9ca03 sshd[7545]: Failed none for invalid user thomnode from 172.30.185.18 port 60460 ssh2
Apr 18 15:36:54 a952d0d9ca03 sshd[7545]: Failed password for invalid user thomnode from 172.30.185.18 port 60460 ssh2
Apr 18 15:36:54 a952d0d9ca03 sshd[7545]: Connection closed by invalid user thomnode 172.30.185.18 port 60460 [preauth]
Apr 18 15:36:54 a952d0d9ca03 sshd[7547]: Invalid user ahmet from 172.30.185.20 port 50102
Apr 18 15:36:54 a952d0d9ca03 sshd[7547]: error: Could not get shadow information for NOUSER
Apr 18 15:36:54 a952d0d9ca03 sshd[7547]: Failed none for invalid user ahmet from 172.30.185.20 port 50102 ssh2
Apr 18 15:36:54 a952d0d9ca03 sshd[7547]: Failed password for invalid user ahmet from 172.30.185.20 port 50102 ssh2
Apr 18 15:36:54 a952d0d9ca03 sshd[7547]: Connection closed by invalid user ahmet 172.30.185.20 port 50102 [preauth]
Apr 18 15:36:54 a952d0d9ca03 sshd[7551]: Invalid user deploy from 172.30.185.19 port 45818
Apr 18 15:36:54 a952d0d9ca03 sshd[7551]: error: Could not get shadow information for NOUSER
Apr 18 15:36:54 a952d0d9ca03 sshd[7551]: Failed none for invalid user deploy from 172.30.185.19 port 45818 ssh2
Apr 18 15:36:54 a952d0d9ca03 sshd[7549]: Invalid user uftp from 172.30.185.17 port 37990
Apr 18 15:36:54 a952d0d9ca03 sshd[7549]: error: Could not get shadow information for NOUSER
Apr 18 15:36:54 a952d0d9ca03 sshd[7549]: Failed none for invalid user uftp from 172.30.185.17 port 37990 ssh2
Apr 18 15:36:54 a952d0d9ca03 sshd[7551]: Failed password for invalid user deploy from 172.30.185.19 port 45818 ssh2
Apr 18 15:36:54 a952d0d9ca03 sshd[7551]: Connection closed by invalid user deploy 172.30.185.19 port 45818 [preauth]
Apr 18 15:36:54 a952d0d9ca03 sshd[7549]: Failed password for invalid user uftp from 172.30.185.17 port 37990 ssh2
Apr 18 15:36:54 a952d0d9ca03 sshd[7549]: Connection closed by invalid user uftp 172.30.185.17 port 37990 [preauth]
Apr 18 15:36:55 a952d0d9ca03 sshd[7553]: Invalid user thomnode from 172.30.185.18 port 60464
Apr 18 15:36:55 a952d0d9ca03 sshd[7553]: error: Could not get shadow information for NOUSER
Apr 18 15:36:55 a952d0d9ca03 sshd[7553]: Failed none for invalid user thomnode from 172.30.185.18 port 60464 ssh2
Apr 18 15:36:55 a952d0d9ca03 sshd[7553]: Failed password for invalid user thomnode from 172.30.185.18 port 60464 ssh2
Apr 18 15:36:55 a952d0d9ca03 sshd[7553]: Connection closed by invalid user thomnode 172.30.185.18 port 60464 [preauth]
Apr 18 15:36:55 a952d0d9ca03 sshd[7555]: Invalid user ahmet from 172.30.185.20 port 50110
Apr 18 15:36:55 a952d0d9ca03 sshd[7555]: error: Could not get shadow information for NOUSER
Apr 18 15:36:55 a952d0d9ca03 sshd[7555]: Failed none for invalid user ahmet from 172.30.185.20 port 50110 ssh2
Apr 18 15:36:55 a952d0d9ca03 sshd[7555]: Failed password for invalid user ahmet from 172.30.185.20 port 50110 ssh2
Apr 18 15:36:55 a952d0d9ca03 sshd[7555]: Connection closed by invalid user ahmet 172.30.185.20 port 50110 [preauth]
Apr 18 15:36:55 a952d0d9ca03 sshd[7557]: Invalid user deploy from 172.30.185.19 port 45820
Apr 18 15:36:55 a952d0d9ca03 sshd[7557]: error: Could not get shadow information for NOUSER
Apr 18 15:36:55 a952d0d9ca03 sshd[7559]: Invalid user uftp from 172.30.185.17 port 37998
Apr 18 15:36:55 a952d0d9ca03 sshd[7557]: Failed none for invalid user deploy from 172.30.185.19 port 45820 ssh2
Apr 18 15:36:55 a952d0d9ca03 sshd[7559]: error: Could not get shadow information for NOUSER
Apr 18 15:36:55 a952d0d9ca03 sshd[7559]: Failed none for invalid user uftp from 172.30.185.17 port 37998 ssh2
Apr 18 15:36:55 a952d0d9ca03 sshd[7557]: Failed password for invalid user deploy from 172.30.185.19 port 45820 ssh2
Apr 18 15:36:55 a952d0d9ca03 sshd[7559]: Failed password for invalid user uftp from 172.30.185.17 port 37998 ssh2
Apr 18 15:36:55 a952d0d9ca03 sshd[7557]: Connection closed by invalid user deploy 172.30.185.19 port 45820 [preauth]
Apr 18 15:36:55 a952d0d9ca03 sshd[7559]: Connection closed by invalid user uftp 172.30.185.17 port 37998 [preauth]
Apr 18 15:36:55 a952d0d9ca03 sshd[7561]: Invalid user thomnode from 172.30.185.18 port 60474
Apr 18 15:36:55 a952d0d9ca03 sshd[7561]: error: Could not get shadow information for NOUSER
Apr 18 15:36:55 a952d0d9ca03 sshd[7561]: Failed none for invalid user thomnode from 172.30.185.18 port 60474 ssh2
Apr 18 15:36:55 a952d0d9ca03 sshd[7561]: Failed password for invalid user thomnode from 172.30.185.18 port 60474 ssh2
Apr 18 15:36:55 a952d0d9ca03 sshd[7561]: Connection closed by invalid user thomnode 172.30.185.18 port 60474 [preauth]
Apr 18 15:36:55 a952d0d9ca03 sshd[7563]: Invalid user ahmet from 172.30.185.20 port 50114
Apr 18 15:36:55 a952d0d9ca03 sshd[7563]: error: Could not get shadow information for NOUSER
Apr 18 15:36:55 a952d0d9ca03 sshd[7563]: Failed none for invalid user ahmet from 172.30.185.20 port 50114 ssh2
Apr 18 15:36:55 a952d0d9ca03 sshd[7563]: Failed password for invalid user ahmet from 172.30.185.20 port 50114 ssh2
Apr 18 15:36:55 a952d0d9ca03 sshd[7563]: Connection closed by invalid user ahmet 172.30.185.20 port 50114 [preauth]
Apr 18 15:36:55 a952d0d9ca03 sshd[7565]: Invalid user deploy from 172.30.185.19 port 45822
Apr 18 15:36:55 a952d0d9ca03 sshd[7565]: error: Could not get shadow information for NOUSER
Apr 18 15:36:55 a952d0d9ca03 sshd[7565]: Failed none for invalid user deploy from 172.30.185.19 port 45822 ssh2
Apr 18 15:36:55 a952d0d9ca03 sshd[7565]: Failed password for invalid user deploy from 172.30.185.19 port 45822 ssh2
Apr 18 15:36:55 a952d0d9ca03 sshd[7566]: Invalid user uftp from 172.30.185.17 port 38014
Apr 18 15:36:55 a952d0d9ca03 sshd[7566]: error: Could not get shadow information for NOUSER
Apr 18 15:36:55 a952d0d9ca03 sshd[7566]: Failed none for invalid user uftp from 172.30.185.17 port 38014 ssh2
Apr 18 15:36:55 a952d0d9ca03 sshd[7565]: Connection closed by invalid user deploy 172.30.185.19 port 45822 [preauth]
Apr 18 15:36:55 a952d0d9ca03 sshd[7566]: Failed password for invalid user uftp from 172.30.185.17 port 38014 ssh2
Apr 18 15:36:55 a952d0d9ca03 sshd[7566]: Connection closed by invalid user uftp 172.30.185.17 port 38014 [preauth]
Apr 18 15:36:55 a952d0d9ca03 sshd[7571]: Invalid user postgres from 172.30.185.21 port 37550
Apr 18 15:36:55 a952d0d9ca03 sshd[7571]: error: Could not get shadow information for NOUSER
Apr 18 15:36:55 a952d0d9ca03 sshd[7571]: Failed none for invalid user postgres from 172.30.185.21 port 37550 ssh2
Apr 18 15:36:55 a952d0d9ca03 sshd[7569]: Invalid user thomnode from 172.30.185.18 port 60478
Apr 18 15:36:55 a952d0d9ca03 sshd[7569]: error: Could not get shadow information for NOUSER
Apr 18 15:36:55 a952d0d9ca03 sshd[7571]: Failed password for invalid user postgres from 172.30.185.21 port 37550 ssh2
Apr 18 15:36:55 a952d0d9ca03 sshd[7569]: Failed none for invalid user thomnode from 172.30.185.18 port 60478 ssh2
Apr 18 15:36:55 a952d0d9ca03 sshd[7571]: Connection closed by invalid user postgres 172.30.185.21 port 37550 [preauth]
Apr 18 15:36:55 a952d0d9ca03 sshd[7569]: Failed password for invalid user thomnode from 172.30.185.18 port 60478 ssh2
Apr 18 15:36:55 a952d0d9ca03 sshd[7569]: Connection closed by invalid user thomnode 172.30.185.18 port 60478 [preauth]
Apr 18 15:36:55 a952d0d9ca03 sshd[7573]: Invalid user ahmet from 172.30.185.20 port 50124
Apr 18 15:36:55 a952d0d9ca03 sshd[7573]: error: Could not get shadow information for NOUSER
Apr 18 15:36:55 a952d0d9ca03 sshd[7573]: Failed none for invalid user ahmet from 172.30.185.20 port 50124 ssh2
Apr 18 15:36:55 a952d0d9ca03 sshd[7573]: Failed password for invalid user ahmet from 172.30.185.20 port 50124 ssh2
Apr 18 15:36:55 a952d0d9ca03 sshd[7573]: Connection closed by invalid user ahmet 172.30.185.20 port 50124 [preauth]
Apr 18 15:36:55 a952d0d9ca03 sshd[7575]: Invalid user deploy from 172.30.185.19 port 45830
Apr 18 15:36:55 a952d0d9ca03 sshd[7575]: error: Could not get shadow information for NOUSER
Apr 18 15:36:55 a952d0d9ca03 sshd[7575]: Failed none for invalid user deploy from 172.30.185.19 port 45830 ssh2
Apr 18 15:36:55 a952d0d9ca03 sshd[7575]: Failed password for invalid user deploy from 172.30.185.19 port 45830 ssh2
Apr 18 15:36:55 a952d0d9ca03 sshd[7575]: Connection closed by invalid user deploy 172.30.185.19 port 45830 [preauth]
Apr 18 15:36:55 a952d0d9ca03 sshd[7580]: Invalid user postgres from 172.30.185.21 port 37562
Apr 18 15:36:55 a952d0d9ca03 sshd[7580]: error: Could not get shadow information for NOUSER
Apr 18 15:36:55 a952d0d9ca03 sshd[7580]: Failed none for invalid user postgres from 172.30.185.21 port 37562 ssh2
Apr 18 15:36:55 a952d0d9ca03 sshd[7580]: Failed password for invalid user postgres from 172.30.185.21 port 37562 ssh2
Apr 18 15:36:55 a952d0d9ca03 sshd[7580]: Connection closed by invalid user postgres 172.30.185.21 port 37562 [preauth]
Apr 18 15:36:55 a952d0d9ca03 sshd[7577]: Invalid user uftp from 172.30.185.17 port 38028
Apr 18 15:36:55 a952d0d9ca03 sshd[7577]: error: Could not get shadow information for NOUSER
Apr 18 15:36:55 a952d0d9ca03 sshd[7577]: Failed none for invalid user uftp from 172.30.185.17 port 38028 ssh2
Apr 18 15:36:55 a952d0d9ca03 sshd[7583]: Invalid user thomnode from 172.30.185.18 port 60482
Apr 18 15:36:55 a952d0d9ca03 sshd[7583]: error: Could not get shadow information for NOUSER
Apr 18 15:36:55 a952d0d9ca03 sshd[7583]: Failed none for invalid user thomnode from 172.30.185.18 port 60482 ssh2
Apr 18 15:36:55 a952d0d9ca03 sshd[7577]: Failed password for invalid user uftp from 172.30.185.17 port 38028 ssh2
Apr 18 15:36:55 a952d0d9ca03 sshd[7577]: Connection closed by invalid user uftp 172.30.185.17 port 38028 [preauth]
Apr 18 15:36:55 a952d0d9ca03 sshd[7583]: Failed password for invalid user thomnode from 172.30.185.18 port 60482 ssh2
Apr 18 15:36:55 a952d0d9ca03 sshd[7583]: Connection closed by invalid user thomnode 172.30.185.18 port 60482 [preauth]
Apr 18 15:36:55 a952d0d9ca03 sshd[7579]: Invalid user dgb from 172.30.185.22 port 34824
Apr 18 15:36:55 a952d0d9ca03 sshd[7579]: error: Could not get shadow information for NOUSER
Apr 18 15:36:55 a952d0d9ca03 sshd[7579]: Failed none for invalid user dgb from 172.30.185.22 port 34824 ssh2
Apr 18 15:36:55 a952d0d9ca03 sshd[7579]: Failed password for invalid user dgb from 172.30.185.22 port 34824 ssh2
Apr 18 15:36:55 a952d0d9ca03 sshd[7579]: Connection closed by invalid user dgb 172.30.185.22 port 34824 [preauth]
Apr 18 15:36:55 a952d0d9ca03 sshd[7585]: Invalid user m from 172.30.185.23 port 38218
Apr 18 15:36:55 a952d0d9ca03 sshd[7585]: error: Could not get shadow information for NOUSER
Apr 18 15:36:55 a952d0d9ca03 sshd[7585]: Failed none for invalid user m from 172.30.185.23 port 38218 ssh2
Apr 18 15:36:55 a952d0d9ca03 sshd[7585]: Failed password for invalid user m from 172.30.185.23 port 38218 ssh2
Apr 18 15:36:55 a952d0d9ca03 sshd[7585]: Connection closed by invalid user m 172.30.185.23 port 38218 [preauth]
Apr 18 15:36:55 a952d0d9ca03 sshd[7587]: Invalid user ahmet from 172.30.185.20 port 50126
Apr 18 15:36:55 a952d0d9ca03 sshd[7587]: error: Could not get shadow information for NOUSER
Apr 18 15:36:55 a952d0d9ca03 sshd[7587]: Failed none for invalid user ahmet from 172.30.185.20 port 50126 ssh2
Apr 18 15:36:55 a952d0d9ca03 sshd[7587]: Failed password for invalid user ahmet from 172.30.185.20 port 50126 ssh2
Apr 18 15:36:55 a952d0d9ca03 sshd[7587]: Connection closed by invalid user ahmet 172.30.185.20 port 50126 [preauth]
Apr 18 15:36:55 a952d0d9ca03 sshd[7591]: Invalid user deploy from 172.30.185.19 port 45838
Apr 18 15:36:55 a952d0d9ca03 sshd[7591]: error: Could not get shadow information for NOUSER
