Apr 18 15:34:21 a952d0d9ca03 sshd[1548]: Failed none for invalid user useradmin from 172.30.185.8 port 41518 ssh2
Apr 18 15:34:21 a952d0d9ca03 sshd[1548]: Failed password for invalid user useradmin from 172.30.185.8 port 41518 ssh2
Apr 18 15:34:21 a952d0d9ca03 sshd[1548]: Connection closed by invalid user useradmin 172.30.185.8 port 41518 [preauth]
Apr 18 15:34:21 a952d0d9ca03 sshd[1553]: Invalid user HwHiAiUser from 172.30.185.5 port 39466
Apr 18 15:34:21 a952d0d9ca03 sshd[1553]: error: Could not get shadow information for NOUSER
Apr 18 15:34:21 a952d0d9ca03 sshd[1552]: Invalid user mtvps1 from 172.30.185.9 port 46838
Apr 18 15:34:21 a952d0d9ca03 sshd[1552]: error: Could not get shadow information for NOUSER
Apr 18 15:34:21 a952d0d9ca03 sshd[1553]: Failed none for invalid user HwHiAiUser from 172.30.185.5 port 39466 ssh2
Apr 18 15:34:21 a952d0d9ca03 sshd[1552]: Failed none for invalid user mtvps1 from 172.30.185.9 port 46838 ssh2
Apr 18 15:34:21 a952d0d9ca03 sshd[1553]: Failed password for invalid user HwHiAiUser from 172.30.185.5 port 39466 ssh2
Apr 18 15:34:21 a952d0d9ca03 sshd[1552]: Failed password for invalid user mtvps1 from 172.30.185.9 port 46838 ssh2
Apr 18 15:34:21 a952d0d9ca03 sshd[1553]: Connection closed by invalid user HwHiAiUser 172.30.185.5 port 39466 [preauth]
Apr 18 15:34:21 a952d0d9ca03 sshd[1552]: Connection closed by invalid user mtvps1 172.30.185.9 port 46838 [preauth]
Apr 18 15:34:21 a952d0d9ca03 sshd[1556]: Invalid user milad from 172.30.185.10 port 45130
Apr 18 15:34:21 a952d0d9ca03 sshd[1556]: error: Could not get shadow information for NOUSER
Apr 18 15:34:21 a952d0d9ca03 sshd[1556]: Failed none for invalid user milad from 172.30.185.10 port 45130 ssh2
Apr 18 15:34:21 a952d0d9ca03 sshd[1558]: Invalid user tpuser from 172.30.185.6 port 56688
Apr 18 15:34:21 a952d0d9ca03 sshd[1558]: error: Could not get shadow information for NOUSER
Apr 18 15:34:21 a952d0d9ca03 sshd[1558]: Failed none for invalid user tpuser from 172.30.185.6 port 56688 ssh2
Apr 18 15:34:21 a952d0d9ca03 sshd[1556]: Failed password for invalid user milad from 172.30.185.10 port 45130 ssh2
Apr 18 15:34:21 a952d0d9ca03 sshd[1558]: Failed password for invalid user tpuser from 172.30.185.6 port 56688 ssh2
Apr 18 15:34:21 a952d0d9ca03 sshd[1556]: Connection closed by invalid user milad 172.30.185.10 port 45130 [preauth]
Apr 18 15:34:21 a952d0d9ca03 sshd[1558]: Connection closed by invalid user tpuser 172.30.185.6 port 56688 [preauth]
Apr 18 15:34:22 a952d0d9ca03 sshd[1562]: Invalid user useradmin from 172.30.185.8 port 41522
Apr 18 15:34:22 a952d0d9ca03 sshd[1562]: error: Could not get shadow information for NOUSER
Apr 18 15:34:22 a952d0d9ca03 sshd[1562]: Failed none for invalid user useradmin from 172.30.185.8 port 41522 ssh2
Apr 18 15:34:22 a952d0d9ca03 sshd[1560]: Invalid user alex from 172.30.185.7 port 41158
Apr 18 15:34:22 a952d0d9ca03 sshd[1560]: error: Could not get shadow information for NOUSER
Apr 18 15:34:22 a952d0d9ca03 sshd[1562]: Failed password for invalid user useradmin from 172.30.185.8 port 41522 ssh2
Apr 18 15:34:22 a952d0d9ca03 sshd[1560]: Failed none for invalid user alex from 172.30.185.7 port 41158 ssh2
Apr 18 15:34:22 a952d0d9ca03 sshd[1562]: Connection closed by invalid user useradmin 172.30.185.8 port 41522 [preauth]
Apr 18 15:34:22 a952d0d9ca03 sshd[1560]: Failed password for invalid user alex from 172.30.185.7 port 41158 ssh2
Apr 18 15:34:22 a952d0d9ca03 sshd[1560]: Connection closed by invalid user alex 172.30.185.7 port 41158 [preauth]
Apr 18 15:34:22 a952d0d9ca03 sshd[1564]: Invalid user oracle from 172.30.185.11 port 36604
Apr 18 15:34:22 a952d0d9ca03 sshd[1564]: error: Could not get shadow information for NOUSER
Apr 18 15:34:22 a952d0d9ca03 sshd[1564]: Failed none for invalid user oracle from 172.30.185.11 port 36604 ssh2
Apr 18 15:34:22 a952d0d9ca03 sshd[1564]: Failed password for invalid user oracle from 172.30.185.11 port 36604 ssh2
Apr 18 15:34:22 a952d0d9ca03 sshd[1564]: Connection closed by invalid user oracle 172.30.185.11 port 36604 [preauth]
Apr 18 15:34:22 a952d0d9ca03 sshd[1566]: Invalid user mtvps1 from 172.30.185.9 port 46844
Apr 18 15:34:22 a952d0d9ca03 sshd[1566]: error: Could not get shadow information for NOUSER
Apr 18 15:34:22 a952d0d9ca03 sshd[1566]: Failed none for invalid user mtvps1 from 172.30.185.9 port 46844 ssh2
Apr 18 15:34:22 a952d0d9ca03 sshd[1566]: Failed password for invalid user mtvps1 from 172.30.185.9 port 46844 ssh2
Apr 18 15:34:22 a952d0d9ca03 sshd[1566]: Connection closed by invalid user mtvps1 172.30.185.9 port 46844 [preauth]
Apr 18 15:34:22 a952d0d9ca03 sshd[1568]: Invalid user milad from 172.30.185.10 port 45134
Apr 18 15:34:22 a952d0d9ca03 sshd[1568]: error: Could not get shadow information for NOUSER
Apr 18 15:34:22 a952d0d9ca03 sshd[1568]: Failed none for invalid user milad from 172.30.185.10 port 45134 ssh2
Apr 18 15:34:22 a952d0d9ca03 sshd[1569]: Invalid user tpuser from 172.30.185.6 port 56696
Apr 18 15:34:22 a952d0d9ca03 sshd[1568]: Failed password for invalid user milad from 172.30.185.10 port 45134 ssh2
Apr 18 15:34:22 a952d0d9ca03 sshd[1569]: error: Could not get shadow information for NOUSER
Apr 18 15:34:22 a952d0d9ca03 sshd[1569]: Failed none for invalid user tpuser from 172.30.185.6 port 56696 ssh2
Apr 18 15:34:22 a952d0d9ca03 sshd[1568]: Connection closed by invalid user milad 172.30.185.10 port 45134 [preauth]
Apr 18 15:34:22 a952d0d9ca03 sshd[1569]: Failed password for invalid user tpuser from 172.30.185.6 port 56696 ssh2
Apr 18 15:34:22 a952d0d9ca03 sshd[1569]: Connection closed by invalid user tpuser 172.30.185.6 port 56696 [preauth]
Apr 18 15:34:22 a952d0d9ca03 sshd[1572]: Invalid user useradmin from 172.30.185.8 port 41524
Apr 18 15:34:22 a952d0d9ca03 sshd[1572]: error: Could not get shadow information for NOUSER
Apr 18 15:34:22 a952d0d9ca03 sshd[1572]: Failed none for invalid user useradmin from 172.30.185.8 port 41524 ssh2
Apr 18 15:34:22 a952d0d9ca03 sshd[1574]: Invalid user alex from 172.30.185.7 port 41174
Apr 18 15:34:22 a952d0d9ca03 sshd[1574]: error: Could not get shadow information for NOUSER
Apr 18 15:34:22 a952d0d9ca03 sshd[1578]: Invalid user mtvps1 from 172.30.185.9 port 46852
Apr 18 15:34:22 a952d0d9ca03 sshd[1578]: error: Could not get shadow information for NOUSER
Apr 18 15:34:22 a952d0d9ca03 sshd[1572]: Failed password for invalid user useradmin from 172.30.185.8 port 41524 ssh2
Apr 18 15:34:22 a952d0d9ca03 sshd[1574]: Failed none for invalid user alex from 172.30.185.7 port 41174 ssh2
Apr 18 15:34:22 a952d0d9ca03 sshd[1578]: Failed none for invalid user mtvps1 from 172.30.185.9 port 46852 ssh2
Apr 18 15:34:22 a952d0d9ca03 sshd[1572]: Connection closed by invalid user useradmin 172.30.185.8 port 41524 [preauth]
Apr 18 15:34:22 a952d0d9ca03 sshd[1574]: Failed password for invalid user alex from 172.30.185.7 port 41174 ssh2
Apr 18 15:34:22 a952d0d9ca03 sshd[1578]: Failed password for invalid user mtvps1 from 172.30.185.9 port 46852 ssh2
Apr 18 15:34:22 a952d0d9ca03 sshd[1574]: Connection closed by invalid user alex 172.30.185.7 port 41174 [preauth]
Apr 18 15:34:22 a952d0d9ca03 sshd[1578]: Connection closed by invalid user mtvps1 172.30.185.9 port 46852 [preauth]
Apr 18 15:34:22 a952d0d9ca03 sshd[1576]: Invalid user oracle from 172.30.185.11 port 36614
Apr 18 15:34:22 a952d0d9ca03 sshd[1576]: error: Could not get shadow information for NOUSER
Apr 18 15:34:22 a952d0d9ca03 sshd[1576]: Failed none for invalid user oracle from 172.30.185.11 port 36614 ssh2
Apr 18 15:34:22 a952d0d9ca03 sshd[1580]: Invalid user rodrigo from 172.30.185.12 port 33176
Apr 18 15:34:22 a952d0d9ca03 sshd[1580]: error: Could not get shadow information for NOUSER
Apr 18 15:34:22 a952d0d9ca03 sshd[1580]: Failed none for invalid user rodrigo from 172.30.185.12 port 33176 ssh2
Apr 18 15:34:22 a952d0d9ca03 sshd[1576]: Failed password for invalid user oracle from 172.30.185.11 port 36614 ssh2
Apr 18 15:34:22 a952d0d9ca03 sshd[1576]: Connection closed by invalid user oracle 172.30.185.11 port 36614 [preauth]
Apr 18 15:34:22 a952d0d9ca03 sshd[1580]: Failed password for invalid user rodrigo from 172.30.185.12 port 33176 ssh2
Apr 18 15:34:22 a952d0d9ca03 sshd[1580]: Connection closed by invalid user rodrigo 172.30.185.12 port 33176 [preauth]
Apr 18 15:34:22 a952d0d9ca03 sshd[1582]: Invalid user milad from 172.30.185.10 port 45136
Apr 18 15:34:22 a952d0d9ca03 sshd[1582]: error: Could not get shadow information for NOUSER
Apr 18 15:34:22 a952d0d9ca03 sshd[1582]: Failed none for invalid user milad from 172.30.185.10 port 45136 ssh2
Apr 18 15:34:22 a952d0d9ca03 sshd[1582]: Failed password for invalid user milad from 172.30.185.10 port 45136 ssh2
Apr 18 15:34:22 a952d0d9ca03 sshd[1582]: Connection closed by invalid user milad 172.30.185.10 port 45136 [preauth]
Apr 18 15:34:22 a952d0d9ca03 sshd[1584]: Invalid user useradmin from 172.30.185.8 port 41526
Apr 18 15:34:22 a952d0d9ca03 sshd[1584]: error: Could not get shadow information for NOUSER
Apr 18 15:34:22 a952d0d9ca03 sshd[1586]: Invalid user alex from 172.30.185.7 port 41184
Apr 18 15:34:22 a952d0d9ca03 sshd[1586]: error: Could not get shadow information for NOUSER
Apr 18 15:34:22 a952d0d9ca03 sshd[1584]: Failed none for invalid user useradmin from 172.30.185.8 port 41526 ssh2
Apr 18 15:34:22 a952d0d9ca03 sshd[1586]: Failed none for invalid user alex from 172.30.185.7 port 41184 ssh2
Apr 18 15:34:22 a952d0d9ca03 sshd[1584]: Failed password for invalid user useradmin from 172.30.185.8 port 41526 ssh2
Apr 18 15:34:22 a952d0d9ca03 sshd[1586]: Failed password for invalid user alex from 172.30.185.7 port 41184 ssh2
Apr 18 15:34:22 a952d0d9ca03 sshd[1584]: Connection closed by invalid user useradmin 172.30.185.8 port 41526 [preauth]
Apr 18 15:34:22 a952d0d9ca03 sshd[1586]: Connection closed by invalid user alex 172.30.185.7 port 41184 [preauth]
Apr 18 15:34:22 a952d0d9ca03 sshd[1587]: Invalid user mtvps1 from 172.30.185.9 port 46864
Apr 18 15:34:22 a952d0d9ca03 sshd[1587]: error: Could not get shadow information for NOUSER
Apr 18 15:34:22 a952d0d9ca03 sshd[1587]: Failed none for invalid user mtvps1 from 172.30.185.9 port 46864 ssh2
Apr 18 15:34:22 a952d0d9ca03 sshd[1587]: Failed password for invalid user mtvps1 from 172.30.185.9 port 46864 ssh2
Apr 18 15:34:22 a952d0d9ca03 sshd[1592]: Invalid user rodrigo from 172.30.185.12 port 33178
Apr 18 15:34:22 a952d0d9ca03 sshd[1592]: error: Could not get shadow information for NOUSER
Apr 18 15:34:22 a952d0d9ca03 sshd[1587]: Connection closed by invalid user mtvps1 172.30.185.9 port 46864 [preauth]
Apr 18 15:34:22 a952d0d9ca03 sshd[1592]: Failed none for invalid user rodrigo from 172.30.185.12 port 33178 ssh2
Apr 18 15:34:22 a952d0d9ca03 sshd[1590]: Invalid user oracle from 172.30.185.11 port 36624
Apr 18 15:34:22 a952d0d9ca03 sshd[1590]: error: Could not get shadow information for NOUSER
Apr 18 15:34:22 a952d0d9ca03 sshd[1590]: Failed none for invalid user oracle from 172.30.185.11 port 36624 ssh2
Apr 18 15:34:22 a952d0d9ca03 sshd[1592]: Failed password for invalid user rodrigo from 172.30.185.12 port 33178 ssh2
Apr 18 15:34:22 a952d0d9ca03 sshd[1592]: Connection closed by invalid user rodrigo 172.30.185.12 port 33178 [preauth]
Apr 18 15:34:22 a952d0d9ca03 sshd[1590]: Failed password for invalid user oracle from 172.30.185.11 port 36624 ssh2
Apr 18 15:34:22 a952d0d9ca03 sshd[1590]: Connection closed by invalid user oracle 172.30.185.11 port 36624 [preauth]
Apr 18 15:34:22 a952d0d9ca03 sshd[1594]: Invalid user milad from 172.30.185.10 port 45142
Apr 18 15:34:22 a952d0d9ca03 sshd[1594]: error: Could not get shadow information for NOUSER
Apr 18 15:34:22 a952d0d9ca03 sshd[1594]: Failed none for invalid user milad from 172.30.185.10 port 45142 ssh2
Apr 18 15:34:22 a952d0d9ca03 sshd[1594]: Failed password for invalid user milad from 172.30.185.10 port 45142 ssh2
Apr 18 15:34:22 a952d0d9ca03 sshd[1594]: Connection closed by invalid user milad 172.30.185.10 port 45142 [preauth]
Apr 18 15:34:22 a952d0d9ca03 sshd[1596]: Invalid user useradmin from 172.30.185.8 port 41530
Apr 18 15:34:22 a952d0d9ca03 sshd[1596]: error: Could not get shadow information for NOUSER
Apr 18 15:34:22 a952d0d9ca03 sshd[1596]: Failed none for invalid user useradmin from 172.30.185.8 port 41530 ssh2
Apr 18 15:34:22 a952d0d9ca03 sshd[1597]: Invalid user alex from 172.30.185.7 port 41186
Apr 18 15:34:22 a952d0d9ca03 sshd[1597]: error: Could not get shadow information for NOUSER
Apr 18 15:34:22 a952d0d9ca03 sshd[1597]: Failed none for invalid user alex from 172.30.185.7 port 41186 ssh2
Apr 18 15:34:22 a952d0d9ca03 sshd[1596]: Failed password for invalid user useradmin from 172.30.185.8 port 41530 ssh2
Apr 18 15:34:22 a952d0d9ca03 sshd[1596]: Connection closed by invalid user useradmin 172.30.185.8 port 41530 [preauth]
Apr 18 15:34:22 a952d0d9ca03 sshd[1597]: Failed password for invalid user alex from 172.30.185.7 port 41186 ssh2
Apr 18 15:34:22 a952d0d9ca03 sshd[1600]: Invalid user mtvps1 from 172.30.185.9 port 46878
Apr 18 15:34:22 a952d0d9ca03 sshd[1600]: error: Could not get shadow information for NOUSER
Apr 18 15:34:22 a952d0d9ca03 sshd[1597]: Connection closed by invalid user alex 172.30.185.7 port 41186 [preauth]
Apr 18 15:34:22 a952d0d9ca03 sshd[1600]: Failed none for invalid user mtvps1 from 172.30.185.9 port 46878 ssh2
Apr 18 15:34:22 a952d0d9ca03 sshd[1602]: Invalid user rodrigo from 172.30.185.12 port 33182
Apr 18 15:34:22 a952d0d9ca03 sshd[1602]: error: Could not get shadow information for NOUSER
Apr 18 15:34:22 a952d0d9ca03 sshd[1602]: Failed none for invalid user rodrigo from 172.30.185.12 port 33182 ssh2
Apr 18 15:34:22 a952d0d9ca03 sshd[1600]: Failed password for invalid user mtvps1 from 172.30.185.9 port 46878 ssh2
Apr 18 15:34:22 a952d0d9ca03 sshd[1600]: Connection closed by invalid user mtvps1 172.30.185.9 port 46878 [preauth]
Apr 18 15:34:22 a952d0d9ca03 sshd[1602]: Failed password for invalid user rodrigo from 172.30.185.12 port 33182 ssh2
Apr 18 15:34:22 a952d0d9ca03 sshd[1602]: Connection closed by invalid user rodrigo 172.30.185.12 port 33182 [preauth]
Apr 18 15:34:22 a952d0d9ca03 sshd[1604]: Invalid user oracle from 172.30.185.11 port 36640
Apr 18 15:34:22 a952d0d9ca03 sshd[1604]: error: Could not get shadow information for NOUSER
Apr 18 15:34:22 a952d0d9ca03 sshd[1604]: Failed none for invalid user oracle from 172.30.185.11 port 36640 ssh2
Apr 18 15:34:22 a952d0d9ca03 sshd[1604]: Failed password for invalid user oracle from 172.30.185.11 port 36640 ssh2
Apr 18 15:34:22 a952d0d9ca03 sshd[1608]: Invalid user milad from 172.30.185.10 port 45154
Apr 18 15:34:22 a952d0d9ca03 sshd[1608]: error: Could not get shadow information for NOUSER
Apr 18 15:34:22 a952d0d9ca03 sshd[1604]: Connection closed by invalid user oracle 172.30.185.11 port 36640 [preauth]
Apr 18 15:34:22 a952d0d9ca03 sshd[1608]: Failed none for invalid user milad from 172.30.185.10 port 45154 ssh2
Apr 18 15:34:22 a952d0d9ca03 sshd[1606]: Invalid user tradebot from 172.30.185.13 port 37508
Apr 18 15:34:22 a952d0d9ca03 sshd[1606]: error: Could not get shadow information for NOUSER
Apr 18 15:34:22 a952d0d9ca03 sshd[1608]: Failed password for invalid user milad from 172.30.185.10 port 45154 ssh2
Apr 18 15:34:22 a952d0d9ca03 sshd[1606]: Failed none for invalid user tradebot from 172.30.185.13 port 37508 ssh2
Apr 18 15:34:22 a952d0d9ca03 sshd[1608]: Connection closed by invalid user milad 172.30.185.10 port 45154 [preauth]
Apr 18 15:34:22 a952d0d9ca03 sshd[1606]: Failed password for invalid user tradebot from 172.30.185.13 port 37508 ssh2
Apr 18 15:34:22 a952d0d9ca03 sshd[1606]: Connection closed by invalid user tradebot 172.30.185.13 port 37508 [preauth]
Apr 18 15:34:22 a952d0d9ca03 sshd[1610]: Invalid user useradmin from 172.30.185.8 port 41536
Apr 18 15:34:22 a952d0d9ca03 sshd[1610]: error: Could not get shadow information for NOUSER
Apr 18 15:34:22 a952d0d9ca03 sshd[1610]: Failed none for invalid user useradmin from 172.30.185.8 port 41536 ssh2
Apr 18 15:34:22 a952d0d9ca03 sshd[1610]: Failed password for invalid user useradmin from 172.30.185.8 port 41536 ssh2
Apr 18 15:34:23 a952d0d9ca03 sshd[1610]: Connection closed by invalid user useradmin 172.30.185.8 port 41536 [preauth]
Apr 18 15:34:23 a952d0d9ca03 sshd[1614]: Invalid user rodrigo from 172.30.185.12 port 33198
Apr 18 15:34:23 a952d0d9ca03 sshd[1614]: error: Could not get shadow information for NOUSER
Apr 18 15:34:23 a952d0d9ca03 sshd[1614]: Failed none for invalid user rodrigo from 172.30.185.12 port 33198 ssh2
Apr 18 15:34:23 a952d0d9ca03 sshd[1612]: Invalid user mtvps1 from 172.30.185.9 port 46886
Apr 18 15:34:23 a952d0d9ca03 sshd[1612]: error: Could not get shadow information for NOUSER
Apr 18 15:34:23 a952d0d9ca03 sshd[1612]: Failed none for invalid user mtvps1 from 172.30.185.9 port 46886 ssh2
Apr 18 15:34:23 a952d0d9ca03 sshd[1614]: Failed password for invalid user rodrigo from 172.30.185.12 port 33198 ssh2
Apr 18 15:34:23 a952d0d9ca03 sshd[1614]: Connection closed by invalid user rodrigo 172.30.185.12 port 33198 [preauth]
Apr 18 15:34:23 a952d0d9ca03 sshd[1612]: Failed password for invalid user mtvps1 from 172.30.185.9 port 46886 ssh2
Apr 18 15:34:23 a952d0d9ca03 sshd[1612]: Connection closed by invalid user mtvps1 172.30.185.9 port 46886 [preauth]
Apr 18 15:34:23 a952d0d9ca03 sshd[1618]: Invalid user activemq from 172.30.185.14 port 44902
Apr 18 15:34:23 a952d0d9ca03 sshd[1618]: error: Could not get shadow information for NOUSER
Apr 18 15:34:23 a952d0d9ca03 sshd[1618]: Failed none for invalid user activemq from 172.30.185.14 port 44902 ssh2
Apr 18 15:34:23 a952d0d9ca03 sshd[1618]: Failed password for invalid user activemq from 172.30.185.14 port 44902 ssh2
Apr 18 15:34:23 a952d0d9ca03 sshd[1618]: Connection closed by invalid user activemq 172.30.185.14 port 44902 [preauth]
Apr 18 15:34:23 a952d0d9ca03 sshd[1616]: Invalid user oracle from 172.30.185.11 port 36654
Apr 18 15:34:23 a952d0d9ca03 sshd[1616]: error: Could not get shadow information for NOUSER
Apr 18 15:34:23 a952d0d9ca03 sshd[1616]: Failed none for invalid user oracle from 172.30.185.11 port 36654 ssh2
Apr 18 15:34:23 a952d0d9ca03 sshd[1622]: Invalid user tradebot from 172.30.185.13 port 37524
Apr 18 15:34:23 a952d0d9ca03 sshd[1622]: error: Could not get shadow information for NOUSER
Apr 18 15:34:23 a952d0d9ca03 sshd[1622]: Failed none for invalid user tradebot from 172.30.185.13 port 37524 ssh2
Apr 18 15:34:23 a952d0d9ca03 sshd[1616]: Failed password for invalid user oracle from 172.30.185.11 port 36654 ssh2
Apr 18 15:34:23 a952d0d9ca03 sshd[1622]: Failed password for invalid user tradebot from 172.30.185.13 port 37524 ssh2
Apr 18 15:34:23 a952d0d9ca03 sshd[1616]: Connection closed by invalid user oracle 172.30.185.11 port 36654 [preauth]
Apr 18 15:34:23 a952d0d9ca03 sshd[1620]: Invalid user milad from 172.30.185.10 port 45158
Apr 18 15:34:23 a952d0d9ca03 sshd[1620]: error: Could not get shadow information for NOUSER
Apr 18 15:34:23 a952d0d9ca03 sshd[1622]: Connection closed by invalid user tradebot 172.30.185.13 port 37524 [preauth]
Apr 18 15:34:23 a952d0d9ca03 sshd[1620]: Failed none for invalid user milad from 172.30.185.10 port 45158 ssh2
Apr 18 15:34:23 a952d0d9ca03 sshd[1620]: Failed password for invalid user milad from 172.30.185.10 port 45158 ssh2
Apr 18 15:34:23 a952d0d9ca03 sshd[1620]: Connection closed by invalid user milad 172.30.185.10 port 45158 [preauth]
Apr 18 15:34:23 a952d0d9ca03 sshd[1624]: Invalid user ethereum from 172.30.185.15 port 58618
Apr 18 15:34:23 a952d0d9ca03 sshd[1624]: error: Could not get shadow information for NOUSER
Apr 18 15:34:23 a952d0d9ca03 sshd[1624]: Failed none for invalid user ethereum from 172.30.185.15 port 58618 ssh2
Apr 18 15:34:23 a952d0d9ca03 sshd[1624]: Failed password for invalid user ethereum from 172.30.185.15 port 58618 ssh2
Apr 18 15:34:23 a952d0d9ca03 sshd[1624]: Connection closed by invalid user ethereum 172.30.185.15 port 58618 [preauth]
Apr 18 15:34:23 a952d0d9ca03 sshd[1626]: Invalid user rodrigo from 172.30.185.12 port 33214
Apr 18 15:34:23 a952d0d9ca03 sshd[1626]: error: Could not get shadow information for NOUSER
Apr 18 15:34:23 a952d0d9ca03 sshd[1626]: Failed none for invalid user rodrigo from 172.30.185.12 port 33214 ssh2
Apr 18 15:34:23 a952d0d9ca03 sshd[1626]: Failed password for invalid user rodrigo from 172.30.185.12 port 33214 ssh2
Apr 18 15:34:23 a952d0d9ca03 sshd[1626]: Connection closed by invalid user rodrigo 172.30.185.12 port 33214 [preauth]
Apr 18 15:34:23 a952d0d9ca03 sshd[1628]: Invalid user mtvps1 from 172.30.185.9 port 46890
Apr 18 15:34:23 a952d0d9ca03 sshd[1628]: error: Could not get shadow information for NOUSER
Apr 18 15:34:23 a952d0d9ca03 sshd[1628]: Failed none for invalid user mtvps1 from 172.30.185.9 port 46890 ssh2
Apr 18 15:34:23 a952d0d9ca03 sshd[1628]: Failed password for invalid user mtvps1 from 172.30.185.9 port 46890 ssh2
Apr 18 15:34:23 a952d0d9ca03 sshd[1628]: Connection closed by invalid user mtvps1 172.30.185.9 port 46890 [preauth]
Apr 18 15:34:23 a952d0d9ca03 sshd[1632]: Invalid user oracle from 172.30.185.11 port 36670
Apr 18 15:34:23 a952d0d9ca03 sshd[1632]: error: Could not get shadow information for NOUSER
Apr 18 15:34:23 a952d0d9ca03 sshd[1632]: Failed none for invalid user oracle from 172.30.185.11 port 36670 ssh2
Apr 18 15:34:23 a952d0d9ca03 sshd[1632]: Failed password for invalid user oracle from 172.30.185.11 port 36670 ssh2
Apr 18 15:34:23 a952d0d9ca03 sshd[1630]: Invalid user activemq from 172.30.185.14 port 44912
Apr 18 15:34:23 a952d0d9ca03 sshd[1630]: error: Could not get shadow information for NOUSER
Apr 18 15:34:23 a952d0d9ca03 sshd[1632]: Connection closed by invalid user oracle 172.30.185.11 port 36670 [preauth]
Apr 18 15:34:23 a952d0d9ca03 sshd[1630]: Failed none for invalid user activemq from 172.30.185.14 port 44912 ssh2
Apr 18 15:34:23 a952d0d9ca03 sshd[1630]: Failed password for invalid user activemq from 172.30.185.14 port 44912 ssh2
Apr 18 15:34:23 a952d0d9ca03 sshd[1630]: Connection closed by invalid user activemq 172.30.185.14 port 44912 [preauth]
Apr 18 15:34:23 a952d0d9ca03 sshd[1633]: Invalid user tradebot from 172.30.185.13 port 37540
Apr 18 15:34:23 a952d0d9ca03 sshd[1633]: error: Could not get shadow information for NOUSER
Apr 18 15:34:23 a952d0d9ca03 sshd[1640]: Invalid user ethereum from 172.30.185.15 port 58620
Apr 18 15:34:23 a952d0d9ca03 sshd[1640]: error: Could not get shadow information for NOUSER
Apr 18 15:34:23 a952d0d9ca03 sshd[1633]: Failed none for invalid user tradebot from 172.30.185.13 port 37540 ssh2
Apr 18 15:34:23 a952d0d9ca03 sshd[1640]: Failed none for invalid user ethereum from 172.30.185.15 port 58620 ssh2
Apr 18 15:34:23 a952d0d9ca03 sshd[1633]: Failed password for invalid user tradebot from 172.30.185.13 port 37540 ssh2
Apr 18 15:34:23 a952d0d9ca03 sshd[1633]: Connection closed by invalid user tradebot 172.30.185.13 port 37540 [preauth]
Apr 18 15:34:23 a952d0d9ca03 sshd[1636]: Invalid user milad from 172.30.185.10 port 45164
Apr 18 15:34:23 a952d0d9ca03 sshd[1636]: error: Could not get shadow information for NOUSER
Apr 18 15:34:23 a952d0d9ca03 sshd[1640]: Failed password for invalid user ethereum from 172.30.185.15 port 58620 ssh2
Apr 18 15:34:23 a952d0d9ca03 sshd[1636]: Failed none for invalid user milad from 172.30.185.10 port 45164 ssh2
Apr 18 15:34:23 a952d0d9ca03 sshd[1640]: Connection closed by invalid user ethereum 172.30.185.15 port 58620 [preauth]
Apr 18 15:34:23 a952d0d9ca03 sshd[1636]: Failed password for invalid user milad from 172.30.185.10 port 45164 ssh2
Apr 18 15:34:23 a952d0d9ca03 sshd[1636]: Connection closed by invalid user milad 172.30.185.10 port 45164 [preauth]
Apr 18 15:34:23 a952d0d9ca03 sshd[1638]: Invalid user ansadmin from 172.30.185.16 port 35126
Apr 18 15:34:23 a952d0d9ca03 sshd[1638]: error: Could not get shadow information for NOUSER
Apr 18 15:34:23 a952d0d9ca03 sshd[1638]: Failed none for invalid user ansadmin from 172.30.185.16 port 35126 ssh2
Apr 18 15:34:23 a952d0d9ca03 sshd[1638]: Failed password for invalid user ansadmin from 172.30.185.16 port 35126 ssh2
Apr 18 15:34:23 a952d0d9ca03 sshd[1638]: Connection closed by invalid user ansadmin 172.30.185.16 port 35126 [preauth]
Apr 18 15:34:23 a952d0d9ca03 sshd[1642]: Invalid user rodrigo from 172.30.185.12 port 33220
Apr 18 15:34:23 a952d0d9ca03 sshd[1642]: error: Could not get shadow information for NOUSER
Apr 18 15:34:23 a952d0d9ca03 sshd[1642]: Failed none for invalid user rodrigo from 172.30.185.12 port 33220 ssh2
Apr 18 15:34:23 a952d0d9ca03 sshd[1642]: Failed password for invalid user rodrigo from 172.30.185.12 port 33220 ssh2
Apr 18 15:34:23 a952d0d9ca03 sshd[1642]: Connection closed by invalid user rodrigo 172.30.185.12 port 33220 [preauth]
Apr 18 15:34:23 a952d0d9ca03 sshd[1644]: Invalid user oracle from 172.30.185.11 port 36682
Apr 18 15:34:23 a952d0d9ca03 sshd[1644]: error: Could not get shadow information for NOUSER
Apr 18 15:34:23 a952d0d9ca03 sshd[1644]: Failed none for invalid user oracle from 172.30.185.11 port 36682 ssh2
Apr 18 15:34:23 a952d0d9ca03 sshd[1644]: Failed password for invalid user oracle from 172.30.185.11 port 36682 ssh2
Apr 18 15:34:23 a952d0d9ca03 sshd[1644]: Connection closed by invalid user oracle 172.30.185.11 port 36682 [preauth]
Apr 18 15:34:23 a952d0d9ca03 sshd[1648]: Invalid user tradebot from 172.30.185.13 port 37552
Apr 18 15:34:23 a952d0d9ca03 sshd[1648]: error: Could not get shadow information for NOUSER
Apr 18 15:34:23 a952d0d9ca03 sshd[1648]: Failed none for invalid user tradebot from 172.30.185.13 port 37552 ssh2
Apr 18 15:34:23 a952d0d9ca03 sshd[1646]: Invalid user activemq from 172.30.185.14 port 44922
Apr 18 15:34:23 a952d0d9ca03 sshd[1646]: error: Could not get shadow information for NOUSER
Apr 18 15:34:23 a952d0d9ca03 sshd[1646]: Failed none for invalid user activemq from 172.30.185.14 port 44922 ssh2
Apr 18 15:34:23 a952d0d9ca03 sshd[1648]: Failed password for invalid user tradebot from 172.30.185.13 port 37552 ssh2
Apr 18 15:34:23 a952d0d9ca03 sshd[1648]: Connection closed by invalid user tradebot 172.30.185.13 port 37552 [preauth]
Apr 18 15:34:23 a952d0d9ca03 sshd[1646]: Failed password for invalid user activemq from 172.30.185.14 port 44922 ssh2
Apr 18 15:34:23 a952d0d9ca03 sshd[1646]: Connection closed by invalid user activemq 172.30.185.14 port 44922 [preauth]
Apr 18 15:34:23 a952d0d9ca03 sshd[1650]: Invalid user ethereum from 172.30.185.15 port 58622
Apr 18 15:34:23 a952d0d9ca03 sshd[1650]: error: Could not get shadow information for NOUSER
Apr 18 15:34:23 a952d0d9ca03 sshd[1650]: Failed none for invalid user ethereum from 172.30.185.15 port 58622 ssh2
Apr 18 15:34:23 a952d0d9ca03 sshd[1650]: Failed password for invalid user ethereum from 172.30.185.15 port 58622 ssh2
Apr 18 15:34:23 a952d0d9ca03 sshd[1650]: Connection closed by invalid user ethereum 172.30.185.15 port 58622 [preauth]
Apr 18 15:34:23 a952d0d9ca03 sshd[1652]: Invalid user milad from 172.30.185.10 port 45172
Apr 18 15:34:23 a952d0d9ca03 sshd[1652]: error: Could not get shadow information for NOUSER
Apr 18 15:34:23 a952d0d9ca03 sshd[1652]: Failed none for invalid user milad from 172.30.185.10 port 45172 ssh2
Apr 18 15:34:23 a952d0d9ca03 sshd[1652]: Failed password for invalid user milad from 172.30.185.10 port 45172 ssh2
Apr 18 15:34:23 a952d0d9ca03 sshd[1652]: Connection closed by invalid user milad 172.30.185.10 port 45172 [preauth]
Apr 18 15:34:23 a952d0d9ca03 sshd[1654]: Invalid user ansadmin from 172.30.185.16 port 35132
Apr 18 15:34:23 a952d0d9ca03 sshd[1654]: error: Could not get shadow information for NOUSER
Apr 18 15:34:23 a952d0d9ca03 sshd[1654]: Failed none for invalid user ansadmin from 172.30.185.16 port 35132 ssh2
Apr 18 15:34:23 a952d0d9ca03 sshd[1654]: Failed password for invalid user ansadmin from 172.30.185.16 port 35132 ssh2
Apr 18 15:34:23 a952d0d9ca03 sshd[1654]: Connection closed by invalid user ansadmin 172.30.185.16 port 35132 [preauth]
Apr 18 15:34:23 a952d0d9ca03 sshd[1656]: Invalid user rodrigo from 172.30.185.12 port 33228
Apr 18 15:34:23 a952d0d9ca03 sshd[1656]: error: Could not get shadow information for NOUSER
Apr 18 15:34:23 a952d0d9ca03 sshd[1656]: Failed none for invalid user rodrigo from 172.30.185.12 port 33228 ssh2
Apr 18 15:34:23 a952d0d9ca03 sshd[1656]: Failed password for invalid user rodrigo from 172.30.185.12 port 33228 ssh2
Apr 18 15:34:23 a952d0d9ca03 sshd[1656]: Connection closed by invalid user rodrigo 172.30.185.12 port 33228 [preauth]
Apr 18 15:34:23 a952d0d9ca03 sshd[1660]: Invalid user tradebot from 172.30.185.13 port 37554
Apr 18 15:34:23 a952d0d9ca03 sshd[1660]: error: Could not get shadow information for NOUSER
Apr 18 15:34:23 a952d0d9ca03 sshd[1660]: Failed none for invalid user tradebot from 172.30.185.13 port 37554 ssh2
Apr 18 15:34:23 a952d0d9ca03 sshd[1660]: Failed password for invalid user tradebot from 172.30.185.13 port 37554 ssh2
Apr 18 15:34:23 a952d0d9ca03 sshd[1660]: Connection closed by invalid user tradebot 172.30.185.13 port 37554 [preauth]
Apr 18 15:34:23 a952d0d9ca03 sshd[1658]: Invalid user oracle from 172.30.185.11 port 36692
Apr 18 15:34:23 a952d0d9ca03 sshd[1658]: error: Could not get shadow information for NOUSER
Apr 18 15:34:23 a952d0d9ca03 sshd[1658]: Failed none for invalid user oracle from 172.30.185.11 port 36692 ssh2
Apr 18 15:34:23 a952d0d9ca03 sshd[1662]: Invalid user activemq from 172.30.185.14 port 44926
Apr 18 15:34:23 a952d0d9ca03 sshd[1662]: error: Could not get shadow information for NOUSER
Apr 18 15:34:23 a952d0d9ca03 sshd[1662]: Failed none for invalid user activemq from 172.30.185.14 port 44926 ssh2
Apr 18 15:34:23 a952d0d9ca03 sshd[1658]: Failed password for invalid user oracle from 172.30.185.11 port 36692 ssh2
Apr 18 15:34:23 a952d0d9ca03 sshd[1658]: Connection closed by invalid user oracle 172.30.185.11 port 36692 [preauth]
Apr 18 15:34:23 a952d0d9ca03 sshd[1662]: Failed password for invalid user activemq from 172.30.185.14 port 44926 ssh2
Apr 18 15:34:23 a952d0d9ca03 sshd[1662]: Connection closed by invalid user activemq 172.30.185.14 port 44926 [preauth]
Apr 18 15:34:23 a952d0d9ca03 sshd[1664]: Invalid user ethereum from 172.30.185.15 port 58632
Apr 18 15:34:23 a952d0d9ca03 sshd[1664]: error: Could not get shadow information for NOUSER
Apr 18 15:34:23 a952d0d9ca03 sshd[1664]: Failed none for invalid user ethereum from 172.30.185.15 port 58632 ssh2
Apr 18 15:34:23 a952d0d9ca03 sshd[1664]: Failed password for invalid user ethereum from 172.30.185.15 port 58632 ssh2
Apr 18 15:34:23 a952d0d9ca03 sshd[1664]: Connection closed by invalid user ethereum 172.30.185.15 port 58632 [preauth]
Apr 18 15:34:23 a952d0d9ca03 sshd[1670]: Invalid user rodrigo from 172.30.185.12 port 33234
Apr 18 15:34:23 a952d0d9ca03 sshd[1670]: error: Could not get shadow information for NOUSER
Apr 18 15:34:23 a952d0d9ca03 sshd[1666]: Invalid user milad from 172.30.185.10 port 45186
Apr 18 15:34:23 a952d0d9ca03 sshd[1666]: error: Could not get shadow information for NOUSER
Apr 18 15:34:23 a952d0d9ca03 sshd[1670]: Failed none for invalid user rodrigo from 172.30.185.12 port 33234 ssh2
Apr 18 15:34:23 a952d0d9ca03 sshd[1666]: Failed none for invalid user milad from 172.30.185.10 port 45186 ssh2
Apr 18 15:34:23 a952d0d9ca03 sshd[1668]: Invalid user ansadmin from 172.30.185.16 port 35140
Apr 18 15:34:23 a952d0d9ca03 sshd[1668]: error: Could not get shadow information for NOUSER
Apr 18 15:34:23 a952d0d9ca03 sshd[1670]: Failed password for invalid user rodrigo from 172.30.185.12 port 33234 ssh2
Apr 18 15:34:23 a952d0d9ca03 sshd[1668]: Failed none for invalid user ansadmin from 172.30.185.16 port 35140 ssh2
Apr 18 15:34:23 a952d0d9ca03 sshd[1666]: Failed password for invalid user milad from 172.30.185.10 port 45186 ssh2
Apr 18 15:34:23 a952d0d9ca03 sshd[1670]: Connection closed by invalid user rodrigo 172.30.185.12 port 33234 [preauth]
Apr 18 15:34:23 a952d0d9ca03 sshd[1666]: Connection closed by invalid user milad 172.30.185.10 port 45186 [preauth]
Apr 18 15:34:23 a952d0d9ca03 sshd[1668]: Failed password for invalid user ansadmin from 172.30.185.16 port 35140 ssh2
Apr 18 15:34:23 a952d0d9ca03 sshd[1668]: Connection closed by invalid user ansadmin 172.30.185.16 port 35140 [preauth]
Apr 18 15:34:24 a952d0d9ca03 sshd[1675]: Invalid user activemq from 172.30.185.14 port 44938
Apr 18 15:34:24 a952d0d9ca03 sshd[1675]: error: Could not get shadow information for NOUSER
Apr 18 15:34:24 a952d0d9ca03 sshd[1675]: Failed none for invalid user activemq from 172.30.185.14 port 44938 ssh2
Apr 18 15:34:24 a952d0d9ca03 sshd[1675]: Failed password for invalid user activemq from 172.30.185.14 port 44938 ssh2
Apr 18 15:34:24 a952d0d9ca03 sshd[1675]: Connection closed by invalid user activemq 172.30.185.14 port 44938 [preauth]
Apr 18 15:34:24 a952d0d9ca03 sshd[1672]: Invalid user tradebot from 172.30.185.13 port 37556
Apr 18 15:34:24 a952d0d9ca03 sshd[1672]: error: Could not get shadow information for NOUSER
Apr 18 15:34:24 a952d0d9ca03 sshd[1672]: Failed none for invalid user tradebot from 172.30.185.13 port 37556 ssh2
Apr 18 15:34:24 a952d0d9ca03 sshd[1672]: Failed password for invalid user tradebot from 172.30.185.13 port 37556 ssh2
Apr 18 15:34:24 a952d0d9ca03 sshd[1672]: Connection closed by invalid user tradebot 172.30.185.13 port 37556 [preauth]
Apr 18 15:34:24 a952d0d9ca03 sshd[1674]: Invalid user oracle from 172.30.185.11 port 36706
Apr 18 15:34:24 a952d0d9ca03 sshd[1678]: Invalid user shashi from 172.30.185.17 port 55476
Apr 18 15:34:24 a952d0d9ca03 sshd[1674]: error: Could not get shadow information for NOUSER
Apr 18 15:34:24 a952d0d9ca03 sshd[1678]: error: Could not get shadow information for NOUSER
Apr 18 15:34:24 a952d0d9ca03 sshd[1674]: Failed none for invalid user oracle from 172.30.185.11 port 36706 ssh2
Apr 18 15:34:24 a952d0d9ca03 sshd[1678]: Failed none for invalid user shashi from 172.30.185.17 port 55476 ssh2
Apr 18 15:34:24 a952d0d9ca03 sshd[1674]: Failed password for invalid user oracle from 172.30.185.11 port 36706 ssh2
Apr 18 15:34:24 a952d0d9ca03 sshd[1678]: Failed password for invalid user shashi from 172.30.185.17 port 55476 ssh2
Apr 18 15:34:24 a952d0d9ca03 sshd[1674]: Connection closed by invalid user oracle 172.30.185.11 port 36706 [preauth]
Apr 18 15:34:24 a952d0d9ca03 sshd[1678]: Connection closed by invalid user shashi 172.30.185.17 port 55476 [preauth]
Apr 18 15:34:24 a952d0d9ca03 sshd[1680]: Invalid user ethereum from 172.30.185.15 port 58634
Apr 18 15:34:24 a952d0d9ca03 sshd[1680]: error: Could not get shadow information for NOUSER
Apr 18 15:34:24 a952d0d9ca03 sshd[1680]: Failed none for invalid user ethereum from 172.30.185.15 port 58634 ssh2
Apr 18 15:34:24 a952d0d9ca03 sshd[1680]: Failed password for invalid user ethereum from 172.30.185.15 port 58634 ssh2
Apr 18 15:34:24 a952d0d9ca03 sshd[1680]: Connection closed by invalid user ethereum 172.30.185.15 port 58634 [preauth]
Apr 18 15:34:24 a952d0d9ca03 sshd[1684]: Invalid user ansadmin from 172.30.185.16 port 35144
Apr 18 15:34:24 a952d0d9ca03 sshd[1684]: error: Could not get shadow information for NOUSER
Apr 18 15:34:24 a952d0d9ca03 sshd[1684]: Failed none for invalid user ansadmin from 172.30.185.16 port 35144 ssh2
Apr 18 15:34:24 a952d0d9ca03 sshd[1682]: Invalid user rodrigo from 172.30.185.12 port 33242
Apr 18 15:34:24 a952d0d9ca03 sshd[1682]: error: Could not get shadow information for NOUSER
Apr 18 15:34:24 a952d0d9ca03 sshd[1682]: Failed none for invalid user rodrigo from 172.30.185.12 port 33242 ssh2
Apr 18 15:34:24 a952d0d9ca03 sshd[1684]: Failed password for invalid user ansadmin from 172.30.185.16 port 35144 ssh2
Apr 18 15:34:24 a952d0d9ca03 sshd[1684]: Connection closed by invalid user ansadmin 172.30.185.16 port 35144 [preauth]
Apr 18 15:34:24 a952d0d9ca03 sshd[1682]: Failed password for invalid user rodrigo from 172.30.185.12 port 33242 ssh2
Apr 18 15:34:24 a952d0d9ca03 sshd[1682]: Connection closed by invalid user rodrigo 172.30.185.12 port 33242 [preauth]
Apr 18 15:34:24 a952d0d9ca03 sshd[1686]: Invalid user activemq from 172.30.185.14 port 44948
Apr 18 15:34:24 a952d0d9ca03 sshd[1686]: error: Could not get shadow information for NOUSER
Apr 18 15:34:24 a952d0d9ca03 sshd[1686]: Failed none for invalid user activemq from 172.30.185.14 port 44948 ssh2
Apr 18 15:34:24 a952d0d9ca03 sshd[1688]: Invalid user tradebot from 172.30.185.13 port 37568
Apr 18 15:34:24 a952d0d9ca03 sshd[1688]: error: Could not get shadow information for NOUSER
Apr 18 15:34:24 a952d0d9ca03 sshd[1688]: Failed none for invalid user tradebot from 172.30.185.13 port 37568 ssh2
Apr 18 15:34:24 a952d0d9ca03 sshd[1686]: Failed password for invalid user activemq from 172.30.185.14 port 44948 ssh2
Apr 18 15:34:24 a952d0d9ca03 sshd[1686]: Connection closed by invalid user activemq 172.30.185.14 port 44948 [preauth]
Apr 18 15:34:24 a952d0d9ca03 sshd[1688]: Failed password for invalid user tradebot from 172.30.185.13 port 37568 ssh2
Apr 18 15:34:24 a952d0d9ca03 sshd[1688]: Connection closed by invalid user tradebot 172.30.185.13 port 37568 [preauth]
Apr 18 15:34:24 a952d0d9ca03 sshd[1691]: Invalid user shashi from 172.30.185.17 port 55488
Apr 18 15:34:24 a952d0d9ca03 sshd[1691]: error: Could not get shadow information for NOUSER
Apr 18 15:34:24 a952d0d9ca03 sshd[1691]: Failed none for invalid user shashi from 172.30.185.17 port 55488 ssh2
Apr 18 15:34:24 a952d0d9ca03 sshd[1690]: Invalid user oracle from 172.30.185.11 port 36712
Apr 18 15:34:24 a952d0d9ca03 sshd[1690]: error: Could not get shadow information for NOUSER
Apr 18 15:34:24 a952d0d9ca03 sshd[1694]: Invalid user ethereum from 172.30.185.15 port 58646
Apr 18 15:34:24 a952d0d9ca03 sshd[1694]: error: Could not get shadow information for NOUSER
Apr 18 15:34:24 a952d0d9ca03 sshd[1691]: Failed password for invalid user shashi from 172.30.185.17 port 55488 ssh2
Apr 18 15:34:24 a952d0d9ca03 sshd[1690]: Failed none for invalid user oracle from 172.30.185.11 port 36712 ssh2
Apr 18 15:34:24 a952d0d9ca03 sshd[1694]: Failed none for invalid user ethereum from 172.30.185.15 port 58646 ssh2
Apr 18 15:34:24 a952d0d9ca03 sshd[1691]: Connection closed by invalid user shashi 172.30.185.17 port 55488 [preauth]
Apr 18 15:34:24 a952d0d9ca03 sshd[1690]: Failed password for invalid user oracle from 172.30.185.11 port 36712 ssh2
Apr 18 15:34:24 a952d0d9ca03 sshd[1694]: Failed password for invalid user ethereum from 172.30.185.15 port 58646 ssh2
Apr 18 15:34:24 a952d0d9ca03 sshd[1690]: Connection closed by invalid user oracle 172.30.185.11 port 36712 [preauth]
Apr 18 15:34:24 a952d0d9ca03 sshd[1694]: Connection closed by invalid user ethereum 172.30.185.15 port 58646 [preauth]
Apr 18 15:34:24 a952d0d9ca03 sshd[1698]: Invalid user rodrigo from 172.30.185.12 port 33248
Apr 18 15:34:24 a952d0d9ca03 sshd[1698]: error: Could not get shadow information for NOUSER
Apr 18 15:34:24 a952d0d9ca03 sshd[1698]: Failed none for invalid user rodrigo from 172.30.185.12 port 33248 ssh2
Apr 18 15:34:24 a952d0d9ca03 sshd[1696]: Invalid user ansadmin from 172.30.185.16 port 35156
Apr 18 15:34:24 a952d0d9ca03 sshd[1696]: error: Could not get shadow information for NOUSER
Apr 18 15:34:24 a952d0d9ca03 sshd[1696]: Failed none for invalid user ansadmin from 172.30.185.16 port 35156 ssh2
Apr 18 15:34:24 a952d0d9ca03 sshd[1698]: Failed password for invalid user rodrigo from 172.30.185.12 port 33248 ssh2
Apr 18 15:34:24 a952d0d9ca03 sshd[1698]: Connection closed by invalid user rodrigo 172.30.185.12 port 33248 [preauth]
Apr 18 15:34:24 a952d0d9ca03 sshd[1696]: Failed password for invalid user ansadmin from 172.30.185.16 port 35156 ssh2
Apr 18 15:34:24 a952d0d9ca03 sshd[1696]: Connection closed by invalid user ansadmin 172.30.185.16 port 35156 [preauth]
Apr 18 15:34:24 a952d0d9ca03 sshd[1700]: Invalid user git from 172.30.185.18 port 51522
Apr 18 15:34:24 a952d0d9ca03 sshd[1700]: error: Could not get shadow information for NOUSER
Apr 18 15:34:24 a952d0d9ca03 sshd[1700]: Failed none for invalid user git from 172.30.185.18 port 51522 ssh2
Apr 18 15:34:24 a952d0d9ca03 sshd[1700]: Failed password for invalid user git from 172.30.185.18 port 51522 ssh2
Apr 18 15:34:24 a952d0d9ca03 sshd[1700]: Connection closed by invalid user git 172.30.185.18 port 51522 [preauth]
Apr 18 15:34:24 a952d0d9ca03 sshd[1703]: Invalid user tradebot from 172.30.185.13 port 37580
Apr 18 15:34:24 a952d0d9ca03 sshd[1703]: error: Could not get shadow information for NOUSER
Apr 18 15:34:24 a952d0d9ca03 sshd[1703]: Failed none for invalid user tradebot from 172.30.185.13 port 37580 ssh2
Apr 18 15:34:24 a952d0d9ca03 sshd[1703]: Failed password for invalid user tradebot from 172.30.185.13 port 37580 ssh2
Apr 18 15:34:24 a952d0d9ca03 sshd[1703]: Connection closed by invalid user tradebot 172.30.185.13 port 37580 [preauth]
Apr 18 15:34:24 a952d0d9ca03 sshd[1702]: Invalid user activemq from 172.30.185.14 port 44954
Apr 18 15:34:24 a952d0d9ca03 sshd[1702]: error: Could not get shadow information for NOUSER
Apr 18 15:34:24 a952d0d9ca03 sshd[1702]: Failed none for invalid user activemq from 172.30.185.14 port 44954 ssh2
Apr 18 15:34:24 a952d0d9ca03 sshd[1708]: Invalid user ethereum from 172.30.185.15 port 58652
Apr 18 15:34:24 a952d0d9ca03 sshd[1708]: error: Could not get shadow information for NOUSER
Apr 18 15:34:24 a952d0d9ca03 sshd[1702]: Failed password for invalid user activemq from 172.30.185.14 port 44954 ssh2
Apr 18 15:34:24 a952d0d9ca03 sshd[1708]: Failed none for invalid user ethereum from 172.30.185.15 port 58652 ssh2
Apr 18 15:34:24 a952d0d9ca03 sshd[1702]: Connection closed by invalid user activemq 172.30.185.14 port 44954 [preauth]
Apr 18 15:34:24 a952d0d9ca03 sshd[1708]: Failed password for invalid user ethereum from 172.30.185.15 port 58652 ssh2
Apr 18 15:34:24 a952d0d9ca03 sshd[1708]: Connection closed by invalid user ethereum 172.30.185.15 port 58652 [preauth]
Apr 18 15:34:24 a952d0d9ca03 sshd[1710]: Invalid user dbus from 172.30.185.19 port 56768
Apr 18 15:34:24 a952d0d9ca03 sshd[1710]: error: Could not get shadow information for NOUSER
Apr 18 15:34:24 a952d0d9ca03 sshd[1710]: Failed none for invalid user dbus from 172.30.185.19 port 56768 ssh2
Apr 18 15:34:24 a952d0d9ca03 sshd[1706]: Invalid user shashi from 172.30.185.17 port 55498
Apr 18 15:34:24 a952d0d9ca03 sshd[1706]: error: Could not get shadow information for NOUSER
Apr 18 15:34:24 a952d0d9ca03 sshd[1706]: Failed none for invalid user shashi from 172.30.185.17 port 55498 ssh2
Apr 18 15:34:24 a952d0d9ca03 sshd[1710]: Failed password for invalid user dbus from 172.30.185.19 port 56768 ssh2
Apr 18 15:34:24 a952d0d9ca03 sshd[1710]: Connection closed by invalid user dbus 172.30.185.19 port 56768 [preauth]
Apr 18 15:34:24 a952d0d9ca03 sshd[1706]: Failed password for invalid user shashi from 172.30.185.17 port 55498 ssh2
Apr 18 15:34:24 a952d0d9ca03 sshd[1706]: Connection closed by invalid user shashi 172.30.185.17 port 55498 [preauth]
Apr 18 15:34:24 a952d0d9ca03 sshd[1712]: Invalid user ansadmin from 172.30.185.16 port 35158
Apr 18 15:34:24 a952d0d9ca03 sshd[1712]: error: Could not get shadow information for NOUSER
Apr 18 15:34:24 a952d0d9ca03 sshd[1712]: Failed none for invalid user ansadmin from 172.30.185.16 port 35158 ssh2
Apr 18 15:34:24 a952d0d9ca03 sshd[1712]: Failed password for invalid user ansadmin from 172.30.185.16 port 35158 ssh2
Apr 18 15:34:24 a952d0d9ca03 sshd[1712]: Connection closed by invalid user ansadmin 172.30.185.16 port 35158 [preauth]
Apr 18 15:34:24 a952d0d9ca03 sshd[1714]: Invalid user git from 172.30.185.18 port 51526
Apr 18 15:34:24 a952d0d9ca03 sshd[1714]: error: Could not get shadow information for NOUSER
Apr 18 15:34:24 a952d0d9ca03 sshd[1714]: Failed none for invalid user git from 172.30.185.18 port 51526 ssh2
Apr 18 15:34:24 a952d0d9ca03 sshd[1714]: Failed password for invalid user git from 172.30.185.18 port 51526 ssh2
Apr 18 15:34:24 a952d0d9ca03 sshd[1714]: Connection closed by invalid user git 172.30.185.18 port 51526 [preauth]
Apr 18 15:34:24 a952d0d9ca03 sshd[1716]: Invalid user kraken from 172.30.185.20 port 56694
Apr 18 15:34:24 a952d0d9ca03 sshd[1716]: error: Could not get shadow information for NOUSER
Apr 18 15:34:24 a952d0d9ca03 sshd[1720]: Invalid user activemq from 172.30.185.14 port 44960
Apr 18 15:34:24 a952d0d9ca03 sshd[1720]: error: Could not get shadow information for NOUSER
Apr 18 15:34:24 a952d0d9ca03 sshd[1716]: Failed none for invalid user kraken from 172.30.185.20 port 56694 ssh2
Apr 18 15:34:24 a952d0d9ca03 sshd[1720]: Failed none for invalid user activemq from 172.30.185.14 port 44960 ssh2
Apr 18 15:34:24 a952d0d9ca03 sshd[1716]: Failed password for invalid user kraken from 172.30.185.20 port 56694 ssh2
Apr 18 15:34:24 a952d0d9ca03 sshd[1720]: Failed password for invalid user activemq from 172.30.185.14 port 44960 ssh2
Apr 18 15:34:24 a952d0d9ca03 sshd[1716]: Connection closed by invalid user kraken 172.30.185.20 port 56694 [preauth]
Apr 18 15:34:24 a952d0d9ca03 sshd[1720]: Connection closed by invalid user activemq 172.30.185.14 port 44960 [preauth]
Apr 18 15:34:24 a952d0d9ca03 sshd[1717]: Invalid user tradebot from 172.30.185.13 port 37592
Apr 18 15:34:24 a952d0d9ca03 sshd[1717]: error: Could not get shadow information for NOUSER
Apr 18 15:34:24 a952d0d9ca03 sshd[1717]: Failed none for invalid user tradebot from 172.30.185.13 port 37592 ssh2
Apr 18 15:34:24 a952d0d9ca03 sshd[1722]: Invalid user ethereum from 172.30.185.15 port 58666
Apr 18 15:34:24 a952d0d9ca03 sshd[1722]: error: Could not get shadow information for NOUSER
Apr 18 15:34:24 a952d0d9ca03 sshd[1722]: Failed none for invalid user ethereum from 172.30.185.15 port 58666 ssh2
Apr 18 15:34:24 a952d0d9ca03 sshd[1717]: Failed password for invalid user tradebot from 172.30.185.13 port 37592 ssh2
Apr 18 15:34:24 a952d0d9ca03 sshd[1717]: Connection closed by invalid user tradebot 172.30.185.13 port 37592 [preauth]
Apr 18 15:34:24 a952d0d9ca03 sshd[1722]: Failed password for invalid user ethereum from 172.30.185.15 port 58666 ssh2
Apr 18 15:34:24 a952d0d9ca03 sshd[1722]: Connection closed by invalid user ethereum 172.30.185.15 port 58666 [preauth]
Apr 18 15:34:24 a952d0d9ca03 sshd[1726]: Invalid user shashi from 172.30.185.17 port 55500
Apr 18 15:34:24 a952d0d9ca03 sshd[1726]: error: Could not get shadow information for NOUSER
Apr 18 15:34:24 a952d0d9ca03 sshd[1726]: Failed none for invalid user shashi from 172.30.185.17 port 55500 ssh2
Apr 18 15:34:24 a952d0d9ca03 sshd[1724]: Invalid user dbus from 172.30.185.19 port 56784
Apr 18 15:34:24 a952d0d9ca03 sshd[1724]: error: Could not get shadow information for NOUSER
Apr 18 15:34:24 a952d0d9ca03 sshd[1724]: Failed none for invalid user dbus from 172.30.185.19 port 56784 ssh2
Apr 18 15:34:24 a952d0d9ca03 sshd[1726]: Failed password for invalid user shashi from 172.30.185.17 port 55500 ssh2
Apr 18 15:34:24 a952d0d9ca03 sshd[1724]: Failed password for invalid user dbus from 172.30.185.19 port 56784 ssh2
Apr 18 15:34:24 a952d0d9ca03 sshd[1726]: Connection closed by invalid user shashi 172.30.185.17 port 55500 [preauth]
Apr 18 15:34:24 a952d0d9ca03 sshd[1724]: Connection closed by invalid user dbus 172.30.185.19 port 56784 [preauth]
Apr 18 15:34:24 a952d0d9ca03 sshd[1728]: Invalid user ansadmin from 172.30.185.16 port 35174
Apr 18 15:34:24 a952d0d9ca03 sshd[1728]: error: Could not get shadow information for NOUSER
Apr 18 15:34:24 a952d0d9ca03 sshd[1728]: Failed none for invalid user ansadmin from 172.30.185.16 port 35174 ssh2
Apr 18 15:34:24 a952d0d9ca03 sshd[1728]: Failed password for invalid user ansadmin from 172.30.185.16 port 35174 ssh2
Apr 18 15:34:24 a952d0d9ca03 sshd[1728]: Connection closed by invalid user ansadmin 172.30.185.16 port 35174 [preauth]
Apr 18 15:34:25 a952d0d9ca03 sshd[1732]: Invalid user activemq from 172.30.185.14 port 44974
Apr 18 15:34:25 a952d0d9ca03 sshd[1732]: error: Could not get shadow information for NOUSER
Apr 18 15:34:25 a952d0d9ca03 sshd[1732]: Failed none for invalid user activemq from 172.30.185.14 port 44974 ssh2
Apr 18 15:34:25 a952d0d9ca03 sshd[1730]: Invalid user git from 172.30.185.18 port 51542
Apr 18 15:34:25 a952d0d9ca03 sshd[1730]: error: Could not get shadow information for NOUSER
Apr 18 15:34:25 a952d0d9ca03 sshd[1732]: Failed password for invalid user activemq from 172.30.185.14 port 44974 ssh2
Apr 18 15:34:25 a952d0d9ca03 sshd[1730]: Failed none for invalid user git from 172.30.185.18 port 51542 ssh2
Apr 18 15:34:25 a952d0d9ca03 sshd[1732]: Connection closed by invalid user activemq 172.30.185.14 port 44974 [preauth]
Apr 18 15:34:25 a952d0d9ca03 sshd[1730]: Failed password for invalid user git from 172.30.185.18 port 51542 ssh2
Apr 18 15:34:25 a952d0d9ca03 sshd[1730]: Failed password for invalid user git from 172.30.185.18 port 51542 ssh2
Apr 18 15:34:25 a952d0d9ca03 sshd[1730]: Connection closed by invalid user git 172.30.185.18 port 51542 [preauth]
Apr 18 15:34:25 a952d0d9ca03 sshd[1733]: Invalid user kraken from 172.30.185.20 port 56706
Apr 18 15:34:25 a952d0d9ca03 sshd[1733]: error: Could not get shadow information for NOUSER
Apr 18 15:34:25 a952d0d9ca03 sshd[1733]: Failed none for invalid user kraken from 172.30.185.20 port 56706 ssh2
Apr 18 15:34:25 a952d0d9ca03 sshd[1736]: Invalid user tradebot from 172.30.185.13 port 37606
Apr 18 15:34:25 a952d0d9ca03 sshd[1736]: error: Could not get shadow information for NOUSER
Apr 18 15:34:25 a952d0d9ca03 sshd[1736]: Failed none for invalid user tradebot from 172.30.185.13 port 37606 ssh2
Apr 18 15:34:25 a952d0d9ca03 sshd[1733]: Failed password for invalid user kraken from 172.30.185.20 port 56706 ssh2
Apr 18 15:34:25 a952d0d9ca03 sshd[1736]: Failed password for invalid user tradebot from 172.30.185.13 port 37606 ssh2
Apr 18 15:34:25 a952d0d9ca03 sshd[1733]: Connection closed by invalid user kraken 172.30.185.20 port 56706 [preauth]
Apr 18 15:34:25 a952d0d9ca03 sshd[1736]: Connection closed by invalid user tradebot 172.30.185.13 port 37606 [preauth]
Apr 18 15:34:25 a952d0d9ca03 sshd[1741]: Invalid user dbus from 172.30.185.19 port 56794
Apr 18 15:34:25 a952d0d9ca03 sshd[1741]: error: Could not get shadow information for NOUSER
