Apr 18 15:37:00 a952d0d9ca03 sshd[7779]: Failed password for invalid user validator from 172.30.185.5 port 40950 ssh2
Apr 18 15:37:00 a952d0d9ca03 sshd[7779]: Connection closed by invalid user validator 172.30.185.5 port 40950 [preauth]
Apr 18 15:37:00 a952d0d9ca03 sshd[7781]: Invalid user vagrant from 172.30.185.7 port 48610
Apr 18 15:37:00 a952d0d9ca03 sshd[7781]: error: Could not get shadow information for NOUSER
Apr 18 15:37:00 a952d0d9ca03 sshd[7781]: Failed none for invalid user vagrant from 172.30.185.7 port 48610 ssh2
Apr 18 15:37:00 a952d0d9ca03 sshd[7781]: Failed password for invalid user vagrant from 172.30.185.7 port 48610 ssh2
Apr 18 15:37:00 a952d0d9ca03 sshd[7781]: Connection closed by invalid user vagrant 172.30.185.7 port 48610 [preauth]
Apr 18 15:37:01 a952d0d9ca03 sshd[7783]: Invalid user okx from 172.30.185.6 port 34786
Apr 18 15:37:01 a952d0d9ca03 sshd[7783]: error: Could not get shadow information for NOUSER
Apr 18 15:37:01 a952d0d9ca03 sshd[7783]: Failed none for invalid user okx from 172.30.185.6 port 34786 ssh2
Apr 18 15:37:01 a952d0d9ca03 sshd[7783]: Failed password for invalid user okx from 172.30.185.6 port 34786 ssh2
Apr 18 15:37:01 a952d0d9ca03 sshd[7783]: Connection closed by invalid user okx 172.30.185.6 port 34786 [preauth]
Apr 18 15:37:01 a952d0d9ca03 sshd[7785]: Invalid user validator from 172.30.185.5 port 40960
Apr 18 15:37:01 a952d0d9ca03 sshd[7785]: error: Could not get shadow information for NOUSER
Apr 18 15:37:01 a952d0d9ca03 sshd[7785]: Failed none for invalid user validator from 172.30.185.5 port 40960 ssh2
Apr 18 15:37:01 a952d0d9ca03 sshd[7785]: Failed password for invalid user validator from 172.30.185.5 port 40960 ssh2
Apr 18 15:37:01 a952d0d9ca03 sshd[7785]: Connection closed by invalid user validator 172.30.185.5 port 40960 [preauth]
Apr 18 15:37:01 a952d0d9ca03 sshd[7787]: Invalid user docker from 172.30.185.8 port 33544
Apr 18 15:37:01 a952d0d9ca03 sshd[7787]: error: Could not get shadow information for NOUSER
Apr 18 15:37:01 a952d0d9ca03 sshd[7787]: Failed none for invalid user docker from 172.30.185.8 port 33544 ssh2
Apr 18 15:37:01 a952d0d9ca03 sshd[7787]: Failed password for invalid user docker from 172.30.185.8 port 33544 ssh2
Apr 18 15:37:01 a952d0d9ca03 sshd[7787]: Connection closed by invalid user docker 172.30.185.8 port 33544 [preauth]
Apr 18 15:37:01 a952d0d9ca03 sshd[7789]: Invalid user twice from 172.30.185.7 port 48622
Apr 18 15:37:01 a952d0d9ca03 sshd[7789]: error: Could not get shadow information for NOUSER
Apr 18 15:37:01 a952d0d9ca03 sshd[7789]: Failed none for invalid user twice from 172.30.185.7 port 48622 ssh2
Apr 18 15:37:01 a952d0d9ca03 sshd[7789]: Failed password for invalid user twice from 172.30.185.7 port 48622 ssh2
Apr 18 15:37:01 a952d0d9ca03 sshd[7789]: Connection closed by invalid user twice 172.30.185.7 port 48622 [preauth]
Apr 18 15:37:01 a952d0d9ca03 sshd[7791]: Invalid user okx from 172.30.185.6 port 34798
Apr 18 15:37:01 a952d0d9ca03 sshd[7791]: error: Could not get shadow information for NOUSER
Apr 18 15:37:01 a952d0d9ca03 sshd[7791]: Failed none for invalid user okx from 172.30.185.6 port 34798 ssh2
Apr 18 15:37:01 a952d0d9ca03 sshd[7791]: Failed password for invalid user okx from 172.30.185.6 port 34798 ssh2
Apr 18 15:37:01 a952d0d9ca03 sshd[7791]: Connection closed by invalid user okx 172.30.185.6 port 34798 [preauth]
Apr 18 15:37:01 a952d0d9ca03 sshd[7795]: Invalid user larry from 172.30.185.8 port 33556
Apr 18 15:37:01 a952d0d9ca03 sshd[7795]: error: Could not get shadow information for NOUSER
Apr 18 15:37:01 a952d0d9ca03 sshd[7795]: Failed none for invalid user larry from 172.30.185.8 port 33556 ssh2
Apr 18 15:37:01 a952d0d9ca03 sshd[7795]: Failed password for invalid user larry from 172.30.185.8 port 33556 ssh2
Apr 18 15:37:01 a952d0d9ca03 sshd[7793]: Invalid user validator from 172.30.185.5 port 40972
Apr 18 15:37:01 a952d0d9ca03 sshd[7793]: error: Could not get shadow information for NOUSER
Apr 18 15:37:01 a952d0d9ca03 sshd[7795]: Connection closed by invalid user larry 172.30.185.8 port 33556 [preauth]
Apr 18 15:37:01 a952d0d9ca03 sshd[7793]: Failed none for invalid user validator from 172.30.185.5 port 40972 ssh2
Apr 18 15:37:01 a952d0d9ca03 sshd[7793]: Failed password for invalid user validator from 172.30.185.5 port 40972 ssh2
Apr 18 15:37:01 a952d0d9ca03 sshd[7793]: Connection closed by invalid user validator 172.30.185.5 port 40972 [preauth]
Apr 18 15:37:01 a952d0d9ca03 sshd[7797]: Invalid user twice from 172.30.185.7 port 48634
Apr 18 15:37:01 a952d0d9ca03 sshd[7797]: error: Could not get shadow information for NOUSER
Apr 18 15:37:01 a952d0d9ca03 sshd[7797]: Failed none for invalid user twice from 172.30.185.7 port 48634 ssh2
Apr 18 15:37:01 a952d0d9ca03 sshd[7797]: Failed password for invalid user twice from 172.30.185.7 port 48634 ssh2
Apr 18 15:37:01 a952d0d9ca03 sshd[7797]: Connection closed by invalid user twice 172.30.185.7 port 48634 [preauth]
Apr 18 15:37:01 a952d0d9ca03 sshd[7799]: Invalid user okx from 172.30.185.6 port 34812
Apr 18 15:37:01 a952d0d9ca03 sshd[7799]: error: Could not get shadow information for NOUSER
Apr 18 15:37:01 a952d0d9ca03 sshd[7799]: Failed none for invalid user okx from 172.30.185.6 port 34812 ssh2
Apr 18 15:37:01 a952d0d9ca03 sshd[7799]: Failed password for invalid user okx from 172.30.185.6 port 34812 ssh2
Apr 18 15:37:01 a952d0d9ca03 sshd[7799]: Connection closed by invalid user okx 172.30.185.6 port 34812 [preauth]
Apr 18 15:37:01 a952d0d9ca03 sshd[7801]: Invalid user larry from 172.30.185.8 port 33562
Apr 18 15:37:01 a952d0d9ca03 sshd[7801]: error: Could not get shadow information for NOUSER
Apr 18 15:37:01 a952d0d9ca03 sshd[7801]: Failed none for invalid user larry from 172.30.185.8 port 33562 ssh2
Apr 18 15:37:01 a952d0d9ca03 sshd[7803]: Invalid user validator from 172.30.185.5 port 40980
Apr 18 15:37:01 a952d0d9ca03 sshd[7803]: error: Could not get shadow information for NOUSER
Apr 18 15:37:01 a952d0d9ca03 sshd[7803]: Failed none for invalid user validator from 172.30.185.5 port 40980 ssh2
Apr 18 15:37:01 a952d0d9ca03 sshd[7801]: Failed password for invalid user larry from 172.30.185.8 port 33562 ssh2
Apr 18 15:37:01 a952d0d9ca03 sshd[7801]: Connection closed by invalid user larry 172.30.185.8 port 33562 [preauth]
Apr 18 15:37:01 a952d0d9ca03 sshd[7803]: Failed password for invalid user validator from 172.30.185.5 port 40980 ssh2
Apr 18 15:37:01 a952d0d9ca03 sshd[7803]: Connection closed by invalid user validator 172.30.185.5 port 40980 [preauth]
Apr 18 15:37:01 a952d0d9ca03 sshd[7805]: Invalid user lily from 172.30.185.9 port 53050
Apr 18 15:37:01 a952d0d9ca03 sshd[7805]: error: Could not get shadow information for NOUSER
Apr 18 15:37:01 a952d0d9ca03 sshd[7805]: Failed none for invalid user lily from 172.30.185.9 port 53050 ssh2
Apr 18 15:37:01 a952d0d9ca03 sshd[7805]: Failed password for invalid user lily from 172.30.185.9 port 53050 ssh2
Apr 18 15:37:01 a952d0d9ca03 sshd[7805]: Connection closed by invalid user lily 172.30.185.9 port 53050 [preauth]
Apr 18 15:37:01 a952d0d9ca03 sshd[7807]: Invalid user twice from 172.30.185.7 port 48636
Apr 18 15:37:01 a952d0d9ca03 sshd[7807]: error: Could not get shadow information for NOUSER
Apr 18 15:37:01 a952d0d9ca03 sshd[7807]: Failed none for invalid user twice from 172.30.185.7 port 48636 ssh2
Apr 18 15:37:01 a952d0d9ca03 sshd[7807]: Failed password for invalid user twice from 172.30.185.7 port 48636 ssh2
Apr 18 15:37:01 a952d0d9ca03 sshd[7807]: Connection closed by invalid user twice 172.30.185.7 port 48636 [preauth]
Apr 18 15:37:01 a952d0d9ca03 sshd[7809]: Invalid user okx from 172.30.185.6 port 34816
Apr 18 15:37:01 a952d0d9ca03 sshd[7809]: error: Could not get shadow information for NOUSER
Apr 18 15:37:01 a952d0d9ca03 sshd[7809]: Failed none for invalid user okx from 172.30.185.6 port 34816 ssh2
Apr 18 15:37:01 a952d0d9ca03 sshd[7809]: Failed password for invalid user okx from 172.30.185.6 port 34816 ssh2
Apr 18 15:37:01 a952d0d9ca03 sshd[7809]: Connection closed by invalid user okx 172.30.185.6 port 34816 [preauth]
Apr 18 15:37:01 a952d0d9ca03 sshd[7811]: Invalid user larry from 172.30.185.8 port 33576
Apr 18 15:37:01 a952d0d9ca03 sshd[7812]: Invalid user validator from 172.30.185.5 port 40996
Apr 18 15:37:01 a952d0d9ca03 sshd[7811]: error: Could not get shadow information for NOUSER
Apr 18 15:37:01 a952d0d9ca03 sshd[7812]: error: Could not get shadow information for NOUSER
Apr 18 15:37:01 a952d0d9ca03 sshd[7812]: Failed none for invalid user validator from 172.30.185.5 port 40996 ssh2
Apr 18 15:37:01 a952d0d9ca03 sshd[7811]: Failed none for invalid user larry from 172.30.185.8 port 33576 ssh2
Apr 18 15:37:01 a952d0d9ca03 sshd[7812]: Failed password for invalid user validator from 172.30.185.5 port 40996 ssh2
Apr 18 15:37:01 a952d0d9ca03 sshd[7812]: Connection closed by invalid user validator 172.30.185.5 port 40996 [preauth]
Apr 18 15:37:01 a952d0d9ca03 sshd[7811]: Failed password for invalid user larry from 172.30.185.8 port 33576 ssh2
Apr 18 15:37:01 a952d0d9ca03 sshd[7811]: Connection closed by invalid user larry 172.30.185.8 port 33576 [preauth]
Apr 18 15:37:01 a952d0d9ca03 sshd[7817]: Invalid user twice from 172.30.185.7 port 48652
Apr 18 15:37:01 a952d0d9ca03 sshd[7817]: error: Could not get shadow information for NOUSER
Apr 18 15:37:01 a952d0d9ca03 sshd[7817]: Failed none for invalid user twice from 172.30.185.7 port 48652 ssh2
Apr 18 15:37:01 a952d0d9ca03 sshd[7815]: Invalid user chris from 172.30.185.9 port 53062
Apr 18 15:37:01 a952d0d9ca03 sshd[7815]: error: Could not get shadow information for NOUSER
Apr 18 15:37:01 a952d0d9ca03 sshd[7815]: Failed none for invalid user chris from 172.30.185.9 port 53062 ssh2
Apr 18 15:37:01 a952d0d9ca03 sshd[7817]: Failed password for invalid user twice from 172.30.185.7 port 48652 ssh2
Apr 18 15:37:01 a952d0d9ca03 sshd[7815]: Failed password for invalid user chris from 172.30.185.9 port 53062 ssh2
Apr 18 15:37:01 a952d0d9ca03 sshd[7817]: Connection closed by invalid user twice 172.30.185.7 port 48652 [preauth]
Apr 18 15:37:01 a952d0d9ca03 sshd[7815]: Connection closed by invalid user chris 172.30.185.9 port 53062 [preauth]
Apr 18 15:37:01 a952d0d9ca03 sshd[7819]: Invalid user okx from 172.30.185.6 port 34832
Apr 18 15:37:01 a952d0d9ca03 sshd[7819]: error: Could not get shadow information for NOUSER
Apr 18 15:37:01 a952d0d9ca03 sshd[7819]: Failed none for invalid user okx from 172.30.185.6 port 34832 ssh2
Apr 18 15:37:01 a952d0d9ca03 sshd[7819]: Failed password for invalid user okx from 172.30.185.6 port 34832 ssh2
Apr 18 15:37:01 a952d0d9ca03 sshd[7819]: Connection closed by invalid user okx 172.30.185.6 port 34832 [preauth]
Apr 18 15:37:01 a952d0d9ca03 sshd[7821]: Invalid user larry from 172.30.185.8 port 33590
Apr 18 15:37:01 a952d0d9ca03 sshd[7821]: error: Could not get shadow information for NOUSER
Apr 18 15:37:01 a952d0d9ca03 sshd[7821]: Failed none for invalid user larry from 172.30.185.8 port 33590 ssh2
Apr 18 15:37:01 a952d0d9ca03 sshd[7821]: Failed password for invalid user larry from 172.30.185.8 port 33590 ssh2
Apr 18 15:37:01 a952d0d9ca03 sshd[7821]: Connection closed by invalid user larry 172.30.185.8 port 33590 [preauth]
Apr 18 15:37:02 a952d0d9ca03 sshd[7824]: Invalid user chris from 172.30.185.9 port 53072
Apr 18 15:37:02 a952d0d9ca03 sshd[7824]: error: Could not get shadow information for NOUSER
Apr 18 15:37:02 a952d0d9ca03 sshd[7823]: Invalid user twice from 172.30.185.7 port 48658
Apr 18 15:37:02 a952d0d9ca03 sshd[7824]: Failed none for invalid user chris from 172.30.185.9 port 53072 ssh2
Apr 18 15:37:02 a952d0d9ca03 sshd[7823]: error: Could not get shadow information for NOUSER
Apr 18 15:37:02 a952d0d9ca03 sshd[7823]: Failed none for invalid user twice from 172.30.185.7 port 48658 ssh2
Apr 18 15:37:02 a952d0d9ca03 sshd[7824]: Failed password for invalid user chris from 172.30.185.9 port 53072 ssh2
Apr 18 15:37:02 a952d0d9ca03 sshd[7823]: Failed password for invalid user twice from 172.30.185.7 port 48658 ssh2
Apr 18 15:37:02 a952d0d9ca03 sshd[7824]: Connection closed by invalid user chris 172.30.185.9 port 53072 [preauth]
Apr 18 15:37:02 a952d0d9ca03 sshd[7823]: Connection closed by invalid user twice 172.30.185.7 port 48658 [preauth]
Apr 18 15:37:02 a952d0d9ca03 sshd[7827]: Invalid user okx from 172.30.185.6 port 34838
Apr 18 15:37:02 a952d0d9ca03 sshd[7827]: error: Could not get shadow information for NOUSER
Apr 18 15:37:02 a952d0d9ca03 sshd[7827]: Failed none for invalid user okx from 172.30.185.6 port 34838 ssh2
Apr 18 15:37:02 a952d0d9ca03 sshd[7827]: Failed password for invalid user okx from 172.30.185.6 port 34838 ssh2
Apr 18 15:37:02 a952d0d9ca03 sshd[7829]: Invalid user larry from 172.30.185.8 port 33606
Apr 18 15:37:02 a952d0d9ca03 sshd[7829]: error: Could not get shadow information for NOUSER
Apr 18 15:37:02 a952d0d9ca03 sshd[7827]: Connection closed by invalid user okx 172.30.185.6 port 34838 [preauth]
Apr 18 15:37:02 a952d0d9ca03 sshd[7829]: Failed none for invalid user larry from 172.30.185.8 port 33606 ssh2
Apr 18 15:37:02 a952d0d9ca03 sshd[7829]: Failed password for invalid user larry from 172.30.185.8 port 33606 ssh2
Apr 18 15:37:02 a952d0d9ca03 sshd[7829]: Connection closed by invalid user larry 172.30.185.8 port 33606 [preauth]
Apr 18 15:37:02 a952d0d9ca03 sshd[7831]: Invalid user chris from 172.30.185.9 port 53082
Apr 18 15:37:02 a952d0d9ca03 sshd[7831]: error: Could not get shadow information for NOUSER
Apr 18 15:37:02 a952d0d9ca03 sshd[7831]: Failed none for invalid user chris from 172.30.185.9 port 53082 ssh2
Apr 18 15:37:02 a952d0d9ca03 sshd[7832]: Invalid user twice from 172.30.185.7 port 48666
Apr 18 15:37:02 a952d0d9ca03 sshd[7832]: error: Could not get shadow information for NOUSER
Apr 18 15:37:02 a952d0d9ca03 sshd[7832]: Failed none for invalid user twice from 172.30.185.7 port 48666 ssh2
Apr 18 15:37:02 a952d0d9ca03 sshd[7831]: Failed password for invalid user chris from 172.30.185.9 port 53082 ssh2
Apr 18 15:37:02 a952d0d9ca03 sshd[7832]: Failed password for invalid user twice from 172.30.185.7 port 48666 ssh2
Apr 18 15:37:02 a952d0d9ca03 sshd[7831]: Connection closed by invalid user chris 172.30.185.9 port 53082 [preauth]
Apr 18 15:37:02 a952d0d9ca03 sshd[7832]: Connection closed by invalid user twice 172.30.185.7 port 48666 [preauth]
Apr 18 15:37:02 a952d0d9ca03 sshd[7835]: Invalid user okx from 172.30.185.6 port 34852
Apr 18 15:37:02 a952d0d9ca03 sshd[7835]: error: Could not get shadow information for NOUSER
Apr 18 15:37:02 a952d0d9ca03 sshd[7835]: Failed none for invalid user okx from 172.30.185.6 port 34852 ssh2
Apr 18 15:37:02 a952d0d9ca03 sshd[7835]: Failed password for invalid user okx from 172.30.185.6 port 34852 ssh2
Apr 18 15:37:02 a952d0d9ca03 sshd[7835]: Connection closed by invalid user okx 172.30.185.6 port 34852 [preauth]
Apr 18 15:37:02 a952d0d9ca03 sshd[7837]: Invalid user larry from 172.30.185.8 port 33620
Apr 18 15:37:02 a952d0d9ca03 sshd[7837]: error: Could not get shadow information for NOUSER
Apr 18 15:37:02 a952d0d9ca03 sshd[7837]: Failed none for invalid user larry from 172.30.185.8 port 33620 ssh2
Apr 18 15:37:02 a952d0d9ca03 sshd[7837]: Failed password for invalid user larry from 172.30.185.8 port 33620 ssh2
Apr 18 15:37:02 a952d0d9ca03 sshd[7837]: Connection closed by invalid user larry 172.30.185.8 port 33620 [preauth]
Apr 18 15:37:02 a952d0d9ca03 sshd[7840]: Invalid user twice from 172.30.185.7 port 48678
Apr 18 15:37:02 a952d0d9ca03 sshd[7840]: error: Could not get shadow information for NOUSER
Apr 18 15:37:02 a952d0d9ca03 sshd[7840]: Failed none for invalid user twice from 172.30.185.7 port 48678 ssh2
Apr 18 15:37:02 a952d0d9ca03 sshd[7839]: Invalid user chris from 172.30.185.9 port 53090
Apr 18 15:37:02 a952d0d9ca03 sshd[7839]: error: Could not get shadow information for NOUSER
Apr 18 15:37:02 a952d0d9ca03 sshd[7839]: Failed none for invalid user chris from 172.30.185.9 port 53090 ssh2
Apr 18 15:37:02 a952d0d9ca03 sshd[7840]: Failed password for invalid user twice from 172.30.185.7 port 48678 ssh2
Apr 18 15:37:02 a952d0d9ca03 sshd[7840]: Connection closed by invalid user twice 172.30.185.7 port 48678 [preauth]
Apr 18 15:37:02 a952d0d9ca03 sshd[7839]: Failed password for invalid user chris from 172.30.185.9 port 53090 ssh2
Apr 18 15:37:02 a952d0d9ca03 sshd[7839]: Connection closed by invalid user chris 172.30.185.9 port 53090 [preauth]
Apr 18 15:37:02 a952d0d9ca03 sshd[7843]: Invalid user larry from 172.30.185.8 port 33622
Apr 18 15:37:02 a952d0d9ca03 sshd[7843]: error: Could not get shadow information for NOUSER
Apr 18 15:37:02 a952d0d9ca03 sshd[7843]: Failed none for invalid user larry from 172.30.185.8 port 33622 ssh2
Apr 18 15:37:02 a952d0d9ca03 sshd[7843]: Failed password for invalid user larry from 172.30.185.8 port 33622 ssh2
Apr 18 15:37:02 a952d0d9ca03 sshd[7843]: Connection closed by invalid user larry 172.30.185.8 port 33622 [preauth]
Apr 18 15:37:02 a952d0d9ca03 sshd[7845]: Invalid user temp from 172.30.185.10 port 42196
Apr 18 15:37:02 a952d0d9ca03 sshd[7845]: error: Could not get shadow information for NOUSER
Apr 18 15:37:02 a952d0d9ca03 sshd[7845]: Failed none for invalid user temp from 172.30.185.10 port 42196 ssh2
Apr 18 15:37:02 a952d0d9ca03 sshd[7845]: Failed password for invalid user temp from 172.30.185.10 port 42196 ssh2
Apr 18 15:37:02 a952d0d9ca03 sshd[7845]: Connection closed by invalid user temp 172.30.185.10 port 42196 [preauth]
Apr 18 15:37:02 a952d0d9ca03 sshd[7847]: Invalid user twice from 172.30.185.7 port 48684
Apr 18 15:37:02 a952d0d9ca03 sshd[7847]: error: Could not get shadow information for NOUSER
Apr 18 15:37:02 a952d0d9ca03 sshd[7849]: Invalid user chris from 172.30.185.9 port 53100
Apr 18 15:37:02 a952d0d9ca03 sshd[7849]: error: Could not get shadow information for NOUSER
Apr 18 15:37:02 a952d0d9ca03 sshd[7847]: Failed none for invalid user twice from 172.30.185.7 port 48684 ssh2
Apr 18 15:37:02 a952d0d9ca03 sshd[7849]: Failed none for invalid user chris from 172.30.185.9 port 53100 ssh2
Apr 18 15:37:02 a952d0d9ca03 sshd[7847]: Failed password for invalid user twice from 172.30.185.7 port 48684 ssh2
Apr 18 15:37:02 a952d0d9ca03 sshd[7849]: Failed password for invalid user chris from 172.30.185.9 port 53100 ssh2
Apr 18 15:37:02 a952d0d9ca03 sshd[7847]: Connection closed by invalid user twice 172.30.185.7 port 48684 [preauth]
Apr 18 15:37:02 a952d0d9ca03 sshd[7849]: Connection closed by invalid user chris 172.30.185.9 port 53100 [preauth]
Apr 18 15:37:02 a952d0d9ca03 sshd[7851]: Invalid user larry from 172.30.185.8 port 33634
Apr 18 15:37:02 a952d0d9ca03 sshd[7851]: error: Could not get shadow information for NOUSER
Apr 18 15:37:02 a952d0d9ca03 sshd[7851]: Failed none for invalid user larry from 172.30.185.8 port 33634 ssh2
Apr 18 15:37:02 a952d0d9ca03 sshd[7851]: Failed password for invalid user larry from 172.30.185.8 port 33634 ssh2
Apr 18 15:37:02 a952d0d9ca03 sshd[7851]: Connection closed by invalid user larry 172.30.185.8 port 33634 [preauth]
Apr 18 15:37:02 a952d0d9ca03 sshd[7853]: Invalid user crv from 172.30.185.10 port 42200
Apr 18 15:37:02 a952d0d9ca03 sshd[7853]: error: Could not get shadow information for NOUSER
Apr 18 15:37:02 a952d0d9ca03 sshd[7853]: Failed none for invalid user crv from 172.30.185.10 port 42200 ssh2
Apr 18 15:37:02 a952d0d9ca03 sshd[7853]: Failed password for invalid user crv from 172.30.185.10 port 42200 ssh2
Apr 18 15:37:02 a952d0d9ca03 sshd[7853]: Connection closed by invalid user crv 172.30.185.10 port 42200 [preauth]
Apr 18 15:37:02 a952d0d9ca03 sshd[7856]: Invalid user chris from 172.30.185.9 port 53106
Apr 18 15:37:02 a952d0d9ca03 sshd[7856]: error: Could not get shadow information for NOUSER
Apr 18 15:37:02 a952d0d9ca03 sshd[7856]: Failed none for invalid user chris from 172.30.185.9 port 53106 ssh2
Apr 18 15:37:02 a952d0d9ca03 sshd[7855]: Invalid user twice from 172.30.185.7 port 48698
Apr 18 15:37:02 a952d0d9ca03 sshd[7855]: error: Could not get shadow information for NOUSER
Apr 18 15:37:02 a952d0d9ca03 sshd[7855]: Failed none for invalid user twice from 172.30.185.7 port 48698 ssh2
Apr 18 15:37:03 a952d0d9ca03 sshd[7856]: Failed password for invalid user chris from 172.30.185.9 port 53106 ssh2
Apr 18 15:37:03 a952d0d9ca03 sshd[7856]: Connection closed by invalid user chris 172.30.185.9 port 53106 [preauth]
Apr 18 15:37:03 a952d0d9ca03 sshd[7855]: Failed password for invalid user twice from 172.30.185.7 port 48698 ssh2
Apr 18 15:37:03 a952d0d9ca03 sshd[7855]: Connection closed by invalid user twice 172.30.185.7 port 48698 [preauth]
Apr 18 15:37:03 a952d0d9ca03 sshd[7861]: Invalid user larry from 172.30.185.8 port 33646
Apr 18 15:37:03 a952d0d9ca03 sshd[7861]: error: Could not get shadow information for NOUSER
Apr 18 15:37:03 a952d0d9ca03 sshd[7861]: Failed none for invalid user larry from 172.30.185.8 port 33646 ssh2
Apr 18 15:37:03 a952d0d9ca03 sshd[7861]: Failed password for invalid user larry from 172.30.185.8 port 33646 ssh2
Apr 18 15:37:03 a952d0d9ca03 sshd[7861]: Connection closed by invalid user larry 172.30.185.8 port 33646 [preauth]
Apr 18 15:37:03 a952d0d9ca03 sshd[7859]: Invalid user magdalena from 172.30.185.11 port 58620
Apr 18 15:37:03 a952d0d9ca03 sshd[7859]: error: Could not get shadow information for NOUSER
Apr 18 15:37:03 a952d0d9ca03 sshd[7859]: Failed none for invalid user magdalena from 172.30.185.11 port 58620 ssh2
Apr 18 15:37:03 a952d0d9ca03 sshd[7859]: Failed password for invalid user magdalena from 172.30.185.11 port 58620 ssh2
Apr 18 15:37:03 a952d0d9ca03 sshd[7863]: Invalid user crv from 172.30.185.10 port 42206
Apr 18 15:37:03 a952d0d9ca03 sshd[7863]: error: Could not get shadow information for NOUSER
Apr 18 15:37:03 a952d0d9ca03 sshd[7863]: Failed none for invalid user crv from 172.30.185.10 port 42206 ssh2
Apr 18 15:37:03 a952d0d9ca03 sshd[7859]: Connection closed by invalid user magdalena 172.30.185.11 port 58620 [preauth]
Apr 18 15:37:03 a952d0d9ca03 sshd[7863]: Failed password for invalid user crv from 172.30.185.10 port 42206 ssh2
Apr 18 15:37:03 a952d0d9ca03 sshd[7863]: Connection closed by invalid user crv 172.30.185.10 port 42206 [preauth]
Apr 18 15:37:03 a952d0d9ca03 sshd[7865]: Invalid user chris from 172.30.185.9 port 53112
Apr 18 15:37:03 a952d0d9ca03 sshd[7865]: error: Could not get shadow information for NOUSER
Apr 18 15:37:03 a952d0d9ca03 sshd[7865]: Failed none for invalid user chris from 172.30.185.9 port 53112 ssh2
Apr 18 15:37:03 a952d0d9ca03 sshd[7865]: Failed password for invalid user chris from 172.30.185.9 port 53112 ssh2
Apr 18 15:37:03 a952d0d9ca03 sshd[7865]: Connection closed by invalid user chris 172.30.185.9 port 53112 [preauth]
Apr 18 15:37:03 a952d0d9ca03 sshd[7867]: Invalid user annie from 172.30.185.11 port 58636
Apr 18 15:37:03 a952d0d9ca03 sshd[7867]: error: Could not get shadow information for NOUSER
Apr 18 15:37:03 a952d0d9ca03 sshd[7867]: Failed none for invalid user annie from 172.30.185.11 port 58636 ssh2
Apr 18 15:37:03 a952d0d9ca03 sshd[7867]: Failed password for invalid user annie from 172.30.185.11 port 58636 ssh2
Apr 18 15:37:03 a952d0d9ca03 sshd[7869]: Invalid user crv from 172.30.185.10 port 42212
Apr 18 15:37:03 a952d0d9ca03 sshd[7869]: error: Could not get shadow information for NOUSER
Apr 18 15:37:03 a952d0d9ca03 sshd[7867]: Connection closed by invalid user annie 172.30.185.11 port 58636 [preauth]
Apr 18 15:37:03 a952d0d9ca03 sshd[7869]: Failed none for invalid user crv from 172.30.185.10 port 42212 ssh2
Apr 18 15:37:03 a952d0d9ca03 sshd[7869]: Failed password for invalid user crv from 172.30.185.10 port 42212 ssh2
Apr 18 15:37:03 a952d0d9ca03 sshd[7869]: Connection closed by invalid user crv 172.30.185.10 port 42212 [preauth]
Apr 18 15:37:03 a952d0d9ca03 sshd[7871]: Invalid user nfsnobod from 172.30.185.12 port 34156
Apr 18 15:37:03 a952d0d9ca03 sshd[7871]: error: Could not get shadow information for NOUSER
Apr 18 15:37:03 a952d0d9ca03 sshd[7871]: Failed none for invalid user nfsnobod from 172.30.185.12 port 34156 ssh2
Apr 18 15:37:03 a952d0d9ca03 sshd[7873]: Invalid user chris from 172.30.185.9 port 53126
Apr 18 15:37:03 a952d0d9ca03 sshd[7871]: Failed password for invalid user nfsnobod from 172.30.185.12 port 34156 ssh2
Apr 18 15:37:03 a952d0d9ca03 sshd[7873]: error: Could not get shadow information for NOUSER
Apr 18 15:37:03 a952d0d9ca03 sshd[7873]: Failed none for invalid user chris from 172.30.185.9 port 53126 ssh2
Apr 18 15:37:03 a952d0d9ca03 sshd[7871]: Connection closed by invalid user nfsnobod 172.30.185.12 port 34156 [preauth]
Apr 18 15:37:03 a952d0d9ca03 sshd[7873]: Failed password for invalid user chris from 172.30.185.9 port 53126 ssh2
Apr 18 15:37:03 a952d0d9ca03 sshd[7873]: Connection closed by invalid user chris 172.30.185.9 port 53126 [preauth]
Apr 18 15:37:03 a952d0d9ca03 sshd[7875]: Invalid user annie from 172.30.185.11 port 58638
Apr 18 15:37:03 a952d0d9ca03 sshd[7875]: error: Could not get shadow information for NOUSER
Apr 18 15:37:03 a952d0d9ca03 sshd[7875]: Failed none for invalid user annie from 172.30.185.11 port 58638 ssh2
Apr 18 15:37:03 a952d0d9ca03 sshd[7877]: Invalid user crv from 172.30.185.10 port 42226
Apr 18 15:37:03 a952d0d9ca03 sshd[7877]: error: Could not get shadow information for NOUSER
Apr 18 15:37:03 a952d0d9ca03 sshd[7877]: Failed none for invalid user crv from 172.30.185.10 port 42226 ssh2
Apr 18 15:37:03 a952d0d9ca03 sshd[7875]: Failed password for invalid user annie from 172.30.185.11 port 58638 ssh2
Apr 18 15:37:03 a952d0d9ca03 sshd[7875]: Connection closed by invalid user annie 172.30.185.11 port 58638 [preauth]
Apr 18 15:37:03 a952d0d9ca03 sshd[7877]: Failed password for invalid user crv from 172.30.185.10 port 42226 ssh2
Apr 18 15:37:03 a952d0d9ca03 sshd[7877]: Connection closed by invalid user crv 172.30.185.10 port 42226 [preauth]
Apr 18 15:37:03 a952d0d9ca03 sshd[7879]: Invalid user audit from 172.30.185.12 port 34172
Apr 18 15:37:03 a952d0d9ca03 sshd[7879]: error: Could not get shadow information for NOUSER
Apr 18 15:37:03 a952d0d9ca03 sshd[7879]: Failed none for invalid user audit from 172.30.185.12 port 34172 ssh2
Apr 18 15:37:03 a952d0d9ca03 sshd[7879]: Failed password for invalid user audit from 172.30.185.12 port 34172 ssh2
Apr 18 15:37:03 a952d0d9ca03 sshd[7879]: Connection closed by invalid user audit 172.30.185.12 port 34172 [preauth]
Apr 18 15:37:03 a952d0d9ca03 sshd[7881]: Invalid user chris from 172.30.185.9 port 53142
Apr 18 15:37:03 a952d0d9ca03 sshd[7881]: error: Could not get shadow information for NOUSER
Apr 18 15:37:03 a952d0d9ca03 sshd[7881]: Failed none for invalid user chris from 172.30.185.9 port 53142 ssh2
Apr 18 15:37:03 a952d0d9ca03 sshd[7881]: Failed password for invalid user chris from 172.30.185.9 port 53142 ssh2
Apr 18 15:37:03 a952d0d9ca03 sshd[7881]: Connection closed by invalid user chris 172.30.185.9 port 53142 [preauth]
Apr 18 15:37:03 a952d0d9ca03 sshd[7883]: Invalid user annie from 172.30.185.11 port 58654
Apr 18 15:37:03 a952d0d9ca03 sshd[7883]: error: Could not get shadow information for NOUSER
Apr 18 15:37:03 a952d0d9ca03 sshd[7883]: Failed none for invalid user annie from 172.30.185.11 port 58654 ssh2
Apr 18 15:37:03 a952d0d9ca03 sshd[7883]: Failed password for invalid user annie from 172.30.185.11 port 58654 ssh2
Apr 18 15:37:03 a952d0d9ca03 sshd[7883]: Connection closed by invalid user annie 172.30.185.11 port 58654 [preauth]
Apr 18 15:37:03 a952d0d9ca03 sshd[7885]: Invalid user crv from 172.30.185.10 port 42242
Apr 18 15:37:03 a952d0d9ca03 sshd[7885]: error: Could not get shadow information for NOUSER
Apr 18 15:37:03 a952d0d9ca03 sshd[7885]: Failed none for invalid user crv from 172.30.185.10 port 42242 ssh2
Apr 18 15:37:03 a952d0d9ca03 sshd[7885]: Failed password for invalid user crv from 172.30.185.10 port 42242 ssh2
Apr 18 15:37:03 a952d0d9ca03 sshd[7885]: Connection closed by invalid user crv 172.30.185.10 port 42242 [preauth]
Apr 18 15:37:03 a952d0d9ca03 sshd[7887]: Invalid user audit from 172.30.185.12 port 34176
Apr 18 15:37:03 a952d0d9ca03 sshd[7887]: error: Could not get shadow information for NOUSER
Apr 18 15:37:03 a952d0d9ca03 sshd[7887]: Failed none for invalid user audit from 172.30.185.12 port 34176 ssh2
Apr 18 15:37:03 a952d0d9ca03 sshd[7887]: Failed password for invalid user audit from 172.30.185.12 port 34176 ssh2
Apr 18 15:37:03 a952d0d9ca03 sshd[7887]: Connection closed by invalid user audit 172.30.185.12 port 34176 [preauth]
Apr 18 15:37:03 a952d0d9ca03 sshd[7889]: Invalid user kibana from 172.30.185.13 port 46882
Apr 18 15:37:03 a952d0d9ca03 sshd[7889]: error: Could not get shadow information for NOUSER
Apr 18 15:37:03 a952d0d9ca03 sshd[7889]: Failed none for invalid user kibana from 172.30.185.13 port 46882 ssh2
Apr 18 15:37:03 a952d0d9ca03 sshd[7889]: Failed password for invalid user kibana from 172.30.185.13 port 46882 ssh2
Apr 18 15:37:03 a952d0d9ca03 sshd[7889]: Connection closed by invalid user kibana 172.30.185.13 port 46882 [preauth]
Apr 18 15:37:03 a952d0d9ca03 sshd[7891]: Invalid user annie from 172.30.185.11 port 58668
Apr 18 15:37:03 a952d0d9ca03 sshd[7891]: error: Could not get shadow information for NOUSER
Apr 18 15:37:03 a952d0d9ca03 sshd[7891]: Failed none for invalid user annie from 172.30.185.11 port 58668 ssh2
Apr 18 15:37:04 a952d0d9ca03 sshd[7891]: Failed password for invalid user annie from 172.30.185.11 port 58668 ssh2
Apr 18 15:37:04 a952d0d9ca03 sshd[7891]: Connection closed by invalid user annie 172.30.185.11 port 58668 [preauth]
Apr 18 15:37:04 a952d0d9ca03 sshd[7893]: Invalid user crv from 172.30.185.10 port 42252
Apr 18 15:37:04 a952d0d9ca03 sshd[7893]: error: Could not get shadow information for NOUSER
Apr 18 15:37:04 a952d0d9ca03 sshd[7893]: Failed none for invalid user crv from 172.30.185.10 port 42252 ssh2
Apr 18 15:37:04 a952d0d9ca03 sshd[7893]: Failed password for invalid user crv from 172.30.185.10 port 42252 ssh2
Apr 18 15:37:04 a952d0d9ca03 sshd[7893]: Connection closed by invalid user crv 172.30.185.10 port 42252 [preauth]
Apr 18 15:37:04 a952d0d9ca03 sshd[7895]: Invalid user audit from 172.30.185.12 port 34190
Apr 18 15:37:04 a952d0d9ca03 sshd[7895]: error: Could not get shadow information for NOUSER
Apr 18 15:37:04 a952d0d9ca03 sshd[7895]: Failed none for invalid user audit from 172.30.185.12 port 34190 ssh2
Apr 18 15:37:04 a952d0d9ca03 sshd[7895]: Failed password for invalid user audit from 172.30.185.12 port 34190 ssh2
Apr 18 15:37:04 a952d0d9ca03 sshd[7895]: Connection closed by invalid user audit 172.30.185.12 port 34190 [preauth]
Apr 18 15:37:04 a952d0d9ca03 sshd[7897]: Invalid user inst01 from 172.30.185.13 port 46892
Apr 18 15:37:04 a952d0d9ca03 sshd[7897]: error: Could not get shadow information for NOUSER
Apr 18 15:37:04 a952d0d9ca03 sshd[7897]: Failed none for invalid user inst01 from 172.30.185.13 port 46892 ssh2
Apr 18 15:37:04 a952d0d9ca03 sshd[7897]: Failed password for invalid user inst01 from 172.30.185.13 port 46892 ssh2
Apr 18 15:37:04 a952d0d9ca03 sshd[7897]: Connection closed by invalid user inst01 172.30.185.13 port 46892 [preauth]
Apr 18 15:37:04 a952d0d9ca03 sshd[7899]: Invalid user annie from 172.30.185.11 port 58672
Apr 18 15:37:04 a952d0d9ca03 sshd[7899]: error: Could not get shadow information for NOUSER
Apr 18 15:37:04 a952d0d9ca03 sshd[7899]: Failed none for invalid user annie from 172.30.185.11 port 58672 ssh2
Apr 18 15:37:04 a952d0d9ca03 sshd[7899]: Failed password for invalid user annie from 172.30.185.11 port 58672 ssh2
Apr 18 15:37:04 a952d0d9ca03 sshd[7899]: Connection closed by invalid user annie 172.30.185.11 port 58672 [preauth]
Apr 18 15:37:04 a952d0d9ca03 sshd[7900]: Invalid user jinyu from 172.30.185.14 port 44810
Apr 18 15:37:04 a952d0d9ca03 sshd[7900]: error: Could not get shadow information for NOUSER
Apr 18 15:37:04 a952d0d9ca03 sshd[7900]: Failed none for invalid user jinyu from 172.30.185.14 port 44810 ssh2
Apr 18 15:37:04 a952d0d9ca03 sshd[7900]: Failed password for invalid user jinyu from 172.30.185.14 port 44810 ssh2
Apr 18 15:37:04 a952d0d9ca03 sshd[7900]: Connection closed by invalid user jinyu 172.30.185.14 port 44810 [preauth]
Apr 18 15:37:04 a952d0d9ca03 sshd[7903]: Invalid user crv from 172.30.185.10 port 42254
Apr 18 15:37:04 a952d0d9ca03 sshd[7903]: error: Could not get shadow information for NOUSER
Apr 18 15:37:04 a952d0d9ca03 sshd[7903]: Failed none for invalid user crv from 172.30.185.10 port 42254 ssh2
Apr 18 15:37:04 a952d0d9ca03 sshd[7903]: Failed password for invalid user crv from 172.30.185.10 port 42254 ssh2
Apr 18 15:37:04 a952d0d9ca03 sshd[7903]: Connection closed by invalid user crv 172.30.185.10 port 42254 [preauth]
Apr 18 15:37:04 a952d0d9ca03 sshd[7905]: Invalid user audit from 172.30.185.12 port 34200
Apr 18 15:37:04 a952d0d9ca03 sshd[7905]: error: Could not get shadow information for NOUSER
Apr 18 15:37:04 a952d0d9ca03 sshd[7905]: Failed none for invalid user audit from 172.30.185.12 port 34200 ssh2
Apr 18 15:37:04 a952d0d9ca03 sshd[7905]: Failed password for invalid user audit from 172.30.185.12 port 34200 ssh2
Apr 18 15:37:04 a952d0d9ca03 sshd[7905]: Connection closed by invalid user audit 172.30.185.12 port 34200 [preauth]
Apr 18 15:37:04 a952d0d9ca03 sshd[7907]: Invalid user inst01 from 172.30.185.13 port 46898
Apr 18 15:37:04 a952d0d9ca03 sshd[7907]: error: Could not get shadow information for NOUSER
Apr 18 15:37:04 a952d0d9ca03 sshd[7907]: Failed none for invalid user inst01 from 172.30.185.13 port 46898 ssh2
Apr 18 15:37:04 a952d0d9ca03 sshd[7907]: Failed password for invalid user inst01 from 172.30.185.13 port 46898 ssh2
Apr 18 15:37:04 a952d0d9ca03 sshd[7909]: Invalid user annie from 172.30.185.11 port 58684
Apr 18 15:37:04 a952d0d9ca03 sshd[7909]: error: Could not get shadow information for NOUSER
Apr 18 15:37:04 a952d0d9ca03 sshd[7907]: Connection closed by invalid user inst01 172.30.185.13 port 46898 [preauth]
Apr 18 15:37:04 a952d0d9ca03 sshd[7909]: Failed none for invalid user annie from 172.30.185.11 port 58684 ssh2
Apr 18 15:37:04 a952d0d9ca03 sshd[7909]: Failed password for invalid user annie from 172.30.185.11 port 58684 ssh2
Apr 18 15:37:04 a952d0d9ca03 sshd[7909]: Connection closed by invalid user annie 172.30.185.11 port 58684 [preauth]
Apr 18 15:37:04 a952d0d9ca03 sshd[7911]: Invalid user rico from 172.30.185.14 port 44814
Apr 18 15:37:04 a952d0d9ca03 sshd[7911]: error: Could not get shadow information for NOUSER
Apr 18 15:37:04 a952d0d9ca03 sshd[7911]: Failed none for invalid user rico from 172.30.185.14 port 44814 ssh2
Apr 18 15:37:04 a952d0d9ca03 sshd[7911]: Failed password for invalid user rico from 172.30.185.14 port 44814 ssh2
Apr 18 15:37:04 a952d0d9ca03 sshd[7911]: Connection closed by invalid user rico 172.30.185.14 port 44814 [preauth]
Apr 18 15:37:04 a952d0d9ca03 sshd[7915]: Invalid user audit from 172.30.185.12 port 34202
Apr 18 15:37:04 a952d0d9ca03 sshd[7915]: error: Could not get shadow information for NOUSER
Apr 18 15:37:04 a952d0d9ca03 sshd[7915]: Failed none for invalid user audit from 172.30.185.12 port 34202 ssh2
Apr 18 15:37:04 a952d0d9ca03 sshd[7913]: Invalid user crv from 172.30.185.10 port 42260
Apr 18 15:37:04 a952d0d9ca03 sshd[7913]: error: Could not get shadow information for NOUSER
Apr 18 15:37:04 a952d0d9ca03 sshd[7913]: Failed none for invalid user crv from 172.30.185.10 port 42260 ssh2
Apr 18 15:37:04 a952d0d9ca03 sshd[7915]: Failed password for invalid user audit from 172.30.185.12 port 34202 ssh2
Apr 18 15:37:04 a952d0d9ca03 sshd[7913]: Failed password for invalid user crv from 172.30.185.10 port 42260 ssh2
Apr 18 15:37:04 a952d0d9ca03 sshd[7915]: Connection closed by invalid user audit 172.30.185.12 port 34202 [preauth]
Apr 18 15:37:04 a952d0d9ca03 sshd[7913]: Connection closed by invalid user crv 172.30.185.10 port 42260 [preauth]
Apr 18 15:37:04 a952d0d9ca03 sshd[7921]: Invalid user annie from 172.30.185.11 port 58688
Apr 18 15:37:04 a952d0d9ca03 sshd[7921]: error: Could not get shadow information for NOUSER
Apr 18 15:37:04 a952d0d9ca03 sshd[7921]: Failed none for invalid user annie from 172.30.185.11 port 58688 ssh2
Apr 18 15:37:04 a952d0d9ca03 sshd[7917]: Invalid user vali from 172.30.185.15 port 50124
Apr 18 15:37:04 a952d0d9ca03 sshd[7919]: Invalid user inst01 from 172.30.185.13 port 46900
Apr 18 15:37:04 a952d0d9ca03 sshd[7917]: error: Could not get shadow information for NOUSER
Apr 18 15:37:04 a952d0d9ca03 sshd[7919]: error: Could not get shadow information for NOUSER
Apr 18 15:37:04 a952d0d9ca03 sshd[7917]: Failed none for invalid user vali from 172.30.185.15 port 50124 ssh2
Apr 18 15:37:04 a952d0d9ca03 sshd[7919]: Failed none for invalid user inst01 from 172.30.185.13 port 46900 ssh2
Apr 18 15:37:04 a952d0d9ca03 sshd[7921]: Failed password for invalid user annie from 172.30.185.11 port 58688 ssh2
Apr 18 15:37:04 a952d0d9ca03 sshd[7921]: Connection closed by invalid user annie 172.30.185.11 port 58688 [preauth]
Apr 18 15:37:04 a952d0d9ca03 sshd[7919]: Failed password for invalid user inst01 from 172.30.185.13 port 46900 ssh2
Apr 18 15:37:04 a952d0d9ca03 sshd[7917]: Failed password for invalid user vali from 172.30.185.15 port 50124 ssh2
Apr 18 15:37:04 a952d0d9ca03 sshd[7919]: Connection closed by invalid user inst01 172.30.185.13 port 46900 [preauth]
Apr 18 15:37:04 a952d0d9ca03 sshd[7917]: Connection closed by invalid user vali 172.30.185.15 port 50124 [preauth]
Apr 18 15:37:04 a952d0d9ca03 sshd[7923]: Invalid user rico from 172.30.185.14 port 44824
Apr 18 15:37:04 a952d0d9ca03 sshd[7923]: error: Could not get shadow information for NOUSER
Apr 18 15:37:04 a952d0d9ca03 sshd[7923]: Failed none for invalid user rico from 172.30.185.14 port 44824 ssh2
Apr 18 15:37:04 a952d0d9ca03 sshd[7923]: Failed password for invalid user rico from 172.30.185.14 port 44824 ssh2
Apr 18 15:37:04 a952d0d9ca03 sshd[7923]: Connection closed by invalid user rico 172.30.185.14 port 44824 [preauth]
Apr 18 15:37:04 a952d0d9ca03 sshd[7925]: Invalid user audit from 172.30.185.12 port 34212
Apr 18 15:37:04 a952d0d9ca03 sshd[7925]: error: Could not get shadow information for NOUSER
Apr 18 15:37:04 a952d0d9ca03 sshd[7925]: Failed none for invalid user audit from 172.30.185.12 port 34212 ssh2
Apr 18 15:37:04 a952d0d9ca03 sshd[7925]: Failed password for invalid user audit from 172.30.185.12 port 34212 ssh2
Apr 18 15:37:04 a952d0d9ca03 sshd[7925]: Connection closed by invalid user audit 172.30.185.12 port 34212 [preauth]
Apr 18 15:37:04 a952d0d9ca03 sshd[7927]: Invalid user xu from 172.30.185.16 port 41662
Apr 18 15:37:04 a952d0d9ca03 sshd[7927]: error: Could not get shadow information for NOUSER
Apr 18 15:37:04 a952d0d9ca03 sshd[7927]: Failed none for invalid user xu from 172.30.185.16 port 41662 ssh2
Apr 18 15:37:04 a952d0d9ca03 sshd[7927]: Failed password for invalid user xu from 172.30.185.16 port 41662 ssh2
Apr 18 15:37:04 a952d0d9ca03 sshd[7926]: Invalid user crv from 172.30.185.10 port 42274
Apr 18 15:37:04 a952d0d9ca03 sshd[7926]: error: Could not get shadow information for NOUSER
Apr 18 15:37:04 a952d0d9ca03 sshd[7927]: Connection closed by invalid user xu 172.30.185.16 port 41662 [preauth]
Apr 18 15:37:04 a952d0d9ca03 sshd[7926]: Failed none for invalid user crv from 172.30.185.10 port 42274 ssh2
Apr 18 15:37:04 a952d0d9ca03 sshd[7926]: Failed password for invalid user crv from 172.30.185.10 port 42274 ssh2
Apr 18 15:37:04 a952d0d9ca03 sshd[7926]: Connection closed by invalid user crv 172.30.185.10 port 42274 [preauth]
Apr 18 15:37:04 a952d0d9ca03 sshd[7933]: Invalid user inst01 from 172.30.185.13 port 46902
Apr 18 15:37:04 a952d0d9ca03 sshd[7933]: error: Could not get shadow information for NOUSER
Apr 18 15:37:04 a952d0d9ca03 sshd[7933]: Failed none for invalid user inst01 from 172.30.185.13 port 46902 ssh2
Apr 18 15:37:04 a952d0d9ca03 sshd[7933]: Failed password for invalid user inst01 from 172.30.185.13 port 46902 ssh2
Apr 18 15:37:04 a952d0d9ca03 sshd[7933]: Connection closed by invalid user inst01 172.30.185.13 port 46902 [preauth]
Apr 18 15:37:04 a952d0d9ca03 sshd[7934]: Invalid user elsa from 172.30.185.15 port 50126
Apr 18 15:37:04 a952d0d9ca03 sshd[7934]: error: Could not get shadow information for NOUSER
Apr 18 15:37:04 a952d0d9ca03 sshd[7931]: Invalid user annie from 172.30.185.11 port 58690
Apr 18 15:37:04 a952d0d9ca03 sshd[7931]: error: Could not get shadow information for NOUSER
Apr 18 15:37:04 a952d0d9ca03 sshd[7934]: Failed none for invalid user elsa from 172.30.185.15 port 50126 ssh2
Apr 18 15:37:04 a952d0d9ca03 sshd[7931]: Failed none for invalid user annie from 172.30.185.11 port 58690 ssh2
Apr 18 15:37:04 a952d0d9ca03 sshd[7934]: Failed password for invalid user elsa from 172.30.185.15 port 50126 ssh2
Apr 18 15:37:04 a952d0d9ca03 sshd[7931]: Failed password for invalid user annie from 172.30.185.11 port 58690 ssh2
Apr 18 15:37:04 a952d0d9ca03 sshd[7931]: Connection closed by invalid user annie 172.30.185.11 port 58690 [preauth]
Apr 18 15:37:04 a952d0d9ca03 sshd[7934]: Connection closed by invalid user elsa 172.30.185.15 port 50126 [preauth]
Apr 18 15:37:04 a952d0d9ca03 sshd[7937]: Invalid user rico from 172.30.185.14 port 44836
Apr 18 15:37:04 a952d0d9ca03 sshd[7937]: error: Could not get shadow information for NOUSER
Apr 18 15:37:04 a952d0d9ca03 sshd[7937]: Failed none for invalid user rico from 172.30.185.14 port 44836 ssh2
Apr 18 15:37:04 a952d0d9ca03 sshd[7937]: Failed password for invalid user rico from 172.30.185.14 port 44836 ssh2
Apr 18 15:37:04 a952d0d9ca03 sshd[7937]: Connection closed by invalid user rico 172.30.185.14 port 44836 [preauth]
Apr 18 15:37:05 a952d0d9ca03 sshd[7939]: Invalid user audit from 172.30.185.12 port 34226
Apr 18 15:37:05 a952d0d9ca03 sshd[7939]: error: Could not get shadow information for NOUSER
Apr 18 15:37:05 a952d0d9ca03 sshd[7939]: Failed none for invalid user audit from 172.30.185.12 port 34226 ssh2
Apr 18 15:37:05 a952d0d9ca03 sshd[7939]: Failed password for invalid user audit from 172.30.185.12 port 34226 ssh2
Apr 18 15:37:05 a952d0d9ca03 sshd[7939]: Connection closed by invalid user audit 172.30.185.12 port 34226 [preauth]
Apr 18 15:37:05 a952d0d9ca03 sshd[7941]: Invalid user mapadmin from 172.30.185.16 port 41670
Apr 18 15:37:05 a952d0d9ca03 sshd[7941]: error: Could not get shadow information for NOUSER
Apr 18 15:37:05 a952d0d9ca03 sshd[7941]: Failed none for invalid user mapadmin from 172.30.185.16 port 41670 ssh2
Apr 18 15:37:05 a952d0d9ca03 sshd[7941]: Failed password for invalid user mapadmin from 172.30.185.16 port 41670 ssh2
Apr 18 15:37:05 a952d0d9ca03 sshd[7941]: Connection closed by invalid user mapadmin 172.30.185.16 port 41670 [preauth]
Apr 18 15:37:05 a952d0d9ca03 sshd[7943]: Invalid user inst01 from 172.30.185.13 port 46906
Apr 18 15:37:05 a952d0d9ca03 sshd[7943]: error: Could not get shadow information for NOUSER
Apr 18 15:37:05 a952d0d9ca03 sshd[7943]: Failed none for invalid user inst01 from 172.30.185.13 port 46906 ssh2
Apr 18 15:37:05 a952d0d9ca03 sshd[7943]: Failed password for invalid user inst01 from 172.30.185.13 port 46906 ssh2
Apr 18 15:37:05 a952d0d9ca03 sshd[7943]: Connection closed by invalid user inst01 172.30.185.13 port 46906 [preauth]
Apr 18 15:37:05 a952d0d9ca03 sshd[7945]: Invalid user elsa from 172.30.185.15 port 50142
Apr 18 15:37:05 a952d0d9ca03 sshd[7945]: error: Could not get shadow information for NOUSER
Apr 18 15:37:05 a952d0d9ca03 sshd[7945]: Failed none for invalid user elsa from 172.30.185.15 port 50142 ssh2
Apr 18 15:37:05 a952d0d9ca03 sshd[7945]: Failed password for invalid user elsa from 172.30.185.15 port 50142 ssh2
Apr 18 15:37:05 a952d0d9ca03 sshd[7946]: Invalid user annie from 172.30.185.11 port 58700
Apr 18 15:37:05 a952d0d9ca03 sshd[7946]: error: Could not get shadow information for NOUSER
Apr 18 15:37:05 a952d0d9ca03 sshd[7945]: Connection closed by invalid user elsa 172.30.185.15 port 50142 [preauth]
Apr 18 15:37:05 a952d0d9ca03 sshd[7946]: Failed none for invalid user annie from 172.30.185.11 port 58700 ssh2
Apr 18 15:37:05 a952d0d9ca03 sshd[7946]: Failed password for invalid user annie from 172.30.185.11 port 58700 ssh2
Apr 18 15:37:05 a952d0d9ca03 sshd[7946]: Connection closed by invalid user annie 172.30.185.11 port 58700 [preauth]
Apr 18 15:37:05 a952d0d9ca03 sshd[7949]: Invalid user rico from 172.30.185.14 port 44846
Apr 18 15:37:05 a952d0d9ca03 sshd[7949]: error: Could not get shadow information for NOUSER
Apr 18 15:37:05 a952d0d9ca03 sshd[7949]: Failed none for invalid user rico from 172.30.185.14 port 44846 ssh2
Apr 18 15:37:05 a952d0d9ca03 sshd[7949]: Failed password for invalid user rico from 172.30.185.14 port 44846 ssh2
Apr 18 15:37:05 a952d0d9ca03 sshd[7949]: Connection closed by invalid user rico 172.30.185.14 port 44846 [preauth]
Apr 18 15:37:05 a952d0d9ca03 sshd[7951]: Invalid user audit from 172.30.185.12 port 34242
Apr 18 15:37:05 a952d0d9ca03 sshd[7951]: error: Could not get shadow information for NOUSER
Apr 18 15:37:05 a952d0d9ca03 sshd[7951]: Failed none for invalid user audit from 172.30.185.12 port 34242 ssh2
Apr 18 15:37:05 a952d0d9ca03 sshd[7951]: Failed password for invalid user audit from 172.30.185.12 port 34242 ssh2
Apr 18 15:37:05 a952d0d9ca03 sshd[7953]: Invalid user mapadmin from 172.30.185.16 port 41676
Apr 18 15:37:05 a952d0d9ca03 sshd[7953]: error: Could not get shadow information for NOUSER
Apr 18 15:37:05 a952d0d9ca03 sshd[7951]: Connection closed by invalid user audit 172.30.185.12 port 34242 [preauth]
Apr 18 15:37:05 a952d0d9ca03 sshd[7953]: Failed none for invalid user mapadmin from 172.30.185.16 port 41676 ssh2
Apr 18 15:37:05 a952d0d9ca03 sshd[7953]: Failed password for invalid user mapadmin from 172.30.185.16 port 41676 ssh2
Apr 18 15:37:05 a952d0d9ca03 sshd[7953]: Connection closed by invalid user mapadmin 172.30.185.16 port 41676 [preauth]
Apr 18 15:37:05 a952d0d9ca03 sshd[7957]: Invalid user elsa from 172.30.185.15 port 50152
Apr 18 15:37:05 a952d0d9ca03 sshd[7957]: error: Could not get shadow information for NOUSER
Apr 18 15:37:05 a952d0d9ca03 sshd[7957]: Failed none for invalid user elsa from 172.30.185.15 port 50152 ssh2
Apr 18 15:37:05 a952d0d9ca03 sshd[7955]: Invalid user inst01 from 172.30.185.13 port 46916
Apr 18 15:37:05 a952d0d9ca03 sshd[7955]: error: Could not get shadow information for NOUSER
Apr 18 15:37:05 a952d0d9ca03 sshd[7957]: Failed password for invalid user elsa from 172.30.185.15 port 50152 ssh2
Apr 18 15:37:05 a952d0d9ca03 sshd[7955]: Failed none for invalid user inst01 from 172.30.185.13 port 46916 ssh2
Apr 18 15:37:05 a952d0d9ca03 sshd[7957]: Connection closed by invalid user elsa 172.30.185.15 port 50152 [preauth]
Apr 18 15:37:05 a952d0d9ca03 sshd[7955]: Failed password for invalid user inst01 from 172.30.185.13 port 46916 ssh2
Apr 18 15:37:05 a952d0d9ca03 sshd[7955]: Connection closed by invalid user inst01 172.30.185.13 port 46916 [preauth]
Apr 18 15:37:05 a952d0d9ca03 sshd[7959]: Invalid user rico from 172.30.185.14 port 44848
Apr 18 15:37:05 a952d0d9ca03 sshd[7959]: error: Could not get shadow information for NOUSER
Apr 18 15:37:05 a952d0d9ca03 sshd[7959]: Failed none for invalid user rico from 172.30.185.14 port 44848 ssh2
Apr 18 15:37:05 a952d0d9ca03 sshd[7959]: Failed password for invalid user rico from 172.30.185.14 port 44848 ssh2
Apr 18 15:37:05 a952d0d9ca03 sshd[7959]: Connection closed by invalid user rico 172.30.185.14 port 44848 [preauth]
Apr 18 15:37:05 a952d0d9ca03 sshd[7961]: Invalid user audit from 172.30.185.12 port 34248
Apr 18 15:37:05 a952d0d9ca03 sshd[7961]: error: Could not get shadow information for NOUSER
Apr 18 15:37:05 a952d0d9ca03 sshd[7961]: Failed none for invalid user audit from 172.30.185.12 port 34248 ssh2
Apr 18 15:37:05 a952d0d9ca03 sshd[7961]: Failed password for invalid user audit from 172.30.185.12 port 34248 ssh2
Apr 18 15:37:05 a952d0d9ca03 sshd[7961]: Connection closed by invalid user audit 172.30.185.12 port 34248 [preauth]
Apr 18 15:37:05 a952d0d9ca03 sshd[7963]: Invalid user mapadmin from 172.30.185.16 port 41682
Apr 18 15:37:05 a952d0d9ca03 sshd[7963]: error: Could not get shadow information for NOUSER
Apr 18 15:37:05 a952d0d9ca03 sshd[7963]: Failed none for invalid user mapadmin from 172.30.185.16 port 41682 ssh2
Apr 18 15:37:05 a952d0d9ca03 sshd[7965]: Invalid user elsa from 172.30.185.15 port 50160
Apr 18 15:37:05 a952d0d9ca03 sshd[7965]: error: Could not get shadow information for NOUSER
Apr 18 15:37:05 a952d0d9ca03 sshd[7965]: Failed none for invalid user elsa from 172.30.185.15 port 50160 ssh2
Apr 18 15:37:05 a952d0d9ca03 sshd[7967]: Invalid user inst01 from 172.30.185.13 port 46932
Apr 18 15:37:05 a952d0d9ca03 sshd[7967]: error: Could not get shadow information for NOUSER
Apr 18 15:37:05 a952d0d9ca03 sshd[7967]: Failed none for invalid user inst01 from 172.30.185.13 port 46932 ssh2
Apr 18 15:37:05 a952d0d9ca03 sshd[7963]: Failed password for invalid user mapadmin from 172.30.185.16 port 41682 ssh2
Apr 18 15:37:05 a952d0d9ca03 sshd[7965]: Failed password for invalid user elsa from 172.30.185.15 port 50160 ssh2
Apr 18 15:37:05 a952d0d9ca03 sshd[7963]: Connection closed by invalid user mapadmin 172.30.185.16 port 41682 [preauth]
Apr 18 15:37:05 a952d0d9ca03 sshd[7965]: Connection closed by invalid user elsa 172.30.185.15 port 50160 [preauth]
Apr 18 15:37:05 a952d0d9ca03 sshd[7967]: Failed password for invalid user inst01 from 172.30.185.13 port 46932 ssh2
Apr 18 15:37:05 a952d0d9ca03 sshd[7967]: Connection closed by invalid user inst01 172.30.185.13 port 46932 [preauth]
Apr 18 15:37:05 a952d0d9ca03 sshd[7969]: Invalid user rico from 172.30.185.14 port 44854
Apr 18 15:37:05 a952d0d9ca03 sshd[7969]: error: Could not get shadow information for NOUSER
Apr 18 15:37:05 a952d0d9ca03 sshd[7969]: Failed none for invalid user rico from 172.30.185.14 port 44854 ssh2
Apr 18 15:37:05 a952d0d9ca03 sshd[7969]: Failed password for invalid user rico from 172.30.185.14 port 44854 ssh2
Apr 18 15:37:05 a952d0d9ca03 sshd[7969]: Connection closed by invalid user rico 172.30.185.14 port 44854 [preauth]
Apr 18 15:37:05 a952d0d9ca03 sshd[7972]: Invalid user elsa from 172.30.185.15 port 50172
