Apr 18 15:36:26 a952d0d9ca03 sshd[6422]: Connection closed by invalid user DHan 172.30.185.9 port 44492 [preauth]
Apr 18 15:36:26 a952d0d9ca03 sshd[6424]: Invalid user song from 172.30.185.12 port 40140
Apr 18 15:36:26 a952d0d9ca03 sshd[6424]: error: Could not get shadow information for NOUSER
Apr 18 15:36:26 a952d0d9ca03 sshd[6424]: Failed none for invalid user song from 172.30.185.12 port 40140 ssh2
Apr 18 15:36:26 a952d0d9ca03 sshd[6424]: Failed password for invalid user song from 172.30.185.12 port 40140 ssh2
Apr 18 15:36:26 a952d0d9ca03 sshd[6424]: Connection closed by invalid user song 172.30.185.12 port 40140 [preauth]
Apr 18 15:36:26 a952d0d9ca03 sshd[6426]: Invalid user angus from 172.30.185.10 port 43998
Apr 18 15:36:26 a952d0d9ca03 sshd[6426]: error: Could not get shadow information for NOUSER
Apr 18 15:36:26 a952d0d9ca03 sshd[6426]: Failed none for invalid user angus from 172.30.185.10 port 43998 ssh2
Apr 18 15:36:26 a952d0d9ca03 sshd[6426]: Failed password for invalid user angus from 172.30.185.10 port 43998 ssh2
Apr 18 15:36:26 a952d0d9ca03 sshd[6428]: Invalid user dot from 172.30.185.11 port 44370
Apr 18 15:36:26 a952d0d9ca03 sshd[6428]: error: Could not get shadow information for NOUSER
Apr 18 15:36:26 a952d0d9ca03 sshd[6426]: Connection closed by invalid user angus 172.30.185.10 port 43998 [preauth]
Apr 18 15:36:26 a952d0d9ca03 sshd[6428]: Failed none for invalid user dot from 172.30.185.11 port 44370 ssh2
Apr 18 15:36:26 a952d0d9ca03 sshd[6428]: Failed password for invalid user dot from 172.30.185.11 port 44370 ssh2
Apr 18 15:36:26 a952d0d9ca03 sshd[6428]: Connection closed by invalid user dot 172.30.185.11 port 44370 [preauth]
Apr 18 15:36:26 a952d0d9ca03 sshd[6430]: Invalid user DHan from 172.30.185.9 port 44508
Apr 18 15:36:26 a952d0d9ca03 sshd[6430]: error: Could not get shadow information for NOUSER
Apr 18 15:36:26 a952d0d9ca03 sshd[6430]: Failed none for invalid user DHan from 172.30.185.9 port 44508 ssh2
Apr 18 15:36:26 a952d0d9ca03 sshd[6430]: Failed password for invalid user DHan from 172.30.185.9 port 44508 ssh2
Apr 18 15:36:26 a952d0d9ca03 sshd[6430]: Connection closed by invalid user DHan 172.30.185.9 port 44508 [preauth]
Apr 18 15:36:26 a952d0d9ca03 sshd[6432]: Invalid user song from 172.30.185.12 port 40150
Apr 18 15:36:26 a952d0d9ca03 sshd[6432]: error: Could not get shadow information for NOUSER
Apr 18 15:36:26 a952d0d9ca03 sshd[6432]: Failed none for invalid user song from 172.30.185.12 port 40150 ssh2
Apr 18 15:36:26 a952d0d9ca03 sshd[6432]: Failed password for invalid user song from 172.30.185.12 port 40150 ssh2
Apr 18 15:36:26 a952d0d9ca03 sshd[6432]: Connection closed by invalid user song 172.30.185.12 port 40150 [preauth]
Apr 18 15:36:26 a952d0d9ca03 sshd[6434]: Invalid user angus from 172.30.185.10 port 44002
Apr 18 15:36:26 a952d0d9ca03 sshd[6434]: error: Could not get shadow information for NOUSER
Apr 18 15:36:26 a952d0d9ca03 sshd[6434]: Failed none for invalid user angus from 172.30.185.10 port 44002 ssh2
Apr 18 15:36:26 a952d0d9ca03 sshd[6434]: Failed password for invalid user angus from 172.30.185.10 port 44002 ssh2
Apr 18 15:36:26 a952d0d9ca03 sshd[6436]: Invalid user dot from 172.30.185.11 port 44386
Apr 18 15:36:26 a952d0d9ca03 sshd[6436]: error: Could not get shadow information for NOUSER
Apr 18 15:36:26 a952d0d9ca03 sshd[6434]: Connection closed by invalid user angus 172.30.185.10 port 44002 [preauth]
Apr 18 15:36:26 a952d0d9ca03 sshd[6436]: Failed none for invalid user dot from 172.30.185.11 port 44386 ssh2
Apr 18 15:36:26 a952d0d9ca03 sshd[6436]: Failed password for invalid user dot from 172.30.185.11 port 44386 ssh2
Apr 18 15:36:26 a952d0d9ca03 sshd[6436]: Connection closed by invalid user dot 172.30.185.11 port 44386 [preauth]
Apr 18 15:36:26 a952d0d9ca03 sshd[6438]: Invalid user DHan from 172.30.185.9 port 44524
Apr 18 15:36:26 a952d0d9ca03 sshd[6438]: error: Could not get shadow information for NOUSER
Apr 18 15:36:26 a952d0d9ca03 sshd[6438]: Failed none for invalid user DHan from 172.30.185.9 port 44524 ssh2
Apr 18 15:36:26 a952d0d9ca03 sshd[6438]: Failed password for invalid user DHan from 172.30.185.9 port 44524 ssh2
Apr 18 15:36:26 a952d0d9ca03 sshd[6438]: Connection closed by invalid user DHan 172.30.185.9 port 44524 [preauth]
Apr 18 15:36:26 a952d0d9ca03 sshd[6440]: Invalid user song from 172.30.185.12 port 34494
Apr 18 15:36:26 a952d0d9ca03 sshd[6440]: error: Could not get shadow information for NOUSER
Apr 18 15:36:26 a952d0d9ca03 sshd[6440]: Failed none for invalid user song from 172.30.185.12 port 34494 ssh2
Apr 18 15:36:26 a952d0d9ca03 sshd[6440]: Failed password for invalid user song from 172.30.185.12 port 34494 ssh2
Apr 18 15:36:26 a952d0d9ca03 sshd[6440]: Connection closed by invalid user song 172.30.185.12 port 34494 [preauth]
Apr 18 15:36:26 a952d0d9ca03 sshd[6442]: Invalid user angus from 172.30.185.10 port 54974
Apr 18 15:36:26 a952d0d9ca03 sshd[6442]: error: Could not get shadow information for NOUSER
Apr 18 15:36:26 a952d0d9ca03 sshd[6442]: Failed none for invalid user angus from 172.30.185.10 port 54974 ssh2
Apr 18 15:36:26 a952d0d9ca03 sshd[6442]: Failed password for invalid user angus from 172.30.185.10 port 54974 ssh2
Apr 18 15:36:26 a952d0d9ca03 sshd[6444]: Invalid user dot from 172.30.185.11 port 41024
Apr 18 15:36:26 a952d0d9ca03 sshd[6444]: error: Could not get shadow information for NOUSER
Apr 18 15:36:26 a952d0d9ca03 sshd[6442]: Connection closed by invalid user angus 172.30.185.10 port 54974 [preauth]
Apr 18 15:36:26 a952d0d9ca03 sshd[6444]: Failed none for invalid user dot from 172.30.185.11 port 41024 ssh2
Apr 18 15:36:26 a952d0d9ca03 sshd[6444]: Failed password for invalid user dot from 172.30.185.11 port 41024 ssh2
Apr 18 15:36:26 a952d0d9ca03 sshd[6444]: Connection closed by invalid user dot 172.30.185.11 port 41024 [preauth]
Apr 18 15:36:26 a952d0d9ca03 sshd[6447]: Invalid user DHan from 172.30.185.9 port 59304
Apr 18 15:36:26 a952d0d9ca03 sshd[6447]: error: Could not get shadow information for NOUSER
Apr 18 15:36:26 a952d0d9ca03 sshd[6446]: Invalid user uniform from 172.30.185.13 port 53008
Apr 18 15:36:26 a952d0d9ca03 sshd[6446]: error: Could not get shadow information for NOUSER
Apr 18 15:36:26 a952d0d9ca03 sshd[6447]: Failed none for invalid user DHan from 172.30.185.9 port 59304 ssh2
Apr 18 15:36:26 a952d0d9ca03 sshd[6446]: Failed none for invalid user uniform from 172.30.185.13 port 53008 ssh2
Apr 18 15:36:26 a952d0d9ca03 sshd[6446]: Failed password for invalid user uniform from 172.30.185.13 port 53008 ssh2
Apr 18 15:36:26 a952d0d9ca03 sshd[6447]: Failed password for invalid user DHan from 172.30.185.9 port 59304 ssh2
Apr 18 15:36:26 a952d0d9ca03 sshd[6447]: Connection closed by invalid user DHan 172.30.185.9 port 59304 [preauth]
Apr 18 15:36:26 a952d0d9ca03 sshd[6446]: Connection closed by invalid user uniform 172.30.185.13 port 53008 [preauth]
Apr 18 15:36:26 a952d0d9ca03 sshd[6450]: Invalid user song from 172.30.185.12 port 34506
Apr 18 15:36:26 a952d0d9ca03 sshd[6450]: error: Could not get shadow information for NOUSER
Apr 18 15:36:26 a952d0d9ca03 sshd[6450]: Failed none for invalid user song from 172.30.185.12 port 34506 ssh2
Apr 18 15:36:26 a952d0d9ca03 sshd[6450]: Failed password for invalid user song from 172.30.185.12 port 34506 ssh2
Apr 18 15:36:26 a952d0d9ca03 sshd[6450]: Connection closed by invalid user song 172.30.185.12 port 34506 [preauth]
Apr 18 15:36:27 a952d0d9ca03 sshd[6452]: Invalid user sol from 172.30.185.14 port 57066
Apr 18 15:36:27 a952d0d9ca03 sshd[6452]: error: Could not get shadow information for NOUSER
Apr 18 15:36:27 a952d0d9ca03 sshd[6452]: Failed none for invalid user sol from 172.30.185.14 port 57066 ssh2
Apr 18 15:36:27 a952d0d9ca03 sshd[6452]: Failed password for invalid user sol from 172.30.185.14 port 57066 ssh2
Apr 18 15:36:27 a952d0d9ca03 sshd[6452]: Connection closed by invalid user sol 172.30.185.14 port 57066 [preauth]
Apr 18 15:36:27 a952d0d9ca03 sshd[6454]: Invalid user angus from 172.30.185.10 port 54976
Apr 18 15:36:27 a952d0d9ca03 sshd[6454]: error: Could not get shadow information for NOUSER
Apr 18 15:36:27 a952d0d9ca03 sshd[6454]: Failed none for invalid user angus from 172.30.185.10 port 54976 ssh2
Apr 18 15:36:27 a952d0d9ca03 sshd[6454]: Failed password for invalid user angus from 172.30.185.10 port 54976 ssh2
Apr 18 15:36:27 a952d0d9ca03 sshd[6454]: Connection closed by invalid user angus 172.30.185.10 port 54976 [preauth]
Apr 18 15:36:27 a952d0d9ca03 sshd[6456]: Invalid user dot from 172.30.185.11 port 41034
Apr 18 15:36:27 a952d0d9ca03 sshd[6456]: error: Could not get shadow information for NOUSER
Apr 18 15:36:27 a952d0d9ca03 sshd[6456]: Failed none for invalid user dot from 172.30.185.11 port 41034 ssh2
Apr 18 15:36:27 a952d0d9ca03 sshd[6456]: Failed password for invalid user dot from 172.30.185.11 port 41034 ssh2
Apr 18 15:36:27 a952d0d9ca03 sshd[6456]: Connection closed by invalid user dot 172.30.185.11 port 41034 [preauth]
Apr 18 15:36:27 a952d0d9ca03 sshd[6458]: Invalid user uniform from 172.30.185.13 port 53018
Apr 18 15:36:27 a952d0d9ca03 sshd[6458]: error: Could not get shadow information for NOUSER
Apr 18 15:36:27 a952d0d9ca03 sshd[6458]: Failed none for invalid user uniform from 172.30.185.13 port 53018 ssh2
Apr 18 15:36:27 a952d0d9ca03 sshd[6458]: Failed password for invalid user uniform from 172.30.185.13 port 53018 ssh2
Apr 18 15:36:27 a952d0d9ca03 sshd[6458]: Connection closed by invalid user uniform 172.30.185.13 port 53018 [preauth]
Apr 18 15:36:27 a952d0d9ca03 sshd[6460]: Invalid user song from 172.30.185.12 port 34512
Apr 18 15:36:27 a952d0d9ca03 sshd[6460]: error: Could not get shadow information for NOUSER
Apr 18 15:36:27 a952d0d9ca03 sshd[6460]: Failed none for invalid user song from 172.30.185.12 port 34512 ssh2
Apr 18 15:36:27 a952d0d9ca03 sshd[6460]: Failed password for invalid user song from 172.30.185.12 port 34512 ssh2
Apr 18 15:36:27 a952d0d9ca03 sshd[6460]: Connection closed by invalid user song 172.30.185.12 port 34512 [preauth]
Apr 18 15:36:27 a952d0d9ca03 sshd[6462]: Invalid user sol from 172.30.185.14 port 57070
Apr 18 15:36:27 a952d0d9ca03 sshd[6462]: error: Could not get shadow information for NOUSER
Apr 18 15:36:27 a952d0d9ca03 sshd[6462]: Failed none for invalid user sol from 172.30.185.14 port 57070 ssh2
Apr 18 15:36:27 a952d0d9ca03 sshd[6462]: Failed password for invalid user sol from 172.30.185.14 port 57070 ssh2
Apr 18 15:36:27 a952d0d9ca03 sshd[6462]: Connection closed by invalid user sol 172.30.185.14 port 57070 [preauth]
Apr 18 15:36:27 a952d0d9ca03 sshd[6464]: Invalid user angus from 172.30.185.10 port 54988
Apr 18 15:36:27 a952d0d9ca03 sshd[6464]: error: Could not get shadow information for NOUSER
Apr 18 15:36:27 a952d0d9ca03 sshd[6464]: Failed none for invalid user angus from 172.30.185.10 port 54988 ssh2
Apr 18 15:36:27 a952d0d9ca03 sshd[6464]: Failed password for invalid user angus from 172.30.185.10 port 54988 ssh2
Apr 18 15:36:27 a952d0d9ca03 sshd[6464]: Connection closed by invalid user angus 172.30.185.10 port 54988 [preauth]
Apr 18 15:36:27 a952d0d9ca03 sshd[6466]: Invalid user dot from 172.30.185.11 port 41044
Apr 18 15:36:27 a952d0d9ca03 sshd[6466]: error: Could not get shadow information for NOUSER
Apr 18 15:36:27 a952d0d9ca03 sshd[6466]: Failed none for invalid user dot from 172.30.185.11 port 41044 ssh2
Apr 18 15:36:27 a952d0d9ca03 sshd[6466]: Failed password for invalid user dot from 172.30.185.11 port 41044 ssh2
Apr 18 15:36:27 a952d0d9ca03 sshd[6466]: Connection closed by invalid user dot 172.30.185.11 port 41044 [preauth]
Apr 18 15:36:27 a952d0d9ca03 sshd[6470]: Invalid user song from 172.30.185.12 port 34518
Apr 18 15:36:27 a952d0d9ca03 sshd[6470]: error: Could not get shadow information for NOUSER
Apr 18 15:36:27 a952d0d9ca03 sshd[6470]: Failed none for invalid user song from 172.30.185.12 port 34518 ssh2
Apr 18 15:36:27 a952d0d9ca03 sshd[6468]: Invalid user uniform from 172.30.185.13 port 53022
Apr 18 15:36:27 a952d0d9ca03 sshd[6468]: error: Could not get shadow information for NOUSER
Apr 18 15:36:27 a952d0d9ca03 sshd[6468]: Failed none for invalid user uniform from 172.30.185.13 port 53022 ssh2
Apr 18 15:36:27 a952d0d9ca03 sshd[6470]: Failed password for invalid user song from 172.30.185.12 port 34518 ssh2
Apr 18 15:36:27 a952d0d9ca03 sshd[6470]: Connection closed by invalid user song 172.30.185.12 port 34518 [preauth]
Apr 18 15:36:27 a952d0d9ca03 sshd[6468]: Failed password for invalid user uniform from 172.30.185.13 port 53022 ssh2
Apr 18 15:36:27 a952d0d9ca03 sshd[6468]: Connection closed by invalid user uniform 172.30.185.13 port 53022 [preauth]
Apr 18 15:36:27 a952d0d9ca03 sshd[6472]: Invalid user sol from 172.30.185.14 port 57082
Apr 18 15:36:27 a952d0d9ca03 sshd[6472]: error: Could not get shadow information for NOUSER
Apr 18 15:36:27 a952d0d9ca03 sshd[6472]: Failed none for invalid user sol from 172.30.185.14 port 57082 ssh2
Apr 18 15:36:27 a952d0d9ca03 sshd[6472]: Failed password for invalid user sol from 172.30.185.14 port 57082 ssh2
Apr 18 15:36:27 a952d0d9ca03 sshd[6472]: Connection closed by invalid user sol 172.30.185.14 port 57082 [preauth]
Apr 18 15:36:27 a952d0d9ca03 sshd[6476]: Invalid user bharath from 172.30.185.15 port 39704
Apr 18 15:36:27 a952d0d9ca03 sshd[6476]: error: Could not get shadow information for NOUSER
Apr 18 15:36:27 a952d0d9ca03 sshd[6476]: Failed none for invalid user bharath from 172.30.185.15 port 39704 ssh2
Apr 18 15:36:27 a952d0d9ca03 sshd[6474]: Invalid user angus from 172.30.185.10 port 54994
Apr 18 15:36:27 a952d0d9ca03 sshd[6474]: error: Could not get shadow information for NOUSER
Apr 18 15:36:27 a952d0d9ca03 sshd[6474]: Failed none for invalid user angus from 172.30.185.10 port 54994 ssh2
Apr 18 15:36:27 a952d0d9ca03 sshd[6476]: Failed password for invalid user bharath from 172.30.185.15 port 39704 ssh2
Apr 18 15:36:27 a952d0d9ca03 sshd[6476]: Connection closed by invalid user bharath 172.30.185.15 port 39704 [preauth]
Apr 18 15:36:27 a952d0d9ca03 sshd[6478]: Invalid user dot from 172.30.185.11 port 41056
Apr 18 15:36:27 a952d0d9ca03 sshd[6478]: error: Could not get shadow information for NOUSER
Apr 18 15:36:27 a952d0d9ca03 sshd[6478]: Failed none for invalid user dot from 172.30.185.11 port 41056 ssh2
Apr 18 15:36:27 a952d0d9ca03 sshd[6474]: Failed password for invalid user angus from 172.30.185.10 port 54994 ssh2
Apr 18 15:36:27 a952d0d9ca03 sshd[6474]: Connection closed by invalid user angus 172.30.185.10 port 54994 [preauth]
Apr 18 15:36:27 a952d0d9ca03 sshd[6478]: Failed password for invalid user dot from 172.30.185.11 port 41056 ssh2
Apr 18 15:36:27 a952d0d9ca03 sshd[6478]: Connection closed by invalid user dot 172.30.185.11 port 41056 [preauth]
Apr 18 15:36:27 a952d0d9ca03 sshd[6482]: Invalid user uniform from 172.30.185.13 port 53026
Apr 18 15:36:27 a952d0d9ca03 sshd[6482]: error: Could not get shadow information for NOUSER
Apr 18 15:36:27 a952d0d9ca03 sshd[6482]: Failed none for invalid user uniform from 172.30.185.13 port 53026 ssh2
Apr 18 15:36:27 a952d0d9ca03 sshd[6482]: Failed password for invalid user uniform from 172.30.185.13 port 53026 ssh2
Apr 18 15:36:27 a952d0d9ca03 sshd[6482]: Connection closed by invalid user uniform 172.30.185.13 port 53026 [preauth]
Apr 18 15:36:27 a952d0d9ca03 sshd[6480]: Invalid user song from 172.30.185.12 port 34524
Apr 18 15:36:27 a952d0d9ca03 sshd[6480]: error: Could not get shadow information for NOUSER
Apr 18 15:36:27 a952d0d9ca03 sshd[6480]: Failed none for invalid user song from 172.30.185.12 port 34524 ssh2
Apr 18 15:36:27 a952d0d9ca03 sshd[6480]: Failed password for invalid user song from 172.30.185.12 port 34524 ssh2
Apr 18 15:36:27 a952d0d9ca03 sshd[6480]: Connection closed by invalid user song 172.30.185.12 port 34524 [preauth]
Apr 18 15:36:27 a952d0d9ca03 sshd[6484]: Invalid user proxyuser from 172.30.185.16 port 50742
Apr 18 15:36:27 a952d0d9ca03 sshd[6484]: error: Could not get shadow information for NOUSER
Apr 18 15:36:27 a952d0d9ca03 sshd[6484]: Failed none for invalid user proxyuser from 172.30.185.16 port 50742 ssh2
Apr 18 15:36:27 a952d0d9ca03 sshd[6484]: Failed password for invalid user proxyuser from 172.30.185.16 port 50742 ssh2
Apr 18 15:36:27 a952d0d9ca03 sshd[6484]: Connection closed by invalid user proxyuser 172.30.185.16 port 50742 [preauth]
Apr 18 15:36:27 a952d0d9ca03 sshd[6486]: Invalid user sol from 172.30.185.14 port 57084
Apr 18 15:36:27 a952d0d9ca03 sshd[6486]: error: Could not get shadow information for NOUSER
Apr 18 15:36:27 a952d0d9ca03 sshd[6486]: Failed none for invalid user sol from 172.30.185.14 port 57084 ssh2
Apr 18 15:36:27 a952d0d9ca03 sshd[6486]: Failed password for invalid user sol from 172.30.185.14 port 57084 ssh2
Apr 18 15:36:27 a952d0d9ca03 sshd[6486]: Connection closed by invalid user sol 172.30.185.14 port 57084 [preauth]
Apr 18 15:36:27 a952d0d9ca03 sshd[6490]: Invalid user angus from 172.30.185.10 port 55000
Apr 18 15:36:27 a952d0d9ca03 sshd[6490]: error: Could not get shadow information for NOUSER
Apr 18 15:36:27 a952d0d9ca03 sshd[6490]: Failed none for invalid user angus from 172.30.185.10 port 55000 ssh2
Apr 18 15:36:27 a952d0d9ca03 sshd[6488]: Invalid user bharath from 172.30.185.15 port 39714
Apr 18 15:36:27 a952d0d9ca03 sshd[6488]: error: Could not get shadow information for NOUSER
Apr 18 15:36:27 a952d0d9ca03 sshd[6488]: Failed none for invalid user bharath from 172.30.185.15 port 39714 ssh2
Apr 18 15:36:27 a952d0d9ca03 sshd[6490]: Failed password for invalid user angus from 172.30.185.10 port 55000 ssh2
Apr 18 15:36:27 a952d0d9ca03 sshd[6488]: Failed password for invalid user bharath from 172.30.185.15 port 39714 ssh2
Apr 18 15:36:27 a952d0d9ca03 sshd[6490]: Connection closed by invalid user angus 172.30.185.10 port 55000 [preauth]
Apr 18 15:36:27 a952d0d9ca03 sshd[6488]: Connection closed by invalid user bharath 172.30.185.15 port 39714 [preauth]
Apr 18 15:36:27 a952d0d9ca03 sshd[6491]: Invalid user dot from 172.30.185.11 port 41072
Apr 18 15:36:27 a952d0d9ca03 sshd[6491]: error: Could not get shadow information for NOUSER
Apr 18 15:36:27 a952d0d9ca03 sshd[6491]: Failed none for invalid user dot from 172.30.185.11 port 41072 ssh2
Apr 18 15:36:27 a952d0d9ca03 sshd[6491]: Failed password for invalid user dot from 172.30.185.11 port 41072 ssh2
Apr 18 15:36:27 a952d0d9ca03 sshd[6491]: Connection closed by invalid user dot 172.30.185.11 port 41072 [preauth]
Apr 18 15:36:27 a952d0d9ca03 sshd[6494]: Invalid user uniform from 172.30.185.13 port 53036
Apr 18 15:36:27 a952d0d9ca03 sshd[6494]: error: Could not get shadow information for NOUSER
Apr 18 15:36:27 a952d0d9ca03 sshd[6494]: Failed none for invalid user uniform from 172.30.185.13 port 53036 ssh2
Apr 18 15:36:27 a952d0d9ca03 sshd[6496]: Invalid user song from 172.30.185.12 port 34538
Apr 18 15:36:27 a952d0d9ca03 sshd[6496]: error: Could not get shadow information for NOUSER
Apr 18 15:36:27 a952d0d9ca03 sshd[6496]: Failed none for invalid user song from 172.30.185.12 port 34538 ssh2
Apr 18 15:36:27 a952d0d9ca03 sshd[6494]: Failed password for invalid user uniform from 172.30.185.13 port 53036 ssh2
Apr 18 15:36:27 a952d0d9ca03 sshd[6494]: Connection closed by invalid user uniform 172.30.185.13 port 53036 [preauth]
Apr 18 15:36:27 a952d0d9ca03 sshd[6496]: Failed password for invalid user song from 172.30.185.12 port 34538 ssh2
Apr 18 15:36:27 a952d0d9ca03 sshd[6496]: Connection closed by invalid user song 172.30.185.12 port 34538 [preauth]
Apr 18 15:36:27 a952d0d9ca03 sshd[6498]: Invalid user proxyuser from 172.30.185.16 port 50752
Apr 18 15:36:27 a952d0d9ca03 sshd[6498]: error: Could not get shadow information for NOUSER
Apr 18 15:36:27 a952d0d9ca03 sshd[6498]: Failed none for invalid user proxyuser from 172.30.185.16 port 50752 ssh2
Apr 18 15:36:27 a952d0d9ca03 sshd[6498]: Failed password for invalid user proxyuser from 172.30.185.16 port 50752 ssh2
Apr 18 15:36:27 a952d0d9ca03 sshd[6498]: Connection closed by invalid user proxyuser 172.30.185.16 port 50752 [preauth]
Apr 18 15:36:27 a952d0d9ca03 sshd[6500]: Invalid user sol from 172.30.185.14 port 57094
Apr 18 15:36:27 a952d0d9ca03 sshd[6500]: error: Could not get shadow information for NOUSER
Apr 18 15:36:27 a952d0d9ca03 sshd[6500]: Failed none for invalid user sol from 172.30.185.14 port 57094 ssh2
Apr 18 15:36:27 a952d0d9ca03 sshd[6500]: Failed password for invalid user sol from 172.30.185.14 port 57094 ssh2
Apr 18 15:36:27 a952d0d9ca03 sshd[6500]: Connection closed by invalid user sol 172.30.185.14 port 57094 [preauth]
Apr 18 15:36:28 a952d0d9ca03 sshd[6502]: Invalid user bharath from 172.30.185.15 port 39722
Apr 18 15:36:28 a952d0d9ca03 sshd[6502]: error: Could not get shadow information for NOUSER
Apr 18 15:36:28 a952d0d9ca03 sshd[6502]: Failed none for invalid user bharath from 172.30.185.15 port 39722 ssh2
Apr 18 15:36:28 a952d0d9ca03 sshd[6504]: Invalid user dot from 172.30.185.11 port 41080
Apr 18 15:36:28 a952d0d9ca03 sshd[6504]: error: Could not get shadow information for NOUSER
Apr 18 15:36:28 a952d0d9ca03 sshd[6502]: Failed password for invalid user bharath from 172.30.185.15 port 39722 ssh2
Apr 18 15:36:28 a952d0d9ca03 sshd[6502]: Connection closed by invalid user bharath 172.30.185.15 port 39722 [preauth]
Apr 18 15:36:28 a952d0d9ca03 sshd[6504]: Failed none for invalid user dot from 172.30.185.11 port 41080 ssh2
Apr 18 15:36:28 a952d0d9ca03 sshd[6504]: Failed password for invalid user dot from 172.30.185.11 port 41080 ssh2
Apr 18 15:36:28 a952d0d9ca03 sshd[6504]: Connection closed by invalid user dot 172.30.185.11 port 41080 [preauth]
Apr 18 15:36:28 a952d0d9ca03 sshd[6507]: Invalid user song from 172.30.185.12 port 34540
Apr 18 15:36:28 a952d0d9ca03 sshd[6507]: error: Could not get shadow information for NOUSER
Apr 18 15:36:28 a952d0d9ca03 sshd[6507]: Failed none for invalid user song from 172.30.185.12 port 34540 ssh2
Apr 18 15:36:28 a952d0d9ca03 sshd[6507]: Failed password for invalid user song from 172.30.185.12 port 34540 ssh2
Apr 18 15:36:28 a952d0d9ca03 sshd[6506]: Invalid user uniform from 172.30.185.13 port 53044
Apr 18 15:36:28 a952d0d9ca03 sshd[6506]: error: Could not get shadow information for NOUSER
Apr 18 15:36:28 a952d0d9ca03 sshd[6507]: Connection closed by invalid user song 172.30.185.12 port 34540 [preauth]
Apr 18 15:36:28 a952d0d9ca03 sshd[6506]: Failed none for invalid user uniform from 172.30.185.13 port 53044 ssh2
Apr 18 15:36:28 a952d0d9ca03 sshd[6510]: Invalid user proxyuser from 172.30.185.16 port 50762
Apr 18 15:36:28 a952d0d9ca03 sshd[6510]: error: Could not get shadow information for NOUSER
Apr 18 15:36:28 a952d0d9ca03 sshd[6506]: Failed password for invalid user uniform from 172.30.185.13 port 53044 ssh2
Apr 18 15:36:28 a952d0d9ca03 sshd[6510]: Failed none for invalid user proxyuser from 172.30.185.16 port 50762 ssh2
Apr 18 15:36:28 a952d0d9ca03 sshd[6506]: Connection closed by invalid user uniform 172.30.185.13 port 53044 [preauth]
Apr 18 15:36:28 a952d0d9ca03 sshd[6510]: Failed password for invalid user proxyuser from 172.30.185.16 port 50762 ssh2
Apr 18 15:36:28 a952d0d9ca03 sshd[6510]: Connection closed by invalid user proxyuser 172.30.185.16 port 50762 [preauth]
Apr 18 15:36:28 a952d0d9ca03 sshd[6512]: Invalid user sol from 172.30.185.14 port 57100
Apr 18 15:36:28 a952d0d9ca03 sshd[6512]: error: Could not get shadow information for NOUSER
Apr 18 15:36:28 a952d0d9ca03 sshd[6512]: Failed none for invalid user sol from 172.30.185.14 port 57100 ssh2
Apr 18 15:36:28 a952d0d9ca03 sshd[6512]: Failed password for invalid user sol from 172.30.185.14 port 57100 ssh2
Apr 18 15:36:28 a952d0d9ca03 sshd[6512]: Connection closed by invalid user sol 172.30.185.14 port 57100 [preauth]
Apr 18 15:36:28 a952d0d9ca03 sshd[6514]: Invalid user bharath from 172.30.185.15 port 39734
Apr 18 15:36:28 a952d0d9ca03 sshd[6514]: error: Could not get shadow information for NOUSER
Apr 18 15:36:28 a952d0d9ca03 sshd[6514]: Failed none for invalid user bharath from 172.30.185.15 port 39734 ssh2
Apr 18 15:36:28 a952d0d9ca03 sshd[6514]: Failed password for invalid user bharath from 172.30.185.15 port 39734 ssh2
Apr 18 15:36:28 a952d0d9ca03 sshd[6514]: Connection closed by invalid user bharath 172.30.185.15 port 39734 [preauth]
Apr 18 15:36:28 a952d0d9ca03 sshd[6518]: Invalid user uniform from 172.30.185.13 port 53046
Apr 18 15:36:28 a952d0d9ca03 sshd[6518]: error: Could not get shadow information for NOUSER
Apr 18 15:36:28 a952d0d9ca03 sshd[6518]: Failed none for invalid user uniform from 172.30.185.13 port 53046 ssh2
Apr 18 15:36:28 a952d0d9ca03 sshd[6518]: Failed password for invalid user uniform from 172.30.185.13 port 53046 ssh2
Apr 18 15:36:28 a952d0d9ca03 sshd[6520]: Invalid user proxyuser from 172.30.185.16 port 50772
Apr 18 15:36:28 a952d0d9ca03 sshd[6520]: error: Could not get shadow information for NOUSER
Apr 18 15:36:28 a952d0d9ca03 sshd[6516]: Invalid user song from 172.30.185.12 port 34544
Apr 18 15:36:28 a952d0d9ca03 sshd[6516]: error: Could not get shadow information for NOUSER
Apr 18 15:36:28 a952d0d9ca03 sshd[6518]: Connection closed by invalid user uniform 172.30.185.13 port 53046 [preauth]
Apr 18 15:36:28 a952d0d9ca03 sshd[6520]: Failed none for invalid user proxyuser from 172.30.185.16 port 50772 ssh2
Apr 18 15:36:28 a952d0d9ca03 sshd[6516]: Failed none for invalid user song from 172.30.185.12 port 34544 ssh2
Apr 18 15:36:28 a952d0d9ca03 sshd[6520]: Failed password for invalid user proxyuser from 172.30.185.16 port 50772 ssh2
Apr 18 15:36:28 a952d0d9ca03 sshd[6516]: Failed password for invalid user song from 172.30.185.12 port 34544 ssh2
Apr 18 15:36:28 a952d0d9ca03 sshd[6520]: Connection closed by invalid user proxyuser 172.30.185.16 port 50772 [preauth]
Apr 18 15:36:28 a952d0d9ca03 sshd[6516]: Connection closed by invalid user song 172.30.185.12 port 34544 [preauth]
Apr 18 15:36:28 a952d0d9ca03 sshd[6522]: Invalid user sol from 172.30.185.14 port 57108
Apr 18 15:36:28 a952d0d9ca03 sshd[6522]: error: Could not get shadow information for NOUSER
Apr 18 15:36:28 a952d0d9ca03 sshd[6522]: Failed none for invalid user sol from 172.30.185.14 port 57108 ssh2
Apr 18 15:36:28 a952d0d9ca03 sshd[6522]: Failed password for invalid user sol from 172.30.185.14 port 57108 ssh2
Apr 18 15:36:28 a952d0d9ca03 sshd[6522]: Connection closed by invalid user sol 172.30.185.14 port 57108 [preauth]
Apr 18 15:36:28 a952d0d9ca03 sshd[6524]: Invalid user bharath from 172.30.185.15 port 39740
Apr 18 15:36:28 a952d0d9ca03 sshd[6524]: error: Could not get shadow information for NOUSER
Apr 18 15:36:28 a952d0d9ca03 sshd[6524]: Failed none for invalid user bharath from 172.30.185.15 port 39740 ssh2
Apr 18 15:36:28 a952d0d9ca03 sshd[6524]: Failed password for invalid user bharath from 172.30.185.15 port 39740 ssh2
Apr 18 15:36:28 a952d0d9ca03 sshd[6524]: Connection closed by invalid user bharath 172.30.185.15 port 39740 [preauth]
Apr 18 15:36:28 a952d0d9ca03 sshd[6526]: Invalid user uniform from 172.30.185.13 port 53062
Apr 18 15:36:28 a952d0d9ca03 sshd[6526]: error: Could not get shadow information for NOUSER
Apr 18 15:36:28 a952d0d9ca03 sshd[6526]: Failed none for invalid user uniform from 172.30.185.13 port 53062 ssh2
Apr 18 15:36:28 a952d0d9ca03 sshd[6526]: Failed password for invalid user uniform from 172.30.185.13 port 53062 ssh2
Apr 18 15:36:28 a952d0d9ca03 sshd[6526]: Connection closed by invalid user uniform 172.30.185.13 port 53062 [preauth]
Apr 18 15:36:28 a952d0d9ca03 sshd[6528]: Invalid user proxyuser from 172.30.185.16 port 50784
Apr 18 15:36:28 a952d0d9ca03 sshd[6528]: error: Could not get shadow information for NOUSER
Apr 18 15:36:28 a952d0d9ca03 sshd[6528]: Failed none for invalid user proxyuser from 172.30.185.16 port 50784 ssh2
Apr 18 15:36:28 a952d0d9ca03 sshd[6528]: Failed password for invalid user proxyuser from 172.30.185.16 port 50784 ssh2
Apr 18 15:36:28 a952d0d9ca03 sshd[6528]: Connection closed by invalid user proxyuser 172.30.185.16 port 50784 [preauth]
Apr 18 15:36:28 a952d0d9ca03 sshd[6530]: Invalid user sol from 172.30.185.14 port 57112
Apr 18 15:36:28 a952d0d9ca03 sshd[6530]: error: Could not get shadow information for NOUSER
Apr 18 15:36:28 a952d0d9ca03 sshd[6530]: Failed none for invalid user sol from 172.30.185.14 port 57112 ssh2
Apr 18 15:36:28 a952d0d9ca03 sshd[6530]: Failed password for invalid user sol from 172.30.185.14 port 57112 ssh2
Apr 18 15:36:28 a952d0d9ca03 sshd[6532]: Invalid user bharath from 172.30.185.15 port 39756
Apr 18 15:36:28 a952d0d9ca03 sshd[6530]: Connection closed by invalid user sol 172.30.185.14 port 57112 [preauth]
Apr 18 15:36:28 a952d0d9ca03 sshd[6532]: error: Could not get shadow information for NOUSER
Apr 18 15:36:28 a952d0d9ca03 sshd[6532]: Failed none for invalid user bharath from 172.30.185.15 port 39756 ssh2
Apr 18 15:36:28 a952d0d9ca03 sshd[6532]: Failed password for invalid user bharath from 172.30.185.15 port 39756 ssh2
Apr 18 15:36:28 a952d0d9ca03 sshd[6532]: Connection closed by invalid user bharath 172.30.185.15 port 39756 [preauth]
Apr 18 15:36:28 a952d0d9ca03 sshd[6534]: Invalid user uniform from 172.30.185.13 port 53078
Apr 18 15:36:28 a952d0d9ca03 sshd[6534]: error: Could not get shadow information for NOUSER
Apr 18 15:36:28 a952d0d9ca03 sshd[6534]: Failed none for invalid user uniform from 172.30.185.13 port 53078 ssh2
Apr 18 15:36:28 a952d0d9ca03 sshd[6534]: Failed password for invalid user uniform from 172.30.185.13 port 53078 ssh2
Apr 18 15:36:28 a952d0d9ca03 sshd[6534]: Connection closed by invalid user uniform 172.30.185.13 port 53078 [preauth]
Apr 18 15:36:28 a952d0d9ca03 sshd[6536]: Invalid user proxyuser from 172.30.185.16 port 50796
Apr 18 15:36:28 a952d0d9ca03 sshd[6536]: error: Could not get shadow information for NOUSER
Apr 18 15:36:28 a952d0d9ca03 sshd[6536]: Failed none for invalid user proxyuser from 172.30.185.16 port 50796 ssh2
Apr 18 15:36:28 a952d0d9ca03 sshd[6536]: Failed password for invalid user proxyuser from 172.30.185.16 port 50796 ssh2
Apr 18 15:36:28 a952d0d9ca03 sshd[6536]: Connection closed by invalid user proxyuser 172.30.185.16 port 50796 [preauth]
Apr 18 15:36:28 a952d0d9ca03 sshd[6538]: Invalid user sol from 172.30.185.14 port 57122
Apr 18 15:36:28 a952d0d9ca03 sshd[6538]: error: Could not get shadow information for NOUSER
Apr 18 15:36:28 a952d0d9ca03 sshd[6538]: Failed none for invalid user sol from 172.30.185.14 port 57122 ssh2
Apr 18 15:36:28 a952d0d9ca03 sshd[6538]: Failed password for invalid user sol from 172.30.185.14 port 57122 ssh2
Apr 18 15:36:28 a952d0d9ca03 sshd[6538]: Connection closed by invalid user sol 172.30.185.14 port 57122 [preauth]
Apr 18 15:36:28 a952d0d9ca03 sshd[6540]: Invalid user bharath from 172.30.185.15 port 39764
Apr 18 15:36:28 a952d0d9ca03 sshd[6540]: error: Could not get shadow information for NOUSER
Apr 18 15:36:28 a952d0d9ca03 sshd[6540]: Failed none for invalid user bharath from 172.30.185.15 port 39764 ssh2
Apr 18 15:36:28 a952d0d9ca03 sshd[6540]: Failed password for invalid user bharath from 172.30.185.15 port 39764 ssh2
Apr 18 15:36:28 a952d0d9ca03 sshd[6540]: Connection closed by invalid user bharath 172.30.185.15 port 39764 [preauth]
Apr 18 15:36:29 a952d0d9ca03 sshd[6542]: Invalid user uniform from 172.30.185.13 port 53082
Apr 18 15:36:29 a952d0d9ca03 sshd[6542]: error: Could not get shadow information for NOUSER
Apr 18 15:36:29 a952d0d9ca03 sshd[6542]: Failed none for invalid user uniform from 172.30.185.13 port 53082 ssh2
Apr 18 15:36:29 a952d0d9ca03 sshd[6542]: Failed password for invalid user uniform from 172.30.185.13 port 53082 ssh2
Apr 18 15:36:29 a952d0d9ca03 sshd[6542]: Connection closed by invalid user uniform 172.30.185.13 port 53082 [preauth]
Apr 18 15:36:29 a952d0d9ca03 sshd[6547]: Invalid user UBUNTU from 172.30.185.17 port 41370
Apr 18 15:36:29 a952d0d9ca03 sshd[6547]: error: Could not get shadow information for NOUSER
Apr 18 15:36:29 a952d0d9ca03 sshd[6547]: Failed none for invalid user UBUNTU from 172.30.185.17 port 41370 ssh2
Apr 18 15:36:29 a952d0d9ca03 sshd[6544]: Invalid user proxyuser from 172.30.185.16 port 50806
Apr 18 15:36:29 a952d0d9ca03 sshd[6544]: error: Could not get shadow information for NOUSER
Apr 18 15:36:29 a952d0d9ca03 sshd[6547]: Failed password for invalid user UBUNTU from 172.30.185.17 port 41370 ssh2
Apr 18 15:36:29 a952d0d9ca03 sshd[6544]: Failed none for invalid user proxyuser from 172.30.185.16 port 50806 ssh2
Apr 18 15:36:29 a952d0d9ca03 sshd[6547]: Connection closed by invalid user UBUNTU 172.30.185.17 port 41370 [preauth]
Apr 18 15:36:29 a952d0d9ca03 sshd[6544]: Failed password for invalid user proxyuser from 172.30.185.16 port 50806 ssh2
Apr 18 15:36:29 a952d0d9ca03 sshd[6546]: Invalid user hupass from 172.30.185.18 port 50250
Apr 18 15:36:29 a952d0d9ca03 sshd[6546]: error: Could not get shadow information for NOUSER
Apr 18 15:36:29 a952d0d9ca03 sshd[6544]: Connection closed by invalid user proxyuser 172.30.185.16 port 50806 [preauth]
Apr 18 15:36:29 a952d0d9ca03 sshd[6546]: Failed none for invalid user hupass from 172.30.185.18 port 50250 ssh2
Apr 18 15:36:29 a952d0d9ca03 sshd[6550]: Invalid user sol from 172.30.185.14 port 57132
Apr 18 15:36:29 a952d0d9ca03 sshd[6550]: error: Could not get shadow information for NOUSER
Apr 18 15:36:29 a952d0d9ca03 sshd[6550]: Failed none for invalid user sol from 172.30.185.14 port 57132 ssh2
Apr 18 15:36:29 a952d0d9ca03 sshd[6546]: Failed password for invalid user hupass from 172.30.185.18 port 50250 ssh2
Apr 18 15:36:29 a952d0d9ca03 sshd[6546]: Connection closed by invalid user hupass 172.30.185.18 port 50250 [preauth]
Apr 18 15:36:29 a952d0d9ca03 sshd[6550]: Failed password for invalid user sol from 172.30.185.14 port 57132 ssh2
Apr 18 15:36:29 a952d0d9ca03 sshd[6552]: Invalid user bharath from 172.30.185.15 port 39776
Apr 18 15:36:29 a952d0d9ca03 sshd[6550]: Connection closed by invalid user sol 172.30.185.14 port 57132 [preauth]
Apr 18 15:36:29 a952d0d9ca03 sshd[6552]: error: Could not get shadow information for NOUSER
Apr 18 15:36:29 a952d0d9ca03 sshd[6552]: Failed none for invalid user bharath from 172.30.185.15 port 39776 ssh2
Apr 18 15:36:29 a952d0d9ca03 sshd[6552]: Failed password for invalid user bharath from 172.30.185.15 port 39776 ssh2
Apr 18 15:36:29 a952d0d9ca03 sshd[6552]: Connection closed by invalid user bharath 172.30.185.15 port 39776 [preauth]
Apr 18 15:36:29 a952d0d9ca03 sshd[6554]: Invalid user UBUNTU from 172.30.185.17 port 41376
Apr 18 15:36:29 a952d0d9ca03 sshd[6554]: error: Could not get shadow information for NOUSER
Apr 18 15:36:29 a952d0d9ca03 sshd[6554]: Failed none for invalid user UBUNTU from 172.30.185.17 port 41376 ssh2
Apr 18 15:36:29 a952d0d9ca03 sshd[6556]: Invalid user proxyuser from 172.30.185.16 port 50820
Apr 18 15:36:29 a952d0d9ca03 sshd[6556]: error: Could not get shadow information for NOUSER
Apr 18 15:36:29 a952d0d9ca03 sshd[6556]: Failed none for invalid user proxyuser from 172.30.185.16 port 50820 ssh2
Apr 18 15:36:29 a952d0d9ca03 sshd[6554]: Failed password for invalid user UBUNTU from 172.30.185.17 port 41376 ssh2
Apr 18 15:36:29 a952d0d9ca03 sshd[6554]: Connection closed by invalid user UBUNTU 172.30.185.17 port 41376 [preauth]
Apr 18 15:36:29 a952d0d9ca03 sshd[6556]: Failed password for invalid user proxyuser from 172.30.185.16 port 50820 ssh2
Apr 18 15:36:29 a952d0d9ca03 sshd[6556]: Connection closed by invalid user proxyuser 172.30.185.16 port 50820 [preauth]
Apr 18 15:36:29 a952d0d9ca03 sshd[6558]: Invalid user hupass from 172.30.185.18 port 50262
Apr 18 15:36:29 a952d0d9ca03 sshd[6558]: error: Could not get shadow information for NOUSER
Apr 18 15:36:29 a952d0d9ca03 sshd[6558]: Failed none for invalid user hupass from 172.30.185.18 port 50262 ssh2
Apr 18 15:36:29 a952d0d9ca03 sshd[6558]: Failed password for invalid user hupass from 172.30.185.18 port 50262 ssh2
Apr 18 15:36:29 a952d0d9ca03 sshd[6558]: Connection closed by invalid user hupass 172.30.185.18 port 50262 [preauth]
Apr 18 15:36:29 a952d0d9ca03 sshd[6560]: Invalid user bharath from 172.30.185.15 port 39788
Apr 18 15:36:29 a952d0d9ca03 sshd[6560]: error: Could not get shadow information for NOUSER
Apr 18 15:36:29 a952d0d9ca03 sshd[6560]: Failed none for invalid user bharath from 172.30.185.15 port 39788 ssh2
Apr 18 15:36:29 a952d0d9ca03 sshd[6560]: Failed password for invalid user bharath from 172.30.185.15 port 39788 ssh2
Apr 18 15:36:29 a952d0d9ca03 sshd[6560]: Connection closed by invalid user bharath 172.30.185.15 port 39788 [preauth]
Apr 18 15:36:29 a952d0d9ca03 sshd[6562]: Invalid user lifesize from 172.30.185.19 port 49760
Apr 18 15:36:29 a952d0d9ca03 sshd[6562]: error: Could not get shadow information for NOUSER
Apr 18 15:36:29 a952d0d9ca03 sshd[6562]: Failed none for invalid user lifesize from 172.30.185.19 port 49760 ssh2
Apr 18 15:36:29 a952d0d9ca03 sshd[6562]: Failed password for invalid user lifesize from 172.30.185.19 port 49760 ssh2
Apr 18 15:36:29 a952d0d9ca03 sshd[6562]: Connection closed by invalid user lifesize 172.30.185.19 port 49760 [preauth]
Apr 18 15:36:29 a952d0d9ca03 sshd[6565]: Invalid user proxyuser from 172.30.185.16 port 50822
Apr 18 15:36:29 a952d0d9ca03 sshd[6565]: error: Could not get shadow information for NOUSER
Apr 18 15:36:29 a952d0d9ca03 sshd[6565]: Failed none for invalid user proxyuser from 172.30.185.16 port 50822 ssh2
Apr 18 15:36:29 a952d0d9ca03 sshd[6565]: Failed password for invalid user proxyuser from 172.30.185.16 port 50822 ssh2
Apr 18 15:36:29 a952d0d9ca03 sshd[6565]: Connection closed by invalid user proxyuser 172.30.185.16 port 50822 [preauth]
Apr 18 15:36:29 a952d0d9ca03 sshd[6568]: Invalid user hupass from 172.30.185.18 port 50264
Apr 18 15:36:29 a952d0d9ca03 sshd[6568]: error: Could not get shadow information for NOUSER
Apr 18 15:36:29 a952d0d9ca03 sshd[6564]: Invalid user UBUNTU from 172.30.185.17 port 41392
Apr 18 15:36:29 a952d0d9ca03 sshd[6564]: error: Could not get shadow information for NOUSER
Apr 18 15:36:29 a952d0d9ca03 sshd[6568]: Failed none for invalid user hupass from 172.30.185.18 port 50264 ssh2
Apr 18 15:36:29 a952d0d9ca03 sshd[6564]: Failed none for invalid user UBUNTU from 172.30.185.17 port 41392 ssh2
Apr 18 15:36:29 a952d0d9ca03 sshd[6568]: Failed password for invalid user hupass from 172.30.185.18 port 50264 ssh2
Apr 18 15:36:29 a952d0d9ca03 sshd[6564]: Failed password for invalid user UBUNTU from 172.30.185.17 port 41392 ssh2
Apr 18 15:36:29 a952d0d9ca03 sshd[6568]: Connection closed by invalid user hupass 172.30.185.18 port 50264 [preauth]
Apr 18 15:36:29 a952d0d9ca03 sshd[6564]: Connection closed by invalid user UBUNTU 172.30.185.17 port 41392 [preauth]
Apr 18 15:36:29 a952d0d9ca03 sshd[6570]: Invalid user bharath from 172.30.185.15 port 39792
Apr 18 15:36:29 a952d0d9ca03 sshd[6570]: error: Could not get shadow information for NOUSER
Apr 18 15:36:29 a952d0d9ca03 sshd[6570]: Failed none for invalid user bharath from 172.30.185.15 port 39792 ssh2
Apr 18 15:36:29 a952d0d9ca03 sshd[6570]: Failed password for invalid user bharath from 172.30.185.15 port 39792 ssh2
Apr 18 15:36:29 a952d0d9ca03 sshd[6570]: Connection closed by invalid user bharath 172.30.185.15 port 39792 [preauth]
Apr 18 15:36:29 a952d0d9ca03 sshd[6572]: Invalid user lifesize from 172.30.185.19 port 49772
Apr 18 15:36:29 a952d0d9ca03 sshd[6572]: error: Could not get shadow information for NOUSER
Apr 18 15:36:29 a952d0d9ca03 sshd[6572]: Failed none for invalid user lifesize from 172.30.185.19 port 49772 ssh2
Apr 18 15:36:29 a952d0d9ca03 sshd[6572]: Failed password for invalid user lifesize from 172.30.185.19 port 49772 ssh2
Apr 18 15:36:29 a952d0d9ca03 sshd[6572]: Connection closed by invalid user lifesize 172.30.185.19 port 49772 [preauth]
Apr 18 15:36:29 a952d0d9ca03 sshd[6574]: Invalid user proxyuser from 172.30.185.16 port 50832
Apr 18 15:36:29 a952d0d9ca03 sshd[6574]: error: Could not get shadow information for NOUSER
Apr 18 15:36:29 a952d0d9ca03 sshd[6574]: Failed none for invalid user proxyuser from 172.30.185.16 port 50832 ssh2
Apr 18 15:36:29 a952d0d9ca03 sshd[6574]: Failed password for invalid user proxyuser from 172.30.185.16 port 50832 ssh2
Apr 18 15:36:29 a952d0d9ca03 sshd[6574]: Connection closed by invalid user proxyuser 172.30.185.16 port 50832 [preauth]
Apr 18 15:36:29 a952d0d9ca03 sshd[6577]: Invalid user UBUNTU from 172.30.185.17 port 41394
Apr 18 15:36:29 a952d0d9ca03 sshd[6576]: Invalid user hupass from 172.30.185.18 port 50272
Apr 18 15:36:29 a952d0d9ca03 sshd[6577]: error: Could not get shadow information for NOUSER
Apr 18 15:36:29 a952d0d9ca03 sshd[6576]: error: Could not get shadow information for NOUSER
Apr 18 15:36:29 a952d0d9ca03 sshd[6576]: Failed none for invalid user hupass from 172.30.185.18 port 50272 ssh2
Apr 18 15:36:29 a952d0d9ca03 sshd[6577]: Failed none for invalid user UBUNTU from 172.30.185.17 port 41394 ssh2
Apr 18 15:36:29 a952d0d9ca03 sshd[6576]: Failed password for invalid user hupass from 172.30.185.18 port 50272 ssh2
Apr 18 15:36:29 a952d0d9ca03 sshd[6577]: Failed password for invalid user UBUNTU from 172.30.185.17 port 41394 ssh2
Apr 18 15:36:29 a952d0d9ca03 sshd[6576]: Connection closed by invalid user hupass 172.30.185.18 port 50272 [preauth]
Apr 18 15:36:29 a952d0d9ca03 sshd[6577]: Connection closed by invalid user UBUNTU 172.30.185.17 port 41394 [preauth]
Apr 18 15:36:29 a952d0d9ca03 sshd[6580]: Invalid user lifesize from 172.30.185.19 port 49780
Apr 18 15:36:29 a952d0d9ca03 sshd[6580]: error: Could not get shadow information for NOUSER
Apr 18 15:36:29 a952d0d9ca03 sshd[6580]: Failed none for invalid user lifesize from 172.30.185.19 port 49780 ssh2
Apr 18 15:36:29 a952d0d9ca03 sshd[6580]: Failed password for invalid user lifesize from 172.30.185.19 port 49780 ssh2
Apr 18 15:36:29 a952d0d9ca03 sshd[6580]: Connection closed by invalid user lifesize 172.30.185.19 port 49780 [preauth]
Apr 18 15:36:30 a952d0d9ca03 sshd[6582]: Invalid user cardano from 172.30.185.20 port 53068
Apr 18 15:36:30 a952d0d9ca03 sshd[6582]: error: Could not get shadow information for NOUSER
Apr 18 15:36:30 a952d0d9ca03 sshd[6582]: Failed none for invalid user cardano from 172.30.185.20 port 53068 ssh2
Apr 18 15:36:30 a952d0d9ca03 sshd[6582]: Failed password for invalid user cardano from 172.30.185.20 port 53068 ssh2
Apr 18 15:36:30 a952d0d9ca03 sshd[6582]: Connection closed by invalid user cardano 172.30.185.20 port 53068 [preauth]
Apr 18 15:36:30 a952d0d9ca03 sshd[6584]: Invalid user hupass from 172.30.185.18 port 50278
Apr 18 15:36:30 a952d0d9ca03 sshd[6584]: error: Could not get shadow information for NOUSER
Apr 18 15:36:30 a952d0d9ca03 sshd[6584]: Failed none for invalid user hupass from 172.30.185.18 port 50278 ssh2
Apr 18 15:36:30 a952d0d9ca03 sshd[6584]: Failed password for invalid user hupass from 172.30.185.18 port 50278 ssh2
Apr 18 15:36:30 a952d0d9ca03 sshd[6585]: Invalid user UBUNTU from 172.30.185.17 port 41404
Apr 18 15:36:30 a952d0d9ca03 sshd[6584]: Connection closed by invalid user hupass 172.30.185.18 port 50278 [preauth]
Apr 18 15:36:30 a952d0d9ca03 sshd[6585]: error: Could not get shadow information for NOUSER
Apr 18 15:36:30 a952d0d9ca03 sshd[6585]: Failed none for invalid user UBUNTU from 172.30.185.17 port 41404 ssh2
Apr 18 15:36:30 a952d0d9ca03 sshd[6585]: Failed password for invalid user UBUNTU from 172.30.185.17 port 41404 ssh2
Apr 18 15:36:30 a952d0d9ca03 sshd[6585]: Connection closed by invalid user UBUNTU 172.30.185.17 port 41404 [preauth]
Apr 18 15:36:30 a952d0d9ca03 sshd[6588]: Invalid user lifesize from 172.30.185.19 port 49788
Apr 18 15:36:30 a952d0d9ca03 sshd[6588]: error: Could not get shadow information for NOUSER
Apr 18 15:36:30 a952d0d9ca03 sshd[6588]: Failed none for invalid user lifesize from 172.30.185.19 port 49788 ssh2
Apr 18 15:36:30 a952d0d9ca03 sshd[6588]: Failed password for invalid user lifesize from 172.30.185.19 port 49788 ssh2
Apr 18 15:36:30 a952d0d9ca03 sshd[6588]: Connection closed by invalid user lifesize 172.30.185.19 port 49788 [preauth]
Apr 18 15:36:30 a952d0d9ca03 sshd[6590]: Invalid user cardano from 172.30.185.20 port 53084
Apr 18 15:36:30 a952d0d9ca03 sshd[6590]: error: Could not get shadow information for NOUSER
Apr 18 15:36:30 a952d0d9ca03 sshd[6590]: Failed none for invalid user cardano from 172.30.185.20 port 53084 ssh2
Apr 18 15:36:30 a952d0d9ca03 sshd[6590]: Failed password for invalid user cardano from 172.30.185.20 port 53084 ssh2
Apr 18 15:36:30 a952d0d9ca03 sshd[6590]: Connection closed by invalid user cardano 172.30.185.20 port 53084 [preauth]
Apr 18 15:36:30 a952d0d9ca03 sshd[6592]: Invalid user hupass from 172.30.185.18 port 50294
Apr 18 15:36:30 a952d0d9ca03 sshd[6592]: error: Could not get shadow information for NOUSER
Apr 18 15:36:30 a952d0d9ca03 sshd[6594]: Invalid user UBUNTU from 172.30.185.17 port 41406
Apr 18 15:36:30 a952d0d9ca03 sshd[6592]: Failed none for invalid user hupass from 172.30.185.18 port 50294 ssh2
Apr 18 15:36:30 a952d0d9ca03 sshd[6594]: error: Could not get shadow information for NOUSER
Apr 18 15:36:30 a952d0d9ca03 sshd[6594]: Failed none for invalid user UBUNTU from 172.30.185.17 port 41406 ssh2
Apr 18 15:36:30 a952d0d9ca03 sshd[6592]: Failed password for invalid user hupass from 172.30.185.18 port 50294 ssh2
Apr 18 15:36:30 a952d0d9ca03 sshd[6592]: Connection closed by invalid user hupass 172.30.185.18 port 50294 [preauth]
Apr 18 15:36:30 a952d0d9ca03 sshd[6594]: Failed password for invalid user UBUNTU from 172.30.185.17 port 41406 ssh2
Apr 18 15:36:30 a952d0d9ca03 sshd[6594]: Connection closed by invalid user UBUNTU 172.30.185.17 port 41406 [preauth]
Apr 18 15:36:30 a952d0d9ca03 sshd[6596]: Invalid user lifesize from 172.30.185.19 port 49796
Apr 18 15:36:30 a952d0d9ca03 sshd[6596]: error: Could not get shadow information for NOUSER
Apr 18 15:36:30 a952d0d9ca03 sshd[6596]: Failed none for invalid user lifesize from 172.30.185.19 port 49796 ssh2
Apr 18 15:36:30 a952d0d9ca03 sshd[6596]: Failed password for invalid user lifesize from 172.30.185.19 port 49796 ssh2
Apr 18 15:36:30 a952d0d9ca03 sshd[6596]: Connection closed by invalid user lifesize 172.30.185.19 port 49796 [preauth]
Apr 18 15:36:30 a952d0d9ca03 sshd[6598]: Invalid user cardano from 172.30.185.20 port 53098
Apr 18 15:36:30 a952d0d9ca03 sshd[6598]: error: Could not get shadow information for NOUSER
Apr 18 15:36:30 a952d0d9ca03 sshd[6598]: Failed none for invalid user cardano from 172.30.185.20 port 53098 ssh2
Apr 18 15:36:30 a952d0d9ca03 sshd[6598]: Failed password for invalid user cardano from 172.30.185.20 port 53098 ssh2
Apr 18 15:36:30 a952d0d9ca03 sshd[6598]: Connection closed by invalid user cardano 172.30.185.20 port 53098 [preauth]
Apr 18 15:36:30 a952d0d9ca03 sshd[6600]: Invalid user hupass from 172.30.185.18 port 50302
Apr 18 15:36:30 a952d0d9ca03 sshd[6600]: error: Could not get shadow information for NOUSER
Apr 18 15:36:30 a952d0d9ca03 sshd[6600]: Failed none for invalid user hupass from 172.30.185.18 port 50302 ssh2
Apr 18 15:36:30 a952d0d9ca03 sshd[6600]: Failed password for invalid user hupass from 172.30.185.18 port 50302 ssh2
Apr 18 15:36:30 a952d0d9ca03 sshd[6600]: Connection closed by invalid user hupass 172.30.185.18 port 50302 [preauth]
Apr 18 15:36:30 a952d0d9ca03 sshd[6602]: Invalid user UBUNTU from 172.30.185.17 port 41414
Apr 18 15:36:30 a952d0d9ca03 sshd[6602]: error: Could not get shadow information for NOUSER
Apr 18 15:36:30 a952d0d9ca03 sshd[6602]: Failed none for invalid user UBUNTU from 172.30.185.17 port 41414 ssh2
Apr 18 15:36:30 a952d0d9ca03 sshd[6602]: Failed password for invalid user UBUNTU from 172.30.185.17 port 41414 ssh2
Apr 18 15:36:30 a952d0d9ca03 sshd[6602]: Connection closed by invalid user UBUNTU 172.30.185.17 port 41414 [preauth]
Apr 18 15:36:30 a952d0d9ca03 sshd[6604]: Invalid user lifesize from 172.30.185.19 port 49812
Apr 18 15:36:30 a952d0d9ca03 sshd[6604]: error: Could not get shadow information for NOUSER
Apr 18 15:36:30 a952d0d9ca03 sshd[6604]: Failed none for invalid user lifesize from 172.30.185.19 port 49812 ssh2
Apr 18 15:36:30 a952d0d9ca03 sshd[6604]: Failed password for invalid user lifesize from 172.30.185.19 port 49812 ssh2
Apr 18 15:36:30 a952d0d9ca03 sshd[6604]: Connection closed by invalid user lifesize 172.30.185.19 port 49812 [preauth]
Apr 18 15:36:30 a952d0d9ca03 sshd[6606]: Invalid user from from 172.30.185.21 port 38300
Apr 18 15:36:30 a952d0d9ca03 sshd[6606]: error: Could not get shadow information for NOUSER
Apr 18 15:36:30 a952d0d9ca03 sshd[6606]: Failed none for invalid user from from 172.30.185.21 port 38300 ssh2
Apr 18 15:36:30 a952d0d9ca03 sshd[6606]: Failed password for invalid user from from 172.30.185.21 port 38300 ssh2
Apr 18 15:36:30 a952d0d9ca03 sshd[6606]: Connection closed by invalid user from 172.30.185.21 port 38300 [preauth]
Apr 18 15:36:30 a952d0d9ca03 sshd[6608]: Invalid user cardano from 172.30.185.20 port 53102
Apr 18 15:36:30 a952d0d9ca03 sshd[6608]: error: Could not get shadow information for NOUSER
Apr 18 15:36:30 a952d0d9ca03 sshd[6608]: Failed none for invalid user cardano from 172.30.185.20 port 53102 ssh2
Apr 18 15:36:30 a952d0d9ca03 sshd[6612]: Invalid user hqadmin from 172.30.185.23 port 40484
Apr 18 15:36:30 a952d0d9ca03 sshd[6612]: error: Could not get shadow information for NOUSER
Apr 18 15:36:30 a952d0d9ca03 sshd[6612]: Failed none for invalid user hqadmin from 172.30.185.23 port 40484 ssh2
Apr 18 15:36:30 a952d0d9ca03 sshd[6608]: Failed password for invalid user cardano from 172.30.185.20 port 53102 ssh2
Apr 18 15:36:30 a952d0d9ca03 sshd[6608]: Connection closed by invalid user cardano 172.30.185.20 port 53102 [preauth]
Apr 18 15:36:30 a952d0d9ca03 sshd[6610]: Invalid user amanda from 172.30.185.22 port 45420
Apr 18 15:36:30 a952d0d9ca03 sshd[6610]: error: Could not get shadow information for NOUSER
Apr 18 15:36:30 a952d0d9ca03 sshd[6612]: Failed password for invalid user hqadmin from 172.30.185.23 port 40484 ssh2
Apr 18 15:36:30 a952d0d9ca03 sshd[6610]: Failed none for invalid user amanda from 172.30.185.22 port 45420 ssh2
Apr 18 15:36:30 a952d0d9ca03 sshd[6612]: Connection closed by invalid user hqadmin 172.30.185.23 port 40484 [preauth]
