Apr 18 15:37:46 a952d0d9ca03 sshd[9534]: error: Could not get shadow information for NOUSER
Apr 18 15:37:46 a952d0d9ca03 sshd[9534]: Failed none for invalid user wg from 172.30.185.22 port 47474 ssh2
Apr 18 15:37:46 a952d0d9ca03 sshd[9534]: Failed password for invalid user wg from 172.30.185.22 port 47474 ssh2
Apr 18 15:37:46 a952d0d9ca03 sshd[9534]: Connection closed by invalid user wg 172.30.185.22 port 47474 [preauth]
Apr 18 15:37:46 a952d0d9ca03 sshd[9536]: Invalid user habiba from 172.30.185.20 port 58030
Apr 18 15:37:46 a952d0d9ca03 sshd[9536]: error: Could not get shadow information for NOUSER
Apr 18 15:37:46 a952d0d9ca03 sshd[9536]: Failed none for invalid user habiba from 172.30.185.20 port 58030 ssh2
Apr 18 15:37:46 a952d0d9ca03 sshd[9536]: Failed password for invalid user habiba from 172.30.185.20 port 58030 ssh2
Apr 18 15:37:46 a952d0d9ca03 sshd[9536]: Connection closed by invalid user habiba 172.30.185.20 port 58030 [preauth]
Apr 18 15:37:46 a952d0d9ca03 sshd[9538]: Invalid user vyos from 172.30.185.26 port 47458
Apr 18 15:37:46 a952d0d9ca03 sshd[9538]: error: Could not get shadow information for NOUSER
Apr 18 15:37:46 a952d0d9ca03 sshd[9539]: Invalid user cdr from 172.30.185.25 port 58012
Apr 18 15:37:46 a952d0d9ca03 sshd[9539]: error: Could not get shadow information for NOUSER
Apr 18 15:37:46 a952d0d9ca03 sshd[9538]: Failed none for invalid user vyos from 172.30.185.26 port 47458 ssh2
Apr 18 15:37:46 a952d0d9ca03 sshd[9539]: Failed none for invalid user cdr from 172.30.185.25 port 58012 ssh2
Apr 18 15:37:46 a952d0d9ca03 sshd[9538]: Failed password for invalid user vyos from 172.30.185.26 port 47458 ssh2
Apr 18 15:37:46 a952d0d9ca03 sshd[9539]: Failed password for invalid user cdr from 172.30.185.25 port 58012 ssh2
Apr 18 15:37:46 a952d0d9ca03 sshd[9538]: Connection closed by invalid user vyos 172.30.185.26 port 47458 [preauth]
Apr 18 15:37:46 a952d0d9ca03 sshd[9539]: Connection closed by invalid user cdr 172.30.185.25 port 58012 [preauth]
Apr 18 15:37:46 a952d0d9ca03 sshd[9542]: Invalid user wf from 172.30.185.23 port 46420
Apr 18 15:37:46 a952d0d9ca03 sshd[9542]: error: Could not get shadow information for NOUSER
Apr 18 15:37:46 a952d0d9ca03 sshd[9542]: Failed none for invalid user wf from 172.30.185.23 port 46420 ssh2
Apr 18 15:37:46 a952d0d9ca03 sshd[9542]: Failed password for invalid user wf from 172.30.185.23 port 46420 ssh2
Apr 18 15:37:46 a952d0d9ca03 sshd[9542]: Connection closed by invalid user wf 172.30.185.23 port 46420 [preauth]
Apr 18 15:37:46 a952d0d9ca03 sshd[9547]: Invalid user wg from 172.30.185.22 port 47484
Apr 18 15:37:46 a952d0d9ca03 sshd[9547]: error: Could not get shadow information for NOUSER
Apr 18 15:37:46 a952d0d9ca03 sshd[9547]: Failed none for invalid user wg from 172.30.185.22 port 47484 ssh2
Apr 18 15:37:46 a952d0d9ca03 sshd[9547]: Failed password for invalid user wg from 172.30.185.22 port 47484 ssh2
Apr 18 15:37:46 a952d0d9ca03 sshd[9547]: Connection closed by invalid user wg 172.30.185.22 port 47484 [preauth]
Apr 18 15:37:46 a952d0d9ca03 sshd[9544]: Invalid user bwadmin from 172.30.185.21 port 58794
Apr 18 15:37:46 a952d0d9ca03 sshd[9544]: error: Could not get shadow information for NOUSER
Apr 18 15:37:46 a952d0d9ca03 sshd[9544]: Failed none for invalid user bwadmin from 172.30.185.21 port 58794 ssh2
Apr 18 15:37:46 a952d0d9ca03 sshd[9544]: Failed password for invalid user bwadmin from 172.30.185.21 port 58794 ssh2
Apr 18 15:37:46 a952d0d9ca03 sshd[9546]: Invalid user jarservice from 172.30.185.24 port 42940
Apr 18 15:37:46 a952d0d9ca03 sshd[9544]: Connection closed by invalid user bwadmin 172.30.185.21 port 58794 [preauth]
Apr 18 15:37:46 a952d0d9ca03 sshd[9546]: error: Could not get shadow information for NOUSER
Apr 18 15:37:46 a952d0d9ca03 sshd[9546]: Failed none for invalid user jarservice from 172.30.185.24 port 42940 ssh2
Apr 18 15:37:46 a952d0d9ca03 sshd[9546]: Failed password for invalid user jarservice from 172.30.185.24 port 42940 ssh2
Apr 18 15:37:46 a952d0d9ca03 sshd[9546]: Connection closed by invalid user jarservice 172.30.185.24 port 42940 [preauth]
Apr 18 15:37:46 a952d0d9ca03 sshd[9550]: Invalid user habiba from 172.30.185.20 port 58032
Apr 18 15:37:46 a952d0d9ca03 sshd[9550]: error: Could not get shadow information for NOUSER
Apr 18 15:37:46 a952d0d9ca03 sshd[9550]: Failed none for invalid user habiba from 172.30.185.20 port 58032 ssh2
Apr 18 15:37:46 a952d0d9ca03 sshd[9550]: Failed password for invalid user habiba from 172.30.185.20 port 58032 ssh2
Apr 18 15:37:46 a952d0d9ca03 sshd[9550]: Connection closed by invalid user habiba 172.30.185.20 port 58032 [preauth]
Apr 18 15:37:46 a952d0d9ca03 sshd[9552]: Invalid user vyos from 172.30.185.26 port 47462
Apr 18 15:37:46 a952d0d9ca03 sshd[9552]: error: Could not get shadow information for NOUSER
Apr 18 15:37:46 a952d0d9ca03 sshd[9552]: Failed none for invalid user vyos from 172.30.185.26 port 47462 ssh2
Apr 18 15:37:46 a952d0d9ca03 sshd[9552]: Failed password for invalid user vyos from 172.30.185.26 port 47462 ssh2
Apr 18 15:37:46 a952d0d9ca03 sshd[9552]: Connection closed by invalid user vyos 172.30.185.26 port 47462 [preauth]
Apr 18 15:37:46 a952d0d9ca03 sshd[9553]: Invalid user cdr from 172.30.185.25 port 58016
Apr 18 15:37:46 a952d0d9ca03 sshd[9553]: error: Could not get shadow information for NOUSER
Apr 18 15:37:46 a952d0d9ca03 sshd[9553]: Failed none for invalid user cdr from 172.30.185.25 port 58016 ssh2
Apr 18 15:37:46 a952d0d9ca03 sshd[9553]: Failed password for invalid user cdr from 172.30.185.25 port 58016 ssh2
Apr 18 15:37:46 a952d0d9ca03 sshd[9553]: Connection closed by invalid user cdr 172.30.185.25 port 58016 [preauth]
Apr 18 15:37:46 a952d0d9ca03 sshd[9556]: Invalid user wf from 172.30.185.23 port 46436
Apr 18 15:37:46 a952d0d9ca03 sshd[9556]: error: Could not get shadow information for NOUSER
Apr 18 15:37:46 a952d0d9ca03 sshd[9556]: Failed none for invalid user wf from 172.30.185.23 port 46436 ssh2
Apr 18 15:37:46 a952d0d9ca03 sshd[9556]: Failed password for invalid user wf from 172.30.185.23 port 46436 ssh2
Apr 18 15:37:46 a952d0d9ca03 sshd[9558]: Invalid user wg from 172.30.185.22 port 47486
Apr 18 15:37:46 a952d0d9ca03 sshd[9558]: error: Could not get shadow information for NOUSER
Apr 18 15:37:46 a952d0d9ca03 sshd[9556]: Connection closed by invalid user wf 172.30.185.23 port 46436 [preauth]
Apr 18 15:37:46 a952d0d9ca03 sshd[9558]: Failed none for invalid user wg from 172.30.185.22 port 47486 ssh2
Apr 18 15:37:46 a952d0d9ca03 sshd[9558]: Failed password for invalid user wg from 172.30.185.22 port 47486 ssh2
Apr 18 15:37:46 a952d0d9ca03 sshd[9560]: Invalid user bwadmin from 172.30.185.21 port 58796
Apr 18 15:37:46 a952d0d9ca03 sshd[9560]: error: Could not get shadow information for NOUSER
Apr 18 15:37:46 a952d0d9ca03 sshd[9558]: Connection closed by invalid user wg 172.30.185.22 port 47486 [preauth]
Apr 18 15:37:46 a952d0d9ca03 sshd[9560]: Failed none for invalid user bwadmin from 172.30.185.21 port 58796 ssh2
Apr 18 15:37:46 a952d0d9ca03 sshd[9560]: Failed password for invalid user bwadmin from 172.30.185.21 port 58796 ssh2
Apr 18 15:37:46 a952d0d9ca03 sshd[9564]: Invalid user habiba from 172.30.185.20 port 58046
Apr 18 15:37:46 a952d0d9ca03 sshd[9564]: error: Could not get shadow information for NOUSER
Apr 18 15:37:46 a952d0d9ca03 sshd[9560]: Connection closed by invalid user bwadmin 172.30.185.21 port 58796 [preauth]
Apr 18 15:37:46 a952d0d9ca03 sshd[9564]: Failed none for invalid user habiba from 172.30.185.20 port 58046 ssh2
Apr 18 15:37:46 a952d0d9ca03 sshd[9562]: Invalid user jarservice from 172.30.185.24 port 42942
Apr 18 15:37:46 a952d0d9ca03 sshd[9562]: error: Could not get shadow information for NOUSER
Apr 18 15:37:46 a952d0d9ca03 sshd[9564]: Failed password for invalid user habiba from 172.30.185.20 port 58046 ssh2
Apr 18 15:37:46 a952d0d9ca03 sshd[9562]: Failed none for invalid user jarservice from 172.30.185.24 port 42942 ssh2
Apr 18 15:37:46 a952d0d9ca03 sshd[9564]: Connection closed by invalid user habiba 172.30.185.20 port 58046 [preauth]
Apr 18 15:37:46 a952d0d9ca03 sshd[9562]: Failed password for invalid user jarservice from 172.30.185.24 port 42942 ssh2
Apr 18 15:37:46 a952d0d9ca03 sshd[9562]: Connection closed by invalid user jarservice 172.30.185.24 port 42942 [preauth]
Apr 18 15:37:46 a952d0d9ca03 sshd[9566]: Invalid user vyos from 172.30.185.26 port 47466
Apr 18 15:37:46 a952d0d9ca03 sshd[9566]: error: Could not get shadow information for NOUSER
Apr 18 15:37:46 a952d0d9ca03 sshd[9566]: Failed none for invalid user vyos from 172.30.185.26 port 47466 ssh2
Apr 18 15:37:46 a952d0d9ca03 sshd[9566]: Failed password for invalid user vyos from 172.30.185.26 port 47466 ssh2
Apr 18 15:37:46 a952d0d9ca03 sshd[9566]: Connection closed by invalid user vyos 172.30.185.26 port 47466 [preauth]
Apr 18 15:37:46 a952d0d9ca03 sshd[9568]: Invalid user cdr from 172.30.185.25 port 38830
Apr 18 15:37:46 a952d0d9ca03 sshd[9568]: error: Could not get shadow information for NOUSER
Apr 18 15:37:46 a952d0d9ca03 sshd[9568]: Failed none for invalid user cdr from 172.30.185.25 port 38830 ssh2
Apr 18 15:37:46 a952d0d9ca03 sshd[9568]: Failed password for invalid user cdr from 172.30.185.25 port 38830 ssh2
Apr 18 15:37:46 a952d0d9ca03 sshd[9568]: Connection closed by invalid user cdr 172.30.185.25 port 38830 [preauth]
Apr 18 15:37:46 a952d0d9ca03 sshd[9570]: Invalid user wf from 172.30.185.23 port 47618
Apr 18 15:37:46 a952d0d9ca03 sshd[9570]: error: Could not get shadow information for NOUSER
Apr 18 15:37:46 a952d0d9ca03 sshd[9570]: Failed none for invalid user wf from 172.30.185.23 port 47618 ssh2
Apr 18 15:37:46 a952d0d9ca03 sshd[9572]: Invalid user wg from 172.30.185.22 port 48496
Apr 18 15:37:46 a952d0d9ca03 sshd[9572]: error: Could not get shadow information for NOUSER
Apr 18 15:37:46 a952d0d9ca03 sshd[9570]: Failed password for invalid user wf from 172.30.185.23 port 47618 ssh2
Apr 18 15:37:46 a952d0d9ca03 sshd[9572]: Failed none for invalid user wg from 172.30.185.22 port 48496 ssh2
Apr 18 15:37:46 a952d0d9ca03 sshd[9570]: Connection closed by invalid user wf 172.30.185.23 port 47618 [preauth]
Apr 18 15:37:46 a952d0d9ca03 sshd[9572]: Failed password for invalid user wg from 172.30.185.22 port 48496 ssh2
Apr 18 15:37:46 a952d0d9ca03 sshd[9572]: Connection closed by invalid user wg 172.30.185.22 port 48496 [preauth]
Apr 18 15:37:46 a952d0d9ca03 sshd[9576]: Invalid user jarservice from 172.30.185.24 port 37152
Apr 18 15:37:46 a952d0d9ca03 sshd[9576]: error: Could not get shadow information for NOUSER
Apr 18 15:37:46 a952d0d9ca03 sshd[9576]: Failed none for invalid user jarservice from 172.30.185.24 port 37152 ssh2
Apr 18 15:37:46 a952d0d9ca03 sshd[9576]: Failed password for invalid user jarservice from 172.30.185.24 port 37152 ssh2
Apr 18 15:37:46 a952d0d9ca03 sshd[9574]: Invalid user bwadmin from 172.30.185.21 port 57950
Apr 18 15:37:46 a952d0d9ca03 sshd[9574]: error: Could not get shadow information for NOUSER
Apr 18 15:37:46 a952d0d9ca03 sshd[9576]: Connection closed by invalid user jarservice 172.30.185.24 port 37152 [preauth]
Apr 18 15:37:46 a952d0d9ca03 sshd[9574]: Failed none for invalid user bwadmin from 172.30.185.21 port 57950 ssh2
Apr 18 15:37:46 a952d0d9ca03 sshd[9574]: Failed password for invalid user bwadmin from 172.30.185.21 port 57950 ssh2
Apr 18 15:37:46 a952d0d9ca03 sshd[9574]: Connection closed by invalid user bwadmin 172.30.185.21 port 57950 [preauth]
Apr 18 15:37:46 a952d0d9ca03 sshd[9578]: Invalid user vyos from 172.30.185.26 port 44464
Apr 18 15:37:46 a952d0d9ca03 sshd[9578]: error: Could not get shadow information for NOUSER
Apr 18 15:37:46 a952d0d9ca03 sshd[9578]: Failed none for invalid user vyos from 172.30.185.26 port 44464 ssh2
Apr 18 15:37:46 a952d0d9ca03 sshd[9578]: Failed password for invalid user vyos from 172.30.185.26 port 44464 ssh2
Apr 18 15:37:46 a952d0d9ca03 sshd[9578]: Connection closed by invalid user vyos 172.30.185.26 port 44464 [preauth]
Apr 18 15:37:46 a952d0d9ca03 sshd[9580]: Invalid user cdr from 172.30.185.25 port 38844
Apr 18 15:37:46 a952d0d9ca03 sshd[9580]: error: Could not get shadow information for NOUSER
Apr 18 15:37:46 a952d0d9ca03 sshd[9580]: Failed none for invalid user cdr from 172.30.185.25 port 38844 ssh2
Apr 18 15:37:46 a952d0d9ca03 sshd[9580]: Failed password for invalid user cdr from 172.30.185.25 port 38844 ssh2
Apr 18 15:37:46 a952d0d9ca03 sshd[9582]: Invalid user carmen from 172.30.185.3 port 34522
Apr 18 15:37:46 a952d0d9ca03 sshd[9582]: error: Could not get shadow information for NOUSER
Apr 18 15:37:46 a952d0d9ca03 sshd[9580]: Connection closed by invalid user cdr 172.30.185.25 port 38844 [preauth]
Apr 18 15:37:46 a952d0d9ca03 sshd[9582]: Failed none for invalid user carmen from 172.30.185.3 port 34522 ssh2
Apr 18 15:37:46 a952d0d9ca03 sshd[9582]: Failed password for invalid user carmen from 172.30.185.3 port 34522 ssh2
Apr 18 15:37:46 a952d0d9ca03 sshd[9582]: Connection closed by invalid user carmen 172.30.185.3 port 34522 [preauth]
Apr 18 15:37:47 a952d0d9ca03 sshd[9584]: Invalid user wf from 172.30.185.23 port 47626
Apr 18 15:37:47 a952d0d9ca03 sshd[9584]: error: Could not get shadow information for NOUSER
Apr 18 15:37:47 a952d0d9ca03 sshd[9586]: Invalid user wg from 172.30.185.22 port 48502
Apr 18 15:37:47 a952d0d9ca03 sshd[9586]: error: Could not get shadow information for NOUSER
Apr 18 15:37:47 a952d0d9ca03 sshd[9584]: Failed none for invalid user wf from 172.30.185.23 port 47626 ssh2
Apr 18 15:37:47 a952d0d9ca03 sshd[9586]: Failed none for invalid user wg from 172.30.185.22 port 48502 ssh2
Apr 18 15:37:47 a952d0d9ca03 sshd[9586]: Failed password for invalid user wg from 172.30.185.22 port 48502 ssh2
Apr 18 15:37:47 a952d0d9ca03 sshd[9588]: Invalid user jarservice from 172.30.185.24 port 37168
Apr 18 15:37:47 a952d0d9ca03 sshd[9584]: Failed password for invalid user wf from 172.30.185.23 port 47626 ssh2
Apr 18 15:37:47 a952d0d9ca03 sshd[9588]: error: Could not get shadow information for NOUSER
Apr 18 15:37:47 a952d0d9ca03 sshd[9586]: Connection closed by invalid user wg 172.30.185.22 port 48502 [preauth]
Apr 18 15:37:47 a952d0d9ca03 sshd[9584]: Connection closed by invalid user wf 172.30.185.23 port 47626 [preauth]
Apr 18 15:37:47 a952d0d9ca03 sshd[9588]: Failed none for invalid user jarservice from 172.30.185.24 port 37168 ssh2
Apr 18 15:37:47 a952d0d9ca03 sshd[9588]: Failed password for invalid user jarservice from 172.30.185.24 port 37168 ssh2
Apr 18 15:37:47 a952d0d9ca03 sshd[9588]: Connection closed by invalid user jarservice 172.30.185.24 port 37168 [preauth]
Apr 18 15:37:47 a952d0d9ca03 sshd[9592]: Invalid user vyos from 172.30.185.26 port 44470
Apr 18 15:37:47 a952d0d9ca03 sshd[9592]: error: Could not get shadow information for NOUSER
Apr 18 15:37:47 a952d0d9ca03 sshd[9592]: Failed none for invalid user vyos from 172.30.185.26 port 44470 ssh2
Apr 18 15:37:47 a952d0d9ca03 sshd[9590]: Invalid user bwadmin from 172.30.185.21 port 57952
Apr 18 15:37:47 a952d0d9ca03 sshd[9590]: error: Could not get shadow information for NOUSER
Apr 18 15:37:47 a952d0d9ca03 sshd[9592]: Failed password for invalid user vyos from 172.30.185.26 port 44470 ssh2
Apr 18 15:37:47 a952d0d9ca03 sshd[9590]: Failed none for invalid user bwadmin from 172.30.185.21 port 57952 ssh2
Apr 18 15:37:47 a952d0d9ca03 sshd[9592]: Connection closed by invalid user vyos 172.30.185.26 port 44470 [preauth]
Apr 18 15:37:47 a952d0d9ca03 sshd[9590]: Failed password for invalid user bwadmin from 172.30.185.21 port 57952 ssh2
Apr 18 15:37:47 a952d0d9ca03 sshd[9590]: Connection closed by invalid user bwadmin 172.30.185.21 port 57952 [preauth]
Apr 18 15:37:47 a952d0d9ca03 sshd[9594]: Invalid user cdr from 172.30.185.25 port 38852
Apr 18 15:37:47 a952d0d9ca03 sshd[9594]: error: Could not get shadow information for NOUSER
Apr 18 15:37:47 a952d0d9ca03 sshd[9594]: Failed none for invalid user cdr from 172.30.185.25 port 38852 ssh2
Apr 18 15:37:47 a952d0d9ca03 sshd[9594]: Failed password for invalid user cdr from 172.30.185.25 port 38852 ssh2
Apr 18 15:37:47 a952d0d9ca03 sshd[9596]: Invalid user chz from 172.30.185.3 port 34530
Apr 18 15:37:47 a952d0d9ca03 sshd[9596]: error: Could not get shadow information for NOUSER
Apr 18 15:37:47 a952d0d9ca03 sshd[9594]: Connection closed by invalid user cdr 172.30.185.25 port 38852 [preauth]
Apr 18 15:37:47 a952d0d9ca03 sshd[9596]: Failed none for invalid user chz from 172.30.185.3 port 34530 ssh2
Apr 18 15:37:47 a952d0d9ca03 sshd[9596]: Failed password for invalid user chz from 172.30.185.3 port 34530 ssh2
Apr 18 15:37:47 a952d0d9ca03 sshd[9596]: Connection closed by invalid user chz 172.30.185.3 port 34530 [preauth]
Apr 18 15:37:47 a952d0d9ca03 sshd[9602]: Invalid user jarservice from 172.30.185.24 port 37180
Apr 18 15:37:47 a952d0d9ca03 sshd[9602]: error: Could not get shadow information for NOUSER
Apr 18 15:37:47 a952d0d9ca03 sshd[9602]: Failed none for invalid user jarservice from 172.30.185.24 port 37180 ssh2
Apr 18 15:37:47 a952d0d9ca03 sshd[9602]: Failed password for invalid user jarservice from 172.30.185.24 port 37180 ssh2
Apr 18 15:37:47 a952d0d9ca03 sshd[9602]: Connection closed by invalid user jarservice 172.30.185.24 port 37180 [preauth]
Apr 18 15:37:47 a952d0d9ca03 sshd[9598]: Invalid user wf from 172.30.185.23 port 47630
Apr 18 15:37:47 a952d0d9ca03 sshd[9598]: error: Could not get shadow information for NOUSER
Apr 18 15:37:47 a952d0d9ca03 sshd[9598]: Failed none for invalid user wf from 172.30.185.23 port 47630 ssh2
Apr 18 15:37:47 a952d0d9ca03 sshd[9598]: Failed password for invalid user wf from 172.30.185.23 port 47630 ssh2
Apr 18 15:37:47 a952d0d9ca03 sshd[9598]: Connection closed by invalid user wf 172.30.185.23 port 47630 [preauth]
Apr 18 15:37:47 a952d0d9ca03 sshd[9599]: Invalid user wg from 172.30.185.22 port 48506
Apr 18 15:37:47 a952d0d9ca03 sshd[9599]: error: Could not get shadow information for NOUSER
Apr 18 15:37:47 a952d0d9ca03 sshd[9599]: Failed none for invalid user wg from 172.30.185.22 port 48506 ssh2
Apr 18 15:37:47 a952d0d9ca03 sshd[9599]: Failed password for invalid user wg from 172.30.185.22 port 48506 ssh2
Apr 18 15:37:47 a952d0d9ca03 sshd[9599]: Connection closed by invalid user wg 172.30.185.22 port 48506 [preauth]
Apr 18 15:37:47 a952d0d9ca03 sshd[9607]: User guest not allowed because account is locked
Apr 18 15:37:47 a952d0d9ca03 sshd[9607]: error: Could not get shadow information for NOUSER
Apr 18 15:37:47 a952d0d9ca03 sshd[9607]: Failed none for invalid user guest from 172.30.185.4 port 37704 ssh2
Apr 18 15:37:47 a952d0d9ca03 sshd[9607]: Failed password for invalid user guest from 172.30.185.4 port 37704 ssh2
Apr 18 15:37:47 a952d0d9ca03 sshd[9604]: Invalid user vyos from 172.30.185.26 port 44482
Apr 18 15:37:47 a952d0d9ca03 sshd[9604]: error: Could not get shadow information for NOUSER
Apr 18 15:37:47 a952d0d9ca03 sshd[9607]: Connection closed by invalid user guest 172.30.185.4 port 37704 [preauth]
Apr 18 15:37:47 a952d0d9ca03 sshd[9604]: Failed none for invalid user vyos from 172.30.185.26 port 44482 ssh2
Apr 18 15:37:47 a952d0d9ca03 sshd[9604]: Failed password for invalid user vyos from 172.30.185.26 port 44482 ssh2
Apr 18 15:37:47 a952d0d9ca03 sshd[9604]: Connection closed by invalid user vyos 172.30.185.26 port 44482 [preauth]
Apr 18 15:37:47 a952d0d9ca03 sshd[9606]: Invalid user bwadmin from 172.30.185.21 port 57960
Apr 18 15:37:47 a952d0d9ca03 sshd[9606]: error: Could not get shadow information for NOUSER
Apr 18 15:37:47 a952d0d9ca03 sshd[9606]: Failed none for invalid user bwadmin from 172.30.185.21 port 57960 ssh2
Apr 18 15:37:47 a952d0d9ca03 sshd[9612]: Invalid user chz from 172.30.185.3 port 34540
Apr 18 15:37:47 a952d0d9ca03 sshd[9612]: error: Could not get shadow information for NOUSER
Apr 18 15:37:47 a952d0d9ca03 sshd[9606]: Failed password for invalid user bwadmin from 172.30.185.21 port 57960 ssh2
Apr 18 15:37:47 a952d0d9ca03 sshd[9612]: Failed none for invalid user chz from 172.30.185.3 port 34540 ssh2
Apr 18 15:37:47 a952d0d9ca03 sshd[9606]: Connection closed by invalid user bwadmin 172.30.185.21 port 57960 [preauth]
Apr 18 15:37:47 a952d0d9ca03 sshd[9612]: Failed password for invalid user chz from 172.30.185.3 port 34540 ssh2
Apr 18 15:37:47 a952d0d9ca03 sshd[9612]: Connection closed by invalid user chz 172.30.185.3 port 34540 [preauth]
Apr 18 15:37:47 a952d0d9ca03 sshd[9610]: Invalid user cdr from 172.30.185.25 port 38868
Apr 18 15:37:47 a952d0d9ca03 sshd[9610]: error: Could not get shadow information for NOUSER
Apr 18 15:37:47 a952d0d9ca03 sshd[9610]: Failed none for invalid user cdr from 172.30.185.25 port 38868 ssh2
Apr 18 15:37:47 a952d0d9ca03 sshd[9610]: Failed password for invalid user cdr from 172.30.185.25 port 38868 ssh2
Apr 18 15:37:47 a952d0d9ca03 sshd[9610]: Connection closed by invalid user cdr 172.30.185.25 port 38868 [preauth]
Apr 18 15:37:47 a952d0d9ca03 sshd[9614]: Invalid user jarservice from 172.30.185.24 port 37190
Apr 18 15:37:47 a952d0d9ca03 sshd[9614]: error: Could not get shadow information for NOUSER
Apr 18 15:37:47 a952d0d9ca03 sshd[9614]: Failed none for invalid user jarservice from 172.30.185.24 port 37190 ssh2
Apr 18 15:37:47 a952d0d9ca03 sshd[9616]: Invalid user wf from 172.30.185.23 port 47640
Apr 18 15:37:47 a952d0d9ca03 sshd[9616]: error: Could not get shadow information for NOUSER
Apr 18 15:37:47 a952d0d9ca03 sshd[9614]: Failed password for invalid user jarservice from 172.30.185.24 port 37190 ssh2
Apr 18 15:37:47 a952d0d9ca03 sshd[9616]: Failed none for invalid user wf from 172.30.185.23 port 47640 ssh2
Apr 18 15:37:47 a952d0d9ca03 sshd[9614]: Connection closed by invalid user jarservice 172.30.185.24 port 37190 [preauth]
Apr 18 15:37:47 a952d0d9ca03 sshd[9616]: Failed password for invalid user wf from 172.30.185.23 port 47640 ssh2
Apr 18 15:37:47 a952d0d9ca03 sshd[9616]: Connection closed by invalid user wf 172.30.185.23 port 47640 [preauth]
Apr 18 15:37:47 a952d0d9ca03 sshd[9618]: Invalid user wg from 172.30.185.22 port 48520
Apr 18 15:37:47 a952d0d9ca03 sshd[9618]: error: Could not get shadow information for NOUSER
Apr 18 15:37:47 a952d0d9ca03 sshd[9618]: Failed none for invalid user wg from 172.30.185.22 port 48520 ssh2
Apr 18 15:37:47 a952d0d9ca03 sshd[9620]: Invalid user gitlab-runner from 172.30.185.4 port 37708
Apr 18 15:37:47 a952d0d9ca03 sshd[9620]: error: Could not get shadow information for NOUSER
Apr 18 15:37:47 a952d0d9ca03 sshd[9620]: Failed none for invalid user gitlab-runner from 172.30.185.4 port 37708 ssh2
Apr 18 15:37:47 a952d0d9ca03 sshd[9618]: Failed password for invalid user wg from 172.30.185.22 port 48520 ssh2
Apr 18 15:37:47 a952d0d9ca03 sshd[9618]: Connection closed by invalid user wg 172.30.185.22 port 48520 [preauth]
Apr 18 15:37:47 a952d0d9ca03 sshd[9620]: Failed password for invalid user gitlab-runner from 172.30.185.4 port 37708 ssh2
Apr 18 15:37:47 a952d0d9ca03 sshd[9620]: Connection closed by invalid user gitlab-runner 172.30.185.4 port 37708 [preauth]
Apr 18 15:37:47 a952d0d9ca03 sshd[9626]: Invalid user chz from 172.30.185.3 port 34554
Apr 18 15:37:47 a952d0d9ca03 sshd[9626]: error: Could not get shadow information for NOUSER
Apr 18 15:37:47 a952d0d9ca03 sshd[9626]: Failed none for invalid user chz from 172.30.185.3 port 34554 ssh2
Apr 18 15:37:47 a952d0d9ca03 sshd[9622]: Invalid user vyos from 172.30.185.26 port 44496
Apr 18 15:37:47 a952d0d9ca03 sshd[9622]: error: Could not get shadow information for NOUSER
Apr 18 15:37:47 a952d0d9ca03 sshd[9626]: Failed password for invalid user chz from 172.30.185.3 port 34554 ssh2
Apr 18 15:37:47 a952d0d9ca03 sshd[9622]: Failed none for invalid user vyos from 172.30.185.26 port 44496 ssh2
Apr 18 15:37:47 a952d0d9ca03 sshd[9626]: Connection closed by invalid user chz 172.30.185.3 port 34554 [preauth]
Apr 18 15:37:47 a952d0d9ca03 sshd[9628]: Invalid user cdr from 172.30.185.25 port 38878
Apr 18 15:37:47 a952d0d9ca03 sshd[9628]: error: Could not get shadow information for NOUSER
Apr 18 15:37:47 a952d0d9ca03 sshd[9622]: Failed password for invalid user vyos from 172.30.185.26 port 44496 ssh2
Apr 18 15:37:47 a952d0d9ca03 sshd[9628]: Failed none for invalid user cdr from 172.30.185.25 port 38878 ssh2
Apr 18 15:37:47 a952d0d9ca03 sshd[9622]: Connection closed by invalid user vyos 172.30.185.26 port 44496 [preauth]
Apr 18 15:37:47 a952d0d9ca03 sshd[9624]: Invalid user bwadmin from 172.30.185.21 port 57968
Apr 18 15:37:47 a952d0d9ca03 sshd[9624]: error: Could not get shadow information for NOUSER
Apr 18 15:37:47 a952d0d9ca03 sshd[9628]: Failed password for invalid user cdr from 172.30.185.25 port 38878 ssh2
Apr 18 15:37:47 a952d0d9ca03 sshd[9624]: Failed none for invalid user bwadmin from 172.30.185.21 port 57968 ssh2
Apr 18 15:37:47 a952d0d9ca03 sshd[9628]: Connection closed by invalid user cdr 172.30.185.25 port 38878 [preauth]
Apr 18 15:37:47 a952d0d9ca03 sshd[9624]: Failed password for invalid user bwadmin from 172.30.185.21 port 57968 ssh2
Apr 18 15:37:47 a952d0d9ca03 sshd[9624]: Connection closed by invalid user bwadmin 172.30.185.21 port 57968 [preauth]
Apr 18 15:37:47 a952d0d9ca03 sshd[9632]: Invalid user wf from 172.30.185.23 port 47642
Apr 18 15:37:47 a952d0d9ca03 sshd[9632]: error: Could not get shadow information for NOUSER
Apr 18 15:37:47 a952d0d9ca03 sshd[9632]: Failed none for invalid user wf from 172.30.185.23 port 47642 ssh2
Apr 18 15:37:47 a952d0d9ca03 sshd[9630]: Invalid user jarservice from 172.30.185.24 port 37200
Apr 18 15:37:47 a952d0d9ca03 sshd[9630]: error: Could not get shadow information for NOUSER
Apr 18 15:37:47 a952d0d9ca03 sshd[9630]: Failed none for invalid user jarservice from 172.30.185.24 port 37200 ssh2
Apr 18 15:37:47 a952d0d9ca03 sshd[9632]: Failed password for invalid user wf from 172.30.185.23 port 47642 ssh2
Apr 18 15:37:47 a952d0d9ca03 sshd[9632]: Connection closed by invalid user wf 172.30.185.23 port 47642 [preauth]
Apr 18 15:37:47 a952d0d9ca03 sshd[9630]: Failed password for invalid user jarservice from 172.30.185.24 port 37200 ssh2
Apr 18 15:37:47 a952d0d9ca03 sshd[9630]: Connection closed by invalid user jarservice 172.30.185.24 port 37200 [preauth]
Apr 18 15:37:47 a952d0d9ca03 sshd[9636]: Invalid user gitlab-runner from 172.30.185.4 port 37722
Apr 18 15:37:47 a952d0d9ca03 sshd[9636]: error: Could not get shadow information for NOUSER
Apr 18 15:37:47 a952d0d9ca03 sshd[9636]: Failed none for invalid user gitlab-runner from 172.30.185.4 port 37722 ssh2
Apr 18 15:37:47 a952d0d9ca03 sshd[9636]: Failed password for invalid user gitlab-runner from 172.30.185.4 port 37722 ssh2
Apr 18 15:37:47 a952d0d9ca03 sshd[9636]: Connection closed by invalid user gitlab-runner 172.30.185.4 port 37722 [preauth]
Apr 18 15:37:47 a952d0d9ca03 sshd[9634]: Invalid user wg from 172.30.185.22 port 48530
Apr 18 15:37:47 a952d0d9ca03 sshd[9634]: error: Could not get shadow information for NOUSER
Apr 18 15:37:47 a952d0d9ca03 sshd[9634]: Failed none for invalid user wg from 172.30.185.22 port 48530 ssh2
Apr 18 15:37:47 a952d0d9ca03 sshd[9634]: Failed password for invalid user wg from 172.30.185.22 port 48530 ssh2
Apr 18 15:37:47 a952d0d9ca03 sshd[9634]: Connection closed by invalid user wg 172.30.185.22 port 48530 [preauth]
Apr 18 15:37:47 a952d0d9ca03 sshd[9638]: Invalid user chz from 172.30.185.3 port 34560
Apr 18 15:37:47 a952d0d9ca03 sshd[9638]: error: Could not get shadow information for NOUSER
Apr 18 15:37:47 a952d0d9ca03 sshd[9642]: Invalid user cdr from 172.30.185.25 port 38892
Apr 18 15:37:47 a952d0d9ca03 sshd[9638]: Failed none for invalid user chz from 172.30.185.3 port 34560 ssh2
Apr 18 15:37:47 a952d0d9ca03 sshd[9642]: error: Could not get shadow information for NOUSER
Apr 18 15:37:47 a952d0d9ca03 sshd[9642]: Failed none for invalid user cdr from 172.30.185.25 port 38892 ssh2
Apr 18 15:37:47 a952d0d9ca03 sshd[9638]: Failed password for invalid user chz from 172.30.185.3 port 34560 ssh2
Apr 18 15:37:47 a952d0d9ca03 sshd[9642]: Failed password for invalid user cdr from 172.30.185.25 port 38892 ssh2
Apr 18 15:37:47 a952d0d9ca03 sshd[9638]: Connection closed by invalid user chz 172.30.185.3 port 34560 [preauth]
Apr 18 15:37:47 a952d0d9ca03 sshd[9642]: Connection closed by invalid user cdr 172.30.185.25 port 38892 [preauth]
Apr 18 15:37:47 a952d0d9ca03 sshd[9640]: Invalid user vyos from 172.30.185.26 port 44508
Apr 18 15:37:47 a952d0d9ca03 sshd[9640]: error: Could not get shadow information for NOUSER
Apr 18 15:37:48 a952d0d9ca03 sshd[9640]: Failed none for invalid user vyos from 172.30.185.26 port 44508 ssh2
Apr 18 15:37:48 a952d0d9ca03 sshd[9640]: Failed password for invalid user vyos from 172.30.185.26 port 44508 ssh2
Apr 18 15:37:48 a952d0d9ca03 sshd[9640]: Connection closed by invalid user vyos 172.30.185.26 port 44508 [preauth]
Apr 18 15:37:48 a952d0d9ca03 sshd[9646]: Invalid user jarservice from 172.30.185.24 port 37206
Apr 18 15:37:48 a952d0d9ca03 sshd[9646]: error: Could not get shadow information for NOUSER
Apr 18 15:37:48 a952d0d9ca03 sshd[9646]: Failed none for invalid user jarservice from 172.30.185.24 port 37206 ssh2
Apr 18 15:37:48 a952d0d9ca03 sshd[9646]: Failed password for invalid user jarservice from 172.30.185.24 port 37206 ssh2
Apr 18 15:37:48 a952d0d9ca03 sshd[9646]: Connection closed by invalid user jarservice 172.30.185.24 port 37206 [preauth]
Apr 18 15:37:48 a952d0d9ca03 sshd[9644]: Invalid user wf from 172.30.185.23 port 47658
Apr 18 15:37:48 a952d0d9ca03 sshd[9644]: error: Could not get shadow information for NOUSER
Apr 18 15:37:48 a952d0d9ca03 sshd[9644]: Failed none for invalid user wf from 172.30.185.23 port 47658 ssh2
Apr 18 15:37:48 a952d0d9ca03 sshd[9644]: Failed password for invalid user wf from 172.30.185.23 port 47658 ssh2
Apr 18 15:37:48 a952d0d9ca03 sshd[9644]: Connection closed by invalid user wf 172.30.185.23 port 47658 [preauth]
Apr 18 15:37:48 a952d0d9ca03 sshd[9648]: Invalid user gitlab-runner from 172.30.185.4 port 37728
Apr 18 15:37:48 a952d0d9ca03 sshd[9648]: error: Could not get shadow information for NOUSER
Apr 18 15:37:48 a952d0d9ca03 sshd[9648]: Failed none for invalid user gitlab-runner from 172.30.185.4 port 37728 ssh2
Apr 18 15:37:48 a952d0d9ca03 sshd[9648]: Failed password for invalid user gitlab-runner from 172.30.185.4 port 37728 ssh2
Apr 18 15:37:48 a952d0d9ca03 sshd[9648]: Connection closed by invalid user gitlab-runner 172.30.185.4 port 37728 [preauth]
Apr 18 15:37:48 a952d0d9ca03 sshd[9650]: Invalid user wg from 172.30.185.22 port 48546
Apr 18 15:37:48 a952d0d9ca03 sshd[9650]: error: Could not get shadow information for NOUSER
Apr 18 15:37:48 a952d0d9ca03 sshd[9650]: Failed none for invalid user wg from 172.30.185.22 port 48546 ssh2
Apr 18 15:37:48 a952d0d9ca03 sshd[9650]: Failed password for invalid user wg from 172.30.185.22 port 48546 ssh2
Apr 18 15:37:48 a952d0d9ca03 sshd[9650]: Connection closed by invalid user wg 172.30.185.22 port 48546 [preauth]
Apr 18 15:37:48 a952d0d9ca03 sshd[9656]: Invalid user vyos from 172.30.185.26 port 44524
Apr 18 15:37:48 a952d0d9ca03 sshd[9656]: error: Could not get shadow information for NOUSER
Apr 18 15:37:48 a952d0d9ca03 sshd[9656]: Failed none for invalid user vyos from 172.30.185.26 port 44524 ssh2
Apr 18 15:37:48 a952d0d9ca03 sshd[9656]: Failed password for invalid user vyos from 172.30.185.26 port 44524 ssh2
Apr 18 15:37:48 a952d0d9ca03 sshd[9656]: Connection closed by invalid user vyos 172.30.185.26 port 44524 [preauth]
Apr 18 15:37:48 a952d0d9ca03 sshd[9652]: Invalid user chz from 172.30.185.3 port 34570
Apr 18 15:37:48 a952d0d9ca03 sshd[9652]: error: Could not get shadow information for NOUSER
Apr 18 15:37:48 a952d0d9ca03 sshd[9652]: Failed none for invalid user chz from 172.30.185.3 port 34570 ssh2
Apr 18 15:37:48 a952d0d9ca03 sshd[9653]: Invalid user cdr from 172.30.185.25 port 38906
Apr 18 15:37:48 a952d0d9ca03 sshd[9653]: error: Could not get shadow information for NOUSER
Apr 18 15:37:48 a952d0d9ca03 sshd[9653]: Failed none for invalid user cdr from 172.30.185.25 port 38906 ssh2
Apr 18 15:37:48 a952d0d9ca03 sshd[9652]: Failed password for invalid user chz from 172.30.185.3 port 34570 ssh2
Apr 18 15:37:48 a952d0d9ca03 sshd[9652]: Connection closed by invalid user chz 172.30.185.3 port 34570 [preauth]
Apr 18 15:37:48 a952d0d9ca03 sshd[9653]: Failed password for invalid user cdr from 172.30.185.25 port 38906 ssh2
Apr 18 15:37:48 a952d0d9ca03 sshd[9653]: Connection closed by invalid user cdr 172.30.185.25 port 38906 [preauth]
Apr 18 15:37:48 a952d0d9ca03 sshd[9658]: Invalid user jarservice from 172.30.185.24 port 37220
Apr 18 15:37:48 a952d0d9ca03 sshd[9658]: error: Could not get shadow information for NOUSER
Apr 18 15:37:48 a952d0d9ca03 sshd[9658]: Failed none for invalid user jarservice from 172.30.185.24 port 37220 ssh2
Apr 18 15:37:48 a952d0d9ca03 sshd[9658]: Failed password for invalid user jarservice from 172.30.185.24 port 37220 ssh2
Apr 18 15:37:48 a952d0d9ca03 sshd[9658]: Connection closed by invalid user jarservice 172.30.185.24 port 37220 [preauth]
Apr 18 15:37:48 a952d0d9ca03 sshd[9660]: Invalid user gitlab-runner from 172.30.185.4 port 37738
Apr 18 15:37:48 a952d0d9ca03 sshd[9660]: error: Could not get shadow information for NOUSER
Apr 18 15:37:48 a952d0d9ca03 sshd[9660]: Failed none for invalid user gitlab-runner from 172.30.185.4 port 37738 ssh2
Apr 18 15:37:48 a952d0d9ca03 sshd[9660]: Failed password for invalid user gitlab-runner from 172.30.185.4 port 37738 ssh2
Apr 18 15:37:48 a952d0d9ca03 sshd[9660]: Connection closed by invalid user gitlab-runner 172.30.185.4 port 37738 [preauth]
Apr 18 15:37:48 a952d0d9ca03 sshd[9663]: Invalid user coder from 172.30.185.5 port 52392
Apr 18 15:37:48 a952d0d9ca03 sshd[9663]: error: Could not get shadow information for NOUSER
Apr 18 15:37:48 a952d0d9ca03 sshd[9663]: Failed none for invalid user coder from 172.30.185.5 port 52392 ssh2
Apr 18 15:37:48 a952d0d9ca03 sshd[9663]: Failed password for invalid user coder from 172.30.185.5 port 52392 ssh2
Apr 18 15:37:48 a952d0d9ca03 sshd[9663]: Connection closed by invalid user coder 172.30.185.5 port 52392 [preauth]
Apr 18 15:37:48 a952d0d9ca03 sshd[9662]: Invalid user vyos from 172.30.185.26 port 44528
Apr 18 15:37:48 a952d0d9ca03 sshd[9662]: error: Could not get shadow information for NOUSER
Apr 18 15:37:48 a952d0d9ca03 sshd[9662]: Failed none for invalid user vyos from 172.30.185.26 port 44528 ssh2
Apr 18 15:37:48 a952d0d9ca03 sshd[9668]: Invalid user cdr from 172.30.185.25 port 38912
Apr 18 15:37:48 a952d0d9ca03 sshd[9668]: error: Could not get shadow information for NOUSER
Apr 18 15:37:48 a952d0d9ca03 sshd[9668]: Failed none for invalid user cdr from 172.30.185.25 port 38912 ssh2
Apr 18 15:37:48 a952d0d9ca03 sshd[9662]: Failed password for invalid user vyos from 172.30.185.26 port 44528 ssh2
Apr 18 15:37:48 a952d0d9ca03 sshd[9662]: Connection closed by invalid user vyos 172.30.185.26 port 44528 [preauth]
Apr 18 15:37:48 a952d0d9ca03 sshd[9668]: Failed password for invalid user cdr from 172.30.185.25 port 38912 ssh2
Apr 18 15:37:48 a952d0d9ca03 sshd[9668]: Connection closed by invalid user cdr 172.30.185.25 port 38912 [preauth]
Apr 18 15:37:48 a952d0d9ca03 sshd[9670]: Invalid user jarservice from 172.30.185.24 port 37224
Apr 18 15:37:48 a952d0d9ca03 sshd[9670]: error: Could not get shadow information for NOUSER
Apr 18 15:37:48 a952d0d9ca03 sshd[9666]: Invalid user chz from 172.30.185.3 port 34586
Apr 18 15:37:48 a952d0d9ca03 sshd[9666]: error: Could not get shadow information for NOUSER
Apr 18 15:37:48 a952d0d9ca03 sshd[9670]: Failed none for invalid user jarservice from 172.30.185.24 port 37224 ssh2
Apr 18 15:37:48 a952d0d9ca03 sshd[9666]: Failed none for invalid user chz from 172.30.185.3 port 34586 ssh2
Apr 18 15:37:48 a952d0d9ca03 sshd[9670]: Failed password for invalid user jarservice from 172.30.185.24 port 37224 ssh2
Apr 18 15:37:48 a952d0d9ca03 sshd[9666]: Failed password for invalid user chz from 172.30.185.3 port 34586 ssh2
Apr 18 15:37:48 a952d0d9ca03 sshd[9670]: Connection closed by invalid user jarservice 172.30.185.24 port 37224 [preauth]
Apr 18 15:37:48 a952d0d9ca03 sshd[9666]: Connection closed by invalid user chz 172.30.185.3 port 34586 [preauth]
Apr 18 15:37:48 a952d0d9ca03 sshd[9672]: Invalid user gitlab-runner from 172.30.185.4 port 37750
Apr 18 15:37:48 a952d0d9ca03 sshd[9672]: error: Could not get shadow information for NOUSER
Apr 18 15:37:48 a952d0d9ca03 sshd[9672]: Failed none for invalid user gitlab-runner from 172.30.185.4 port 37750 ssh2
Apr 18 15:37:48 a952d0d9ca03 sshd[9672]: Failed password for invalid user gitlab-runner from 172.30.185.4 port 37750 ssh2
Apr 18 15:37:48 a952d0d9ca03 sshd[9672]: Connection closed by invalid user gitlab-runner 172.30.185.4 port 37750 [preauth]
Apr 18 15:37:48 a952d0d9ca03 sshd[9674]: Invalid user jason from 172.30.185.5 port 52394
Apr 18 15:37:48 a952d0d9ca03 sshd[9674]: error: Could not get shadow information for NOUSER
Apr 18 15:37:48 a952d0d9ca03 sshd[9674]: Failed none for invalid user jason from 172.30.185.5 port 52394 ssh2
Apr 18 15:37:48 a952d0d9ca03 sshd[9674]: Failed password for invalid user jason from 172.30.185.5 port 52394 ssh2
Apr 18 15:37:48 a952d0d9ca03 sshd[9674]: Connection closed by invalid user jason 172.30.185.5 port 52394 [preauth]
Apr 18 15:37:48 a952d0d9ca03 sshd[9676]: Invalid user chz from 172.30.185.3 port 34594
Apr 18 15:37:48 a952d0d9ca03 sshd[9676]: error: Could not get shadow information for NOUSER
Apr 18 15:37:48 a952d0d9ca03 sshd[9676]: Failed none for invalid user chz from 172.30.185.3 port 34594 ssh2
Apr 18 15:37:48 a952d0d9ca03 sshd[9676]: Failed password for invalid user chz from 172.30.185.3 port 34594 ssh2
Apr 18 15:37:48 a952d0d9ca03 sshd[9676]: Connection closed by invalid user chz 172.30.185.3 port 34594 [preauth]
Apr 18 15:37:48 a952d0d9ca03 sshd[9678]: Invalid user gitlab-runner from 172.30.185.4 port 37756
Apr 18 15:37:48 a952d0d9ca03 sshd[9678]: error: Could not get shadow information for NOUSER
Apr 18 15:37:48 a952d0d9ca03 sshd[9678]: Failed none for invalid user gitlab-runner from 172.30.185.4 port 37756 ssh2
Apr 18 15:37:48 a952d0d9ca03 sshd[9678]: Failed password for invalid user gitlab-runner from 172.30.185.4 port 37756 ssh2
Apr 18 15:37:48 a952d0d9ca03 sshd[9678]: Connection closed by invalid user gitlab-runner 172.30.185.4 port 37756 [preauth]
Apr 18 15:37:48 a952d0d9ca03 sshd[9680]: Invalid user jason from 172.30.185.5 port 52400
Apr 18 15:37:48 a952d0d9ca03 sshd[9680]: error: Could not get shadow information for NOUSER
Apr 18 15:37:48 a952d0d9ca03 sshd[9680]: Failed none for invalid user jason from 172.30.185.5 port 52400 ssh2
Apr 18 15:37:48 a952d0d9ca03 sshd[9680]: Failed password for invalid user jason from 172.30.185.5 port 52400 ssh2
Apr 18 15:37:48 a952d0d9ca03 sshd[9680]: Connection closed by invalid user jason 172.30.185.5 port 52400 [preauth]
Apr 18 15:37:48 a952d0d9ca03 sshd[9682]: Invalid user chz from 172.30.185.3 port 34602
Apr 18 15:37:48 a952d0d9ca03 sshd[9682]: error: Could not get shadow information for NOUSER
Apr 18 15:37:48 a952d0d9ca03 sshd[9682]: Failed none for invalid user chz from 172.30.185.3 port 34602 ssh2
Apr 18 15:37:48 a952d0d9ca03 sshd[9682]: Failed password for invalid user chz from 172.30.185.3 port 34602 ssh2
Apr 18 15:37:48 a952d0d9ca03 sshd[9682]: Connection closed by invalid user chz 172.30.185.3 port 34602 [preauth]
Apr 18 15:37:49 a952d0d9ca03 sshd[9684]: Invalid user gitlab-runner from 172.30.185.4 port 37764
Apr 18 15:37:49 a952d0d9ca03 sshd[9684]: error: Could not get shadow information for NOUSER
Apr 18 15:37:49 a952d0d9ca03 sshd[9684]: Failed none for invalid user gitlab-runner from 172.30.185.4 port 37764 ssh2
Apr 18 15:37:49 a952d0d9ca03 sshd[9684]: Failed password for invalid user gitlab-runner from 172.30.185.4 port 37764 ssh2
Apr 18 15:37:49 a952d0d9ca03 sshd[9684]: Connection closed by invalid user gitlab-runner 172.30.185.4 port 37764 [preauth]
Apr 18 15:37:49 a952d0d9ca03 sshd[9686]: Invalid user jason from 172.30.185.5 port 52402
Apr 18 15:37:49 a952d0d9ca03 sshd[9686]: error: Could not get shadow information for NOUSER
Apr 18 15:37:49 a952d0d9ca03 sshd[9686]: Failed none for invalid user jason from 172.30.185.5 port 52402 ssh2
Apr 18 15:37:49 a952d0d9ca03 sshd[9686]: Failed password for invalid user jason from 172.30.185.5 port 52402 ssh2
Apr 18 15:37:49 a952d0d9ca03 sshd[9686]: Connection closed by invalid user jason 172.30.185.5 port 52402 [preauth]
Apr 18 15:37:49 a952d0d9ca03 sshd[9688]: Invalid user chz from 172.30.185.3 port 34614
Apr 18 15:37:49 a952d0d9ca03 sshd[9688]: error: Could not get shadow information for NOUSER
Apr 18 15:37:49 a952d0d9ca03 sshd[9688]: Failed none for invalid user chz from 172.30.185.3 port 34614 ssh2
Apr 18 15:37:49 a952d0d9ca03 sshd[9688]: Failed password for invalid user chz from 172.30.185.3 port 34614 ssh2
Apr 18 15:37:49 a952d0d9ca03 sshd[9688]: Connection closed by invalid user chz 172.30.185.3 port 34614 [preauth]
Apr 18 15:37:49 a952d0d9ca03 sshd[9690]: Invalid user gitlab-runner from 172.30.185.4 port 37768
Apr 18 15:37:49 a952d0d9ca03 sshd[9690]: error: Could not get shadow information for NOUSER
Apr 18 15:37:49 a952d0d9ca03 sshd[9690]: Failed none for invalid user gitlab-runner from 172.30.185.4 port 37768 ssh2
Apr 18 15:37:49 a952d0d9ca03 sshd[9692]: Invalid user jason from 172.30.185.5 port 52416
Apr 18 15:37:49 a952d0d9ca03 sshd[9692]: error: Could not get shadow information for NOUSER
Apr 18 15:37:49 a952d0d9ca03 sshd[9690]: Failed password for invalid user gitlab-runner from 172.30.185.4 port 37768 ssh2
Apr 18 15:37:49 a952d0d9ca03 sshd[9692]: Failed none for invalid user jason from 172.30.185.5 port 52416 ssh2
Apr 18 15:37:49 a952d0d9ca03 sshd[9690]: Connection closed by invalid user gitlab-runner 172.30.185.4 port 37768 [preauth]
Apr 18 15:37:49 a952d0d9ca03 sshd[9692]: Failed password for invalid user jason from 172.30.185.5 port 52416 ssh2
Apr 18 15:37:49 a952d0d9ca03 sshd[9692]: Connection closed by invalid user jason 172.30.185.5 port 52416 [preauth]
Apr 18 15:37:49 a952d0d9ca03 sshd[9694]: Invalid user solomon from 172.30.185.6 port 49092
Apr 18 15:37:49 a952d0d9ca03 sshd[9694]: error: Could not get shadow information for NOUSER
Apr 18 15:37:49 a952d0d9ca03 sshd[9694]: Failed none for invalid user solomon from 172.30.185.6 port 49092 ssh2
Apr 18 15:37:49 a952d0d9ca03 sshd[9694]: Failed password for invalid user solomon from 172.30.185.6 port 49092 ssh2
Apr 18 15:37:49 a952d0d9ca03 sshd[9694]: Connection closed by invalid user solomon 172.30.185.6 port 49092 [preauth]
Apr 18 15:37:49 a952d0d9ca03 sshd[9698]: Invalid user jason from 172.30.185.5 port 52420
Apr 18 15:37:49 a952d0d9ca03 sshd[9698]: error: Could not get shadow information for NOUSER
Apr 18 15:37:49 a952d0d9ca03 sshd[9698]: Failed none for invalid user jason from 172.30.185.5 port 52420 ssh2
Apr 18 15:37:49 a952d0d9ca03 sshd[9698]: Failed password for invalid user jason from 172.30.185.5 port 52420 ssh2
Apr 18 15:37:49 a952d0d9ca03 sshd[9698]: Connection closed by invalid user jason 172.30.185.5 port 52420 [preauth]
Apr 18 15:37:49 a952d0d9ca03 sshd[9696]: Invalid user gitlab-runner from 172.30.185.4 port 37784
Apr 18 15:37:49 a952d0d9ca03 sshd[9696]: error: Could not get shadow information for NOUSER
Apr 18 15:37:49 a952d0d9ca03 sshd[9696]: Failed none for invalid user gitlab-runner from 172.30.185.4 port 37784 ssh2
Apr 18 15:37:49 a952d0d9ca03 sshd[9696]: Failed password for invalid user gitlab-runner from 172.30.185.4 port 37784 ssh2
Apr 18 15:37:49 a952d0d9ca03 sshd[9696]: Connection closed by invalid user gitlab-runner 172.30.185.4 port 37784 [preauth]
Apr 18 15:37:49 a952d0d9ca03 sshd[9700]: Invalid user lab from 172.30.185.6 port 49102
Apr 18 15:37:49 a952d0d9ca03 sshd[9700]: error: Could not get shadow information for NOUSER
Apr 18 15:37:49 a952d0d9ca03 sshd[9700]: Failed none for invalid user lab from 172.30.185.6 port 49102 ssh2
Apr 18 15:37:49 a952d0d9ca03 sshd[9702]: Invalid user jason from 172.30.185.5 port 52428
Apr 18 15:37:49 a952d0d9ca03 sshd[9702]: error: Could not get shadow information for NOUSER
Apr 18 15:37:49 a952d0d9ca03 sshd[9702]: Failed none for invalid user jason from 172.30.185.5 port 52428 ssh2
Apr 18 15:37:49 a952d0d9ca03 sshd[9700]: Failed password for invalid user lab from 172.30.185.6 port 49102 ssh2
Apr 18 15:37:49 a952d0d9ca03 sshd[9700]: Connection closed by invalid user lab 172.30.185.6 port 49102 [preauth]
Apr 18 15:37:49 a952d0d9ca03 sshd[9702]: Failed password for invalid user jason from 172.30.185.5 port 52428 ssh2
Apr 18 15:37:49 a952d0d9ca03 sshd[9702]: Connection closed by invalid user jason 172.30.185.5 port 52428 [preauth]
Apr 18 15:37:49 a952d0d9ca03 sshd[9704]: Invalid user lab from 172.30.185.6 port 49110
Apr 18 15:37:49 a952d0d9ca03 sshd[9704]: error: Could not get shadow information for NOUSER
Apr 18 15:37:49 a952d0d9ca03 sshd[9705]: Invalid user jason from 172.30.185.5 port 52434
Apr 18 15:37:49 a952d0d9ca03 sshd[9705]: error: Could not get shadow information for NOUSER
Apr 18 15:37:49 a952d0d9ca03 sshd[9704]: Failed none for invalid user lab from 172.30.185.6 port 49110 ssh2
Apr 18 15:37:49 a952d0d9ca03 sshd[9705]: Failed none for invalid user jason from 172.30.185.5 port 52434 ssh2
Apr 18 15:37:49 a952d0d9ca03 sshd[9704]: Failed password for invalid user lab from 172.30.185.6 port 49110 ssh2
Apr 18 15:37:49 a952d0d9ca03 sshd[9704]: Connection closed by invalid user lab 172.30.185.6 port 49110 [preauth]
Apr 18 15:37:49 a952d0d9ca03 sshd[9705]: Failed password for invalid user jason from 172.30.185.5 port 52434 ssh2
Apr 18 15:37:49 a952d0d9ca03 sshd[9705]: Connection closed by invalid user jason 172.30.185.5 port 52434 [preauth]
Apr 18 15:37:50 a952d0d9ca03 sshd[9710]: Invalid user anwar from 172.30.185.7 port 54862
Apr 18 15:37:50 a952d0d9ca03 sshd[9710]: error: Could not get shadow information for NOUSER
Apr 18 15:37:50 a952d0d9ca03 sshd[9710]: Failed none for invalid user anwar from 172.30.185.7 port 54862 ssh2
Apr 18 15:37:50 a952d0d9ca03 sshd[9709]: Invalid user jason from 172.30.185.5 port 52450
Apr 18 15:37:50 a952d0d9ca03 sshd[9709]: error: Could not get shadow information for NOUSER
Apr 18 15:37:50 a952d0d9ca03 sshd[9709]: Failed none for invalid user jason from 172.30.185.5 port 52450 ssh2
Apr 18 15:37:50 a952d0d9ca03 sshd[9710]: Failed password for invalid user anwar from 172.30.185.7 port 54862 ssh2
Apr 18 15:37:50 a952d0d9ca03 sshd[9710]: Connection closed by invalid user anwar 172.30.185.7 port 54862 [preauth]
Apr 18 15:37:50 a952d0d9ca03 sshd[9709]: Failed password for invalid user jason from 172.30.185.5 port 52450 ssh2
Apr 18 15:37:50 a952d0d9ca03 sshd[9709]: Connection closed by invalid user jason 172.30.185.5 port 52450 [preauth]
Apr 18 15:37:50 a952d0d9ca03 sshd[9708]: Invalid user lab from 172.30.185.6 port 49120
Apr 18 15:37:50 a952d0d9ca03 sshd[9708]: error: Could not get shadow information for NOUSER
Apr 18 15:37:50 a952d0d9ca03 sshd[9708]: Failed none for invalid user lab from 172.30.185.6 port 49120 ssh2
Apr 18 15:37:50 a952d0d9ca03 sshd[9708]: Failed password for invalid user lab from 172.30.185.6 port 49120 ssh2
Apr 18 15:37:50 a952d0d9ca03 sshd[9708]: Connection closed by invalid user lab 172.30.185.6 port 49120 [preauth]
Apr 18 15:37:50 a952d0d9ca03 sshd[9714]: Invalid user odoo15 from 172.30.185.8 port 56030
Apr 18 15:37:50 a952d0d9ca03 sshd[9714]: error: Could not get shadow information for NOUSER
Apr 18 15:37:50 a952d0d9ca03 sshd[9714]: Failed none for invalid user odoo15 from 172.30.185.8 port 56030 ssh2
Apr 18 15:37:50 a952d0d9ca03 sshd[9714]: Failed password for invalid user odoo15 from 172.30.185.8 port 56030 ssh2
Apr 18 15:37:50 a952d0d9ca03 sshd[9714]: Connection closed by invalid user odoo15 172.30.185.8 port 56030 [preauth]
Apr 18 15:37:50 a952d0d9ca03 sshd[9717]: Invalid user jason from 172.30.185.5 port 52460
Apr 18 15:37:50 a952d0d9ca03 sshd[9717]: error: Could not get shadow information for NOUSER
Apr 18 15:37:50 a952d0d9ca03 sshd[9717]: Failed none for invalid user jason from 172.30.185.5 port 52460 ssh2
Apr 18 15:37:50 a952d0d9ca03 sshd[9717]: Failed password for invalid user jason from 172.30.185.5 port 52460 ssh2
Apr 18 15:37:50 a952d0d9ca03 sshd[9717]: Connection closed by invalid user jason 172.30.185.5 port 52460 [preauth]
Apr 18 15:37:50 a952d0d9ca03 sshd[9720]: Invalid user lab from 172.30.185.6 port 49122
Apr 18 15:37:50 a952d0d9ca03 sshd[9720]: error: Could not get shadow information for NOUSER
Apr 18 15:37:50 a952d0d9ca03 sshd[9720]: Failed none for invalid user lab from 172.30.185.6 port 49122 ssh2
Apr 18 15:37:50 a952d0d9ca03 sshd[9716]: Invalid user info from 172.30.185.7 port 54878
Apr 18 15:37:50 a952d0d9ca03 sshd[9716]: error: Could not get shadow information for NOUSER
Apr 18 15:37:50 a952d0d9ca03 sshd[9720]: Failed password for invalid user lab from 172.30.185.6 port 49122 ssh2
Apr 18 15:37:50 a952d0d9ca03 sshd[9716]: Failed none for invalid user info from 172.30.185.7 port 54878 ssh2
Apr 18 15:37:50 a952d0d9ca03 sshd[9720]: Connection closed by invalid user lab 172.30.185.6 port 49122 [preauth]
Apr 18 15:37:50 a952d0d9ca03 sshd[9716]: Failed password for invalid user info from 172.30.185.7 port 54878 ssh2
Apr 18 15:37:50 a952d0d9ca03 sshd[9716]: Connection closed by invalid user info 172.30.185.7 port 54878 [preauth]
Apr 18 15:37:50 a952d0d9ca03 sshd[9722]: Invalid user new from 172.30.185.8 port 56044
Apr 18 15:37:50 a952d0d9ca03 sshd[9722]: error: Could not get shadow information for NOUSER
Apr 18 15:37:50 a952d0d9ca03 sshd[9722]: Failed none for invalid user new from 172.30.185.8 port 56044 ssh2
Apr 18 15:37:50 a952d0d9ca03 sshd[9722]: Failed password for invalid user new from 172.30.185.8 port 56044 ssh2
Apr 18 15:37:50 a952d0d9ca03 sshd[9722]: Connection closed by invalid user new 172.30.185.8 port 56044 [preauth]
Apr 18 15:37:50 a952d0d9ca03 sshd[9726]: Invalid user info from 172.30.185.7 port 54888
Apr 18 15:37:50 a952d0d9ca03 sshd[9726]: error: Could not get shadow information for NOUSER
Apr 18 15:37:50 a952d0d9ca03 sshd[9726]: Failed none for invalid user info from 172.30.185.7 port 54888 ssh2
