Apr 18 15:34:58 a952d0d9ca03 sshd[3011]: Connection closed by invalid user ceshi 172.30.185.8 port 52038 [preauth]
Apr 18 15:34:58 a952d0d9ca03 sshd[3013]: Invalid user lisi from 172.30.185.5 port 58534
Apr 18 15:34:58 a952d0d9ca03 sshd[3013]: error: Could not get shadow information for NOUSER
Apr 18 15:34:58 a952d0d9ca03 sshd[3013]: Failed none for invalid user lisi from 172.30.185.5 port 58534 ssh2
Apr 18 15:34:58 a952d0d9ca03 sshd[3013]: Failed password for invalid user lisi from 172.30.185.5 port 58534 ssh2
Apr 18 15:34:58 a952d0d9ca03 sshd[3015]: Invalid user tars from 172.30.185.7 port 45110
Apr 18 15:34:58 a952d0d9ca03 sshd[3013]: Connection closed by invalid user lisi 172.30.185.5 port 58534 [preauth]
Apr 18 15:34:58 a952d0d9ca03 sshd[3015]: error: Could not get shadow information for NOUSER
Apr 18 15:34:58 a952d0d9ca03 sshd[3015]: Failed none for invalid user tars from 172.30.185.7 port 45110 ssh2
Apr 18 15:34:58 a952d0d9ca03 sshd[3015]: Failed password for invalid user tars from 172.30.185.7 port 45110 ssh2
Apr 18 15:34:58 a952d0d9ca03 sshd[3017]: Invalid user uat from 172.30.185.6 port 47858
Apr 18 15:34:58 a952d0d9ca03 sshd[3017]: error: Could not get shadow information for NOUSER
Apr 18 15:34:58 a952d0d9ca03 sshd[3015]: Connection closed by invalid user tars 172.30.185.7 port 45110 [preauth]
Apr 18 15:34:58 a952d0d9ca03 sshd[3017]: Failed none for invalid user uat from 172.30.185.6 port 47858 ssh2
Apr 18 15:34:58 a952d0d9ca03 sshd[3017]: Failed password for invalid user uat from 172.30.185.6 port 47858 ssh2
Apr 18 15:34:58 a952d0d9ca03 sshd[3017]: Connection closed by invalid user uat 172.30.185.6 port 47858 [preauth]
Apr 18 15:34:58 a952d0d9ca03 sshd[3019]: Invalid user ansible from 172.30.185.9 port 41960
Apr 18 15:34:58 a952d0d9ca03 sshd[3019]: error: Could not get shadow information for NOUSER
Apr 18 15:34:58 a952d0d9ca03 sshd[3019]: Failed none for invalid user ansible from 172.30.185.9 port 41960 ssh2
Apr 18 15:34:58 a952d0d9ca03 sshd[3019]: Failed password for invalid user ansible from 172.30.185.9 port 41960 ssh2
Apr 18 15:34:58 a952d0d9ca03 sshd[3019]: Connection closed by invalid user ansible 172.30.185.9 port 41960 [preauth]
Apr 18 15:34:58 a952d0d9ca03 sshd[3021]: Invalid user ceshi from 172.30.185.8 port 52042
Apr 18 15:34:58 a952d0d9ca03 sshd[3021]: error: Could not get shadow information for NOUSER
Apr 18 15:34:58 a952d0d9ca03 sshd[3021]: Failed none for invalid user ceshi from 172.30.185.8 port 52042 ssh2
Apr 18 15:34:58 a952d0d9ca03 sshd[3021]: Failed password for invalid user ceshi from 172.30.185.8 port 52042 ssh2
Apr 18 15:34:58 a952d0d9ca03 sshd[3021]: Connection closed by invalid user ceshi 172.30.185.8 port 52042 [preauth]
Apr 18 15:34:58 a952d0d9ca03 sshd[3023]: Invalid user tigergraph from 172.30.185.10 port 39600
Apr 18 15:34:58 a952d0d9ca03 sshd[3023]: error: Could not get shadow information for NOUSER
Apr 18 15:34:58 a952d0d9ca03 sshd[3023]: Failed none for invalid user tigergraph from 172.30.185.10 port 39600 ssh2
Apr 18 15:34:58 a952d0d9ca03 sshd[3023]: Failed password for invalid user tigergraph from 172.30.185.10 port 39600 ssh2
Apr 18 15:34:58 a952d0d9ca03 sshd[3023]: Connection closed by invalid user tigergraph 172.30.185.10 port 39600 [preauth]
Apr 18 15:34:58 a952d0d9ca03 sshd[3025]: Invalid user tars from 172.30.185.7 port 45122
Apr 18 15:34:58 a952d0d9ca03 sshd[3025]: error: Could not get shadow information for NOUSER
Apr 18 15:34:58 a952d0d9ca03 sshd[3027]: Invalid user uat from 172.30.185.6 port 47864
Apr 18 15:34:58 a952d0d9ca03 sshd[3027]: error: Could not get shadow information for NOUSER
Apr 18 15:34:59 a952d0d9ca03 sshd[3025]: Failed none for invalid user tars from 172.30.185.7 port 45122 ssh2
Apr 18 15:34:59 a952d0d9ca03 sshd[3027]: Failed none for invalid user uat from 172.30.185.6 port 47864 ssh2
Apr 18 15:34:59 a952d0d9ca03 sshd[3025]: Failed password for invalid user tars from 172.30.185.7 port 45122 ssh2
Apr 18 15:34:59 a952d0d9ca03 sshd[3027]: Failed password for invalid user uat from 172.30.185.6 port 47864 ssh2
Apr 18 15:34:59 a952d0d9ca03 sshd[3025]: Connection closed by invalid user tars 172.30.185.7 port 45122 [preauth]
Apr 18 15:34:59 a952d0d9ca03 sshd[3027]: Connection closed by invalid user uat 172.30.185.6 port 47864 [preauth]
Apr 18 15:34:59 a952d0d9ca03 sshd[3031]: Invalid user ceshi from 172.30.185.8 port 52048
Apr 18 15:34:59 a952d0d9ca03 sshd[3031]: error: Could not get shadow information for NOUSER
Apr 18 15:34:59 a952d0d9ca03 sshd[3031]: Failed none for invalid user ceshi from 172.30.185.8 port 52048 ssh2
Apr 18 15:34:59 a952d0d9ca03 sshd[3029]: Invalid user ansible from 172.30.185.9 port 41966
Apr 18 15:34:59 a952d0d9ca03 sshd[3029]: error: Could not get shadow information for NOUSER
Apr 18 15:34:59 a952d0d9ca03 sshd[3031]: Failed password for invalid user ceshi from 172.30.185.8 port 52048 ssh2
Apr 18 15:34:59 a952d0d9ca03 sshd[3029]: Failed none for invalid user ansible from 172.30.185.9 port 41966 ssh2
Apr 18 15:34:59 a952d0d9ca03 sshd[3031]: Connection closed by invalid user ceshi 172.30.185.8 port 52048 [preauth]
Apr 18 15:34:59 a952d0d9ca03 sshd[3029]: Failed password for invalid user ansible from 172.30.185.9 port 41966 ssh2
Apr 18 15:34:59 a952d0d9ca03 sshd[3029]: Connection closed by invalid user ansible 172.30.185.9 port 41966 [preauth]
Apr 18 15:34:59 a952d0d9ca03 sshd[3033]: Invalid user rajan from 172.30.185.10 port 39604
Apr 18 15:34:59 a952d0d9ca03 sshd[3033]: error: Could not get shadow information for NOUSER
Apr 18 15:34:59 a952d0d9ca03 sshd[3033]: Failed none for invalid user rajan from 172.30.185.10 port 39604 ssh2
Apr 18 15:34:59 a952d0d9ca03 sshd[3033]: Failed password for invalid user rajan from 172.30.185.10 port 39604 ssh2
Apr 18 15:34:59 a952d0d9ca03 sshd[3033]: Connection closed by invalid user rajan 172.30.185.10 port 39604 [preauth]
Apr 18 15:34:59 a952d0d9ca03 sshd[3035]: Invalid user tars from 172.30.185.7 port 45126
Apr 18 15:34:59 a952d0d9ca03 sshd[3035]: error: Could not get shadow information for NOUSER
Apr 18 15:34:59 a952d0d9ca03 sshd[3035]: Failed none for invalid user tars from 172.30.185.7 port 45126 ssh2
Apr 18 15:34:59 a952d0d9ca03 sshd[3036]: Invalid user uat from 172.30.185.6 port 47868
Apr 18 15:34:59 a952d0d9ca03 sshd[3036]: error: Could not get shadow information for NOUSER
Apr 18 15:34:59 a952d0d9ca03 sshd[3036]: Failed none for invalid user uat from 172.30.185.6 port 47868 ssh2
Apr 18 15:34:59 a952d0d9ca03 sshd[3035]: Failed password for invalid user tars from 172.30.185.7 port 45126 ssh2
Apr 18 15:34:59 a952d0d9ca03 sshd[3035]: Connection closed by invalid user tars 172.30.185.7 port 45126 [preauth]
Apr 18 15:34:59 a952d0d9ca03 sshd[3036]: Failed password for invalid user uat from 172.30.185.6 port 47868 ssh2
Apr 18 15:34:59 a952d0d9ca03 sshd[3036]: Connection closed by invalid user uat 172.30.185.6 port 47868 [preauth]
Apr 18 15:34:59 a952d0d9ca03 sshd[3039]: Invalid user ceshi from 172.30.185.8 port 52052
Apr 18 15:34:59 a952d0d9ca03 sshd[3039]: error: Could not get shadow information for NOUSER
Apr 18 15:34:59 a952d0d9ca03 sshd[3039]: Failed none for invalid user ceshi from 172.30.185.8 port 52052 ssh2
Apr 18 15:34:59 a952d0d9ca03 sshd[3039]: Failed password for invalid user ceshi from 172.30.185.8 port 52052 ssh2
Apr 18 15:34:59 a952d0d9ca03 sshd[3039]: Connection closed by invalid user ceshi 172.30.185.8 port 52052 [preauth]
Apr 18 15:34:59 a952d0d9ca03 sshd[3041]: Invalid user ansible from 172.30.185.9 port 41976
Apr 18 15:34:59 a952d0d9ca03 sshd[3041]: error: Could not get shadow information for NOUSER
Apr 18 15:34:59 a952d0d9ca03 sshd[3041]: Failed none for invalid user ansible from 172.30.185.9 port 41976 ssh2
Apr 18 15:34:59 a952d0d9ca03 sshd[3041]: Failed password for invalid user ansible from 172.30.185.9 port 41976 ssh2
Apr 18 15:34:59 a952d0d9ca03 sshd[3041]: Connection closed by invalid user ansible 172.30.185.9 port 41976 [preauth]
Apr 18 15:34:59 a952d0d9ca03 sshd[3044]: Invalid user technik from 172.30.185.11 port 57486
Apr 18 15:34:59 a952d0d9ca03 sshd[3044]: error: Could not get shadow information for NOUSER
Apr 18 15:34:59 a952d0d9ca03 sshd[3044]: Failed none for invalid user technik from 172.30.185.11 port 57486 ssh2
Apr 18 15:34:59 a952d0d9ca03 sshd[3044]: Failed password for invalid user technik from 172.30.185.11 port 57486 ssh2
Apr 18 15:34:59 a952d0d9ca03 sshd[3043]: Invalid user rajan from 172.30.185.10 port 39614
Apr 18 15:34:59 a952d0d9ca03 sshd[3043]: error: Could not get shadow information for NOUSER
Apr 18 15:34:59 a952d0d9ca03 sshd[3044]: Connection closed by invalid user technik 172.30.185.11 port 57486 [preauth]
Apr 18 15:34:59 a952d0d9ca03 sshd[3043]: Failed none for invalid user rajan from 172.30.185.10 port 39614 ssh2
Apr 18 15:34:59 a952d0d9ca03 sshd[3043]: Failed password for invalid user rajan from 172.30.185.10 port 39614 ssh2
Apr 18 15:34:59 a952d0d9ca03 sshd[3043]: Connection closed by invalid user rajan 172.30.185.10 port 39614 [preauth]
Apr 18 15:34:59 a952d0d9ca03 sshd[3047]: Invalid user tars from 172.30.185.7 port 45142
Apr 18 15:34:59 a952d0d9ca03 sshd[3047]: error: Could not get shadow information for NOUSER
Apr 18 15:34:59 a952d0d9ca03 sshd[3047]: Failed none for invalid user tars from 172.30.185.7 port 45142 ssh2
Apr 18 15:34:59 a952d0d9ca03 sshd[3047]: Failed password for invalid user tars from 172.30.185.7 port 45142 ssh2
Apr 18 15:34:59 a952d0d9ca03 sshd[3047]: Connection closed by invalid user tars 172.30.185.7 port 45142 [preauth]
Apr 18 15:34:59 a952d0d9ca03 sshd[3049]: Invalid user ceshi from 172.30.185.8 port 52054
Apr 18 15:34:59 a952d0d9ca03 sshd[3049]: error: Could not get shadow information for NOUSER
Apr 18 15:34:59 a952d0d9ca03 sshd[3049]: Failed none for invalid user ceshi from 172.30.185.8 port 52054 ssh2
Apr 18 15:34:59 a952d0d9ca03 sshd[3049]: Failed password for invalid user ceshi from 172.30.185.8 port 52054 ssh2
Apr 18 15:34:59 a952d0d9ca03 sshd[3049]: Connection closed by invalid user ceshi 172.30.185.8 port 52054 [preauth]
Apr 18 15:34:59 a952d0d9ca03 sshd[3051]: Invalid user ansible from 172.30.185.9 port 41986
Apr 18 15:34:59 a952d0d9ca03 sshd[3051]: error: Could not get shadow information for NOUSER
Apr 18 15:34:59 a952d0d9ca03 sshd[3051]: Failed none for invalid user ansible from 172.30.185.9 port 41986 ssh2
Apr 18 15:34:59 a952d0d9ca03 sshd[3051]: Failed password for invalid user ansible from 172.30.185.9 port 41986 ssh2
Apr 18 15:34:59 a952d0d9ca03 sshd[3051]: Connection closed by invalid user ansible 172.30.185.9 port 41986 [preauth]
Apr 18 15:34:59 a952d0d9ca03 sshd[3053]: Invalid user PRUEBA from 172.30.185.12 port 34182
Apr 18 15:34:59 a952d0d9ca03 sshd[3053]: error: Could not get shadow information for NOUSER
Apr 18 15:34:59 a952d0d9ca03 sshd[3057]: Invalid user rajan from 172.30.185.10 port 39618
Apr 18 15:34:59 a952d0d9ca03 sshd[3057]: error: Could not get shadow information for NOUSER
Apr 18 15:34:59 a952d0d9ca03 sshd[3053]: Failed none for invalid user PRUEBA from 172.30.185.12 port 34182 ssh2
Apr 18 15:34:59 a952d0d9ca03 sshd[3057]: Failed none for invalid user rajan from 172.30.185.10 port 39618 ssh2
Apr 18 15:34:59 a952d0d9ca03 sshd[3057]: Failed password for invalid user rajan from 172.30.185.10 port 39618 ssh2
Apr 18 15:34:59 a952d0d9ca03 sshd[3053]: Failed password for invalid user PRUEBA from 172.30.185.12 port 34182 ssh2
Apr 18 15:34:59 a952d0d9ca03 sshd[3057]: Connection closed by invalid user rajan 172.30.185.10 port 39618 [preauth]
Apr 18 15:34:59 a952d0d9ca03 sshd[3053]: Connection closed by invalid user PRUEBA 172.30.185.12 port 34182 [preauth]
Apr 18 15:34:59 a952d0d9ca03 sshd[3055]: Invalid user njzf from 172.30.185.11 port 57494
Apr 18 15:34:59 a952d0d9ca03 sshd[3055]: error: Could not get shadow information for NOUSER
Apr 18 15:34:59 a952d0d9ca03 sshd[3055]: Failed none for invalid user njzf from 172.30.185.11 port 57494 ssh2
Apr 18 15:34:59 a952d0d9ca03 sshd[3055]: Failed password for invalid user njzf from 172.30.185.11 port 57494 ssh2
Apr 18 15:34:59 a952d0d9ca03 sshd[3055]: Connection closed by invalid user njzf 172.30.185.11 port 57494 [preauth]
Apr 18 15:34:59 a952d0d9ca03 sshd[3059]: Invalid user tars from 172.30.185.7 port 45144
Apr 18 15:34:59 a952d0d9ca03 sshd[3059]: error: Could not get shadow information for NOUSER
Apr 18 15:34:59 a952d0d9ca03 sshd[3059]: Failed none for invalid user tars from 172.30.185.7 port 45144 ssh2
Apr 18 15:34:59 a952d0d9ca03 sshd[3059]: Failed password for invalid user tars from 172.30.185.7 port 45144 ssh2
Apr 18 15:34:59 a952d0d9ca03 sshd[3059]: Connection closed by invalid user tars 172.30.185.7 port 45144 [preauth]
Apr 18 15:34:59 a952d0d9ca03 sshd[3061]: Invalid user ceshi from 172.30.185.8 port 52066
Apr 18 15:34:59 a952d0d9ca03 sshd[3061]: error: Could not get shadow information for NOUSER
Apr 18 15:34:59 a952d0d9ca03 sshd[3061]: Failed none for invalid user ceshi from 172.30.185.8 port 52066 ssh2
Apr 18 15:34:59 a952d0d9ca03 sshd[3061]: Failed password for invalid user ceshi from 172.30.185.8 port 52066 ssh2
Apr 18 15:34:59 a952d0d9ca03 sshd[3063]: Invalid user ansible from 172.30.185.9 port 41996
Apr 18 15:34:59 a952d0d9ca03 sshd[3063]: error: Could not get shadow information for NOUSER
Apr 18 15:34:59 a952d0d9ca03 sshd[3061]: Connection closed by invalid user ceshi 172.30.185.8 port 52066 [preauth]
Apr 18 15:34:59 a952d0d9ca03 sshd[3063]: Failed none for invalid user ansible from 172.30.185.9 port 41996 ssh2
Apr 18 15:34:59 a952d0d9ca03 sshd[3063]: Failed password for invalid user ansible from 172.30.185.9 port 41996 ssh2
Apr 18 15:34:59 a952d0d9ca03 sshd[3063]: Connection closed by invalid user ansible 172.30.185.9 port 41996 [preauth]
Apr 18 15:34:59 a952d0d9ca03 sshd[3065]: Invalid user rajan from 172.30.185.10 port 39622
Apr 18 15:34:59 a952d0d9ca03 sshd[3065]: error: Could not get shadow information for NOUSER
Apr 18 15:34:59 a952d0d9ca03 sshd[3065]: Failed none for invalid user rajan from 172.30.185.10 port 39622 ssh2
Apr 18 15:34:59 a952d0d9ca03 sshd[3069]: Invalid user njzf from 172.30.185.11 port 57500
Apr 18 15:34:59 a952d0d9ca03 sshd[3069]: error: Could not get shadow information for NOUSER
Apr 18 15:34:59 a952d0d9ca03 sshd[3069]: Failed none for invalid user njzf from 172.30.185.11 port 57500 ssh2
Apr 18 15:34:59 a952d0d9ca03 sshd[3065]: Failed password for invalid user rajan from 172.30.185.10 port 39622 ssh2
Apr 18 15:34:59 a952d0d9ca03 sshd[3065]: Connection closed by invalid user rajan 172.30.185.10 port 39622 [preauth]
Apr 18 15:34:59 a952d0d9ca03 sshd[3066]: Invalid user wasabi from 172.30.185.12 port 34194
Apr 18 15:34:59 a952d0d9ca03 sshd[3066]: error: Could not get shadow information for NOUSER
Apr 18 15:34:59 a952d0d9ca03 sshd[3069]: Failed password for invalid user njzf from 172.30.185.11 port 57500 ssh2
Apr 18 15:34:59 a952d0d9ca03 sshd[3066]: Failed none for invalid user wasabi from 172.30.185.12 port 34194 ssh2
Apr 18 15:34:59 a952d0d9ca03 sshd[3069]: Connection closed by invalid user njzf 172.30.185.11 port 57500 [preauth]
Apr 18 15:34:59 a952d0d9ca03 sshd[3066]: Failed password for invalid user wasabi from 172.30.185.12 port 34194 ssh2
Apr 18 15:34:59 a952d0d9ca03 sshd[3066]: Connection closed by invalid user wasabi 172.30.185.12 port 34194 [preauth]
Apr 18 15:34:59 a952d0d9ca03 sshd[3071]: Invalid user ansible from 172.30.185.9 port 42010
Apr 18 15:34:59 a952d0d9ca03 sshd[3071]: error: Could not get shadow information for NOUSER
Apr 18 15:34:59 a952d0d9ca03 sshd[3071]: Failed none for invalid user ansible from 172.30.185.9 port 42010 ssh2
Apr 18 15:34:59 a952d0d9ca03 sshd[3071]: Failed password for invalid user ansible from 172.30.185.9 port 42010 ssh2
Apr 18 15:34:59 a952d0d9ca03 sshd[3071]: Connection closed by invalid user ansible 172.30.185.9 port 42010 [preauth]
Apr 18 15:35:00 a952d0d9ca03 sshd[3073]: Invalid user nexus from 172.30.185.13 port 36710
Apr 18 15:35:00 a952d0d9ca03 sshd[3073]: error: Could not get shadow information for NOUSER
Apr 18 15:35:00 a952d0d9ca03 sshd[3073]: Failed none for invalid user nexus from 172.30.185.13 port 36710 ssh2
Apr 18 15:35:00 a952d0d9ca03 sshd[3073]: Failed password for invalid user nexus from 172.30.185.13 port 36710 ssh2
Apr 18 15:35:00 a952d0d9ca03 sshd[3073]: Connection closed by invalid user nexus 172.30.185.13 port 36710 [preauth]
Apr 18 15:35:00 a952d0d9ca03 sshd[3077]: Invalid user njzf from 172.30.185.11 port 57510
Apr 18 15:35:00 a952d0d9ca03 sshd[3077]: error: Could not get shadow information for NOUSER
Apr 18 15:35:00 a952d0d9ca03 sshd[3077]: Failed none for invalid user njzf from 172.30.185.11 port 57510 ssh2
Apr 18 15:35:00 a952d0d9ca03 sshd[3077]: Failed password for invalid user njzf from 172.30.185.11 port 57510 ssh2
Apr 18 15:35:00 a952d0d9ca03 sshd[3077]: Connection closed by invalid user njzf 172.30.185.11 port 57510 [preauth]
Apr 18 15:35:00 a952d0d9ca03 sshd[3075]: Invalid user rajan from 172.30.185.10 port 39632
Apr 18 15:35:00 a952d0d9ca03 sshd[3075]: error: Could not get shadow information for NOUSER
Apr 18 15:35:00 a952d0d9ca03 sshd[3075]: Failed none for invalid user rajan from 172.30.185.10 port 39632 ssh2
Apr 18 15:35:00 a952d0d9ca03 sshd[3079]: Invalid user wasabi from 172.30.185.12 port 34202
Apr 18 15:35:00 a952d0d9ca03 sshd[3079]: error: Could not get shadow information for NOUSER
Apr 18 15:35:00 a952d0d9ca03 sshd[3075]: Failed password for invalid user rajan from 172.30.185.10 port 39632 ssh2
Apr 18 15:35:00 a952d0d9ca03 sshd[3079]: Failed none for invalid user wasabi from 172.30.185.12 port 34202 ssh2
Apr 18 15:35:00 a952d0d9ca03 sshd[3075]: Connection closed by invalid user rajan 172.30.185.10 port 39632 [preauth]
Apr 18 15:35:00 a952d0d9ca03 sshd[3079]: Failed password for invalid user wasabi from 172.30.185.12 port 34202 ssh2
Apr 18 15:35:00 a952d0d9ca03 sshd[3079]: Connection closed by invalid user wasabi 172.30.185.12 port 34202 [preauth]
Apr 18 15:35:00 a952d0d9ca03 sshd[3081]: Invalid user ansible from 172.30.185.9 port 42014
Apr 18 15:35:00 a952d0d9ca03 sshd[3081]: error: Could not get shadow information for NOUSER
Apr 18 15:35:00 a952d0d9ca03 sshd[3081]: Failed none for invalid user ansible from 172.30.185.9 port 42014 ssh2
Apr 18 15:35:00 a952d0d9ca03 sshd[3081]: Failed password for invalid user ansible from 172.30.185.9 port 42014 ssh2
Apr 18 15:35:00 a952d0d9ca03 sshd[3081]: Connection closed by invalid user ansible 172.30.185.9 port 42014 [preauth]
Apr 18 15:35:00 a952d0d9ca03 sshd[3085]: Invalid user njzf from 172.30.185.11 port 57518
Apr 18 15:35:00 a952d0d9ca03 sshd[3085]: error: Could not get shadow information for NOUSER
Apr 18 15:35:00 a952d0d9ca03 sshd[3083]: Invalid user toor from 172.30.185.13 port 36720
Apr 18 15:35:00 a952d0d9ca03 sshd[3085]: Failed none for invalid user njzf from 172.30.185.11 port 57518 ssh2
Apr 18 15:35:00 a952d0d9ca03 sshd[3083]: error: Could not get shadow information for NOUSER
Apr 18 15:35:00 a952d0d9ca03 sshd[3083]: Failed none for invalid user toor from 172.30.185.13 port 36720 ssh2
Apr 18 15:35:00 a952d0d9ca03 sshd[3085]: Failed password for invalid user njzf from 172.30.185.11 port 57518 ssh2
Apr 18 15:35:00 a952d0d9ca03 sshd[3085]: Connection closed by invalid user njzf 172.30.185.11 port 57518 [preauth]
Apr 18 15:35:00 a952d0d9ca03 sshd[3083]: Failed password for invalid user toor from 172.30.185.13 port 36720 ssh2
Apr 18 15:35:00 a952d0d9ca03 sshd[3083]: Connection closed by invalid user toor 172.30.185.13 port 36720 [preauth]
Apr 18 15:35:00 a952d0d9ca03 sshd[3089]: Invalid user wasabi from 172.30.185.12 port 34212
Apr 18 15:35:00 a952d0d9ca03 sshd[3089]: error: Could not get shadow information for NOUSER
Apr 18 15:35:00 a952d0d9ca03 sshd[3089]: Failed none for invalid user wasabi from 172.30.185.12 port 34212 ssh2
Apr 18 15:35:00 a952d0d9ca03 sshd[3087]: Invalid user rajan from 172.30.185.10 port 39636
Apr 18 15:35:00 a952d0d9ca03 sshd[3087]: error: Could not get shadow information for NOUSER
Apr 18 15:35:00 a952d0d9ca03 sshd[3089]: Failed password for invalid user wasabi from 172.30.185.12 port 34212 ssh2
Apr 18 15:35:00 a952d0d9ca03 sshd[3087]: Failed none for invalid user rajan from 172.30.185.10 port 39636 ssh2
Apr 18 15:35:00 a952d0d9ca03 sshd[3089]: Connection closed by invalid user wasabi 172.30.185.12 port 34212 [preauth]
Apr 18 15:35:00 a952d0d9ca03 sshd[3087]: Failed password for invalid user rajan from 172.30.185.10 port 39636 ssh2
Apr 18 15:35:00 a952d0d9ca03 sshd[3087]: Connection closed by invalid user rajan 172.30.185.10 port 39636 [preauth]
Apr 18 15:35:00 a952d0d9ca03 sshd[3093]: Invalid user aws from 172.30.185.14 port 52124
Apr 18 15:35:00 a952d0d9ca03 sshd[3093]: error: Could not get shadow information for NOUSER
Apr 18 15:35:00 a952d0d9ca03 sshd[3093]: Failed none for invalid user aws from 172.30.185.14 port 52124 ssh2
Apr 18 15:35:00 a952d0d9ca03 sshd[3093]: Failed password for invalid user aws from 172.30.185.14 port 52124 ssh2
Apr 18 15:35:00 a952d0d9ca03 sshd[3093]: Connection closed by invalid user aws 172.30.185.14 port 52124 [preauth]
Apr 18 15:35:00 a952d0d9ca03 sshd[3091]: Invalid user ansible from 172.30.185.9 port 42030
Apr 18 15:35:00 a952d0d9ca03 sshd[3091]: error: Could not get shadow information for NOUSER
Apr 18 15:35:00 a952d0d9ca03 sshd[3091]: Failed none for invalid user ansible from 172.30.185.9 port 42030 ssh2
Apr 18 15:35:00 a952d0d9ca03 sshd[3091]: Failed password for invalid user ansible from 172.30.185.9 port 42030 ssh2
Apr 18 15:35:00 a952d0d9ca03 sshd[3091]: Connection closed by invalid user ansible 172.30.185.9 port 42030 [preauth]
Apr 18 15:35:00 a952d0d9ca03 sshd[3095]: Invalid user njzf from 172.30.185.11 port 57520
Apr 18 15:35:00 a952d0d9ca03 sshd[3095]: error: Could not get shadow information for NOUSER
Apr 18 15:35:00 a952d0d9ca03 sshd[3095]: Failed none for invalid user njzf from 172.30.185.11 port 57520 ssh2
Apr 18 15:35:00 a952d0d9ca03 sshd[3095]: Failed password for invalid user njzf from 172.30.185.11 port 57520 ssh2
Apr 18 15:35:00 a952d0d9ca03 sshd[3095]: Connection closed by invalid user njzf 172.30.185.11 port 57520 [preauth]
Apr 18 15:35:00 a952d0d9ca03 sshd[3096]: Invalid user toor from 172.30.185.13 port 36736
Apr 18 15:35:00 a952d0d9ca03 sshd[3096]: error: Could not get shadow information for NOUSER
Apr 18 15:35:00 a952d0d9ca03 sshd[3096]: Failed none for invalid user toor from 172.30.185.13 port 36736 ssh2
Apr 18 15:35:00 a952d0d9ca03 sshd[3096]: Failed password for invalid user toor from 172.30.185.13 port 36736 ssh2
Apr 18 15:35:00 a952d0d9ca03 sshd[3099]: Invalid user wasabi from 172.30.185.12 port 34222
Apr 18 15:35:00 a952d0d9ca03 sshd[3099]: error: Could not get shadow information for NOUSER
Apr 18 15:35:00 a952d0d9ca03 sshd[3096]: Connection closed by invalid user toor 172.30.185.13 port 36736 [preauth]
Apr 18 15:35:00 a952d0d9ca03 sshd[3099]: Failed none for invalid user wasabi from 172.30.185.12 port 34222 ssh2
Apr 18 15:35:00 a952d0d9ca03 sshd[3099]: Failed password for invalid user wasabi from 172.30.185.12 port 34222 ssh2
Apr 18 15:35:00 a952d0d9ca03 sshd[3099]: Connection closed by invalid user wasabi 172.30.185.12 port 34222 [preauth]
Apr 18 15:35:00 a952d0d9ca03 sshd[3103]: Invalid user foundry from 172.30.185.14 port 52140
Apr 18 15:35:00 a952d0d9ca03 sshd[3103]: error: Could not get shadow information for NOUSER
Apr 18 15:35:00 a952d0d9ca03 sshd[3103]: Failed none for invalid user foundry from 172.30.185.14 port 52140 ssh2
Apr 18 15:35:00 a952d0d9ca03 sshd[3103]: Failed password for invalid user foundry from 172.30.185.14 port 52140 ssh2
Apr 18 15:35:00 a952d0d9ca03 sshd[3101]: Invalid user rajan from 172.30.185.10 port 39648
Apr 18 15:35:00 a952d0d9ca03 sshd[3101]: error: Could not get shadow information for NOUSER
Apr 18 15:35:00 a952d0d9ca03 sshd[3103]: Connection closed by invalid user foundry 172.30.185.14 port 52140 [preauth]
Apr 18 15:35:00 a952d0d9ca03 sshd[3101]: Failed none for invalid user rajan from 172.30.185.10 port 39648 ssh2
Apr 18 15:35:00 a952d0d9ca03 sshd[3101]: Failed password for invalid user rajan from 172.30.185.10 port 39648 ssh2
Apr 18 15:35:00 a952d0d9ca03 sshd[3101]: Connection closed by invalid user rajan 172.30.185.10 port 39648 [preauth]
Apr 18 15:35:00 a952d0d9ca03 sshd[3105]: Invalid user teest from 172.30.185.15 port 46384
Apr 18 15:35:00 a952d0d9ca03 sshd[3105]: error: Could not get shadow information for NOUSER
Apr 18 15:35:00 a952d0d9ca03 sshd[3105]: Failed none for invalid user teest from 172.30.185.15 port 46384 ssh2
Apr 18 15:35:00 a952d0d9ca03 sshd[3105]: Failed password for invalid user teest from 172.30.185.15 port 46384 ssh2
Apr 18 15:35:00 a952d0d9ca03 sshd[3105]: Connection closed by invalid user teest 172.30.185.15 port 46384 [preauth]
Apr 18 15:35:00 a952d0d9ca03 sshd[3107]: Invalid user njzf from 172.30.185.11 port 57536
Apr 18 15:35:00 a952d0d9ca03 sshd[3107]: error: Could not get shadow information for NOUSER
Apr 18 15:35:00 a952d0d9ca03 sshd[3107]: Failed none for invalid user njzf from 172.30.185.11 port 57536 ssh2
Apr 18 15:35:00 a952d0d9ca03 sshd[3107]: Failed password for invalid user njzf from 172.30.185.11 port 57536 ssh2
Apr 18 15:35:00 a952d0d9ca03 sshd[3107]: Connection closed by invalid user njzf 172.30.185.11 port 57536 [preauth]
Apr 18 15:35:00 a952d0d9ca03 sshd[3109]: Invalid user toor from 172.30.185.13 port 36748
Apr 18 15:35:00 a952d0d9ca03 sshd[3109]: error: Could not get shadow information for NOUSER
Apr 18 15:35:00 a952d0d9ca03 sshd[3109]: Failed none for invalid user toor from 172.30.185.13 port 36748 ssh2
Apr 18 15:35:00 a952d0d9ca03 sshd[3109]: Failed password for invalid user toor from 172.30.185.13 port 36748 ssh2
Apr 18 15:35:00 a952d0d9ca03 sshd[3114]: Invalid user foundry from 172.30.185.14 port 52152
Apr 18 15:35:00 a952d0d9ca03 sshd[3114]: error: Could not get shadow information for NOUSER
Apr 18 15:35:00 a952d0d9ca03 sshd[3109]: Connection closed by invalid user toor 172.30.185.13 port 36748 [preauth]
Apr 18 15:35:00 a952d0d9ca03 sshd[3114]: Failed none for invalid user foundry from 172.30.185.14 port 52152 ssh2
Apr 18 15:35:00 a952d0d9ca03 sshd[3114]: Failed password for invalid user foundry from 172.30.185.14 port 52152 ssh2
Apr 18 15:35:00 a952d0d9ca03 sshd[3114]: Connection closed by invalid user foundry 172.30.185.14 port 52152 [preauth]
Apr 18 15:35:00 a952d0d9ca03 sshd[3111]: Invalid user wasabi from 172.30.185.12 port 34230
Apr 18 15:35:00 a952d0d9ca03 sshd[3111]: error: Could not get shadow information for NOUSER
Apr 18 15:35:00 a952d0d9ca03 sshd[3111]: Failed none for invalid user wasabi from 172.30.185.12 port 34230 ssh2
Apr 18 15:35:00 a952d0d9ca03 sshd[3111]: Failed password for invalid user wasabi from 172.30.185.12 port 34230 ssh2
Apr 18 15:35:00 a952d0d9ca03 sshd[3111]: Connection closed by invalid user wasabi 172.30.185.12 port 34230 [preauth]
Apr 18 15:35:00 a952d0d9ca03 sshd[3113]: Invalid user ladmin from 172.30.185.16 port 58890
Apr 18 15:35:00 a952d0d9ca03 sshd[3113]: error: Could not get shadow information for NOUSER
Apr 18 15:35:00 a952d0d9ca03 sshd[3113]: Failed none for invalid user ladmin from 172.30.185.16 port 58890 ssh2
Apr 18 15:35:00 a952d0d9ca03 sshd[3113]: Failed password for invalid user ladmin from 172.30.185.16 port 58890 ssh2
Apr 18 15:35:00 a952d0d9ca03 sshd[3117]: Invalid user rajan from 172.30.185.10 port 39654
Apr 18 15:35:00 a952d0d9ca03 sshd[3117]: error: Could not get shadow information for NOUSER
Apr 18 15:35:00 a952d0d9ca03 sshd[3113]: Connection closed by invalid user ladmin 172.30.185.16 port 58890 [preauth]
Apr 18 15:35:00 a952d0d9ca03 sshd[3117]: Failed none for invalid user rajan from 172.30.185.10 port 39654 ssh2
Apr 18 15:35:00 a952d0d9ca03 sshd[3117]: Failed password for invalid user rajan from 172.30.185.10 port 39654 ssh2
Apr 18 15:35:00 a952d0d9ca03 sshd[3117]: Connection closed by invalid user rajan 172.30.185.10 port 39654 [preauth]
Apr 18 15:35:00 a952d0d9ca03 sshd[3119]: Invalid user master from 172.30.185.15 port 46398
Apr 18 15:35:00 a952d0d9ca03 sshd[3119]: error: Could not get shadow information for NOUSER
Apr 18 15:35:00 a952d0d9ca03 sshd[3119]: Failed none for invalid user master from 172.30.185.15 port 46398 ssh2
Apr 18 15:35:00 a952d0d9ca03 sshd[3119]: Failed password for invalid user master from 172.30.185.15 port 46398 ssh2
Apr 18 15:35:00 a952d0d9ca03 sshd[3119]: Connection closed by invalid user master 172.30.185.15 port 46398 [preauth]
Apr 18 15:35:01 a952d0d9ca03 sshd[3121]: Invalid user njzf from 172.30.185.11 port 57546
Apr 18 15:35:01 a952d0d9ca03 sshd[3121]: error: Could not get shadow information for NOUSER
Apr 18 15:35:01 a952d0d9ca03 sshd[3121]: Failed none for invalid user njzf from 172.30.185.11 port 57546 ssh2
Apr 18 15:35:01 a952d0d9ca03 sshd[3121]: Failed password for invalid user njzf from 172.30.185.11 port 57546 ssh2
Apr 18 15:35:01 a952d0d9ca03 sshd[3121]: Connection closed by invalid user njzf 172.30.185.11 port 57546 [preauth]
Apr 18 15:35:01 a952d0d9ca03 sshd[3125]: Invalid user foundry from 172.30.185.14 port 52166
Apr 18 15:35:01 a952d0d9ca03 sshd[3125]: error: Could not get shadow information for NOUSER
Apr 18 15:35:01 a952d0d9ca03 sshd[3125]: Failed none for invalid user foundry from 172.30.185.14 port 52166 ssh2
Apr 18 15:35:01 a952d0d9ca03 sshd[3125]: Failed password for invalid user foundry from 172.30.185.14 port 52166 ssh2
Apr 18 15:35:01 a952d0d9ca03 sshd[3125]: Connection closed by invalid user foundry 172.30.185.14 port 52166 [preauth]
Apr 18 15:35:01 a952d0d9ca03 sshd[3123]: Invalid user toor from 172.30.185.13 port 36752
Apr 18 15:35:01 a952d0d9ca03 sshd[3123]: error: Could not get shadow information for NOUSER
Apr 18 15:35:01 a952d0d9ca03 sshd[3123]: Failed none for invalid user toor from 172.30.185.13 port 36752 ssh2
Apr 18 15:35:01 a952d0d9ca03 sshd[3129]: Invalid user kian from 172.30.185.16 port 58904
Apr 18 15:35:01 a952d0d9ca03 sshd[3129]: error: Could not get shadow information for NOUSER
Apr 18 15:35:01 a952d0d9ca03 sshd[3123]: Failed password for invalid user toor from 172.30.185.13 port 36752 ssh2
Apr 18 15:35:01 a952d0d9ca03 sshd[3129]: Failed none for invalid user kian from 172.30.185.16 port 58904 ssh2
Apr 18 15:35:01 a952d0d9ca03 sshd[3123]: Connection closed by invalid user toor 172.30.185.13 port 36752 [preauth]
Apr 18 15:35:01 a952d0d9ca03 sshd[3129]: Failed password for invalid user kian from 172.30.185.16 port 58904 ssh2
Apr 18 15:35:01 a952d0d9ca03 sshd[3127]: Invalid user wasabi from 172.30.185.12 port 34236
Apr 18 15:35:01 a952d0d9ca03 sshd[3127]: error: Could not get shadow information for NOUSER
Apr 18 15:35:01 a952d0d9ca03 sshd[3129]: Connection closed by invalid user kian 172.30.185.16 port 58904 [preauth]
Apr 18 15:35:01 a952d0d9ca03 sshd[3127]: Failed none for invalid user wasabi from 172.30.185.12 port 34236 ssh2
Apr 18 15:35:01 a952d0d9ca03 sshd[3127]: Failed password for invalid user wasabi from 172.30.185.12 port 34236 ssh2
Apr 18 15:35:01 a952d0d9ca03 sshd[3127]: Connection closed by invalid user wasabi 172.30.185.12 port 34236 [preauth]
Apr 18 15:35:01 a952d0d9ca03 sshd[3131]: Invalid user rajan from 172.30.185.10 port 39658
Apr 18 15:35:01 a952d0d9ca03 sshd[3131]: error: Could not get shadow information for NOUSER
Apr 18 15:35:01 a952d0d9ca03 sshd[3131]: Failed none for invalid user rajan from 172.30.185.10 port 39658 ssh2
Apr 18 15:35:01 a952d0d9ca03 sshd[3131]: Failed password for invalid user rajan from 172.30.185.10 port 39658 ssh2
Apr 18 15:35:01 a952d0d9ca03 sshd[3131]: Connection closed by invalid user rajan 172.30.185.10 port 39658 [preauth]
Apr 18 15:35:01 a952d0d9ca03 sshd[3135]: Invalid user njzf from 172.30.185.11 port 57562
Apr 18 15:35:01 a952d0d9ca03 sshd[3135]: error: Could not get shadow information for NOUSER
Apr 18 15:35:01 a952d0d9ca03 sshd[3135]: Failed none for invalid user njzf from 172.30.185.11 port 57562 ssh2
Apr 18 15:35:01 a952d0d9ca03 sshd[3133]: Invalid user master from 172.30.185.15 port 46404
Apr 18 15:35:01 a952d0d9ca03 sshd[3133]: error: Could not get shadow information for NOUSER
Apr 18 15:35:01 a952d0d9ca03 sshd[3133]: Failed none for invalid user master from 172.30.185.15 port 46404 ssh2
Apr 18 15:35:01 a952d0d9ca03 sshd[3135]: Failed password for invalid user njzf from 172.30.185.11 port 57562 ssh2
Apr 18 15:35:01 a952d0d9ca03 sshd[3135]: Connection closed by invalid user njzf 172.30.185.11 port 57562 [preauth]
Apr 18 15:35:01 a952d0d9ca03 sshd[3133]: Failed password for invalid user master from 172.30.185.15 port 46404 ssh2
Apr 18 15:35:01 a952d0d9ca03 sshd[3133]: Connection closed by invalid user master 172.30.185.15 port 46404 [preauth]
Apr 18 15:35:01 a952d0d9ca03 sshd[3137]: Invalid user foundry from 172.30.185.14 port 52178
Apr 18 15:35:01 a952d0d9ca03 sshd[3137]: error: Could not get shadow information for NOUSER
Apr 18 15:35:01 a952d0d9ca03 sshd[3137]: Failed none for invalid user foundry from 172.30.185.14 port 52178 ssh2
Apr 18 15:35:01 a952d0d9ca03 sshd[3137]: Failed password for invalid user foundry from 172.30.185.14 port 52178 ssh2
Apr 18 15:35:01 a952d0d9ca03 sshd[3137]: Connection closed by invalid user foundry 172.30.185.14 port 52178 [preauth]
Apr 18 15:35:01 a952d0d9ca03 sshd[3139]: Invalid user toor from 172.30.185.13 port 36768
Apr 18 15:35:01 a952d0d9ca03 sshd[3139]: error: Could not get shadow information for NOUSER
Apr 18 15:35:01 a952d0d9ca03 sshd[3139]: Failed none for invalid user toor from 172.30.185.13 port 36768 ssh2
Apr 18 15:35:01 a952d0d9ca03 sshd[3141]: Invalid user kian from 172.30.185.16 port 58910
Apr 18 15:35:01 a952d0d9ca03 sshd[3141]: error: Could not get shadow information for NOUSER
Apr 18 15:35:01 a952d0d9ca03 sshd[3141]: Failed none for invalid user kian from 172.30.185.16 port 58910 ssh2
Apr 18 15:35:01 a952d0d9ca03 sshd[3139]: Failed password for invalid user toor from 172.30.185.13 port 36768 ssh2
Apr 18 15:35:01 a952d0d9ca03 sshd[3139]: Connection closed by invalid user toor 172.30.185.13 port 36768 [preauth]
Apr 18 15:35:01 a952d0d9ca03 sshd[3141]: Failed password for invalid user kian from 172.30.185.16 port 58910 ssh2
Apr 18 15:35:01 a952d0d9ca03 sshd[3141]: Connection closed by invalid user kian 172.30.185.16 port 58910 [preauth]
Apr 18 15:35:01 a952d0d9ca03 sshd[3143]: Invalid user wasabi from 172.30.185.12 port 34238
Apr 18 15:35:01 a952d0d9ca03 sshd[3143]: error: Could not get shadow information for NOUSER
Apr 18 15:35:01 a952d0d9ca03 sshd[3143]: Failed none for invalid user wasabi from 172.30.185.12 port 34238 ssh2
Apr 18 15:35:01 a952d0d9ca03 sshd[3143]: Failed password for invalid user wasabi from 172.30.185.12 port 34238 ssh2
Apr 18 15:35:01 a952d0d9ca03 sshd[3143]: Connection closed by invalid user wasabi 172.30.185.12 port 34238 [preauth]
Apr 18 15:35:01 a952d0d9ca03 sshd[3145]: Invalid user njzf from 172.30.185.11 port 57566
Apr 18 15:35:01 a952d0d9ca03 sshd[3145]: error: Could not get shadow information for NOUSER
Apr 18 15:35:01 a952d0d9ca03 sshd[3145]: Failed none for invalid user njzf from 172.30.185.11 port 57566 ssh2
Apr 18 15:35:01 a952d0d9ca03 sshd[3147]: Invalid user master from 172.30.185.15 port 46412
Apr 18 15:35:01 a952d0d9ca03 sshd[3147]: error: Could not get shadow information for NOUSER
Apr 18 15:35:01 a952d0d9ca03 sshd[3147]: Failed none for invalid user master from 172.30.185.15 port 46412 ssh2
Apr 18 15:35:01 a952d0d9ca03 sshd[3145]: Failed password for invalid user njzf from 172.30.185.11 port 57566 ssh2
Apr 18 15:35:01 a952d0d9ca03 sshd[3145]: Connection closed by invalid user njzf 172.30.185.11 port 57566 [preauth]
Apr 18 15:35:01 a952d0d9ca03 sshd[3149]: Invalid user foundry from 172.30.185.14 port 52182
Apr 18 15:35:01 a952d0d9ca03 sshd[3149]: error: Could not get shadow information for NOUSER
Apr 18 15:35:01 a952d0d9ca03 sshd[3147]: Failed password for invalid user master from 172.30.185.15 port 46412 ssh2
Apr 18 15:35:01 a952d0d9ca03 sshd[3149]: Failed none for invalid user foundry from 172.30.185.14 port 52182 ssh2
Apr 18 15:35:01 a952d0d9ca03 sshd[3147]: Connection closed by invalid user master 172.30.185.15 port 46412 [preauth]
Apr 18 15:35:01 a952d0d9ca03 sshd[3149]: Failed password for invalid user foundry from 172.30.185.14 port 52182 ssh2
Apr 18 15:35:01 a952d0d9ca03 sshd[3149]: Connection closed by invalid user foundry 172.30.185.14 port 52182 [preauth]
Apr 18 15:35:01 a952d0d9ca03 sshd[3153]: Invalid user toor from 172.30.185.13 port 36782
Apr 18 15:35:01 a952d0d9ca03 sshd[3153]: error: Could not get shadow information for NOUSER
Apr 18 15:35:01 a952d0d9ca03 sshd[3153]: Failed none for invalid user toor from 172.30.185.13 port 36782 ssh2
Apr 18 15:35:01 a952d0d9ca03 sshd[3153]: Failed password for invalid user toor from 172.30.185.13 port 36782 ssh2
Apr 18 15:35:01 a952d0d9ca03 sshd[3153]: Connection closed by invalid user toor 172.30.185.13 port 36782 [preauth]
Apr 18 15:35:01 a952d0d9ca03 sshd[3157]: Invalid user wasabi from 172.30.185.12 port 34246
Apr 18 15:35:01 a952d0d9ca03 sshd[3157]: error: Could not get shadow information for NOUSER
Apr 18 15:35:01 a952d0d9ca03 sshd[3157]: Failed none for invalid user wasabi from 172.30.185.12 port 34246 ssh2
Apr 18 15:35:01 a952d0d9ca03 sshd[3157]: Failed password for invalid user wasabi from 172.30.185.12 port 34246 ssh2
Apr 18 15:35:01 a952d0d9ca03 sshd[3157]: Connection closed by invalid user wasabi 172.30.185.12 port 34246 [preauth]
Apr 18 15:35:01 a952d0d9ca03 sshd[3151]: Failed password for ratchet from 172.30.185.17 port 46584 ssh2
Apr 18 15:35:01 a952d0d9ca03 sshd[3151]: Connection closed by authenticating user ratchet 172.30.185.17 port 46584 [preauth]
Apr 18 15:35:01 a952d0d9ca03 sshd[3155]: Invalid user kian from 172.30.185.16 port 58912
Apr 18 15:35:01 a952d0d9ca03 sshd[3155]: error: Could not get shadow information for NOUSER
Apr 18 15:35:01 a952d0d9ca03 sshd[3155]: Failed none for invalid user kian from 172.30.185.16 port 58912 ssh2
Apr 18 15:35:01 a952d0d9ca03 sshd[3155]: Failed password for invalid user kian from 172.30.185.16 port 58912 ssh2
Apr 18 15:35:01 a952d0d9ca03 sshd[3155]: Connection closed by invalid user kian 172.30.185.16 port 58912 [preauth]
Apr 18 15:35:01 a952d0d9ca03 sshd[3159]: Invalid user master from 172.30.185.15 port 46428
Apr 18 15:35:01 a952d0d9ca03 sshd[3159]: error: Could not get shadow information for NOUSER
Apr 18 15:35:01 a952d0d9ca03 sshd[3159]: Failed none for invalid user master from 172.30.185.15 port 46428 ssh2
Apr 18 15:35:01 a952d0d9ca03 sshd[3160]: Invalid user foundry from 172.30.185.14 port 52188
Apr 18 15:35:01 a952d0d9ca03 sshd[3160]: error: Could not get shadow information for NOUSER
Apr 18 15:35:01 a952d0d9ca03 sshd[3159]: Failed password for invalid user master from 172.30.185.15 port 46428 ssh2
Apr 18 15:35:01 a952d0d9ca03 sshd[3160]: Failed none for invalid user foundry from 172.30.185.14 port 52188 ssh2
Apr 18 15:35:01 a952d0d9ca03 sshd[3159]: Connection closed by invalid user master 172.30.185.15 port 46428 [preauth]
Apr 18 15:35:01 a952d0d9ca03 sshd[3160]: Failed password for invalid user foundry from 172.30.185.14 port 52188 ssh2
Apr 18 15:35:01 a952d0d9ca03 sshd[3160]: Connection closed by invalid user foundry 172.30.185.14 port 52188 [preauth]
Apr 18 15:35:01 a952d0d9ca03 sshd[3163]: Invalid user toor from 172.30.185.13 port 36798
Apr 18 15:35:01 a952d0d9ca03 sshd[3165]: Invalid user wasabi from 172.30.185.12 port 34262
Apr 18 15:35:01 a952d0d9ca03 sshd[3163]: error: Could not get shadow information for NOUSER
Apr 18 15:35:01 a952d0d9ca03 sshd[3165]: error: Could not get shadow information for NOUSER
Apr 18 15:35:01 a952d0d9ca03 sshd[3163]: Failed none for invalid user toor from 172.30.185.13 port 36798 ssh2
Apr 18 15:35:01 a952d0d9ca03 sshd[3165]: Failed none for invalid user wasabi from 172.30.185.12 port 34262 ssh2
Apr 18 15:35:01 a952d0d9ca03 sshd[3165]: Failed password for invalid user wasabi from 172.30.185.12 port 34262 ssh2
Apr 18 15:35:01 a952d0d9ca03 sshd[3163]: Failed password for invalid user toor from 172.30.185.13 port 36798 ssh2
Apr 18 15:35:01 a952d0d9ca03 sshd[3163]: Connection closed by invalid user toor 172.30.185.13 port 36798 [preauth]
Apr 18 15:35:01 a952d0d9ca03 sshd[3165]: Connection closed by invalid user wasabi 172.30.185.12 port 34262 [preauth]
Apr 18 15:35:01 a952d0d9ca03 sshd[3166]: Invalid user cameron from 172.30.185.17 port 46598
Apr 18 15:35:01 a952d0d9ca03 sshd[3166]: error: Could not get shadow information for NOUSER
Apr 18 15:35:01 a952d0d9ca03 sshd[3166]: Failed none for invalid user cameron from 172.30.185.17 port 46598 ssh2
Apr 18 15:35:01 a952d0d9ca03 sshd[3166]: Failed password for invalid user cameron from 172.30.185.17 port 46598 ssh2
Apr 18 15:35:01 a952d0d9ca03 sshd[3166]: Connection closed by invalid user cameron 172.30.185.17 port 46598 [preauth]
Apr 18 15:35:01 a952d0d9ca03 sshd[3169]: Invalid user kian from 172.30.185.16 port 58916
Apr 18 15:35:01 a952d0d9ca03 sshd[3169]: error: Could not get shadow information for NOUSER
Apr 18 15:35:01 a952d0d9ca03 sshd[3169]: Failed none for invalid user kian from 172.30.185.16 port 58916 ssh2
Apr 18 15:35:01 a952d0d9ca03 sshd[3169]: Failed password for invalid user kian from 172.30.185.16 port 58916 ssh2
Apr 18 15:35:01 a952d0d9ca03 sshd[3169]: Connection closed by invalid user kian 172.30.185.16 port 58916 [preauth]
Apr 18 15:35:01 a952d0d9ca03 sshd[3171]: Invalid user master from 172.30.185.15 port 46444
Apr 18 15:35:01 a952d0d9ca03 sshd[3171]: error: Could not get shadow information for NOUSER
Apr 18 15:35:01 a952d0d9ca03 sshd[3171]: Failed none for invalid user master from 172.30.185.15 port 46444 ssh2
Apr 18 15:35:01 a952d0d9ca03 sshd[3171]: Failed password for invalid user master from 172.30.185.15 port 46444 ssh2
Apr 18 15:35:01 a952d0d9ca03 sshd[3173]: Invalid user foundry from 172.30.185.14 port 52198
Apr 18 15:35:01 a952d0d9ca03 sshd[3173]: error: Could not get shadow information for NOUSER
Apr 18 15:35:01 a952d0d9ca03 sshd[3171]: Connection closed by invalid user master 172.30.185.15 port 46444 [preauth]
Apr 18 15:35:01 a952d0d9ca03 sshd[3173]: Failed none for invalid user foundry from 172.30.185.14 port 52198 ssh2
Apr 18 15:35:01 a952d0d9ca03 sshd[3173]: Failed password for invalid user foundry from 172.30.185.14 port 52198 ssh2
Apr 18 15:35:01 a952d0d9ca03 sshd[3173]: Connection closed by invalid user foundry 172.30.185.14 port 52198 [preauth]
Apr 18 15:35:02 a952d0d9ca03 sshd[3175]: Invalid user magcpt from 172.30.185.18 port 46038
Apr 18 15:35:02 a952d0d9ca03 sshd[3175]: error: Could not get shadow information for NOUSER
Apr 18 15:35:02 a952d0d9ca03 sshd[3175]: Failed none for invalid user magcpt from 172.30.185.18 port 46038 ssh2
Apr 18 15:35:02 a952d0d9ca03 sshd[3175]: Failed password for invalid user magcpt from 172.30.185.18 port 46038 ssh2
Apr 18 15:35:02 a952d0d9ca03 sshd[3175]: Connection closed by invalid user magcpt 172.30.185.18 port 46038 [preauth]
Apr 18 15:35:02 a952d0d9ca03 sshd[3177]: Invalid user toor from 172.30.185.13 port 36814
Apr 18 15:35:02 a952d0d9ca03 sshd[3177]: error: Could not get shadow information for NOUSER
Apr 18 15:35:02 a952d0d9ca03 sshd[3177]: Failed none for invalid user toor from 172.30.185.13 port 36814 ssh2
Apr 18 15:35:02 a952d0d9ca03 sshd[3177]: Failed password for invalid user toor from 172.30.185.13 port 36814 ssh2
Apr 18 15:35:02 a952d0d9ca03 sshd[3177]: Connection closed by invalid user toor 172.30.185.13 port 36814 [preauth]
Apr 18 15:35:02 a952d0d9ca03 sshd[3181]: Invalid user cameron from 172.30.185.17 port 46612
Apr 18 15:35:02 a952d0d9ca03 sshd[3181]: error: Could not get shadow information for NOUSER
Apr 18 15:35:02 a952d0d9ca03 sshd[3181]: Failed none for invalid user cameron from 172.30.185.17 port 46612 ssh2
Apr 18 15:35:02 a952d0d9ca03 sshd[3179]: Invalid user account from 172.30.185.19 port 44338
Apr 18 15:35:02 a952d0d9ca03 sshd[3179]: error: Could not get shadow information for NOUSER
Apr 18 15:35:02 a952d0d9ca03 sshd[3179]: Failed none for invalid user account from 172.30.185.19 port 44338 ssh2
Apr 18 15:35:02 a952d0d9ca03 sshd[3181]: Failed password for invalid user cameron from 172.30.185.17 port 46612 ssh2
Apr 18 15:35:02 a952d0d9ca03 sshd[3181]: Connection closed by invalid user cameron 172.30.185.17 port 46612 [preauth]
Apr 18 15:35:02 a952d0d9ca03 sshd[3179]: Failed password for invalid user account from 172.30.185.19 port 44338 ssh2
Apr 18 15:35:02 a952d0d9ca03 sshd[3179]: Connection closed by invalid user account 172.30.185.19 port 44338 [preauth]
Apr 18 15:35:02 a952d0d9ca03 sshd[3183]: Invalid user kian from 172.30.185.16 port 58922
Apr 18 15:35:02 a952d0d9ca03 sshd[3183]: error: Could not get shadow information for NOUSER
Apr 18 15:35:02 a952d0d9ca03 sshd[3183]: Failed none for invalid user kian from 172.30.185.16 port 58922 ssh2
Apr 18 15:35:02 a952d0d9ca03 sshd[3185]: Invalid user master from 172.30.185.15 port 46456
Apr 18 15:35:02 a952d0d9ca03 sshd[3185]: error: Could not get shadow information for NOUSER
Apr 18 15:35:02 a952d0d9ca03 sshd[3185]: Failed none for invalid user master from 172.30.185.15 port 46456 ssh2
Apr 18 15:35:02 a952d0d9ca03 sshd[3183]: Failed password for invalid user kian from 172.30.185.16 port 58922 ssh2
Apr 18 15:35:02 a952d0d9ca03 sshd[3183]: Connection closed by invalid user kian 172.30.185.16 port 58922 [preauth]
Apr 18 15:35:02 a952d0d9ca03 sshd[3185]: Failed password for invalid user master from 172.30.185.15 port 46456 ssh2
Apr 18 15:35:02 a952d0d9ca03 sshd[3185]: Connection closed by invalid user master 172.30.185.15 port 46456 [preauth]
Apr 18 15:35:02 a952d0d9ca03 sshd[3187]: Invalid user foundry from 172.30.185.14 port 52214
Apr 18 15:35:02 a952d0d9ca03 sshd[3187]: error: Could not get shadow information for NOUSER
Apr 18 15:35:02 a952d0d9ca03 sshd[3187]: Failed none for invalid user foundry from 172.30.185.14 port 52214 ssh2
Apr 18 15:35:02 a952d0d9ca03 sshd[3187]: Failed password for invalid user foundry from 172.30.185.14 port 52214 ssh2
Apr 18 15:35:02 a952d0d9ca03 sshd[3187]: Connection closed by invalid user foundry 172.30.185.14 port 52214 [preauth]
Apr 18 15:35:02 a952d0d9ca03 sshd[3189]: Invalid user scm from 172.30.185.18 port 46044
Apr 18 15:35:02 a952d0d9ca03 sshd[3189]: error: Could not get shadow information for NOUSER
Apr 18 15:35:02 a952d0d9ca03 sshd[3189]: Failed none for invalid user scm from 172.30.185.18 port 46044 ssh2
Apr 18 15:35:02 a952d0d9ca03 sshd[3189]: Failed password for invalid user scm from 172.30.185.18 port 46044 ssh2
Apr 18 15:35:02 a952d0d9ca03 sshd[3189]: Connection closed by invalid user scm 172.30.185.18 port 46044 [preauth]
Apr 18 15:35:02 a952d0d9ca03 sshd[3193]: Invalid user cameron from 172.30.185.17 port 46628
Apr 18 15:35:02 a952d0d9ca03 sshd[3193]: error: Could not get shadow information for NOUSER
Apr 18 15:35:02 a952d0d9ca03 sshd[3193]: Failed none for invalid user cameron from 172.30.185.17 port 46628 ssh2
Apr 18 15:35:02 a952d0d9ca03 sshd[3193]: Failed password for invalid user cameron from 172.30.185.17 port 46628 ssh2
Apr 18 15:35:02 a952d0d9ca03 sshd[3193]: Connection closed by invalid user cameron 172.30.185.17 port 46628 [preauth]
Apr 18 15:35:02 a952d0d9ca03 sshd[3191]: Invalid user toor from 172.30.185.13 port 36826
Apr 18 15:35:02 a952d0d9ca03 sshd[3191]: error: Could not get shadow information for NOUSER
Apr 18 15:35:02 a952d0d9ca03 sshd[3191]: Failed none for invalid user toor from 172.30.185.13 port 36826 ssh2
Apr 18 15:35:02 a952d0d9ca03 sshd[3195]: Invalid user diego from 172.30.185.19 port 44354
Apr 18 15:35:02 a952d0d9ca03 sshd[3195]: error: Could not get shadow information for NOUSER
Apr 18 15:35:02 a952d0d9ca03 sshd[3195]: Failed none for invalid user diego from 172.30.185.19 port 44354 ssh2
Apr 18 15:35:02 a952d0d9ca03 sshd[3191]: Failed password for invalid user toor from 172.30.185.13 port 36826 ssh2
Apr 18 15:35:02 a952d0d9ca03 sshd[3191]: Connection closed by invalid user toor 172.30.185.13 port 36826 [preauth]
Apr 18 15:35:02 a952d0d9ca03 sshd[3195]: Failed password for invalid user diego from 172.30.185.19 port 44354 ssh2
Apr 18 15:35:02 a952d0d9ca03 sshd[3195]: Connection closed by invalid user diego 172.30.185.19 port 44354 [preauth]
Apr 18 15:35:02 a952d0d9ca03 sshd[3198]: Invalid user master from 172.30.185.15 port 46468
Apr 18 15:35:02 a952d0d9ca03 sshd[3198]: error: Could not get shadow information for NOUSER
Apr 18 15:35:02 a952d0d9ca03 sshd[3198]: Failed none for invalid user master from 172.30.185.15 port 46468 ssh2
Apr 18 15:35:02 a952d0d9ca03 sshd[3198]: Failed password for invalid user master from 172.30.185.15 port 46468 ssh2
Apr 18 15:35:02 a952d0d9ca03 sshd[3198]: Connection closed by invalid user master 172.30.185.15 port 46468 [preauth]
Apr 18 15:35:02 a952d0d9ca03 sshd[3197]: Invalid user kian from 172.30.185.16 port 58924
Apr 18 15:35:02 a952d0d9ca03 sshd[3197]: error: Could not get shadow information for NOUSER
Apr 18 15:35:02 a952d0d9ca03 sshd[3197]: Failed none for invalid user kian from 172.30.185.16 port 58924 ssh2
Apr 18 15:35:02 a952d0d9ca03 sshd[3201]: Invalid user foundry from 172.30.185.14 port 52228
Apr 18 15:35:02 a952d0d9ca03 sshd[3201]: error: Could not get shadow information for NOUSER
Apr 18 15:35:02 a952d0d9ca03 sshd[3197]: Failed password for invalid user kian from 172.30.185.16 port 58924 ssh2
Apr 18 15:35:02 a952d0d9ca03 sshd[3201]: Failed none for invalid user foundry from 172.30.185.14 port 52228 ssh2
Apr 18 15:35:02 a952d0d9ca03 sshd[3197]: Connection closed by invalid user kian 172.30.185.16 port 58924 [preauth]
Apr 18 15:35:02 a952d0d9ca03 sshd[3201]: Failed password for invalid user foundry from 172.30.185.14 port 52228 ssh2
Apr 18 15:35:02 a952d0d9ca03 sshd[3201]: Connection closed by invalid user foundry 172.30.185.14 port 52228 [preauth]
Apr 18 15:35:02 a952d0d9ca03 sshd[3205]: Invalid user github from 172.30.185.20 port 47402
Apr 18 15:35:02 a952d0d9ca03 sshd[3205]: error: Could not get shadow information for NOUSER
Apr 18 15:35:02 a952d0d9ca03 sshd[3205]: Failed none for invalid user github from 172.30.185.20 port 47402 ssh2
