Apr 18 15:34:51 a952d0d9ca03 sshd[2816]: Failed none for invalid user nikhil from 172.30.185.21 port 48118 ssh2
Apr 18 15:34:51 a952d0d9ca03 sshd[2816]: Failed password for invalid user nikhil from 172.30.185.21 port 48118 ssh2
Apr 18 15:34:51 a952d0d9ca03 sshd[2815]: Failed password for invalid user magcpt from 172.30.185.18 port 54856 ssh2
Apr 18 15:34:51 a952d0d9ca03 sshd[2816]: Connection closed by invalid user nikhil 172.30.185.21 port 48118 [preauth]
Apr 18 15:34:51 a952d0d9ca03 sshd[2815]: Connection closed by invalid user magcpt 172.30.185.18 port 54856 [preauth]
Apr 18 15:34:51 a952d0d9ca03 sshd[2823]: Invalid user raul from 172.30.185.23 port 53380
Apr 18 15:34:51 a952d0d9ca03 sshd[2823]: error: Could not get shadow information for NOUSER
Apr 18 15:34:51 a952d0d9ca03 sshd[2823]: Failed none for invalid user raul from 172.30.185.23 port 53380 ssh2
Apr 18 15:34:51 a952d0d9ca03 sshd[2823]: Failed password for invalid user raul from 172.30.185.23 port 53380 ssh2
Apr 18 15:34:51 a952d0d9ca03 sshd[2825]: Invalid user github from 172.30.185.20 port 38674
Apr 18 15:34:51 a952d0d9ca03 sshd[2825]: error: Could not get shadow information for NOUSER
Apr 18 15:34:51 a952d0d9ca03 sshd[2823]: Connection closed by invalid user raul 172.30.185.23 port 53380 [preauth]
Apr 18 15:34:51 a952d0d9ca03 sshd[2825]: Failed none for invalid user github from 172.30.185.20 port 38674 ssh2
Apr 18 15:34:51 a952d0d9ca03 sshd[2825]: Failed password for invalid user github from 172.30.185.20 port 38674 ssh2
Apr 18 15:34:51 a952d0d9ca03 sshd[2825]: Connection closed by invalid user github 172.30.185.20 port 38674 [preauth]
Apr 18 15:34:51 a952d0d9ca03 sshd[2828]: Invalid user account from 172.30.185.19 port 49752
Apr 18 15:34:51 a952d0d9ca03 sshd[2828]: error: Could not get shadow information for NOUSER
Apr 18 15:34:51 a952d0d9ca03 sshd[2828]: Failed none for invalid user account from 172.30.185.19 port 49752 ssh2
Apr 18 15:34:51 a952d0d9ca03 sshd[2827]: Invalid user data from 172.30.185.26 port 36354
Apr 18 15:34:51 a952d0d9ca03 sshd[2827]: error: Could not get shadow information for NOUSER
Apr 18 15:34:51 a952d0d9ca03 sshd[2828]: Failed password for invalid user account from 172.30.185.19 port 49752 ssh2
Apr 18 15:34:51 a952d0d9ca03 sshd[2828]: Connection closed by invalid user account 172.30.185.19 port 49752 [preauth]
Apr 18 15:34:51 a952d0d9ca03 sshd[2827]: Failed none for invalid user data from 172.30.185.26 port 36354 ssh2
Apr 18 15:34:51 a952d0d9ca03 sshd[2831]: Invalid user mosprop from 172.30.185.22 port 45360
Apr 18 15:34:51 a952d0d9ca03 sshd[2831]: error: Could not get shadow information for NOUSER
Apr 18 15:34:51 a952d0d9ca03 sshd[2831]: Failed none for invalid user mosprop from 172.30.185.22 port 45360 ssh2
Apr 18 15:34:51 a952d0d9ca03 sshd[2827]: Failed password for invalid user data from 172.30.185.26 port 36354 ssh2
Apr 18 15:34:51 a952d0d9ca03 sshd[2827]: Connection closed by invalid user data 172.30.185.26 port 36354 [preauth]
Apr 18 15:34:51 a952d0d9ca03 sshd[2831]: Failed password for invalid user mosprop from 172.30.185.22 port 45360 ssh2
Apr 18 15:34:51 a952d0d9ca03 sshd[2831]: Connection closed by invalid user mosprop 172.30.185.22 port 45360 [preauth]
Apr 18 15:34:51 a952d0d9ca03 sshd[2833]: Invalid user poiwu from 172.30.185.24 port 42700
Apr 18 15:34:51 a952d0d9ca03 sshd[2833]: error: Could not get shadow information for NOUSER
Apr 18 15:34:51 a952d0d9ca03 sshd[2833]: Failed none for invalid user poiwu from 172.30.185.24 port 42700 ssh2
Apr 18 15:34:51 a952d0d9ca03 sshd[2835]: Invalid user wms from 172.30.185.25 port 36186
Apr 18 15:34:51 a952d0d9ca03 sshd[2833]: Failed password for invalid user poiwu from 172.30.185.24 port 42700 ssh2
Apr 18 15:34:51 a952d0d9ca03 sshd[2835]: error: Could not get shadow information for NOUSER
Apr 18 15:34:51 a952d0d9ca03 sshd[2833]: Connection closed by invalid user poiwu 172.30.185.24 port 42700 [preauth]
Apr 18 15:34:51 a952d0d9ca03 sshd[2835]: Failed none for invalid user wms from 172.30.185.25 port 36186 ssh2
Apr 18 15:34:51 a952d0d9ca03 sshd[2835]: Failed password for invalid user wms from 172.30.185.25 port 36186 ssh2
Apr 18 15:34:51 a952d0d9ca03 sshd[2835]: Connection closed by invalid user wms 172.30.185.25 port 36186 [preauth]
Apr 18 15:34:51 a952d0d9ca03 sshd[2837]: Invalid user nikhil from 172.30.185.21 port 48122
Apr 18 15:34:51 a952d0d9ca03 sshd[2837]: error: Could not get shadow information for NOUSER
Apr 18 15:34:51 a952d0d9ca03 sshd[2838]: Invalid user magcpt from 172.30.185.18 port 54870
Apr 18 15:34:51 a952d0d9ca03 sshd[2838]: error: Could not get shadow information for NOUSER
Apr 18 15:34:51 a952d0d9ca03 sshd[2837]: Failed none for invalid user nikhil from 172.30.185.21 port 48122 ssh2
Apr 18 15:34:51 a952d0d9ca03 sshd[2838]: Failed none for invalid user magcpt from 172.30.185.18 port 54870 ssh2
Apr 18 15:34:51 a952d0d9ca03 sshd[2837]: Failed password for invalid user nikhil from 172.30.185.21 port 48122 ssh2
Apr 18 15:34:51 a952d0d9ca03 sshd[2837]: Connection closed by invalid user nikhil 172.30.185.21 port 48122 [preauth]
Apr 18 15:34:51 a952d0d9ca03 sshd[2838]: Failed password for invalid user magcpt from 172.30.185.18 port 54870 ssh2
Apr 18 15:34:51 a952d0d9ca03 sshd[2838]: Connection closed by invalid user magcpt 172.30.185.18 port 54870 [preauth]
Apr 18 15:34:51 a952d0d9ca03 sshd[2843]: Invalid user github from 172.30.185.20 port 38686
Apr 18 15:34:51 a952d0d9ca03 sshd[2843]: error: Could not get shadow information for NOUSER
Apr 18 15:34:51 a952d0d9ca03 sshd[2843]: Failed none for invalid user github from 172.30.185.20 port 38686 ssh2
Apr 18 15:34:51 a952d0d9ca03 sshd[2841]: Invalid user raul from 172.30.185.23 port 53394
Apr 18 15:34:51 a952d0d9ca03 sshd[2841]: error: Could not get shadow information for NOUSER
Apr 18 15:34:51 a952d0d9ca03 sshd[2841]: Failed none for invalid user raul from 172.30.185.23 port 53394 ssh2
Apr 18 15:34:51 a952d0d9ca03 sshd[2843]: Failed password for invalid user github from 172.30.185.20 port 38686 ssh2
Apr 18 15:34:51 a952d0d9ca03 sshd[2843]: Connection closed by invalid user github 172.30.185.20 port 38686 [preauth]
Apr 18 15:34:51 a952d0d9ca03 sshd[2845]: Invalid user account from 172.30.185.19 port 49768
Apr 18 15:34:51 a952d0d9ca03 sshd[2845]: error: Could not get shadow information for NOUSER
Apr 18 15:34:51 a952d0d9ca03 sshd[2841]: Failed password for invalid user raul from 172.30.185.23 port 53394 ssh2
Apr 18 15:34:51 a952d0d9ca03 sshd[2845]: Failed none for invalid user account from 172.30.185.19 port 49768 ssh2
Apr 18 15:34:51 a952d0d9ca03 sshd[2841]: Connection closed by invalid user raul 172.30.185.23 port 53394 [preauth]
Apr 18 15:34:51 a952d0d9ca03 sshd[2845]: Failed password for invalid user account from 172.30.185.19 port 49768 ssh2
Apr 18 15:34:51 a952d0d9ca03 sshd[2845]: Connection closed by invalid user account 172.30.185.19 port 49768 [preauth]
Apr 18 15:34:51 a952d0d9ca03 sshd[2848]: Invalid user mosprop from 172.30.185.22 port 45370
Apr 18 15:34:51 a952d0d9ca03 sshd[2848]: error: Could not get shadow information for NOUSER
Apr 18 15:34:51 a952d0d9ca03 sshd[2848]: Failed none for invalid user mosprop from 172.30.185.22 port 45370 ssh2
Apr 18 15:34:51 a952d0d9ca03 sshd[2848]: Failed password for invalid user mosprop from 172.30.185.22 port 45370 ssh2
Apr 18 15:34:51 a952d0d9ca03 sshd[2848]: Connection closed by invalid user mosprop 172.30.185.22 port 45370 [preauth]
Apr 18 15:34:51 a952d0d9ca03 sshd[2847]: Invalid user data from 172.30.185.26 port 36362
Apr 18 15:34:51 a952d0d9ca03 sshd[2847]: error: Could not get shadow information for NOUSER
Apr 18 15:34:51 a952d0d9ca03 sshd[2847]: Failed none for invalid user data from 172.30.185.26 port 36362 ssh2
Apr 18 15:34:51 a952d0d9ca03 sshd[2847]: Failed password for invalid user data from 172.30.185.26 port 36362 ssh2
Apr 18 15:34:51 a952d0d9ca03 sshd[2847]: Connection closed by invalid user data 172.30.185.26 port 36362 [preauth]
Apr 18 15:34:51 a952d0d9ca03 sshd[2853]: Invalid user wms from 172.30.185.25 port 36202
Apr 18 15:34:51 a952d0d9ca03 sshd[2853]: error: Could not get shadow information for NOUSER
Apr 18 15:34:51 a952d0d9ca03 sshd[2853]: Failed none for invalid user wms from 172.30.185.25 port 36202 ssh2
Apr 18 15:34:51 a952d0d9ca03 sshd[2851]: Invalid user poiwu from 172.30.185.24 port 42714
Apr 18 15:34:51 a952d0d9ca03 sshd[2851]: error: Could not get shadow information for NOUSER
Apr 18 15:34:51 a952d0d9ca03 sshd[2851]: Failed none for invalid user poiwu from 172.30.185.24 port 42714 ssh2
Apr 18 15:34:51 a952d0d9ca03 sshd[2853]: Failed password for invalid user wms from 172.30.185.25 port 36202 ssh2
Apr 18 15:34:52 a952d0d9ca03 sshd[2853]: Connection closed by invalid user wms 172.30.185.25 port 36202 [preauth]
Apr 18 15:34:52 a952d0d9ca03 sshd[2851]: Failed password for invalid user poiwu from 172.30.185.24 port 42714 ssh2
Apr 18 15:34:52 a952d0d9ca03 sshd[2851]: Connection closed by invalid user poiwu 172.30.185.24 port 42714 [preauth]
Apr 18 15:34:52 a952d0d9ca03 sshd[2857]: Invalid user github from 172.30.185.20 port 38698
Apr 18 15:34:52 a952d0d9ca03 sshd[2857]: error: Could not get shadow information for NOUSER
Apr 18 15:34:52 a952d0d9ca03 sshd[2855]: Invalid user nikhil from 172.30.185.21 port 48138
Apr 18 15:34:52 a952d0d9ca03 sshd[2857]: Failed none for invalid user github from 172.30.185.20 port 38698 ssh2
Apr 18 15:34:52 a952d0d9ca03 sshd[2855]: error: Could not get shadow information for NOUSER
Apr 18 15:34:52 a952d0d9ca03 sshd[2855]: Failed none for invalid user nikhil from 172.30.185.21 port 48138 ssh2
Apr 18 15:34:52 a952d0d9ca03 sshd[2855]: Failed password for invalid user nikhil from 172.30.185.21 port 48138 ssh2
Apr 18 15:34:52 a952d0d9ca03 sshd[2857]: Failed password for invalid user github from 172.30.185.20 port 38698 ssh2
Apr 18 15:34:52 a952d0d9ca03 sshd[2855]: Connection closed by invalid user nikhil 172.30.185.21 port 48138 [preauth]
Apr 18 15:34:52 a952d0d9ca03 sshd[2857]: Connection closed by invalid user github 172.30.185.20 port 38698 [preauth]
Apr 18 15:34:52 a952d0d9ca03 sshd[2859]: Invalid user raul from 172.30.185.23 port 53408
Apr 18 15:34:52 a952d0d9ca03 sshd[2859]: error: Could not get shadow information for NOUSER
Apr 18 15:34:52 a952d0d9ca03 sshd[2859]: Failed none for invalid user raul from 172.30.185.23 port 53408 ssh2
Apr 18 15:34:52 a952d0d9ca03 sshd[2859]: Failed password for invalid user raul from 172.30.185.23 port 53408 ssh2
Apr 18 15:34:52 a952d0d9ca03 sshd[2859]: Connection closed by invalid user raul 172.30.185.23 port 53408 [preauth]
Apr 18 15:34:52 a952d0d9ca03 sshd[2861]: Invalid user mosprop from 172.30.185.22 port 45384
Apr 18 15:34:52 a952d0d9ca03 sshd[2861]: error: Could not get shadow information for NOUSER
Apr 18 15:34:52 a952d0d9ca03 sshd[2861]: Failed none for invalid user mosprop from 172.30.185.22 port 45384 ssh2
Apr 18 15:34:52 a952d0d9ca03 sshd[2863]: Invalid user data from 172.30.185.26 port 36376
Apr 18 15:34:52 a952d0d9ca03 sshd[2863]: error: Could not get shadow information for NOUSER
Apr 18 15:34:52 a952d0d9ca03 sshd[2863]: Failed none for invalid user data from 172.30.185.26 port 36376 ssh2
Apr 18 15:34:52 a952d0d9ca03 sshd[2861]: Failed password for invalid user mosprop from 172.30.185.22 port 45384 ssh2
Apr 18 15:34:52 a952d0d9ca03 sshd[2861]: Connection closed by invalid user mosprop 172.30.185.22 port 45384 [preauth]
Apr 18 15:34:52 a952d0d9ca03 sshd[2863]: Failed password for invalid user data from 172.30.185.26 port 36376 ssh2
Apr 18 15:34:52 a952d0d9ca03 sshd[2863]: Connection closed by invalid user data 172.30.185.26 port 36376 [preauth]
Apr 18 15:34:52 a952d0d9ca03 sshd[2865]: Invalid user wms from 172.30.185.25 port 36218
Apr 18 15:34:52 a952d0d9ca03 sshd[2865]: error: Could not get shadow information for NOUSER
Apr 18 15:34:52 a952d0d9ca03 sshd[2865]: Failed none for invalid user wms from 172.30.185.25 port 36218 ssh2
Apr 18 15:34:52 a952d0d9ca03 sshd[2866]: Invalid user poiwu from 172.30.185.24 port 42730
Apr 18 15:34:52 a952d0d9ca03 sshd[2866]: error: Could not get shadow information for NOUSER
Apr 18 15:34:52 a952d0d9ca03 sshd[2866]: Failed none for invalid user poiwu from 172.30.185.24 port 42730 ssh2
Apr 18 15:34:52 a952d0d9ca03 sshd[2865]: Failed password for invalid user wms from 172.30.185.25 port 36218 ssh2
Apr 18 15:34:52 a952d0d9ca03 sshd[2865]: Connection closed by invalid user wms 172.30.185.25 port 36218 [preauth]
Apr 18 15:34:52 a952d0d9ca03 sshd[2866]: Failed password for invalid user poiwu from 172.30.185.24 port 42730 ssh2
Apr 18 15:34:52 a952d0d9ca03 sshd[2866]: Connection closed by invalid user poiwu 172.30.185.24 port 42730 [preauth]
Apr 18 15:34:52 a952d0d9ca03 sshd[2870]: Invalid user github from 172.30.185.20 port 38700
Apr 18 15:34:52 a952d0d9ca03 sshd[2870]: error: Could not get shadow information for NOUSER
Apr 18 15:34:52 a952d0d9ca03 sshd[2870]: Failed none for invalid user github from 172.30.185.20 port 38700 ssh2
Apr 18 15:34:52 a952d0d9ca03 sshd[2870]: Failed password for invalid user github from 172.30.185.20 port 38700 ssh2
Apr 18 15:34:52 a952d0d9ca03 sshd[2870]: Connection closed by invalid user github 172.30.185.20 port 38700 [preauth]
Apr 18 15:34:52 a952d0d9ca03 sshd[2869]: Invalid user nikhil from 172.30.185.21 port 48140
Apr 18 15:34:52 a952d0d9ca03 sshd[2869]: error: Could not get shadow information for NOUSER
Apr 18 15:34:52 a952d0d9ca03 sshd[2869]: Failed none for invalid user nikhil from 172.30.185.21 port 48140 ssh2
Apr 18 15:34:52 a952d0d9ca03 sshd[2869]: Failed password for invalid user nikhil from 172.30.185.21 port 48140 ssh2
Apr 18 15:34:52 a952d0d9ca03 sshd[2869]: Connection closed by invalid user nikhil 172.30.185.21 port 48140 [preauth]
Apr 18 15:34:52 a952d0d9ca03 sshd[2873]: Invalid user raul from 172.30.185.23 port 53412
Apr 18 15:34:52 a952d0d9ca03 sshd[2873]: error: Could not get shadow information for NOUSER
Apr 18 15:34:52 a952d0d9ca03 sshd[2873]: Failed none for invalid user raul from 172.30.185.23 port 53412 ssh2
Apr 18 15:34:52 a952d0d9ca03 sshd[2873]: Failed password for invalid user raul from 172.30.185.23 port 53412 ssh2
Apr 18 15:34:52 a952d0d9ca03 sshd[2873]: Connection closed by invalid user raul 172.30.185.23 port 53412 [preauth]
Apr 18 15:34:52 a952d0d9ca03 sshd[2877]: Invalid user data from 172.30.185.26 port 36386
Apr 18 15:34:52 a952d0d9ca03 sshd[2877]: error: Could not get shadow information for NOUSER
Apr 18 15:34:52 a952d0d9ca03 sshd[2877]: Failed none for invalid user data from 172.30.185.26 port 36386 ssh2
Apr 18 15:34:52 a952d0d9ca03 sshd[2877]: Failed password for invalid user data from 172.30.185.26 port 36386 ssh2
Apr 18 15:34:52 a952d0d9ca03 sshd[2877]: Connection closed by invalid user data 172.30.185.26 port 36386 [preauth]
Apr 18 15:34:52 a952d0d9ca03 sshd[2875]: Invalid user mosprop from 172.30.185.22 port 45400
Apr 18 15:34:52 a952d0d9ca03 sshd[2875]: error: Could not get shadow information for NOUSER
Apr 18 15:34:52 a952d0d9ca03 sshd[2875]: Failed none for invalid user mosprop from 172.30.185.22 port 45400 ssh2
Apr 18 15:34:52 a952d0d9ca03 sshd[2875]: Failed password for invalid user mosprop from 172.30.185.22 port 45400 ssh2
Apr 18 15:34:52 a952d0d9ca03 sshd[2875]: Connection closed by invalid user mosprop 172.30.185.22 port 45400 [preauth]
Apr 18 15:34:52 a952d0d9ca03 sshd[2880]: Invalid user poiwu from 172.30.185.24 port 42746
Apr 18 15:34:52 a952d0d9ca03 sshd[2880]: error: Could not get shadow information for NOUSER
Apr 18 15:34:52 a952d0d9ca03 sshd[2879]: Invalid user wms from 172.30.185.25 port 36222
Apr 18 15:34:52 a952d0d9ca03 sshd[2880]: Failed none for invalid user poiwu from 172.30.185.24 port 42746 ssh2
Apr 18 15:34:52 a952d0d9ca03 sshd[2879]: error: Could not get shadow information for NOUSER
Apr 18 15:34:52 a952d0d9ca03 sshd[2879]: Failed none for invalid user wms from 172.30.185.25 port 36222 ssh2
Apr 18 15:34:52 a952d0d9ca03 sshd[2880]: Failed password for invalid user poiwu from 172.30.185.24 port 42746 ssh2
Apr 18 15:34:52 a952d0d9ca03 sshd[2880]: Connection closed by invalid user poiwu 172.30.185.24 port 42746 [preauth]
Apr 18 15:34:52 a952d0d9ca03 sshd[2879]: Failed password for invalid user wms from 172.30.185.25 port 36222 ssh2
Apr 18 15:34:52 a952d0d9ca03 sshd[2879]: Connection closed by invalid user wms 172.30.185.25 port 36222 [preauth]
Apr 18 15:34:52 a952d0d9ca03 sshd[2883]: Invalid user nikhil from 172.30.185.21 port 48148
Apr 18 15:34:52 a952d0d9ca03 sshd[2883]: error: Could not get shadow information for NOUSER
Apr 18 15:34:52 a952d0d9ca03 sshd[2883]: Failed none for invalid user nikhil from 172.30.185.21 port 48148 ssh2
Apr 18 15:34:52 a952d0d9ca03 sshd[2883]: Failed password for invalid user nikhil from 172.30.185.21 port 48148 ssh2
Apr 18 15:34:52 a952d0d9ca03 sshd[2883]: Connection closed by invalid user nikhil 172.30.185.21 port 48148 [preauth]
Apr 18 15:34:52 a952d0d9ca03 sshd[2885]: Invalid user raul from 172.30.185.23 port 53418
Apr 18 15:34:52 a952d0d9ca03 sshd[2885]: error: Could not get shadow information for NOUSER
Apr 18 15:34:52 a952d0d9ca03 sshd[2885]: Failed none for invalid user raul from 172.30.185.23 port 53418 ssh2
Apr 18 15:34:52 a952d0d9ca03 sshd[2885]: Failed password for invalid user raul from 172.30.185.23 port 53418 ssh2
Apr 18 15:34:52 a952d0d9ca03 sshd[2885]: Connection closed by invalid user raul 172.30.185.23 port 53418 [preauth]
Apr 18 15:34:52 a952d0d9ca03 sshd[2889]: Invalid user mosprop from 172.30.185.22 port 45408
Apr 18 15:34:52 a952d0d9ca03 sshd[2889]: error: Could not get shadow information for NOUSER
Apr 18 15:34:52 a952d0d9ca03 sshd[2889]: Failed none for invalid user mosprop from 172.30.185.22 port 45408 ssh2
Apr 18 15:34:52 a952d0d9ca03 sshd[2889]: Failed password for invalid user mosprop from 172.30.185.22 port 45408 ssh2
Apr 18 15:34:52 a952d0d9ca03 sshd[2889]: Connection closed by invalid user mosprop 172.30.185.22 port 45408 [preauth]
Apr 18 15:34:52 a952d0d9ca03 sshd[2887]: Invalid user data from 172.30.185.26 port 36390
Apr 18 15:34:52 a952d0d9ca03 sshd[2887]: error: Could not get shadow information for NOUSER
Apr 18 15:34:52 a952d0d9ca03 sshd[2887]: Failed none for invalid user data from 172.30.185.26 port 36390 ssh2
Apr 18 15:34:52 a952d0d9ca03 sshd[2887]: Failed password for invalid user data from 172.30.185.26 port 36390 ssh2
Apr 18 15:34:52 a952d0d9ca03 sshd[2887]: Connection closed by invalid user data 172.30.185.26 port 36390 [preauth]
Apr 18 15:34:52 a952d0d9ca03 sshd[2892]: Invalid user wms from 172.30.185.25 port 36236
Apr 18 15:34:52 a952d0d9ca03 sshd[2892]: error: Could not get shadow information for NOUSER
Apr 18 15:34:52 a952d0d9ca03 sshd[2892]: Failed none for invalid user wms from 172.30.185.25 port 36236 ssh2
Apr 18 15:34:52 a952d0d9ca03 sshd[2891]: Invalid user poiwu from 172.30.185.24 port 42754
Apr 18 15:34:52 a952d0d9ca03 sshd[2891]: error: Could not get shadow information for NOUSER
Apr 18 15:34:52 a952d0d9ca03 sshd[2892]: Failed password for invalid user wms from 172.30.185.25 port 36236 ssh2
Apr 18 15:34:52 a952d0d9ca03 sshd[2891]: Failed none for invalid user poiwu from 172.30.185.24 port 42754 ssh2
Apr 18 15:34:52 a952d0d9ca03 sshd[2892]: Connection closed by invalid user wms 172.30.185.25 port 36236 [preauth]
Apr 18 15:34:52 a952d0d9ca03 sshd[2891]: Failed password for invalid user poiwu from 172.30.185.24 port 42754 ssh2
Apr 18 15:34:52 a952d0d9ca03 sshd[2891]: Connection closed by invalid user poiwu 172.30.185.24 port 42754 [preauth]
Apr 18 15:34:52 a952d0d9ca03 sshd[2895]: Invalid user raul from 172.30.185.23 port 53428
Apr 18 15:34:52 a952d0d9ca03 sshd[2895]: error: Could not get shadow information for NOUSER
Apr 18 15:34:52 a952d0d9ca03 sshd[2895]: Failed none for invalid user raul from 172.30.185.23 port 53428 ssh2
Apr 18 15:34:52 a952d0d9ca03 sshd[2895]: Failed password for invalid user raul from 172.30.185.23 port 53428 ssh2
Apr 18 15:34:52 a952d0d9ca03 sshd[2895]: Connection closed by invalid user raul 172.30.185.23 port 53428 [preauth]
Apr 18 15:34:52 a952d0d9ca03 sshd[2897]: Invalid user mosprop from 172.30.185.22 port 45418
Apr 18 15:34:52 a952d0d9ca03 sshd[2897]: error: Could not get shadow information for NOUSER
Apr 18 15:34:52 a952d0d9ca03 sshd[2897]: Failed none for invalid user mosprop from 172.30.185.22 port 45418 ssh2
Apr 18 15:34:52 a952d0d9ca03 sshd[2897]: Failed password for invalid user mosprop from 172.30.185.22 port 45418 ssh2
Apr 18 15:34:52 a952d0d9ca03 sshd[2897]: Connection closed by invalid user mosprop 172.30.185.22 port 45418 [preauth]
Apr 18 15:34:52 a952d0d9ca03 sshd[2901]: Invalid user wms from 172.30.185.25 port 36246
Apr 18 15:34:52 a952d0d9ca03 sshd[2901]: error: Could not get shadow information for NOUSER
Apr 18 15:34:52 a952d0d9ca03 sshd[2899]: Invalid user data from 172.30.185.26 port 36396
Apr 18 15:34:52 a952d0d9ca03 sshd[2899]: error: Could not get shadow information for NOUSER
Apr 18 15:34:52 a952d0d9ca03 sshd[2901]: Failed none for invalid user wms from 172.30.185.25 port 36246 ssh2
Apr 18 15:34:52 a952d0d9ca03 sshd[2902]: Invalid user poiwu from 172.30.185.24 port 42758
Apr 18 15:34:52 a952d0d9ca03 sshd[2899]: Failed none for invalid user data from 172.30.185.26 port 36396 ssh2
Apr 18 15:34:52 a952d0d9ca03 sshd[2902]: error: Could not get shadow information for NOUSER
Apr 18 15:34:52 a952d0d9ca03 sshd[2902]: Failed none for invalid user poiwu from 172.30.185.24 port 42758 ssh2
Apr 18 15:34:52 a952d0d9ca03 sshd[2901]: Failed password for invalid user wms from 172.30.185.25 port 36246 ssh2
Apr 18 15:34:52 a952d0d9ca03 sshd[2899]: Failed password for invalid user data from 172.30.185.26 port 36396 ssh2
Apr 18 15:34:52 a952d0d9ca03 sshd[2901]: Connection closed by invalid user wms 172.30.185.25 port 36246 [preauth]
Apr 18 15:34:52 a952d0d9ca03 sshd[2902]: Failed password for invalid user poiwu from 172.30.185.24 port 42758 ssh2
Apr 18 15:34:52 a952d0d9ca03 sshd[2902]: Connection closed by invalid user poiwu 172.30.185.24 port 42758 [preauth]
Apr 18 15:34:52 a952d0d9ca03 sshd[2899]: Connection closed by invalid user data 172.30.185.26 port 36396 [preauth]
Apr 18 15:34:53 a952d0d9ca03 sshd[2905]: Invalid user raul from 172.30.185.23 port 53438
Apr 18 15:34:53 a952d0d9ca03 sshd[2905]: error: Could not get shadow information for NOUSER
Apr 18 15:34:53 a952d0d9ca03 sshd[2905]: Failed none for invalid user raul from 172.30.185.23 port 53438 ssh2
Apr 18 15:34:53 a952d0d9ca03 sshd[2905]: Failed password for invalid user raul from 172.30.185.23 port 53438 ssh2
Apr 18 15:34:53 a952d0d9ca03 sshd[2905]: Connection closed by invalid user raul 172.30.185.23 port 53438 [preauth]
Apr 18 15:34:53 a952d0d9ca03 sshd[2909]: Invalid user data from 172.30.185.26 port 36408
Apr 18 15:34:53 a952d0d9ca03 sshd[2909]: error: Could not get shadow information for NOUSER
Apr 18 15:34:53 a952d0d9ca03 sshd[2909]: Failed none for invalid user data from 172.30.185.26 port 36408 ssh2
Apr 18 15:34:53 a952d0d9ca03 sshd[2908]: Invalid user poiwu from 172.30.185.24 port 42760
Apr 18 15:34:53 a952d0d9ca03 sshd[2908]: error: Could not get shadow information for NOUSER
Apr 18 15:34:53 a952d0d9ca03 sshd[2908]: Failed none for invalid user poiwu from 172.30.185.24 port 42760 ssh2
Apr 18 15:34:53 a952d0d9ca03 sshd[2909]: Failed password for invalid user data from 172.30.185.26 port 36408 ssh2
Apr 18 15:34:53 a952d0d9ca03 sshd[2909]: Connection closed by invalid user data 172.30.185.26 port 36408 [preauth]
Apr 18 15:34:53 a952d0d9ca03 sshd[2908]: Failed password for invalid user poiwu from 172.30.185.24 port 42760 ssh2
Apr 18 15:34:53 a952d0d9ca03 sshd[2908]: Connection closed by invalid user poiwu 172.30.185.24 port 42760 [preauth]
Apr 18 15:34:53 a952d0d9ca03 sshd[2907]: Invalid user wms from 172.30.185.25 port 36260
Apr 18 15:34:53 a952d0d9ca03 sshd[2907]: error: Could not get shadow information for NOUSER
Apr 18 15:34:53 a952d0d9ca03 sshd[2907]: Failed none for invalid user wms from 172.30.185.25 port 36260 ssh2
Apr 18 15:34:53 a952d0d9ca03 sshd[2907]: Failed password for invalid user wms from 172.30.185.25 port 36260 ssh2
Apr 18 15:34:53 a952d0d9ca03 sshd[2907]: Connection closed by invalid user wms 172.30.185.25 port 36260 [preauth]
Apr 18 15:34:53 a952d0d9ca03 sshd[2913]: Invalid user data from 172.30.185.26 port 36424
Apr 18 15:34:53 a952d0d9ca03 sshd[2913]: error: Could not get shadow information for NOUSER
Apr 18 15:34:53 a952d0d9ca03 sshd[2913]: Failed none for invalid user data from 172.30.185.26 port 36424 ssh2
Apr 18 15:34:53 a952d0d9ca03 sshd[2913]: Failed password for invalid user data from 172.30.185.26 port 36424 ssh2
Apr 18 15:34:53 a952d0d9ca03 sshd[2913]: Connection closed by invalid user data 172.30.185.26 port 36424 [preauth]
Apr 18 15:34:53 a952d0d9ca03 sshd[2915]: Invalid user data from 172.30.185.26 port 36434
Apr 18 15:34:53 a952d0d9ca03 sshd[2915]: error: Could not get shadow information for NOUSER
Apr 18 15:34:53 a952d0d9ca03 sshd[2915]: Failed none for invalid user data from 172.30.185.26 port 36434 ssh2
Apr 18 15:34:53 a952d0d9ca03 sshd[2915]: Failed password for invalid user data from 172.30.185.26 port 36434 ssh2
Apr 18 15:34:53 a952d0d9ca03 sshd[2915]: Connection closed by invalid user data 172.30.185.26 port 36434 [preauth]
Apr 18 15:34:55 a952d0d9ca03 sshd[2917]: Invalid user lfs from 172.30.185.3 port 59636
Apr 18 15:34:55 a952d0d9ca03 sshd[2917]: error: Could not get shadow information for NOUSER
Apr 18 15:34:55 a952d0d9ca03 sshd[2917]: Failed none for invalid user lfs from 172.30.185.3 port 59636 ssh2
Apr 18 15:34:55 a952d0d9ca03 sshd[2917]: Failed password for invalid user lfs from 172.30.185.3 port 59636 ssh2
Apr 18 15:34:55 a952d0d9ca03 sshd[2917]: Connection closed by invalid user lfs 172.30.185.3 port 59636 [preauth]
Apr 18 15:34:55 a952d0d9ca03 sshd[2919]: Invalid user develop from 172.30.185.3 port 59638
Apr 18 15:34:55 a952d0d9ca03 sshd[2919]: error: Could not get shadow information for NOUSER
Apr 18 15:34:55 a952d0d9ca03 sshd[2919]: Failed none for invalid user develop from 172.30.185.3 port 59638 ssh2
Apr 18 15:34:55 a952d0d9ca03 sshd[2919]: Failed password for invalid user develop from 172.30.185.3 port 59638 ssh2
Apr 18 15:34:55 a952d0d9ca03 sshd[2919]: Connection closed by invalid user develop 172.30.185.3 port 59638 [preauth]
Apr 18 15:34:55 a952d0d9ca03 sshd[2921]: Invalid user develop from 172.30.185.3 port 59654
Apr 18 15:34:55 a952d0d9ca03 sshd[2921]: error: Could not get shadow information for NOUSER
Apr 18 15:34:55 a952d0d9ca03 sshd[2921]: Failed none for invalid user develop from 172.30.185.3 port 59654 ssh2
Apr 18 15:34:55 a952d0d9ca03 sshd[2921]: Failed password for invalid user develop from 172.30.185.3 port 59654 ssh2
Apr 18 15:34:55 a952d0d9ca03 sshd[2921]: Connection closed by invalid user develop 172.30.185.3 port 59654 [preauth]
Apr 18 15:34:56 a952d0d9ca03 sshd[2923]: Invalid user vnc from 172.30.185.4 port 50846
Apr 18 15:34:56 a952d0d9ca03 sshd[2923]: error: Could not get shadow information for NOUSER
Apr 18 15:34:56 a952d0d9ca03 sshd[2923]: Failed none for invalid user vnc from 172.30.185.4 port 50846 ssh2
Apr 18 15:34:56 a952d0d9ca03 sshd[2923]: Failed password for invalid user vnc from 172.30.185.4 port 50846 ssh2
Apr 18 15:34:56 a952d0d9ca03 sshd[2925]: Invalid user develop from 172.30.185.3 port 59660
Apr 18 15:34:56 a952d0d9ca03 sshd[2923]: Connection closed by invalid user vnc 172.30.185.4 port 50846 [preauth]
Apr 18 15:34:56 a952d0d9ca03 sshd[2925]: error: Could not get shadow information for NOUSER
Apr 18 15:34:56 a952d0d9ca03 sshd[2925]: Failed none for invalid user develop from 172.30.185.3 port 59660 ssh2
Apr 18 15:34:56 a952d0d9ca03 sshd[2925]: Failed password for invalid user develop from 172.30.185.3 port 59660 ssh2
Apr 18 15:34:56 a952d0d9ca03 sshd[2925]: Connection closed by invalid user develop 172.30.185.3 port 59660 [preauth]
Apr 18 15:34:56 a952d0d9ca03 sshd[2927]: Invalid user andi from 172.30.185.4 port 50854
Apr 18 15:34:56 a952d0d9ca03 sshd[2927]: error: Could not get shadow information for NOUSER
Apr 18 15:34:56 a952d0d9ca03 sshd[2927]: Failed none for invalid user andi from 172.30.185.4 port 50854 ssh2
Apr 18 15:34:56 a952d0d9ca03 sshd[2927]: Failed password for invalid user andi from 172.30.185.4 port 50854 ssh2
Apr 18 15:34:56 a952d0d9ca03 sshd[2927]: Connection closed by invalid user andi 172.30.185.4 port 50854 [preauth]
Apr 18 15:34:56 a952d0d9ca03 sshd[2929]: Invalid user develop from 172.30.185.3 port 59672
Apr 18 15:34:56 a952d0d9ca03 sshd[2929]: error: Could not get shadow information for NOUSER
Apr 18 15:34:56 a952d0d9ca03 sshd[2929]: Failed none for invalid user develop from 172.30.185.3 port 59672 ssh2
Apr 18 15:34:56 a952d0d9ca03 sshd[2929]: Failed password for invalid user develop from 172.30.185.3 port 59672 ssh2
Apr 18 15:34:56 a952d0d9ca03 sshd[2929]: Connection closed by invalid user develop 172.30.185.3 port 59672 [preauth]
Apr 18 15:34:56 a952d0d9ca03 sshd[2931]: Invalid user andi from 172.30.185.4 port 50864
Apr 18 15:34:56 a952d0d9ca03 sshd[2931]: error: Could not get shadow information for NOUSER
Apr 18 15:34:56 a952d0d9ca03 sshd[2931]: Failed none for invalid user andi from 172.30.185.4 port 50864 ssh2
Apr 18 15:34:56 a952d0d9ca03 sshd[2931]: Failed password for invalid user andi from 172.30.185.4 port 50864 ssh2
Apr 18 15:34:56 a952d0d9ca03 sshd[2933]: Invalid user develop from 172.30.185.3 port 59676
Apr 18 15:34:56 a952d0d9ca03 sshd[2931]: Connection closed by invalid user andi 172.30.185.4 port 50864 [preauth]
Apr 18 15:34:56 a952d0d9ca03 sshd[2933]: error: Could not get shadow information for NOUSER
Apr 18 15:34:56 a952d0d9ca03 sshd[2933]: Failed none for invalid user develop from 172.30.185.3 port 59676 ssh2
Apr 18 15:34:56 a952d0d9ca03 sshd[2933]: Failed password for invalid user develop from 172.30.185.3 port 59676 ssh2
Apr 18 15:34:56 a952d0d9ca03 sshd[2933]: Connection closed by invalid user develop 172.30.185.3 port 59676 [preauth]
Apr 18 15:34:56 a952d0d9ca03 sshd[2935]: Invalid user andi from 172.30.185.4 port 60048
Apr 18 15:34:56 a952d0d9ca03 sshd[2935]: error: Could not get shadow information for NOUSER
Apr 18 15:34:56 a952d0d9ca03 sshd[2935]: Failed none for invalid user andi from 172.30.185.4 port 60048 ssh2
Apr 18 15:34:56 a952d0d9ca03 sshd[2935]: Failed password for invalid user andi from 172.30.185.4 port 60048 ssh2
Apr 18 15:34:56 a952d0d9ca03 sshd[2935]: Connection closed by invalid user andi 172.30.185.4 port 60048 [preauth]
Apr 18 15:34:56 a952d0d9ca03 sshd[2937]: Invalid user develop from 172.30.185.3 port 46234
Apr 18 15:34:56 a952d0d9ca03 sshd[2937]: error: Could not get shadow information for NOUSER
Apr 18 15:34:56 a952d0d9ca03 sshd[2937]: Failed none for invalid user develop from 172.30.185.3 port 46234 ssh2
Apr 18 15:34:56 a952d0d9ca03 sshd[2937]: Failed password for invalid user develop from 172.30.185.3 port 46234 ssh2
Apr 18 15:34:56 a952d0d9ca03 sshd[2937]: Connection closed by invalid user develop 172.30.185.3 port 46234 [preauth]
Apr 18 15:34:56 a952d0d9ca03 sshd[2939]: Invalid user javen from 172.30.185.5 port 58438
Apr 18 15:34:56 a952d0d9ca03 sshd[2939]: error: Could not get shadow information for NOUSER
Apr 18 15:34:56 a952d0d9ca03 sshd[2939]: Failed none for invalid user javen from 172.30.185.5 port 58438 ssh2
Apr 18 15:34:56 a952d0d9ca03 sshd[2939]: Failed password for invalid user javen from 172.30.185.5 port 58438 ssh2
Apr 18 15:34:56 a952d0d9ca03 sshd[2939]: Connection closed by invalid user javen 172.30.185.5 port 58438 [preauth]
Apr 18 15:34:56 a952d0d9ca03 sshd[2941]: Invalid user andi from 172.30.185.4 port 60052
Apr 18 15:34:56 a952d0d9ca03 sshd[2941]: error: Could not get shadow information for NOUSER
Apr 18 15:34:56 a952d0d9ca03 sshd[2941]: Failed none for invalid user andi from 172.30.185.4 port 60052 ssh2
Apr 18 15:34:56 a952d0d9ca03 sshd[2941]: Failed password for invalid user andi from 172.30.185.4 port 60052 ssh2
Apr 18 15:34:56 a952d0d9ca03 sshd[2941]: Connection closed by invalid user andi 172.30.185.4 port 60052 [preauth]
Apr 18 15:34:56 a952d0d9ca03 sshd[2943]: Invalid user develop from 172.30.185.3 port 46250
Apr 18 15:34:56 a952d0d9ca03 sshd[2943]: error: Could not get shadow information for NOUSER
Apr 18 15:34:56 a952d0d9ca03 sshd[2943]: Failed none for invalid user develop from 172.30.185.3 port 46250 ssh2
Apr 18 15:34:56 a952d0d9ca03 sshd[2943]: Failed password for invalid user develop from 172.30.185.3 port 46250 ssh2
Apr 18 15:34:56 a952d0d9ca03 sshd[2943]: Connection closed by invalid user develop 172.30.185.3 port 46250 [preauth]
Apr 18 15:34:56 a952d0d9ca03 sshd[2945]: Invalid user lisi from 172.30.185.5 port 58446
Apr 18 15:34:56 a952d0d9ca03 sshd[2945]: error: Could not get shadow information for NOUSER
Apr 18 15:34:56 a952d0d9ca03 sshd[2945]: Failed none for invalid user lisi from 172.30.185.5 port 58446 ssh2
Apr 18 15:34:56 a952d0d9ca03 sshd[2945]: Failed password for invalid user lisi from 172.30.185.5 port 58446 ssh2
Apr 18 15:34:57 a952d0d9ca03 sshd[2945]: Connection closed by invalid user lisi 172.30.185.5 port 58446 [preauth]
Apr 18 15:34:57 a952d0d9ca03 sshd[2949]: Invalid user andi from 172.30.185.4 port 60054
Apr 18 15:34:57 a952d0d9ca03 sshd[2949]: error: Could not get shadow information for NOUSER
Apr 18 15:34:57 a952d0d9ca03 sshd[2949]: Failed none for invalid user andi from 172.30.185.4 port 60054 ssh2
Apr 18 15:34:57 a952d0d9ca03 sshd[2947]: Invalid user csadmin from 172.30.185.6 port 47794
Apr 18 15:34:57 a952d0d9ca03 sshd[2947]: error: Could not get shadow information for NOUSER
Apr 18 15:34:57 a952d0d9ca03 sshd[2947]: Failed none for invalid user csadmin from 172.30.185.6 port 47794 ssh2
Apr 18 15:34:57 a952d0d9ca03 sshd[2949]: Failed password for invalid user andi from 172.30.185.4 port 60054 ssh2
Apr 18 15:34:57 a952d0d9ca03 sshd[2949]: Connection closed by invalid user andi 172.30.185.4 port 60054 [preauth]
Apr 18 15:34:57 a952d0d9ca03 sshd[2947]: Failed password for invalid user csadmin from 172.30.185.6 port 47794 ssh2
Apr 18 15:34:57 a952d0d9ca03 sshd[2951]: Invalid user develop from 172.30.185.3 port 46258
Apr 18 15:34:57 a952d0d9ca03 sshd[2951]: error: Could not get shadow information for NOUSER
Apr 18 15:34:57 a952d0d9ca03 sshd[2951]: Failed none for invalid user develop from 172.30.185.3 port 46258 ssh2
Apr 18 15:34:57 a952d0d9ca03 sshd[2947]: Connection closed by invalid user csadmin 172.30.185.6 port 47794 [preauth]
Apr 18 15:34:57 a952d0d9ca03 sshd[2951]: Failed password for invalid user develop from 172.30.185.3 port 46258 ssh2
Apr 18 15:34:57 a952d0d9ca03 sshd[2951]: Connection closed by invalid user develop 172.30.185.3 port 46258 [preauth]
Apr 18 15:34:57 a952d0d9ca03 sshd[2953]: Invalid user lisi from 172.30.185.5 port 58460
Apr 18 15:34:57 a952d0d9ca03 sshd[2953]: error: Could not get shadow information for NOUSER
Apr 18 15:34:57 a952d0d9ca03 sshd[2953]: Failed none for invalid user lisi from 172.30.185.5 port 58460 ssh2
Apr 18 15:34:57 a952d0d9ca03 sshd[2953]: Failed password for invalid user lisi from 172.30.185.5 port 58460 ssh2
Apr 18 15:34:57 a952d0d9ca03 sshd[2953]: Connection closed by invalid user lisi 172.30.185.5 port 58460 [preauth]
Apr 18 15:34:57 a952d0d9ca03 sshd[2955]: Invalid user andi from 172.30.185.4 port 60068
Apr 18 15:34:57 a952d0d9ca03 sshd[2955]: error: Could not get shadow information for NOUSER
Apr 18 15:34:57 a952d0d9ca03 sshd[2955]: Failed none for invalid user andi from 172.30.185.4 port 60068 ssh2
Apr 18 15:34:57 a952d0d9ca03 sshd[2955]: Failed password for invalid user andi from 172.30.185.4 port 60068 ssh2
Apr 18 15:34:57 a952d0d9ca03 sshd[2955]: Connection closed by invalid user andi 172.30.185.4 port 60068 [preauth]
Apr 18 15:34:57 a952d0d9ca03 sshd[2959]: Invalid user develop from 172.30.185.3 port 46266
Apr 18 15:34:57 a952d0d9ca03 sshd[2959]: error: Could not get shadow information for NOUSER
Apr 18 15:34:57 a952d0d9ca03 sshd[2959]: Failed none for invalid user develop from 172.30.185.3 port 46266 ssh2
Apr 18 15:34:57 a952d0d9ca03 sshd[2959]: Failed password for invalid user develop from 172.30.185.3 port 46266 ssh2
Apr 18 15:34:57 a952d0d9ca03 sshd[2959]: Connection closed by invalid user develop 172.30.185.3 port 46266 [preauth]
Apr 18 15:34:57 a952d0d9ca03 sshd[2957]: Invalid user uat from 172.30.185.6 port 47798
Apr 18 15:34:57 a952d0d9ca03 sshd[2957]: error: Could not get shadow information for NOUSER
Apr 18 15:34:57 a952d0d9ca03 sshd[2957]: Failed none for invalid user uat from 172.30.185.6 port 47798 ssh2
Apr 18 15:34:57 a952d0d9ca03 sshd[2957]: Failed password for invalid user uat from 172.30.185.6 port 47798 ssh2
Apr 18 15:34:57 a952d0d9ca03 sshd[2957]: Connection closed by invalid user uat 172.30.185.6 port 47798 [preauth]
Apr 18 15:34:57 a952d0d9ca03 sshd[2961]: Invalid user lisi from 172.30.185.5 port 58470
Apr 18 15:34:57 a952d0d9ca03 sshd[2961]: error: Could not get shadow information for NOUSER
Apr 18 15:34:57 a952d0d9ca03 sshd[2961]: Failed none for invalid user lisi from 172.30.185.5 port 58470 ssh2
Apr 18 15:34:57 a952d0d9ca03 sshd[2961]: Failed password for invalid user lisi from 172.30.185.5 port 58470 ssh2
Apr 18 15:34:57 a952d0d9ca03 sshd[2961]: Connection closed by invalid user lisi 172.30.185.5 port 58470 [preauth]
Apr 18 15:34:57 a952d0d9ca03 sshd[2963]: Invalid user andi from 172.30.185.4 port 60072
Apr 18 15:34:57 a952d0d9ca03 sshd[2963]: error: Could not get shadow information for NOUSER
Apr 18 15:34:57 a952d0d9ca03 sshd[2963]: Failed none for invalid user andi from 172.30.185.4 port 60072 ssh2
Apr 18 15:34:57 a952d0d9ca03 sshd[2963]: Failed password for invalid user andi from 172.30.185.4 port 60072 ssh2
Apr 18 15:34:57 a952d0d9ca03 sshd[2963]: Connection closed by invalid user andi 172.30.185.4 port 60072 [preauth]
Apr 18 15:34:57 a952d0d9ca03 sshd[2965]: Invalid user uat from 172.30.185.6 port 47814
Apr 18 15:34:57 a952d0d9ca03 sshd[2965]: error: Could not get shadow information for NOUSER
Apr 18 15:34:57 a952d0d9ca03 sshd[2965]: Failed none for invalid user uat from 172.30.185.6 port 47814 ssh2
Apr 18 15:34:57 a952d0d9ca03 sshd[2965]: Failed password for invalid user uat from 172.30.185.6 port 47814 ssh2
Apr 18 15:34:57 a952d0d9ca03 sshd[2965]: Connection closed by invalid user uat 172.30.185.6 port 47814 [preauth]
Apr 18 15:34:57 a952d0d9ca03 sshd[2969]: Invalid user lisi from 172.30.185.5 port 58486
Apr 18 15:34:57 a952d0d9ca03 sshd[2969]: error: Could not get shadow information for NOUSER
Apr 18 15:34:57 a952d0d9ca03 sshd[2969]: Failed none for invalid user lisi from 172.30.185.5 port 58486 ssh2
Apr 18 15:34:57 a952d0d9ca03 sshd[2969]: Failed password for invalid user lisi from 172.30.185.5 port 58486 ssh2
Apr 18 15:34:57 a952d0d9ca03 sshd[2969]: Connection closed by invalid user lisi 172.30.185.5 port 58486 [preauth]
Apr 18 15:34:57 a952d0d9ca03 sshd[2967]: Invalid user es_user from 172.30.185.7 port 45062
Apr 18 15:34:57 a952d0d9ca03 sshd[2967]: error: Could not get shadow information for NOUSER
Apr 18 15:34:57 a952d0d9ca03 sshd[2967]: Failed none for invalid user es_user from 172.30.185.7 port 45062 ssh2
Apr 18 15:34:57 a952d0d9ca03 sshd[2967]: Failed password for invalid user es_user from 172.30.185.7 port 45062 ssh2
Apr 18 15:34:57 a952d0d9ca03 sshd[2967]: Connection closed by invalid user es_user 172.30.185.7 port 45062 [preauth]
Apr 18 15:34:57 a952d0d9ca03 sshd[2971]: Invalid user rac from 172.30.185.8 port 52004
Apr 18 15:34:57 a952d0d9ca03 sshd[2971]: error: Could not get shadow information for NOUSER
Apr 18 15:34:57 a952d0d9ca03 sshd[2971]: Failed none for invalid user rac from 172.30.185.8 port 52004 ssh2
Apr 18 15:34:57 a952d0d9ca03 sshd[2971]: Failed password for invalid user rac from 172.30.185.8 port 52004 ssh2
Apr 18 15:34:57 a952d0d9ca03 sshd[2973]: Invalid user andi from 172.30.185.4 port 60074
Apr 18 15:34:57 a952d0d9ca03 sshd[2973]: error: Could not get shadow information for NOUSER
Apr 18 15:34:57 a952d0d9ca03 sshd[2971]: Connection closed by invalid user rac 172.30.185.8 port 52004 [preauth]
Apr 18 15:34:57 a952d0d9ca03 sshd[2973]: Failed none for invalid user andi from 172.30.185.4 port 60074 ssh2
Apr 18 15:34:57 a952d0d9ca03 sshd[2973]: Failed password for invalid user andi from 172.30.185.4 port 60074 ssh2
Apr 18 15:34:57 a952d0d9ca03 sshd[2973]: Connection closed by invalid user andi 172.30.185.4 port 60074 [preauth]
Apr 18 15:34:57 a952d0d9ca03 sshd[2977]: Invalid user lisi from 172.30.185.5 port 58496
Apr 18 15:34:57 a952d0d9ca03 sshd[2977]: error: Could not get shadow information for NOUSER
Apr 18 15:34:57 a952d0d9ca03 sshd[2975]: Invalid user uat from 172.30.185.6 port 47828
Apr 18 15:34:57 a952d0d9ca03 sshd[2975]: error: Could not get shadow information for NOUSER
Apr 18 15:34:57 a952d0d9ca03 sshd[2977]: Failed none for invalid user lisi from 172.30.185.5 port 58496 ssh2
Apr 18 15:34:57 a952d0d9ca03 sshd[2975]: Failed none for invalid user uat from 172.30.185.6 port 47828 ssh2
Apr 18 15:34:57 a952d0d9ca03 sshd[2979]: Invalid user tars from 172.30.185.7 port 45070
Apr 18 15:34:57 a952d0d9ca03 sshd[2979]: error: Could not get shadow information for NOUSER
Apr 18 15:34:57 a952d0d9ca03 sshd[2977]: Failed password for invalid user lisi from 172.30.185.5 port 58496 ssh2
Apr 18 15:34:57 a952d0d9ca03 sshd[2979]: Failed none for invalid user tars from 172.30.185.7 port 45070 ssh2
Apr 18 15:34:57 a952d0d9ca03 sshd[2977]: Connection closed by invalid user lisi 172.30.185.5 port 58496 [preauth]
Apr 18 15:34:57 a952d0d9ca03 sshd[2975]: Failed password for invalid user uat from 172.30.185.6 port 47828 ssh2
Apr 18 15:34:57 a952d0d9ca03 sshd[2975]: Connection closed by invalid user uat 172.30.185.6 port 47828 [preauth]
Apr 18 15:34:57 a952d0d9ca03 sshd[2979]: Failed password for invalid user tars from 172.30.185.7 port 45070 ssh2
Apr 18 15:34:57 a952d0d9ca03 sshd[2979]: Connection closed by invalid user tars 172.30.185.7 port 45070 [preauth]
Apr 18 15:34:57 a952d0d9ca03 sshd[2981]: Invalid user ceshi from 172.30.185.8 port 52020
Apr 18 15:34:57 a952d0d9ca03 sshd[2981]: error: Could not get shadow information for NOUSER
Apr 18 15:34:57 a952d0d9ca03 sshd[2981]: Failed none for invalid user ceshi from 172.30.185.8 port 52020 ssh2
Apr 18 15:34:57 a952d0d9ca03 sshd[2981]: Failed password for invalid user ceshi from 172.30.185.8 port 52020 ssh2
Apr 18 15:34:57 a952d0d9ca03 sshd[2981]: Connection closed by invalid user ceshi 172.30.185.8 port 52020 [preauth]
Apr 18 15:34:57 a952d0d9ca03 sshd[2983]: Invalid user andi from 172.30.185.4 port 60088
Apr 18 15:34:57 a952d0d9ca03 sshd[2983]: error: Could not get shadow information for NOUSER
Apr 18 15:34:58 a952d0d9ca03 sshd[2983]: Failed none for invalid user andi from 172.30.185.4 port 60088 ssh2
Apr 18 15:34:58 a952d0d9ca03 sshd[2983]: Failed password for invalid user andi from 172.30.185.4 port 60088 ssh2
Apr 18 15:34:58 a952d0d9ca03 sshd[2983]: Connection closed by invalid user andi 172.30.185.4 port 60088 [preauth]
Apr 18 15:34:58 a952d0d9ca03 sshd[2987]: Invalid user uat from 172.30.185.6 port 47832
Apr 18 15:34:58 a952d0d9ca03 sshd[2987]: error: Could not get shadow information for NOUSER
Apr 18 15:34:58 a952d0d9ca03 sshd[2987]: Failed none for invalid user uat from 172.30.185.6 port 47832 ssh2
Apr 18 15:34:58 a952d0d9ca03 sshd[2985]: Invalid user lisi from 172.30.185.5 port 58500
Apr 18 15:34:58 a952d0d9ca03 sshd[2985]: error: Could not get shadow information for NOUSER
Apr 18 15:34:58 a952d0d9ca03 sshd[2985]: Failed none for invalid user lisi from 172.30.185.5 port 58500 ssh2
Apr 18 15:34:58 a952d0d9ca03 sshd[2987]: Failed password for invalid user uat from 172.30.185.6 port 47832 ssh2
Apr 18 15:34:58 a952d0d9ca03 sshd[2985]: Failed password for invalid user lisi from 172.30.185.5 port 58500 ssh2
Apr 18 15:34:58 a952d0d9ca03 sshd[2985]: Connection closed by invalid user lisi 172.30.185.5 port 58500 [preauth]
Apr 18 15:34:58 a952d0d9ca03 sshd[2987]: Connection closed by invalid user uat 172.30.185.6 port 47832 [preauth]
Apr 18 15:34:58 a952d0d9ca03 sshd[2989]: Invalid user tars from 172.30.185.7 port 45084
Apr 18 15:34:58 a952d0d9ca03 sshd[2989]: error: Could not get shadow information for NOUSER
Apr 18 15:34:58 a952d0d9ca03 sshd[2989]: Failed none for invalid user tars from 172.30.185.7 port 45084 ssh2
Apr 18 15:34:58 a952d0d9ca03 sshd[2989]: Failed password for invalid user tars from 172.30.185.7 port 45084 ssh2
Apr 18 15:34:58 a952d0d9ca03 sshd[2989]: Connection closed by invalid user tars 172.30.185.7 port 45084 [preauth]
Apr 18 15:34:58 a952d0d9ca03 sshd[2991]: Invalid user ceshi from 172.30.185.8 port 52026
Apr 18 15:34:58 a952d0d9ca03 sshd[2991]: error: Could not get shadow information for NOUSER
Apr 18 15:34:58 a952d0d9ca03 sshd[2991]: Failed none for invalid user ceshi from 172.30.185.8 port 52026 ssh2
Apr 18 15:34:58 a952d0d9ca03 sshd[2991]: Failed password for invalid user ceshi from 172.30.185.8 port 52026 ssh2
Apr 18 15:34:58 a952d0d9ca03 sshd[2991]: Connection closed by invalid user ceshi 172.30.185.8 port 52026 [preauth]
Apr 18 15:34:58 a952d0d9ca03 sshd[2993]: Invalid user lisi from 172.30.185.5 port 58514
Apr 18 15:34:58 a952d0d9ca03 sshd[2993]: error: Could not get shadow information for NOUSER
Apr 18 15:34:58 a952d0d9ca03 sshd[2993]: Failed none for invalid user lisi from 172.30.185.5 port 58514 ssh2
Apr 18 15:34:58 a952d0d9ca03 sshd[2993]: Failed password for invalid user lisi from 172.30.185.5 port 58514 ssh2
Apr 18 15:34:58 a952d0d9ca03 sshd[2993]: Connection closed by invalid user lisi 172.30.185.5 port 58514 [preauth]
Apr 18 15:34:58 a952d0d9ca03 sshd[2994]: Invalid user uat from 172.30.185.6 port 47840
Apr 18 15:34:58 a952d0d9ca03 sshd[2994]: error: Could not get shadow information for NOUSER
Apr 18 15:34:58 a952d0d9ca03 sshd[2994]: Failed none for invalid user uat from 172.30.185.6 port 47840 ssh2
Apr 18 15:34:58 a952d0d9ca03 sshd[2997]: Invalid user tars from 172.30.185.7 port 45098
Apr 18 15:34:58 a952d0d9ca03 sshd[2997]: error: Could not get shadow information for NOUSER
Apr 18 15:34:58 a952d0d9ca03 sshd[2994]: Failed password for invalid user uat from 172.30.185.6 port 47840 ssh2
Apr 18 15:34:58 a952d0d9ca03 sshd[2997]: Failed none for invalid user tars from 172.30.185.7 port 45098 ssh2
Apr 18 15:34:58 a952d0d9ca03 sshd[2994]: Connection closed by invalid user uat 172.30.185.6 port 47840 [preauth]
Apr 18 15:34:58 a952d0d9ca03 sshd[2997]: Failed password for invalid user tars from 172.30.185.7 port 45098 ssh2
Apr 18 15:34:58 a952d0d9ca03 sshd[2997]: Connection closed by invalid user tars 172.30.185.7 port 45098 [preauth]
Apr 18 15:34:58 a952d0d9ca03 sshd[2999]: Invalid user daniel from 172.30.185.9 port 41944
Apr 18 15:34:58 a952d0d9ca03 sshd[2999]: error: Could not get shadow information for NOUSER
Apr 18 15:34:58 a952d0d9ca03 sshd[2999]: Failed none for invalid user daniel from 172.30.185.9 port 41944 ssh2
Apr 18 15:34:58 a952d0d9ca03 sshd[2999]: Failed password for invalid user daniel from 172.30.185.9 port 41944 ssh2
Apr 18 15:34:58 a952d0d9ca03 sshd[3001]: Invalid user ceshi from 172.30.185.8 port 52028
Apr 18 15:34:58 a952d0d9ca03 sshd[3001]: error: Could not get shadow information for NOUSER
Apr 18 15:34:58 a952d0d9ca03 sshd[3001]: Failed none for invalid user ceshi from 172.30.185.8 port 52028 ssh2
Apr 18 15:34:58 a952d0d9ca03 sshd[2999]: Connection closed by invalid user daniel 172.30.185.9 port 41944 [preauth]
Apr 18 15:34:58 a952d0d9ca03 sshd[3001]: Failed password for invalid user ceshi from 172.30.185.8 port 52028 ssh2
Apr 18 15:34:58 a952d0d9ca03 sshd[3001]: Connection closed by invalid user ceshi 172.30.185.8 port 52028 [preauth]
Apr 18 15:34:58 a952d0d9ca03 sshd[3003]: Invalid user lisi from 172.30.185.5 port 58526
Apr 18 15:34:58 a952d0d9ca03 sshd[3003]: error: Could not get shadow information for NOUSER
Apr 18 15:34:58 a952d0d9ca03 sshd[3003]: Failed none for invalid user lisi from 172.30.185.5 port 58526 ssh2
Apr 18 15:34:58 a952d0d9ca03 sshd[3003]: Failed password for invalid user lisi from 172.30.185.5 port 58526 ssh2
Apr 18 15:34:58 a952d0d9ca03 sshd[3003]: Connection closed by invalid user lisi 172.30.185.5 port 58526 [preauth]
Apr 18 15:34:58 a952d0d9ca03 sshd[3007]: Invalid user tars from 172.30.185.7 port 45100
Apr 18 15:34:58 a952d0d9ca03 sshd[3007]: error: Could not get shadow information for NOUSER
Apr 18 15:34:58 a952d0d9ca03 sshd[3007]: Failed none for invalid user tars from 172.30.185.7 port 45100 ssh2
Apr 18 15:34:58 a952d0d9ca03 sshd[3005]: Invalid user uat from 172.30.185.6 port 47854
Apr 18 15:34:58 a952d0d9ca03 sshd[3005]: error: Could not get shadow information for NOUSER
Apr 18 15:34:58 a952d0d9ca03 sshd[3005]: Failed none for invalid user uat from 172.30.185.6 port 47854 ssh2
Apr 18 15:34:58 a952d0d9ca03 sshd[3007]: Failed password for invalid user tars from 172.30.185.7 port 45100 ssh2
Apr 18 15:34:58 a952d0d9ca03 sshd[3007]: Connection closed by invalid user tars 172.30.185.7 port 45100 [preauth]
Apr 18 15:34:58 a952d0d9ca03 sshd[3005]: Failed password for invalid user uat from 172.30.185.6 port 47854 ssh2
Apr 18 15:34:58 a952d0d9ca03 sshd[3005]: Connection closed by invalid user uat 172.30.185.6 port 47854 [preauth]
Apr 18 15:34:58 a952d0d9ca03 sshd[3009]: Invalid user ansible from 172.30.185.9 port 41952
Apr 18 15:34:58 a952d0d9ca03 sshd[3009]: error: Could not get shadow information for NOUSER
Apr 18 15:34:58 a952d0d9ca03 sshd[3009]: Failed none for invalid user ansible from 172.30.185.9 port 41952 ssh2
Apr 18 15:34:58 a952d0d9ca03 sshd[3009]: Failed password for invalid user ansible from 172.30.185.9 port 41952 ssh2
Apr 18 15:34:58 a952d0d9ca03 sshd[3009]: Connection closed by invalid user ansible 172.30.185.9 port 41952 [preauth]
Apr 18 15:34:58 a952d0d9ca03 sshd[3011]: Invalid user ceshi from 172.30.185.8 port 52038
Apr 18 15:34:58 a952d0d9ca03 sshd[3011]: error: Could not get shadow information for NOUSER
Apr 18 15:34:58 a952d0d9ca03 sshd[3011]: Failed none for invalid user ceshi from 172.30.185.8 port 52038 ssh2
Apr 18 15:34:58 a952d0d9ca03 sshd[3011]: Failed password for invalid user ceshi from 172.30.185.8 port 52038 ssh2
