Apr 18 15:34:14 a952d0d9ca03 sshd[1362]: Invalid user dbus from 172.30.185.19 port 42416
Apr 18 15:34:14 a952d0d9ca03 sshd[1364]: Invalid user ali from 172.30.185.24 port 32982
Apr 18 15:34:14 a952d0d9ca03 sshd[1362]: error: Could not get shadow information for NOUSER
Apr 18 15:34:14 a952d0d9ca03 sshd[1364]: error: Could not get shadow information for NOUSER
Apr 18 15:34:14 a952d0d9ca03 sshd[1360]: Failed password for invalid user sql from 172.30.185.22 port 47518 ssh2
Apr 18 15:34:14 a952d0d9ca03 sshd[1362]: Failed none for invalid user dbus from 172.30.185.19 port 42416 ssh2
Apr 18 15:34:14 a952d0d9ca03 sshd[1364]: Failed none for invalid user ali from 172.30.185.24 port 32982 ssh2
Apr 18 15:34:14 a952d0d9ca03 sshd[1360]: Connection closed by invalid user sql 172.30.185.22 port 47518 [preauth]
Apr 18 15:34:14 a952d0d9ca03 sshd[1362]: Failed password for invalid user dbus from 172.30.185.19 port 42416 ssh2
Apr 18 15:34:14 a952d0d9ca03 sshd[1364]: Failed password for invalid user ali from 172.30.185.24 port 32982 ssh2
Apr 18 15:34:14 a952d0d9ca03 sshd[1362]: Connection closed by invalid user dbus 172.30.185.19 port 42416 [preauth]
Apr 18 15:34:14 a952d0d9ca03 sshd[1364]: Connection closed by invalid user ali 172.30.185.24 port 32982 [preauth]
Apr 18 15:34:14 a952d0d9ca03 sshd[1369]: Invalid user azureuser from 172.30.185.26 port 50400
Apr 18 15:34:14 a952d0d9ca03 sshd[1369]: error: Could not get shadow information for NOUSER
Apr 18 15:34:14 a952d0d9ca03 sshd[1369]: Failed none for invalid user azureuser from 172.30.185.26 port 50400 ssh2
Apr 18 15:34:14 a952d0d9ca03 sshd[1368]: Invalid user kraken from 172.30.185.20 port 46888
Apr 18 15:34:14 a952d0d9ca03 sshd[1368]: error: Could not get shadow information for NOUSER
Apr 18 15:34:14 a952d0d9ca03 sshd[1369]: Failed password for invalid user azureuser from 172.30.185.26 port 50400 ssh2
Apr 18 15:34:14 a952d0d9ca03 sshd[1369]: Connection closed by invalid user azureuser 172.30.185.26 port 50400 [preauth]
Apr 18 15:34:14 a952d0d9ca03 sshd[1368]: Failed none for invalid user kraken from 172.30.185.20 port 46888 ssh2
Apr 18 15:34:14 a952d0d9ca03 sshd[1366]: Invalid user git from 172.30.185.18 port 59888
Apr 18 15:34:14 a952d0d9ca03 sshd[1366]: error: Could not get shadow information for NOUSER
Apr 18 15:34:14 a952d0d9ca03 sshd[1366]: Failed none for invalid user git from 172.30.185.18 port 59888 ssh2
Apr 18 15:34:14 a952d0d9ca03 sshd[1368]: Failed password for invalid user kraken from 172.30.185.20 port 46888 ssh2
Apr 18 15:34:14 a952d0d9ca03 sshd[1366]: Failed password for invalid user git from 172.30.185.18 port 59888 ssh2
Apr 18 15:34:14 a952d0d9ca03 sshd[1368]: Connection closed by invalid user kraken 172.30.185.20 port 46888 [preauth]
Apr 18 15:34:14 a952d0d9ca03 sshd[1372]: Invalid user ljh from 172.30.185.21 port 51758
Apr 18 15:34:14 a952d0d9ca03 sshd[1372]: error: Could not get shadow information for NOUSER
Apr 18 15:34:14 a952d0d9ca03 sshd[1372]: Failed none for invalid user ljh from 172.30.185.21 port 51758 ssh2
Apr 18 15:34:14 a952d0d9ca03 sshd[1366]: Connection closed by invalid user git 172.30.185.18 port 59888 [preauth]
Apr 18 15:34:14 a952d0d9ca03 sshd[1372]: Failed password for invalid user ljh from 172.30.185.21 port 51758 ssh2
Apr 18 15:34:14 a952d0d9ca03 sshd[1372]: Connection closed by invalid user ljh 172.30.185.21 port 51758 [preauth]
Apr 18 15:34:14 a952d0d9ca03 sshd[1376]: Invalid user vishnu from 172.30.185.23 port 55094
Apr 18 15:34:14 a952d0d9ca03 sshd[1376]: error: Could not get shadow information for NOUSER
Apr 18 15:34:14 a952d0d9ca03 sshd[1376]: Failed none for invalid user vishnu from 172.30.185.23 port 55094 ssh2
Apr 18 15:34:14 a952d0d9ca03 sshd[1374]: Invalid user drcomadmin from 172.30.185.25 port 38656
Apr 18 15:34:14 a952d0d9ca03 sshd[1374]: error: Could not get shadow information for NOUSER
Apr 18 15:34:14 a952d0d9ca03 sshd[1376]: Failed password for invalid user vishnu from 172.30.185.23 port 55094 ssh2
Apr 18 15:34:14 a952d0d9ca03 sshd[1374]: Failed none for invalid user drcomadmin from 172.30.185.25 port 38656 ssh2
Apr 18 15:34:14 a952d0d9ca03 sshd[1376]: Connection closed by invalid user vishnu 172.30.185.23 port 55094 [preauth]
Apr 18 15:34:14 a952d0d9ca03 sshd[1380]: Invalid user dbus from 172.30.185.19 port 42432
Apr 18 15:34:14 a952d0d9ca03 sshd[1380]: error: Could not get shadow information for NOUSER
Apr 18 15:34:14 a952d0d9ca03 sshd[1374]: Failed password for invalid user drcomadmin from 172.30.185.25 port 38656 ssh2
Apr 18 15:34:14 a952d0d9ca03 sshd[1380]: Failed none for invalid user dbus from 172.30.185.19 port 42432 ssh2
Apr 18 15:34:14 a952d0d9ca03 sshd[1374]: Connection closed by invalid user drcomadmin 172.30.185.25 port 38656 [preauth]
Apr 18 15:34:14 a952d0d9ca03 sshd[1380]: Failed password for invalid user dbus from 172.30.185.19 port 42432 ssh2
Apr 18 15:34:14 a952d0d9ca03 sshd[1380]: Connection closed by invalid user dbus 172.30.185.19 port 42432 [preauth]
Apr 18 15:34:14 a952d0d9ca03 sshd[1378]: Invalid user sql from 172.30.185.22 port 47528
Apr 18 15:34:14 a952d0d9ca03 sshd[1378]: error: Could not get shadow information for NOUSER
Apr 18 15:34:14 a952d0d9ca03 sshd[1378]: Failed none for invalid user sql from 172.30.185.22 port 47528 ssh2
Apr 18 15:34:14 a952d0d9ca03 sshd[1378]: Failed password for invalid user sql from 172.30.185.22 port 47528 ssh2
Apr 18 15:34:14 a952d0d9ca03 sshd[1381]: Invalid user ali from 172.30.185.24 port 32992
Apr 18 15:34:14 a952d0d9ca03 sshd[1381]: error: Could not get shadow information for NOUSER
Apr 18 15:34:14 a952d0d9ca03 sshd[1381]: Failed none for invalid user ali from 172.30.185.24 port 32992 ssh2
Apr 18 15:34:14 a952d0d9ca03 sshd[1378]: Connection closed by invalid user sql 172.30.185.22 port 47528 [preauth]
Apr 18 15:34:14 a952d0d9ca03 sshd[1381]: Failed password for invalid user ali from 172.30.185.24 port 32992 ssh2
Apr 18 15:34:14 a952d0d9ca03 sshd[1381]: Connection closed by invalid user ali 172.30.185.24 port 32992 [preauth]
Apr 18 15:34:14 a952d0d9ca03 sshd[1384]: Invalid user azureuser from 172.30.185.26 port 50406
Apr 18 15:34:14 a952d0d9ca03 sshd[1384]: error: Could not get shadow information for NOUSER
Apr 18 15:34:14 a952d0d9ca03 sshd[1384]: Failed none for invalid user azureuser from 172.30.185.26 port 50406 ssh2
Apr 18 15:34:14 a952d0d9ca03 sshd[1388]: Invalid user ljh from 172.30.185.21 port 51764
Apr 18 15:34:14 a952d0d9ca03 sshd[1388]: error: Could not get shadow information for NOUSER
Apr 18 15:34:14 a952d0d9ca03 sshd[1384]: Failed password for invalid user azureuser from 172.30.185.26 port 50406 ssh2
Apr 18 15:34:14 a952d0d9ca03 sshd[1388]: Failed none for invalid user ljh from 172.30.185.21 port 51764 ssh2
Apr 18 15:34:14 a952d0d9ca03 sshd[1384]: Connection closed by invalid user azureuser 172.30.185.26 port 50406 [preauth]
Apr 18 15:34:14 a952d0d9ca03 sshd[1386]: Invalid user kraken from 172.30.185.20 port 46902
Apr 18 15:34:14 a952d0d9ca03 sshd[1386]: error: Could not get shadow information for NOUSER
Apr 18 15:34:14 a952d0d9ca03 sshd[1386]: Failed none for invalid user kraken from 172.30.185.20 port 46902 ssh2
Apr 18 15:34:14 a952d0d9ca03 sshd[1388]: Failed password for invalid user ljh from 172.30.185.21 port 51764 ssh2
Apr 18 15:34:14 a952d0d9ca03 sshd[1388]: Connection closed by invalid user ljh 172.30.185.21 port 51764 [preauth]
Apr 18 15:34:14 a952d0d9ca03 sshd[1386]: Failed password for invalid user kraken from 172.30.185.20 port 46902 ssh2
Apr 18 15:34:14 a952d0d9ca03 sshd[1386]: Connection closed by invalid user kraken 172.30.185.20 port 46902 [preauth]
Apr 18 15:34:14 a952d0d9ca03 sshd[1390]: Invalid user vishnu from 172.30.185.23 port 55098
Apr 18 15:34:14 a952d0d9ca03 sshd[1390]: error: Could not get shadow information for NOUSER
Apr 18 15:34:14 a952d0d9ca03 sshd[1390]: Failed none for invalid user vishnu from 172.30.185.23 port 55098 ssh2
Apr 18 15:34:14 a952d0d9ca03 sshd[1392]: Invalid user drcomadmin from 172.30.185.25 port 38662
Apr 18 15:34:14 a952d0d9ca03 sshd[1392]: error: Could not get shadow information for NOUSER
Apr 18 15:34:14 a952d0d9ca03 sshd[1392]: Failed none for invalid user drcomadmin from 172.30.185.25 port 38662 ssh2
Apr 18 15:34:14 a952d0d9ca03 sshd[1390]: Failed password for invalid user vishnu from 172.30.185.23 port 55098 ssh2
Apr 18 15:34:14 a952d0d9ca03 sshd[1390]: Connection closed by invalid user vishnu 172.30.185.23 port 55098 [preauth]
Apr 18 15:34:14 a952d0d9ca03 sshd[1392]: Failed password for invalid user drcomadmin from 172.30.185.25 port 38662 ssh2
Apr 18 15:34:14 a952d0d9ca03 sshd[1392]: Connection closed by invalid user drcomadmin 172.30.185.25 port 38662 [preauth]
Apr 18 15:34:14 a952d0d9ca03 sshd[1394]: Invalid user sql from 172.30.185.22 port 47544
Apr 18 15:34:14 a952d0d9ca03 sshd[1394]: error: Could not get shadow information for NOUSER
Apr 18 15:34:14 a952d0d9ca03 sshd[1394]: Failed none for invalid user sql from 172.30.185.22 port 47544 ssh2
Apr 18 15:34:14 a952d0d9ca03 sshd[1396]: Invalid user ali from 172.30.185.24 port 32996
Apr 18 15:34:14 a952d0d9ca03 sshd[1396]: error: Could not get shadow information for NOUSER
Apr 18 15:34:14 a952d0d9ca03 sshd[1394]: Failed password for invalid user sql from 172.30.185.22 port 47544 ssh2
Apr 18 15:34:14 a952d0d9ca03 sshd[1396]: Failed none for invalid user ali from 172.30.185.24 port 32996 ssh2
Apr 18 15:34:14 a952d0d9ca03 sshd[1394]: Connection closed by invalid user sql 172.30.185.22 port 47544 [preauth]
Apr 18 15:34:14 a952d0d9ca03 sshd[1396]: Failed password for invalid user ali from 172.30.185.24 port 32996 ssh2
Apr 18 15:34:14 a952d0d9ca03 sshd[1396]: Connection closed by invalid user ali 172.30.185.24 port 32996 [preauth]
Apr 18 15:34:14 a952d0d9ca03 sshd[1400]: Invalid user ljh from 172.30.185.21 port 51774
Apr 18 15:34:14 a952d0d9ca03 sshd[1400]: error: Could not get shadow information for NOUSER
Apr 18 15:34:14 a952d0d9ca03 sshd[1400]: Failed none for invalid user ljh from 172.30.185.21 port 51774 ssh2
Apr 18 15:34:14 a952d0d9ca03 sshd[1398]: Invalid user azureuser from 172.30.185.26 port 50412
Apr 18 15:34:14 a952d0d9ca03 sshd[1398]: error: Could not get shadow information for NOUSER
Apr 18 15:34:14 a952d0d9ca03 sshd[1398]: Failed none for invalid user azureuser from 172.30.185.26 port 50412 ssh2
Apr 18 15:34:14 a952d0d9ca03 sshd[1400]: Failed password for invalid user ljh from 172.30.185.21 port 51774 ssh2
Apr 18 15:34:14 a952d0d9ca03 sshd[1400]: Connection closed by invalid user ljh 172.30.185.21 port 51774 [preauth]
Apr 18 15:34:14 a952d0d9ca03 sshd[1398]: Failed password for invalid user azureuser from 172.30.185.26 port 50412 ssh2
Apr 18 15:34:14 a952d0d9ca03 sshd[1398]: Connection closed by invalid user azureuser 172.30.185.26 port 50412 [preauth]
Apr 18 15:34:14 a952d0d9ca03 sshd[1403]: Invalid user drcomadmin from 172.30.185.25 port 38678
Apr 18 15:34:14 a952d0d9ca03 sshd[1403]: error: Could not get shadow information for NOUSER
Apr 18 15:34:14 a952d0d9ca03 sshd[1403]: Failed none for invalid user drcomadmin from 172.30.185.25 port 38678 ssh2
Apr 18 15:34:14 a952d0d9ca03 sshd[1403]: Failed password for invalid user drcomadmin from 172.30.185.25 port 38678 ssh2
Apr 18 15:34:14 a952d0d9ca03 sshd[1403]: Connection closed by invalid user drcomadmin 172.30.185.25 port 38678 [preauth]
Apr 18 15:34:14 a952d0d9ca03 sshd[1402]: Invalid user vishnu from 172.30.185.23 port 55104
Apr 18 15:34:14 a952d0d9ca03 sshd[1402]: error: Could not get shadow information for NOUSER
Apr 18 15:34:14 a952d0d9ca03 sshd[1402]: Failed none for invalid user vishnu from 172.30.185.23 port 55104 ssh2
Apr 18 15:34:14 a952d0d9ca03 sshd[1402]: Failed password for invalid user vishnu from 172.30.185.23 port 55104 ssh2
Apr 18 15:34:14 a952d0d9ca03 sshd[1402]: Connection closed by invalid user vishnu 172.30.185.23 port 55104 [preauth]
Apr 18 15:34:14 a952d0d9ca03 sshd[1406]: Invalid user sql from 172.30.185.22 port 47558
Apr 18 15:34:14 a952d0d9ca03 sshd[1406]: error: Could not get shadow information for NOUSER
Apr 18 15:34:14 a952d0d9ca03 sshd[1406]: Failed none for invalid user sql from 172.30.185.22 port 47558 ssh2
Apr 18 15:34:14 a952d0d9ca03 sshd[1406]: Failed password for invalid user sql from 172.30.185.22 port 47558 ssh2
Apr 18 15:34:14 a952d0d9ca03 sshd[1406]: Connection closed by invalid user sql 172.30.185.22 port 47558 [preauth]
Apr 18 15:34:14 a952d0d9ca03 sshd[1408]: Invalid user ali from 172.30.185.24 port 33012
Apr 18 15:34:14 a952d0d9ca03 sshd[1408]: error: Could not get shadow information for NOUSER
Apr 18 15:34:14 a952d0d9ca03 sshd[1408]: Failed none for invalid user ali from 172.30.185.24 port 33012 ssh2
Apr 18 15:34:14 a952d0d9ca03 sshd[1408]: Failed password for invalid user ali from 172.30.185.24 port 33012 ssh2
Apr 18 15:34:14 a952d0d9ca03 sshd[1408]: Connection closed by invalid user ali 172.30.185.24 port 33012 [preauth]
Apr 18 15:34:14 a952d0d9ca03 sshd[1411]: Invalid user azureuser from 172.30.185.26 port 50424
Apr 18 15:34:14 a952d0d9ca03 sshd[1411]: error: Could not get shadow information for NOUSER
Apr 18 15:34:14 a952d0d9ca03 sshd[1411]: Failed none for invalid user azureuser from 172.30.185.26 port 50424 ssh2
Apr 18 15:34:14 a952d0d9ca03 sshd[1410]: Invalid user ljh from 172.30.185.21 port 51786
Apr 18 15:34:14 a952d0d9ca03 sshd[1411]: Failed password for invalid user azureuser from 172.30.185.26 port 50424 ssh2
Apr 18 15:34:14 a952d0d9ca03 sshd[1410]: error: Could not get shadow information for NOUSER
Apr 18 15:34:14 a952d0d9ca03 sshd[1410]: Failed none for invalid user ljh from 172.30.185.21 port 51786 ssh2
Apr 18 15:34:14 a952d0d9ca03 sshd[1411]: Connection closed by invalid user azureuser 172.30.185.26 port 50424 [preauth]
Apr 18 15:34:15 a952d0d9ca03 sshd[1410]: Failed password for invalid user ljh from 172.30.185.21 port 51786 ssh2
Apr 18 15:34:15 a952d0d9ca03 sshd[1410]: Connection closed by invalid user ljh 172.30.185.21 port 51786 [preauth]
Apr 18 15:34:15 a952d0d9ca03 sshd[1414]: Invalid user drcomadmin from 172.30.185.25 port 38680
Apr 18 15:34:15 a952d0d9ca03 sshd[1414]: error: Could not get shadow information for NOUSER
Apr 18 15:34:15 a952d0d9ca03 sshd[1414]: Failed none for invalid user drcomadmin from 172.30.185.25 port 38680 ssh2
Apr 18 15:34:15 a952d0d9ca03 sshd[1418]: Invalid user sql from 172.30.185.22 port 47562
Apr 18 15:34:15 a952d0d9ca03 sshd[1418]: error: Could not get shadow information for NOUSER
Apr 18 15:34:15 a952d0d9ca03 sshd[1416]: Invalid user vishnu from 172.30.185.23 port 55110
Apr 18 15:34:15 a952d0d9ca03 sshd[1416]: error: Could not get shadow information for NOUSER
Apr 18 15:34:15 a952d0d9ca03 sshd[1418]: Failed none for invalid user sql from 172.30.185.22 port 47562 ssh2
Apr 18 15:34:15 a952d0d9ca03 sshd[1414]: Failed password for invalid user drcomadmin from 172.30.185.25 port 38680 ssh2
Apr 18 15:34:15 a952d0d9ca03 sshd[1416]: Failed none for invalid user vishnu from 172.30.185.23 port 55110 ssh2
Apr 18 15:34:15 a952d0d9ca03 sshd[1414]: Connection closed by invalid user drcomadmin 172.30.185.25 port 38680 [preauth]
Apr 18 15:34:15 a952d0d9ca03 sshd[1418]: Failed password for invalid user sql from 172.30.185.22 port 47562 ssh2
Apr 18 15:34:15 a952d0d9ca03 sshd[1416]: Failed password for invalid user vishnu from 172.30.185.23 port 55110 ssh2
Apr 18 15:34:15 a952d0d9ca03 sshd[1418]: Connection closed by invalid user sql 172.30.185.22 port 47562 [preauth]
Apr 18 15:34:15 a952d0d9ca03 sshd[1416]: Connection closed by invalid user vishnu 172.30.185.23 port 55110 [preauth]
Apr 18 15:34:15 a952d0d9ca03 sshd[1420]: Invalid user ali from 172.30.185.24 port 33016
Apr 18 15:34:15 a952d0d9ca03 sshd[1420]: error: Could not get shadow information for NOUSER
Apr 18 15:34:15 a952d0d9ca03 sshd[1420]: Failed none for invalid user ali from 172.30.185.24 port 33016 ssh2
Apr 18 15:34:15 a952d0d9ca03 sshd[1420]: Failed password for invalid user ali from 172.30.185.24 port 33016 ssh2
Apr 18 15:34:15 a952d0d9ca03 sshd[1420]: Connection closed by invalid user ali 172.30.185.24 port 33016 [preauth]
Apr 18 15:34:15 a952d0d9ca03 sshd[1422]: Invalid user azureuser from 172.30.185.26 port 50432
Apr 18 15:34:15 a952d0d9ca03 sshd[1422]: error: Could not get shadow information for NOUSER
Apr 18 15:34:15 a952d0d9ca03 sshd[1422]: Failed none for invalid user azureuser from 172.30.185.26 port 50432 ssh2
Apr 18 15:34:15 a952d0d9ca03 sshd[1422]: Failed password for invalid user azureuser from 172.30.185.26 port 50432 ssh2
Apr 18 15:34:15 a952d0d9ca03 sshd[1422]: Connection closed by invalid user azureuser 172.30.185.26 port 50432 [preauth]
Apr 18 15:34:15 a952d0d9ca03 sshd[1427]: Invalid user vishnu from 172.30.185.23 port 55122
Apr 18 15:34:15 a952d0d9ca03 sshd[1427]: error: Could not get shadow information for NOUSER
Apr 18 15:34:15 a952d0d9ca03 sshd[1424]: Invalid user drcomadmin from 172.30.185.25 port 38696
Apr 18 15:34:15 a952d0d9ca03 sshd[1424]: error: Could not get shadow information for NOUSER
Apr 18 15:34:15 a952d0d9ca03 sshd[1430]: Invalid user ali from 172.30.185.24 port 33024
Apr 18 15:34:15 a952d0d9ca03 sshd[1430]: error: Could not get shadow information for NOUSER
Apr 18 15:34:15 a952d0d9ca03 sshd[1427]: Failed none for invalid user vishnu from 172.30.185.23 port 55122 ssh2
Apr 18 15:34:15 a952d0d9ca03 sshd[1424]: Failed none for invalid user drcomadmin from 172.30.185.25 port 38696 ssh2
Apr 18 15:34:15 a952d0d9ca03 sshd[1430]: Failed none for invalid user ali from 172.30.185.24 port 33024 ssh2
Apr 18 15:34:15 a952d0d9ca03 sshd[1426]: Invalid user sql from 172.30.185.22 port 47578
Apr 18 15:34:15 a952d0d9ca03 sshd[1426]: error: Could not get shadow information for NOUSER
Apr 18 15:34:15 a952d0d9ca03 sshd[1424]: Failed password for invalid user drcomadmin from 172.30.185.25 port 38696 ssh2
Apr 18 15:34:15 a952d0d9ca03 sshd[1427]: Failed password for invalid user vishnu from 172.30.185.23 port 55122 ssh2
Apr 18 15:34:15 a952d0d9ca03 sshd[1426]: Failed none for invalid user sql from 172.30.185.22 port 47578 ssh2
Apr 18 15:34:15 a952d0d9ca03 sshd[1430]: Failed password for invalid user ali from 172.30.185.24 port 33024 ssh2
Apr 18 15:34:15 a952d0d9ca03 sshd[1424]: Connection closed by invalid user drcomadmin 172.30.185.25 port 38696 [preauth]
Apr 18 15:34:15 a952d0d9ca03 sshd[1427]: Connection closed by invalid user vishnu 172.30.185.23 port 55122 [preauth]
Apr 18 15:34:15 a952d0d9ca03 sshd[1430]: Connection closed by invalid user ali 172.30.185.24 port 33024 [preauth]
Apr 18 15:34:15 a952d0d9ca03 sshd[1426]: Failed password for invalid user sql from 172.30.185.22 port 47578 ssh2
Apr 18 15:34:15 a952d0d9ca03 sshd[1426]: Connection closed by invalid user sql 172.30.185.22 port 47578 [preauth]
Apr 18 15:34:15 a952d0d9ca03 sshd[1432]: Invalid user azureuser from 172.30.185.26 port 50440
Apr 18 15:34:15 a952d0d9ca03 sshd[1432]: error: Could not get shadow information for NOUSER
Apr 18 15:34:15 a952d0d9ca03 sshd[1432]: Failed none for invalid user azureuser from 172.30.185.26 port 50440 ssh2
Apr 18 15:34:15 a952d0d9ca03 sshd[1432]: Failed password for invalid user azureuser from 172.30.185.26 port 50440 ssh2
Apr 18 15:34:15 a952d0d9ca03 sshd[1432]: Connection closed by invalid user azureuser 172.30.185.26 port 50440 [preauth]
Apr 18 15:34:15 a952d0d9ca03 sshd[1434]: Invalid user drcomadmin from 172.30.185.25 port 38710
Apr 18 15:34:15 a952d0d9ca03 sshd[1434]: error: Could not get shadow information for NOUSER
Apr 18 15:34:15 a952d0d9ca03 sshd[1434]: Failed none for invalid user drcomadmin from 172.30.185.25 port 38710 ssh2
Apr 18 15:34:15 a952d0d9ca03 sshd[1434]: Failed password for invalid user drcomadmin from 172.30.185.25 port 38710 ssh2
Apr 18 15:34:15 a952d0d9ca03 sshd[1435]: Invalid user ali from 172.30.185.24 port 33026
Apr 18 15:34:15 a952d0d9ca03 sshd[1434]: Connection closed by invalid user drcomadmin 172.30.185.25 port 38710 [preauth]
Apr 18 15:34:15 a952d0d9ca03 sshd[1435]: error: Could not get shadow information for NOUSER
Apr 18 15:34:15 a952d0d9ca03 sshd[1435]: Failed none for invalid user ali from 172.30.185.24 port 33026 ssh2
Apr 18 15:34:15 a952d0d9ca03 sshd[1435]: Failed password for invalid user ali from 172.30.185.24 port 33026 ssh2
Apr 18 15:34:15 a952d0d9ca03 sshd[1435]: Connection closed by invalid user ali 172.30.185.24 port 33026 [preauth]
Apr 18 15:34:15 a952d0d9ca03 sshd[1438]: Invalid user azureuser from 172.30.185.26 port 50456
Apr 18 15:34:15 a952d0d9ca03 sshd[1438]: error: Could not get shadow information for NOUSER
Apr 18 15:34:15 a952d0d9ca03 sshd[1438]: Failed none for invalid user azureuser from 172.30.185.26 port 50456 ssh2
Apr 18 15:34:15 a952d0d9ca03 sshd[1438]: Failed password for invalid user azureuser from 172.30.185.26 port 50456 ssh2
Apr 18 15:34:15 a952d0d9ca03 sshd[1438]: Connection closed by invalid user azureuser 172.30.185.26 port 50456 [preauth]
Apr 18 15:34:15 a952d0d9ca03 sshd[1440]: Invalid user drcomadmin from 172.30.185.25 port 38726
Apr 18 15:34:15 a952d0d9ca03 sshd[1440]: error: Could not get shadow information for NOUSER
Apr 18 15:34:15 a952d0d9ca03 sshd[1440]: Failed none for invalid user drcomadmin from 172.30.185.25 port 38726 ssh2
Apr 18 15:34:15 a952d0d9ca03 sshd[1440]: Failed password for invalid user drcomadmin from 172.30.185.25 port 38726 ssh2
Apr 18 15:34:15 a952d0d9ca03 sshd[1440]: Connection closed by invalid user drcomadmin 172.30.185.25 port 38726 [preauth]
Apr 18 15:34:15 a952d0d9ca03 sshd[1442]: Invalid user azureuser from 172.30.185.26 port 50464
Apr 18 15:34:15 a952d0d9ca03 sshd[1442]: error: Could not get shadow information for NOUSER
Apr 18 15:34:15 a952d0d9ca03 sshd[1442]: Failed none for invalid user azureuser from 172.30.185.26 port 50464 ssh2
Apr 18 15:34:15 a952d0d9ca03 sshd[1442]: Failed password for invalid user azureuser from 172.30.185.26 port 50464 ssh2
Apr 18 15:34:15 a952d0d9ca03 sshd[1442]: Connection closed by invalid user azureuser 172.30.185.26 port 50464 [preauth]
Apr 18 15:34:16 a952d0d9ca03 sshd[1444]: Invalid user drcomadmin from 172.30.185.25 port 38742
Apr 18 15:34:16 a952d0d9ca03 sshd[1444]: error: Could not get shadow information for NOUSER
Apr 18 15:34:16 a952d0d9ca03 sshd[1444]: Failed none for invalid user drcomadmin from 172.30.185.25 port 38742 ssh2
Apr 18 15:34:16 a952d0d9ca03 sshd[1444]: Failed password for invalid user drcomadmin from 172.30.185.25 port 38742 ssh2
Apr 18 15:34:16 a952d0d9ca03 sshd[1444]: Connection closed by invalid user drcomadmin 172.30.185.25 port 38742 [preauth]
Apr 18 15:34:16 a952d0d9ca03 sshd[1446]: Invalid user azureuser from 172.30.185.26 port 50476
Apr 18 15:34:16 a952d0d9ca03 sshd[1446]: error: Could not get shadow information for NOUSER
Apr 18 15:34:16 a952d0d9ca03 sshd[1446]: Failed none for invalid user azureuser from 172.30.185.26 port 50476 ssh2
Apr 18 15:34:16 a952d0d9ca03 sshd[1446]: Failed password for invalid user azureuser from 172.30.185.26 port 50476 ssh2
Apr 18 15:34:16 a952d0d9ca03 sshd[1446]: Connection closed by invalid user azureuser 172.30.185.26 port 50476 [preauth]
Apr 18 15:34:18 a952d0d9ca03 sshd[1448]: Invalid user mapr from 172.30.185.3 port 53448
Apr 18 15:34:18 a952d0d9ca03 sshd[1448]: error: Could not get shadow information for NOUSER
Apr 18 15:34:18 a952d0d9ca03 sshd[1448]: Failed none for invalid user mapr from 172.30.185.3 port 53448 ssh2
Apr 18 15:34:18 a952d0d9ca03 sshd[1448]: Failed password for invalid user mapr from 172.30.185.3 port 53448 ssh2
Apr 18 15:34:18 a952d0d9ca03 sshd[1448]: Connection closed by invalid user mapr 172.30.185.3 port 53448 [preauth]
Apr 18 15:34:18 a952d0d9ca03 sshd[1450]: Invalid user mapr from 172.30.185.3 port 53452
Apr 18 15:34:18 a952d0d9ca03 sshd[1450]: error: Could not get shadow information for NOUSER
Apr 18 15:34:18 a952d0d9ca03 sshd[1450]: Failed none for invalid user mapr from 172.30.185.3 port 53452 ssh2
Apr 18 15:34:18 a952d0d9ca03 sshd[1450]: Failed password for invalid user mapr from 172.30.185.3 port 53452 ssh2
Apr 18 15:34:18 a952d0d9ca03 sshd[1450]: Connection closed by invalid user mapr 172.30.185.3 port 53452 [preauth]
Apr 18 15:34:19 a952d0d9ca03 sshd[1452]: Invalid user mapr from 172.30.185.3 port 53468
Apr 18 15:34:19 a952d0d9ca03 sshd[1452]: error: Could not get shadow information for NOUSER
Apr 18 15:34:19 a952d0d9ca03 sshd[1452]: Failed none for invalid user mapr from 172.30.185.3 port 53468 ssh2
Apr 18 15:34:19 a952d0d9ca03 sshd[1452]: Failed password for invalid user mapr from 172.30.185.3 port 53468 ssh2
Apr 18 15:34:19 a952d0d9ca03 sshd[1452]: Connection closed by invalid user mapr 172.30.185.3 port 53468 [preauth]
Apr 18 15:34:19 a952d0d9ca03 sshd[1454]: Invalid user zenith from 172.30.185.4 port 57302
Apr 18 15:34:19 a952d0d9ca03 sshd[1454]: error: Could not get shadow information for NOUSER
Apr 18 15:34:19 a952d0d9ca03 sshd[1454]: Failed none for invalid user zenith from 172.30.185.4 port 57302 ssh2
Apr 18 15:34:19 a952d0d9ca03 sshd[1454]: Failed password for invalid user zenith from 172.30.185.4 port 57302 ssh2
Apr 18 15:34:19 a952d0d9ca03 sshd[1454]: Connection closed by invalid user zenith 172.30.185.4 port 57302 [preauth]
Apr 18 15:34:19 a952d0d9ca03 sshd[1456]: Invalid user mapr from 172.30.185.3 port 53474
Apr 18 15:34:19 a952d0d9ca03 sshd[1456]: error: Could not get shadow information for NOUSER
Apr 18 15:34:19 a952d0d9ca03 sshd[1456]: Failed none for invalid user mapr from 172.30.185.3 port 53474 ssh2
Apr 18 15:34:19 a952d0d9ca03 sshd[1456]: Failed password for invalid user mapr from 172.30.185.3 port 53474 ssh2
Apr 18 15:34:19 a952d0d9ca03 sshd[1456]: Connection closed by invalid user mapr 172.30.185.3 port 53474 [preauth]
Apr 18 15:34:19 a952d0d9ca03 sshd[1458]: Invalid user zenith from 172.30.185.4 port 57312
Apr 18 15:34:19 a952d0d9ca03 sshd[1458]: error: Could not get shadow information for NOUSER
Apr 18 15:34:19 a952d0d9ca03 sshd[1458]: Failed none for invalid user zenith from 172.30.185.4 port 57312 ssh2
Apr 18 15:34:19 a952d0d9ca03 sshd[1458]: Failed password for invalid user zenith from 172.30.185.4 port 57312 ssh2
Apr 18 15:34:19 a952d0d9ca03 sshd[1458]: Connection closed by invalid user zenith 172.30.185.4 port 57312 [preauth]
Apr 18 15:34:19 a952d0d9ca03 sshd[1460]: Invalid user mapr from 172.30.185.3 port 53482
Apr 18 15:34:19 a952d0d9ca03 sshd[1460]: error: Could not get shadow information for NOUSER
Apr 18 15:34:19 a952d0d9ca03 sshd[1460]: Failed none for invalid user mapr from 172.30.185.3 port 53482 ssh2
Apr 18 15:34:19 a952d0d9ca03 sshd[1460]: Failed password for invalid user mapr from 172.30.185.3 port 53482 ssh2
Apr 18 15:34:19 a952d0d9ca03 sshd[1460]: Connection closed by invalid user mapr 172.30.185.3 port 53482 [preauth]
Apr 18 15:34:19 a952d0d9ca03 sshd[1462]: Invalid user zenith from 172.30.185.4 port 57328
Apr 18 15:34:19 a952d0d9ca03 sshd[1462]: error: Could not get shadow information for NOUSER
Apr 18 15:34:19 a952d0d9ca03 sshd[1462]: Failed none for invalid user zenith from 172.30.185.4 port 57328 ssh2
Apr 18 15:34:19 a952d0d9ca03 sshd[1462]: Failed password for invalid user zenith from 172.30.185.4 port 57328 ssh2
Apr 18 15:34:19 a952d0d9ca03 sshd[1462]: Connection closed by invalid user zenith 172.30.185.4 port 57328 [preauth]
Apr 18 15:34:19 a952d0d9ca03 sshd[1464]: Invalid user HwHiAiUser from 172.30.185.5 port 39392
Apr 18 15:34:19 a952d0d9ca03 sshd[1464]: error: Could not get shadow information for NOUSER
Apr 18 15:34:19 a952d0d9ca03 sshd[1464]: Failed none for invalid user HwHiAiUser from 172.30.185.5 port 39392 ssh2
Apr 18 15:34:19 a952d0d9ca03 sshd[1465]: Invalid user mapr from 172.30.185.3 port 53494
Apr 18 15:34:19 a952d0d9ca03 sshd[1465]: error: Could not get shadow information for NOUSER
Apr 18 15:34:19 a952d0d9ca03 sshd[1465]: Failed none for invalid user mapr from 172.30.185.3 port 53494 ssh2
Apr 18 15:34:19 a952d0d9ca03 sshd[1464]: Failed password for invalid user HwHiAiUser from 172.30.185.5 port 39392 ssh2
Apr 18 15:34:19 a952d0d9ca03 sshd[1465]: Failed password for invalid user mapr from 172.30.185.3 port 53494 ssh2
Apr 18 15:34:19 a952d0d9ca03 sshd[1464]: Connection closed by invalid user HwHiAiUser 172.30.185.5 port 39392 [preauth]
Apr 18 15:34:19 a952d0d9ca03 sshd[1465]: Connection closed by invalid user mapr 172.30.185.3 port 53494 [preauth]
Apr 18 15:34:19 a952d0d9ca03 sshd[1468]: Invalid user zenith from 172.30.185.4 port 57332
Apr 18 15:34:19 a952d0d9ca03 sshd[1468]: error: Could not get shadow information for NOUSER
Apr 18 15:34:19 a952d0d9ca03 sshd[1468]: Failed none for invalid user zenith from 172.30.185.4 port 57332 ssh2
Apr 18 15:34:19 a952d0d9ca03 sshd[1468]: Failed password for invalid user zenith from 172.30.185.4 port 57332 ssh2
Apr 18 15:34:19 a952d0d9ca03 sshd[1468]: Connection closed by invalid user zenith 172.30.185.4 port 57332 [preauth]
Apr 18 15:34:20 a952d0d9ca03 sshd[1470]: Invalid user HwHiAiUser from 172.30.185.5 port 39396
Apr 18 15:34:20 a952d0d9ca03 sshd[1470]: error: Could not get shadow information for NOUSER
Apr 18 15:34:20 a952d0d9ca03 sshd[1470]: Failed none for invalid user HwHiAiUser from 172.30.185.5 port 39396 ssh2
Apr 18 15:34:20 a952d0d9ca03 sshd[1471]: Invalid user mapr from 172.30.185.3 port 53508
Apr 18 15:34:20 a952d0d9ca03 sshd[1471]: error: Could not get shadow information for NOUSER
Apr 18 15:34:20 a952d0d9ca03 sshd[1471]: Failed none for invalid user mapr from 172.30.185.3 port 53508 ssh2
Apr 18 15:34:20 a952d0d9ca03 sshd[1470]: Failed password for invalid user HwHiAiUser from 172.30.185.5 port 39396 ssh2
Apr 18 15:34:20 a952d0d9ca03 sshd[1470]: Connection closed by invalid user HwHiAiUser 172.30.185.5 port 39396 [preauth]
Apr 18 15:34:20 a952d0d9ca03 sshd[1471]: Failed password for invalid user mapr from 172.30.185.3 port 53508 ssh2
Apr 18 15:34:20 a952d0d9ca03 sshd[1471]: Connection closed by invalid user mapr 172.30.185.3 port 53508 [preauth]
Apr 18 15:34:20 a952d0d9ca03 sshd[1475]: Invalid user tpuser from 172.30.185.6 port 56622
Apr 18 15:34:20 a952d0d9ca03 sshd[1475]: error: Could not get shadow information for NOUSER
Apr 18 15:34:20 a952d0d9ca03 sshd[1475]: Failed none for invalid user tpuser from 172.30.185.6 port 56622 ssh2
Apr 18 15:34:20 a952d0d9ca03 sshd[1474]: Invalid user zenith from 172.30.185.4 port 57346
Apr 18 15:34:20 a952d0d9ca03 sshd[1474]: error: Could not get shadow information for NOUSER
Apr 18 15:34:20 a952d0d9ca03 sshd[1475]: Failed password for invalid user tpuser from 172.30.185.6 port 56622 ssh2
Apr 18 15:34:20 a952d0d9ca03 sshd[1474]: Failed none for invalid user zenith from 172.30.185.4 port 57346 ssh2
Apr 18 15:34:20 a952d0d9ca03 sshd[1475]: Connection closed by invalid user tpuser 172.30.185.6 port 56622 [preauth]
Apr 18 15:34:20 a952d0d9ca03 sshd[1474]: Failed password for invalid user zenith from 172.30.185.4 port 57346 ssh2
Apr 18 15:34:20 a952d0d9ca03 sshd[1474]: Connection closed by invalid user zenith 172.30.185.4 port 57346 [preauth]
Apr 18 15:34:20 a952d0d9ca03 sshd[1478]: Invalid user HwHiAiUser from 172.30.185.5 port 39400
Apr 18 15:34:20 a952d0d9ca03 sshd[1478]: error: Could not get shadow information for NOUSER
Apr 18 15:34:20 a952d0d9ca03 sshd[1478]: Failed none for invalid user HwHiAiUser from 172.30.185.5 port 39400 ssh2
Apr 18 15:34:20 a952d0d9ca03 sshd[1480]: Invalid user mapr from 172.30.185.3 port 53514
Apr 18 15:34:20 a952d0d9ca03 sshd[1480]: error: Could not get shadow information for NOUSER
Apr 18 15:34:20 a952d0d9ca03 sshd[1480]: Failed none for invalid user mapr from 172.30.185.3 port 53514 ssh2
Apr 18 15:34:20 a952d0d9ca03 sshd[1478]: Failed password for invalid user HwHiAiUser from 172.30.185.5 port 39400 ssh2
Apr 18 15:34:20 a952d0d9ca03 sshd[1478]: Connection closed by invalid user HwHiAiUser 172.30.185.5 port 39400 [preauth]
Apr 18 15:34:20 a952d0d9ca03 sshd[1480]: Failed password for invalid user mapr from 172.30.185.3 port 53514 ssh2
Apr 18 15:34:20 a952d0d9ca03 sshd[1480]: Connection closed by invalid user mapr 172.30.185.3 port 53514 [preauth]
Apr 18 15:34:20 a952d0d9ca03 sshd[1482]: Invalid user tpuser from 172.30.185.6 port 56624
Apr 18 15:34:20 a952d0d9ca03 sshd[1482]: error: Could not get shadow information for NOUSER
Apr 18 15:34:20 a952d0d9ca03 sshd[1482]: Failed none for invalid user tpuser from 172.30.185.6 port 56624 ssh2
Apr 18 15:34:20 a952d0d9ca03 sshd[1482]: Failed password for invalid user tpuser from 172.30.185.6 port 56624 ssh2
Apr 18 15:34:20 a952d0d9ca03 sshd[1482]: Connection closed by invalid user tpuser 172.30.185.6 port 56624 [preauth]
Apr 18 15:34:20 a952d0d9ca03 sshd[1484]: Invalid user zenith from 172.30.185.4 port 57358
Apr 18 15:34:20 a952d0d9ca03 sshd[1484]: error: Could not get shadow information for NOUSER
Apr 18 15:34:20 a952d0d9ca03 sshd[1484]: Failed none for invalid user zenith from 172.30.185.4 port 57358 ssh2
Apr 18 15:34:20 a952d0d9ca03 sshd[1484]: Failed password for invalid user zenith from 172.30.185.4 port 57358 ssh2
Apr 18 15:34:20 a952d0d9ca03 sshd[1484]: Connection closed by invalid user zenith 172.30.185.4 port 57358 [preauth]
Apr 18 15:34:20 a952d0d9ca03 sshd[1486]: Invalid user HwHiAiUser from 172.30.185.5 port 39408
Apr 18 15:34:20 a952d0d9ca03 sshd[1486]: error: Could not get shadow information for NOUSER
Apr 18 15:34:20 a952d0d9ca03 sshd[1486]: Failed none for invalid user HwHiAiUser from 172.30.185.5 port 39408 ssh2
Apr 18 15:34:20 a952d0d9ca03 sshd[1488]: Invalid user mapr from 172.30.185.3 port 53518
Apr 18 15:34:20 a952d0d9ca03 sshd[1488]: error: Could not get shadow information for NOUSER
Apr 18 15:34:20 a952d0d9ca03 sshd[1486]: Failed password for invalid user HwHiAiUser from 172.30.185.5 port 39408 ssh2
Apr 18 15:34:20 a952d0d9ca03 sshd[1488]: Failed none for invalid user mapr from 172.30.185.3 port 53518 ssh2
Apr 18 15:34:20 a952d0d9ca03 sshd[1486]: Connection closed by invalid user HwHiAiUser 172.30.185.5 port 39408 [preauth]
Apr 18 15:34:20 a952d0d9ca03 sshd[1488]: Failed password for invalid user mapr from 172.30.185.3 port 53518 ssh2
Apr 18 15:34:20 a952d0d9ca03 sshd[1488]: Connection closed by invalid user mapr 172.30.185.3 port 53518 [preauth]
Apr 18 15:34:20 a952d0d9ca03 sshd[1490]: Invalid user tpuser from 172.30.185.6 port 56630
Apr 18 15:34:20 a952d0d9ca03 sshd[1490]: error: Could not get shadow information for NOUSER
Apr 18 15:34:20 a952d0d9ca03 sshd[1490]: Failed none for invalid user tpuser from 172.30.185.6 port 56630 ssh2
Apr 18 15:34:20 a952d0d9ca03 sshd[1490]: Failed password for invalid user tpuser from 172.30.185.6 port 56630 ssh2
Apr 18 15:34:20 a952d0d9ca03 sshd[1490]: Connection closed by invalid user tpuser 172.30.185.6 port 56630 [preauth]
Apr 18 15:34:20 a952d0d9ca03 sshd[1492]: Invalid user alex from 172.30.185.7 port 41112
Apr 18 15:34:20 a952d0d9ca03 sshd[1492]: error: Could not get shadow information for NOUSER
Apr 18 15:34:20 a952d0d9ca03 sshd[1494]: Invalid user zenith from 172.30.185.4 port 57362
Apr 18 15:34:20 a952d0d9ca03 sshd[1492]: Failed none for invalid user alex from 172.30.185.7 port 41112 ssh2
Apr 18 15:34:20 a952d0d9ca03 sshd[1494]: error: Could not get shadow information for NOUSER
Apr 18 15:34:20 a952d0d9ca03 sshd[1494]: Failed none for invalid user zenith from 172.30.185.4 port 57362 ssh2
Apr 18 15:34:20 a952d0d9ca03 sshd[1492]: Failed password for invalid user alex from 172.30.185.7 port 41112 ssh2
Apr 18 15:34:20 a952d0d9ca03 sshd[1494]: Failed password for invalid user zenith from 172.30.185.4 port 57362 ssh2
Apr 18 15:34:20 a952d0d9ca03 sshd[1494]: Connection closed by invalid user zenith 172.30.185.4 port 57362 [preauth]
Apr 18 15:34:20 a952d0d9ca03 sshd[1492]: Connection closed by invalid user alex 172.30.185.7 port 41112 [preauth]
Apr 18 15:34:20 a952d0d9ca03 sshd[1498]: Invalid user mapr from 172.30.185.3 port 53524
Apr 18 15:34:20 a952d0d9ca03 sshd[1498]: error: Could not get shadow information for NOUSER
Apr 18 15:34:20 a952d0d9ca03 sshd[1498]: Failed none for invalid user mapr from 172.30.185.3 port 53524 ssh2
Apr 18 15:34:20 a952d0d9ca03 sshd[1496]: Invalid user HwHiAiUser from 172.30.185.5 port 39420
Apr 18 15:34:20 a952d0d9ca03 sshd[1496]: error: Could not get shadow information for NOUSER
Apr 18 15:34:20 a952d0d9ca03 sshd[1496]: Failed none for invalid user HwHiAiUser from 172.30.185.5 port 39420 ssh2
Apr 18 15:34:20 a952d0d9ca03 sshd[1498]: Failed password for invalid user mapr from 172.30.185.3 port 53524 ssh2
Apr 18 15:34:20 a952d0d9ca03 sshd[1498]: Connection closed by invalid user mapr 172.30.185.3 port 53524 [preauth]
Apr 18 15:34:20 a952d0d9ca03 sshd[1496]: Failed password for invalid user HwHiAiUser from 172.30.185.5 port 39420 ssh2
Apr 18 15:34:20 a952d0d9ca03 sshd[1496]: Connection closed by invalid user HwHiAiUser 172.30.185.5 port 39420 [preauth]
Apr 18 15:34:20 a952d0d9ca03 sshd[1500]: Invalid user useradmin from 172.30.185.8 port 41474
Apr 18 15:34:20 a952d0d9ca03 sshd[1500]: error: Could not get shadow information for NOUSER
Apr 18 15:34:20 a952d0d9ca03 sshd[1500]: Failed none for invalid user useradmin from 172.30.185.8 port 41474 ssh2
Apr 18 15:34:20 a952d0d9ca03 sshd[1500]: Failed password for invalid user useradmin from 172.30.185.8 port 41474 ssh2
Apr 18 15:34:20 a952d0d9ca03 sshd[1500]: Connection closed by invalid user useradmin 172.30.185.8 port 41474 [preauth]
Apr 18 15:34:20 a952d0d9ca03 sshd[1501]: Invalid user tpuser from 172.30.185.6 port 56640
Apr 18 15:34:20 a952d0d9ca03 sshd[1501]: error: Could not get shadow information for NOUSER
Apr 18 15:34:20 a952d0d9ca03 sshd[1501]: Failed none for invalid user tpuser from 172.30.185.6 port 56640 ssh2
Apr 18 15:34:20 a952d0d9ca03 sshd[1504]: Invalid user zenith from 172.30.185.4 port 57364
Apr 18 15:34:20 a952d0d9ca03 sshd[1504]: error: Could not get shadow information for NOUSER
Apr 18 15:34:20 a952d0d9ca03 sshd[1504]: Failed none for invalid user zenith from 172.30.185.4 port 57364 ssh2
Apr 18 15:34:20 a952d0d9ca03 sshd[1501]: Failed password for invalid user tpuser from 172.30.185.6 port 56640 ssh2
Apr 18 15:34:20 a952d0d9ca03 sshd[1501]: Connection closed by invalid user tpuser 172.30.185.6 port 56640 [preauth]
Apr 18 15:34:20 a952d0d9ca03 sshd[1504]: Failed password for invalid user zenith from 172.30.185.4 port 57364 ssh2
Apr 18 15:34:20 a952d0d9ca03 sshd[1504]: Connection closed by invalid user zenith 172.30.185.4 port 57364 [preauth]
Apr 18 15:34:20 a952d0d9ca03 sshd[1505]: Invalid user alex from 172.30.185.7 port 41116
Apr 18 15:34:20 a952d0d9ca03 sshd[1505]: error: Could not get shadow information for NOUSER
Apr 18 15:34:20 a952d0d9ca03 sshd[1505]: Failed none for invalid user alex from 172.30.185.7 port 41116 ssh2
Apr 18 15:34:20 a952d0d9ca03 sshd[1505]: Failed password for invalid user alex from 172.30.185.7 port 41116 ssh2
Apr 18 15:34:20 a952d0d9ca03 sshd[1505]: Connection closed by invalid user alex 172.30.185.7 port 41116 [preauth]
Apr 18 15:34:20 a952d0d9ca03 sshd[1508]: Invalid user HwHiAiUser from 172.30.185.5 port 39436
Apr 18 15:34:20 a952d0d9ca03 sshd[1508]: error: Could not get shadow information for NOUSER
Apr 18 15:34:20 a952d0d9ca03 sshd[1508]: Failed none for invalid user HwHiAiUser from 172.30.185.5 port 39436 ssh2
Apr 18 15:34:20 a952d0d9ca03 sshd[1508]: Failed password for invalid user HwHiAiUser from 172.30.185.5 port 39436 ssh2
Apr 18 15:34:20 a952d0d9ca03 sshd[1508]: Connection closed by invalid user HwHiAiUser 172.30.185.5 port 39436 [preauth]
Apr 18 15:34:20 a952d0d9ca03 sshd[1510]: Invalid user useradmin from 172.30.185.8 port 41484
Apr 18 15:34:20 a952d0d9ca03 sshd[1510]: error: Could not get shadow information for NOUSER
Apr 18 15:34:20 a952d0d9ca03 sshd[1510]: Failed none for invalid user useradmin from 172.30.185.8 port 41484 ssh2
Apr 18 15:34:21 a952d0d9ca03 sshd[1510]: Failed password for invalid user useradmin from 172.30.185.8 port 41484 ssh2
Apr 18 15:34:21 a952d0d9ca03 sshd[1510]: Connection closed by invalid user useradmin 172.30.185.8 port 41484 [preauth]
Apr 18 15:34:21 a952d0d9ca03 sshd[1513]: Invalid user zenith from 172.30.185.4 port 57380
Apr 18 15:34:21 a952d0d9ca03 sshd[1513]: error: Could not get shadow information for NOUSER
Apr 18 15:34:21 a952d0d9ca03 sshd[1513]: Failed none for invalid user zenith from 172.30.185.4 port 57380 ssh2
Apr 18 15:34:21 a952d0d9ca03 sshd[1513]: Failed password for invalid user zenith from 172.30.185.4 port 57380 ssh2
Apr 18 15:34:21 a952d0d9ca03 sshd[1513]: Connection closed by invalid user zenith 172.30.185.4 port 57380 [preauth]
Apr 18 15:34:21 a952d0d9ca03 sshd[1512]: Invalid user tpuser from 172.30.185.6 port 56654
Apr 18 15:34:21 a952d0d9ca03 sshd[1516]: Invalid user alex from 172.30.185.7 port 41124
Apr 18 15:34:21 a952d0d9ca03 sshd[1516]: error: Could not get shadow information for NOUSER
Apr 18 15:34:21 a952d0d9ca03 sshd[1512]: error: Could not get shadow information for NOUSER
Apr 18 15:34:21 a952d0d9ca03 sshd[1516]: Failed none for invalid user alex from 172.30.185.7 port 41124 ssh2
Apr 18 15:34:21 a952d0d9ca03 sshd[1512]: Failed none for invalid user tpuser from 172.30.185.6 port 56654 ssh2
Apr 18 15:34:21 a952d0d9ca03 sshd[1512]: Failed password for invalid user tpuser from 172.30.185.6 port 56654 ssh2
Apr 18 15:34:21 a952d0d9ca03 sshd[1516]: Failed password for invalid user alex from 172.30.185.7 port 41124 ssh2
Apr 18 15:34:21 a952d0d9ca03 sshd[1512]: Connection closed by invalid user tpuser 172.30.185.6 port 56654 [preauth]
Apr 18 15:34:21 a952d0d9ca03 sshd[1516]: Connection closed by invalid user alex 172.30.185.7 port 41124 [preauth]
Apr 18 15:34:21 a952d0d9ca03 sshd[1518]: Invalid user mtvps1 from 172.30.185.9 port 46822
Apr 18 15:34:21 a952d0d9ca03 sshd[1518]: error: Could not get shadow information for NOUSER
Apr 18 15:34:21 a952d0d9ca03 sshd[1518]: Failed none for invalid user mtvps1 from 172.30.185.9 port 46822 ssh2
Apr 18 15:34:21 a952d0d9ca03 sshd[1518]: Failed password for invalid user mtvps1 from 172.30.185.9 port 46822 ssh2
Apr 18 15:34:21 a952d0d9ca03 sshd[1518]: Connection closed by invalid user mtvps1 172.30.185.9 port 46822 [preauth]
Apr 18 15:34:21 a952d0d9ca03 sshd[1520]: Invalid user HwHiAiUser from 172.30.185.5 port 39442
Apr 18 15:34:21 a952d0d9ca03 sshd[1520]: error: Could not get shadow information for NOUSER
Apr 18 15:34:21 a952d0d9ca03 sshd[1520]: Failed none for invalid user HwHiAiUser from 172.30.185.5 port 39442 ssh2
Apr 18 15:34:21 a952d0d9ca03 sshd[1520]: Failed password for invalid user HwHiAiUser from 172.30.185.5 port 39442 ssh2
Apr 18 15:34:21 a952d0d9ca03 sshd[1520]: Connection closed by invalid user HwHiAiUser 172.30.185.5 port 39442 [preauth]
Apr 18 15:34:21 a952d0d9ca03 sshd[1522]: Invalid user useradmin from 172.30.185.8 port 41500
Apr 18 15:34:21 a952d0d9ca03 sshd[1522]: error: Could not get shadow information for NOUSER
Apr 18 15:34:21 a952d0d9ca03 sshd[1522]: Failed none for invalid user useradmin from 172.30.185.8 port 41500 ssh2
Apr 18 15:34:21 a952d0d9ca03 sshd[1522]: Failed password for invalid user useradmin from 172.30.185.8 port 41500 ssh2
Apr 18 15:34:21 a952d0d9ca03 sshd[1522]: Connection closed by invalid user useradmin 172.30.185.8 port 41500 [preauth]
Apr 18 15:34:21 a952d0d9ca03 sshd[1527]: Invalid user alex from 172.30.185.7 port 41132
Apr 18 15:34:21 a952d0d9ca03 sshd[1527]: error: Could not get shadow information for NOUSER
Apr 18 15:34:21 a952d0d9ca03 sshd[1527]: Failed none for invalid user alex from 172.30.185.7 port 41132 ssh2
Apr 18 15:34:21 a952d0d9ca03 sshd[1524]: Invalid user zenith from 172.30.185.4 port 57390
Apr 18 15:34:21 a952d0d9ca03 sshd[1524]: error: Could not get shadow information for NOUSER
Apr 18 15:34:21 a952d0d9ca03 sshd[1526]: Invalid user tpuser from 172.30.185.6 port 56658
Apr 18 15:34:21 a952d0d9ca03 sshd[1526]: error: Could not get shadow information for NOUSER
Apr 18 15:34:21 a952d0d9ca03 sshd[1524]: Failed none for invalid user zenith from 172.30.185.4 port 57390 ssh2
Apr 18 15:34:21 a952d0d9ca03 sshd[1526]: Failed none for invalid user tpuser from 172.30.185.6 port 56658 ssh2
Apr 18 15:34:21 a952d0d9ca03 sshd[1527]: Failed password for invalid user alex from 172.30.185.7 port 41132 ssh2
Apr 18 15:34:21 a952d0d9ca03 sshd[1527]: Connection closed by invalid user alex 172.30.185.7 port 41132 [preauth]
Apr 18 15:34:21 a952d0d9ca03 sshd[1524]: Failed password for invalid user zenith from 172.30.185.4 port 57390 ssh2
Apr 18 15:34:21 a952d0d9ca03 sshd[1524]: Connection closed by invalid user zenith 172.30.185.4 port 57390 [preauth]
Apr 18 15:34:21 a952d0d9ca03 sshd[1526]: Failed password for invalid user tpuser from 172.30.185.6 port 56658 ssh2
Apr 18 15:34:21 a952d0d9ca03 sshd[1526]: Connection closed by invalid user tpuser 172.30.185.6 port 56658 [preauth]
Apr 18 15:34:21 a952d0d9ca03 sshd[1530]: Invalid user mtvps1 from 172.30.185.9 port 46826
Apr 18 15:34:21 a952d0d9ca03 sshd[1530]: error: Could not get shadow information for NOUSER
Apr 18 15:34:21 a952d0d9ca03 sshd[1530]: Failed none for invalid user mtvps1 from 172.30.185.9 port 46826 ssh2
Apr 18 15:34:21 a952d0d9ca03 sshd[1530]: Failed password for invalid user mtvps1 from 172.30.185.9 port 46826 ssh2
Apr 18 15:34:21 a952d0d9ca03 sshd[1532]: Invalid user HwHiAiUser from 172.30.185.5 port 39446
Apr 18 15:34:21 a952d0d9ca03 sshd[1532]: error: Could not get shadow information for NOUSER
Apr 18 15:34:21 a952d0d9ca03 sshd[1530]: Connection closed by invalid user mtvps1 172.30.185.9 port 46826 [preauth]
Apr 18 15:34:21 a952d0d9ca03 sshd[1532]: Failed none for invalid user HwHiAiUser from 172.30.185.5 port 39446 ssh2
Apr 18 15:34:21 a952d0d9ca03 sshd[1532]: Failed password for invalid user HwHiAiUser from 172.30.185.5 port 39446 ssh2
Apr 18 15:34:21 a952d0d9ca03 sshd[1532]: Connection closed by invalid user HwHiAiUser 172.30.185.5 port 39446 [preauth]
Apr 18 15:34:21 a952d0d9ca03 sshd[1536]: Invalid user alex from 172.30.185.7 port 41144
Apr 18 15:34:21 a952d0d9ca03 sshd[1536]: error: Could not get shadow information for NOUSER
Apr 18 15:34:21 a952d0d9ca03 sshd[1536]: Failed none for invalid user alex from 172.30.185.7 port 41144 ssh2
Apr 18 15:34:21 a952d0d9ca03 sshd[1536]: Failed password for invalid user alex from 172.30.185.7 port 41144 ssh2
Apr 18 15:34:21 a952d0d9ca03 sshd[1534]: Invalid user useradmin from 172.30.185.8 port 41514
Apr 18 15:34:21 a952d0d9ca03 sshd[1534]: error: Could not get shadow information for NOUSER
Apr 18 15:34:21 a952d0d9ca03 sshd[1538]: Invalid user tpuser from 172.30.185.6 port 56670
Apr 18 15:34:21 a952d0d9ca03 sshd[1536]: Connection closed by invalid user alex 172.30.185.7 port 41144 [preauth]
Apr 18 15:34:21 a952d0d9ca03 sshd[1538]: error: Could not get shadow information for NOUSER
Apr 18 15:34:21 a952d0d9ca03 sshd[1534]: Failed none for invalid user useradmin from 172.30.185.8 port 41514 ssh2
Apr 18 15:34:21 a952d0d9ca03 sshd[1538]: Failed none for invalid user tpuser from 172.30.185.6 port 56670 ssh2
Apr 18 15:34:21 a952d0d9ca03 sshd[1534]: Failed password for invalid user useradmin from 172.30.185.8 port 41514 ssh2
Apr 18 15:34:21 a952d0d9ca03 sshd[1534]: Connection closed by invalid user useradmin 172.30.185.8 port 41514 [preauth]
Apr 18 15:34:21 a952d0d9ca03 sshd[1538]: Failed password for invalid user tpuser from 172.30.185.6 port 56670 ssh2
Apr 18 15:34:21 a952d0d9ca03 sshd[1538]: Connection closed by invalid user tpuser 172.30.185.6 port 56670 [preauth]
Apr 18 15:34:21 a952d0d9ca03 sshd[1540]: Invalid user mtvps1 from 172.30.185.9 port 46828
Apr 18 15:34:21 a952d0d9ca03 sshd[1540]: error: Could not get shadow information for NOUSER
Apr 18 15:34:21 a952d0d9ca03 sshd[1542]: Invalid user HwHiAiUser from 172.30.185.5 port 39462
Apr 18 15:34:21 a952d0d9ca03 sshd[1542]: error: Could not get shadow information for NOUSER
Apr 18 15:34:21 a952d0d9ca03 sshd[1540]: Failed none for invalid user mtvps1 from 172.30.185.9 port 46828 ssh2
Apr 18 15:34:21 a952d0d9ca03 sshd[1542]: Failed none for invalid user HwHiAiUser from 172.30.185.5 port 39462 ssh2
Apr 18 15:34:21 a952d0d9ca03 sshd[1540]: Failed password for invalid user mtvps1 from 172.30.185.9 port 46828 ssh2
Apr 18 15:34:21 a952d0d9ca03 sshd[1542]: Failed password for invalid user HwHiAiUser from 172.30.185.5 port 39462 ssh2
Apr 18 15:34:21 a952d0d9ca03 sshd[1540]: Connection closed by invalid user mtvps1 172.30.185.9 port 46828 [preauth]
Apr 18 15:34:21 a952d0d9ca03 sshd[1542]: Connection closed by invalid user HwHiAiUser 172.30.185.5 port 39462 [preauth]
Apr 18 15:34:21 a952d0d9ca03 sshd[1544]: Invalid user milad from 172.30.185.10 port 45118
Apr 18 15:34:21 a952d0d9ca03 sshd[1544]: error: Could not get shadow information for NOUSER
Apr 18 15:34:21 a952d0d9ca03 sshd[1544]: Failed none for invalid user milad from 172.30.185.10 port 45118 ssh2
Apr 18 15:34:21 a952d0d9ca03 sshd[1544]: Failed password for invalid user milad from 172.30.185.10 port 45118 ssh2
Apr 18 15:34:21 a952d0d9ca03 sshd[1544]: Connection closed by invalid user milad 172.30.185.10 port 45118 [preauth]
Apr 18 15:34:21 a952d0d9ca03 sshd[1549]: Invalid user tpuser from 172.30.185.6 port 56686
Apr 18 15:34:21 a952d0d9ca03 sshd[1549]: error: Could not get shadow information for NOUSER
Apr 18 15:34:21 a952d0d9ca03 sshd[1549]: Failed none for invalid user tpuser from 172.30.185.6 port 56686 ssh2
Apr 18 15:34:21 a952d0d9ca03 sshd[1546]: Invalid user alex from 172.30.185.7 port 41156
Apr 18 15:34:21 a952d0d9ca03 sshd[1546]: error: Could not get shadow information for NOUSER
Apr 18 15:34:21 a952d0d9ca03 sshd[1546]: Failed none for invalid user alex from 172.30.185.7 port 41156 ssh2
Apr 18 15:34:21 a952d0d9ca03 sshd[1549]: Failed password for invalid user tpuser from 172.30.185.6 port 56686 ssh2
Apr 18 15:34:21 a952d0d9ca03 sshd[1549]: Connection closed by invalid user tpuser 172.30.185.6 port 56686 [preauth]
Apr 18 15:34:21 a952d0d9ca03 sshd[1546]: Failed password for invalid user alex from 172.30.185.7 port 41156 ssh2
Apr 18 15:34:21 a952d0d9ca03 sshd[1546]: Connection closed by invalid user alex 172.30.185.7 port 41156 [preauth]
Apr 18 15:34:21 a952d0d9ca03 sshd[1548]: Invalid user useradmin from 172.30.185.8 port 41518
Apr 18 15:34:21 a952d0d9ca03 sshd[1548]: error: Could not get shadow information for NOUSER
