Apr 18 15:38:10 a952d0d9ca03 sshd[10478]: Connection closed by invalid user authority 172.30.185.21 port 36402 [preauth]
Apr 18 15:38:10 a952d0d9ca03 sshd[10480]: Invalid user spectrum from 172.30.185.20 port 60534
Apr 18 15:38:10 a952d0d9ca03 sshd[10480]: error: Could not get shadow information for NOUSER
Apr 18 15:38:10 a952d0d9ca03 sshd[10480]: Failed none for invalid user spectrum from 172.30.185.20 port 60534 ssh2
Apr 18 15:38:10 a952d0d9ca03 sshd[10480]: Failed password for invalid user spectrum from 172.30.185.20 port 60534 ssh2
Apr 18 15:38:10 a952d0d9ca03 sshd[10480]: Connection closed by invalid user spectrum 172.30.185.20 port 60534 [preauth]
Apr 18 15:38:10 a952d0d9ca03 sshd[10482]: Invalid user authority from 172.30.185.21 port 36416
Apr 18 15:38:10 a952d0d9ca03 sshd[10482]: error: Could not get shadow information for NOUSER
Apr 18 15:38:10 a952d0d9ca03 sshd[10482]: Failed none for invalid user authority from 172.30.185.21 port 36416 ssh2
Apr 18 15:38:10 a952d0d9ca03 sshd[10482]: Failed password for invalid user authority from 172.30.185.21 port 36416 ssh2
Apr 18 15:38:10 a952d0d9ca03 sshd[10482]: Connection closed by invalid user authority 172.30.185.21 port 36416 [preauth]
Apr 18 15:38:10 a952d0d9ca03 sshd[10484]: Invalid user spectrum from 172.30.185.20 port 60536
Apr 18 15:38:10 a952d0d9ca03 sshd[10484]: error: Could not get shadow information for NOUSER
Apr 18 15:38:10 a952d0d9ca03 sshd[10484]: Failed none for invalid user spectrum from 172.30.185.20 port 60536 ssh2
Apr 18 15:38:10 a952d0d9ca03 sshd[10484]: Failed password for invalid user spectrum from 172.30.185.20 port 60536 ssh2
Apr 18 15:38:10 a952d0d9ca03 sshd[10484]: Connection closed by invalid user spectrum 172.30.185.20 port 60536 [preauth]
Apr 18 15:38:10 a952d0d9ca03 sshd[10486]: Invalid user authority from 172.30.185.21 port 36432
Apr 18 15:38:10 a952d0d9ca03 sshd[10486]: error: Could not get shadow information for NOUSER
Apr 18 15:38:10 a952d0d9ca03 sshd[10486]: Failed none for invalid user authority from 172.30.185.21 port 36432 ssh2
Apr 18 15:38:10 a952d0d9ca03 sshd[10486]: Failed password for invalid user authority from 172.30.185.21 port 36432 ssh2
Apr 18 15:38:10 a952d0d9ca03 sshd[10486]: Connection closed by invalid user authority 172.30.185.21 port 36432 [preauth]
Apr 18 15:38:10 a952d0d9ca03 sshd[10488]: Invalid user hipchat from 172.30.185.23 port 37396
Apr 18 15:38:10 a952d0d9ca03 sshd[10488]: error: Could not get shadow information for NOUSER
Apr 18 15:38:10 a952d0d9ca03 sshd[10488]: Failed none for invalid user hipchat from 172.30.185.23 port 37396 ssh2
Apr 18 15:38:10 a952d0d9ca03 sshd[10488]: Failed password for invalid user hipchat from 172.30.185.23 port 37396 ssh2
Apr 18 15:38:10 a952d0d9ca03 sshd[10488]: Connection closed by invalid user hipchat 172.30.185.23 port 37396 [preauth]
Apr 18 15:38:10 a952d0d9ca03 sshd[10490]: Invalid user artwork from 172.30.185.22 port 48978
Apr 18 15:38:10 a952d0d9ca03 sshd[10490]: error: Could not get shadow information for NOUSER
Apr 18 15:38:10 a952d0d9ca03 sshd[10490]: Failed none for invalid user artwork from 172.30.185.22 port 48978 ssh2
Apr 18 15:38:10 a952d0d9ca03 sshd[10490]: Failed password for invalid user artwork from 172.30.185.22 port 48978 ssh2
Apr 18 15:38:10 a952d0d9ca03 sshd[10490]: Connection closed by invalid user artwork 172.30.185.22 port 48978 [preauth]
Apr 18 15:38:10 a952d0d9ca03 sshd[10492]: Invalid user spectrum from 172.30.185.20 port 60552
Apr 18 15:38:10 a952d0d9ca03 sshd[10492]: error: Could not get shadow information for NOUSER
Apr 18 15:38:10 a952d0d9ca03 sshd[10492]: Failed none for invalid user spectrum from 172.30.185.20 port 60552 ssh2
Apr 18 15:38:10 a952d0d9ca03 sshd[10492]: Failed password for invalid user spectrum from 172.30.185.20 port 60552 ssh2
Apr 18 15:38:10 a952d0d9ca03 sshd[10492]: Connection closed by invalid user spectrum 172.30.185.20 port 60552 [preauth]
Apr 18 15:38:10 a952d0d9ca03 sshd[10494]: Invalid user authority from 172.30.185.21 port 36442
Apr 18 15:38:10 a952d0d9ca03 sshd[10494]: error: Could not get shadow information for NOUSER
Apr 18 15:38:10 a952d0d9ca03 sshd[10494]: Failed none for invalid user authority from 172.30.185.21 port 36442 ssh2
Apr 18 15:38:10 a952d0d9ca03 sshd[10494]: Failed password for invalid user authority from 172.30.185.21 port 36442 ssh2
Apr 18 15:38:10 a952d0d9ca03 sshd[10494]: Connection closed by invalid user authority 172.30.185.21 port 36442 [preauth]
Apr 18 15:38:10 a952d0d9ca03 sshd[10496]: Invalid user hipchat from 172.30.185.23 port 37398
Apr 18 15:38:10 a952d0d9ca03 sshd[10496]: error: Could not get shadow information for NOUSER
Apr 18 15:38:10 a952d0d9ca03 sshd[10496]: Failed none for invalid user hipchat from 172.30.185.23 port 37398 ssh2
Apr 18 15:38:10 a952d0d9ca03 sshd[10496]: Failed password for invalid user hipchat from 172.30.185.23 port 37398 ssh2
Apr 18 15:38:10 a952d0d9ca03 sshd[10496]: Connection closed by invalid user hipchat 172.30.185.23 port 37398 [preauth]
Apr 18 15:38:11 a952d0d9ca03 sshd[10498]: Invalid user artwork from 172.30.185.22 port 48982
Apr 18 15:38:11 a952d0d9ca03 sshd[10498]: error: Could not get shadow information for NOUSER
Apr 18 15:38:11 a952d0d9ca03 sshd[10498]: Failed none for invalid user artwork from 172.30.185.22 port 48982 ssh2
Apr 18 15:38:11 a952d0d9ca03 sshd[10498]: Failed password for invalid user artwork from 172.30.185.22 port 48982 ssh2
Apr 18 15:38:11 a952d0d9ca03 sshd[10498]: Connection closed by invalid user artwork 172.30.185.22 port 48982 [preauth]
Apr 18 15:38:11 a952d0d9ca03 sshd[10500]: Invalid user spectrum from 172.30.185.20 port 60560
Apr 18 15:38:11 a952d0d9ca03 sshd[10500]: error: Could not get shadow information for NOUSER
Apr 18 15:38:11 a952d0d9ca03 sshd[10500]: Failed none for invalid user spectrum from 172.30.185.20 port 60560 ssh2
Apr 18 15:38:11 a952d0d9ca03 sshd[10500]: Failed password for invalid user spectrum from 172.30.185.20 port 60560 ssh2
Apr 18 15:38:11 a952d0d9ca03 sshd[10500]: Connection closed by invalid user spectrum 172.30.185.20 port 60560 [preauth]
Apr 18 15:38:11 a952d0d9ca03 sshd[10502]: Invalid user shopify from 172.30.185.26 port 35560
Apr 18 15:38:11 a952d0d9ca03 sshd[10502]: error: Could not get shadow information for NOUSER
Apr 18 15:38:11 a952d0d9ca03 sshd[10502]: Failed none for invalid user shopify from 172.30.185.26 port 35560 ssh2
Apr 18 15:38:11 a952d0d9ca03 sshd[10502]: Failed password for invalid user shopify from 172.30.185.26 port 35560 ssh2
Apr 18 15:38:11 a952d0d9ca03 sshd[10502]: Connection closed by invalid user shopify 172.30.185.26 port 35560 [preauth]
Apr 18 15:38:11 a952d0d9ca03 sshd[10506]: Invalid user hipchat from 172.30.185.23 port 37414
Apr 18 15:38:11 a952d0d9ca03 sshd[10506]: error: Could not get shadow information for NOUSER
Apr 18 15:38:11 a952d0d9ca03 sshd[10504]: Invalid user authority from 172.30.185.21 port 36448
Apr 18 15:38:11 a952d0d9ca03 sshd[10504]: error: Could not get shadow information for NOUSER
Apr 18 15:38:11 a952d0d9ca03 sshd[10506]: Failed none for invalid user hipchat from 172.30.185.23 port 37414 ssh2
Apr 18 15:38:11 a952d0d9ca03 sshd[10504]: Failed none for invalid user authority from 172.30.185.21 port 36448 ssh2
Apr 18 15:38:11 a952d0d9ca03 sshd[10504]: Failed password for invalid user authority from 172.30.185.21 port 36448 ssh2
Apr 18 15:38:11 a952d0d9ca03 sshd[10506]: Failed password for invalid user hipchat from 172.30.185.23 port 37414 ssh2
Apr 18 15:38:11 a952d0d9ca03 sshd[10504]: Connection closed by invalid user authority 172.30.185.21 port 36448 [preauth]
Apr 18 15:38:11 a952d0d9ca03 sshd[10506]: Connection closed by invalid user hipchat 172.30.185.23 port 37414 [preauth]
Apr 18 15:38:11 a952d0d9ca03 sshd[10508]: Invalid user artwork from 172.30.185.22 port 48998
Apr 18 15:38:11 a952d0d9ca03 sshd[10508]: error: Could not get shadow information for NOUSER
Apr 18 15:38:11 a952d0d9ca03 sshd[10508]: Failed none for invalid user artwork from 172.30.185.22 port 48998 ssh2
Apr 18 15:38:11 a952d0d9ca03 sshd[10508]: Failed password for invalid user artwork from 172.30.185.22 port 48998 ssh2
Apr 18 15:38:11 a952d0d9ca03 sshd[10508]: Connection closed by invalid user artwork 172.30.185.22 port 48998 [preauth]
Apr 18 15:38:11 a952d0d9ca03 sshd[10510]: Invalid user satis from 172.30.185.25 port 46766
Apr 18 15:38:11 a952d0d9ca03 sshd[10510]: error: Could not get shadow information for NOUSER
Apr 18 15:38:11 a952d0d9ca03 sshd[10510]: Failed none for invalid user satis from 172.30.185.25 port 46766 ssh2
Apr 18 15:38:11 a952d0d9ca03 sshd[10510]: Failed password for invalid user satis from 172.30.185.25 port 46766 ssh2
Apr 18 15:38:11 a952d0d9ca03 sshd[10510]: Connection closed by invalid user satis 172.30.185.25 port 46766 [preauth]
Apr 18 15:38:11 a952d0d9ca03 sshd[10512]: Invalid user sahil from 172.30.185.24 port 43656
Apr 18 15:38:11 a952d0d9ca03 sshd[10512]: error: Could not get shadow information for NOUSER
Apr 18 15:38:11 a952d0d9ca03 sshd[10512]: Failed none for invalid user sahil from 172.30.185.24 port 43656 ssh2
Apr 18 15:38:11 a952d0d9ca03 sshd[10512]: Failed password for invalid user sahil from 172.30.185.24 port 43656 ssh2
Apr 18 15:38:11 a952d0d9ca03 sshd[10512]: Connection closed by invalid user sahil 172.30.185.24 port 43656 [preauth]
Apr 18 15:38:11 a952d0d9ca03 sshd[10516]: Invalid user authority from 172.30.185.21 port 36456
Apr 18 15:38:11 a952d0d9ca03 sshd[10516]: error: Could not get shadow information for NOUSER
Apr 18 15:38:11 a952d0d9ca03 sshd[10516]: Failed none for invalid user authority from 172.30.185.21 port 36456 ssh2
Apr 18 15:38:11 a952d0d9ca03 sshd[10513]: Invalid user shopify from 172.30.185.26 port 35568
Apr 18 15:38:11 a952d0d9ca03 sshd[10513]: error: Could not get shadow information for NOUSER
Apr 18 15:38:11 a952d0d9ca03 sshd[10513]: Failed none for invalid user shopify from 172.30.185.26 port 35568 ssh2
Apr 18 15:38:11 a952d0d9ca03 sshd[10516]: Failed password for invalid user authority from 172.30.185.21 port 36456 ssh2
Apr 18 15:38:11 a952d0d9ca03 sshd[10516]: Connection closed by invalid user authority 172.30.185.21 port 36456 [preauth]
Apr 18 15:38:11 a952d0d9ca03 sshd[10513]: Failed password for invalid user shopify from 172.30.185.26 port 35568 ssh2
Apr 18 15:38:11 a952d0d9ca03 sshd[10513]: Connection closed by invalid user shopify 172.30.185.26 port 35568 [preauth]
Apr 18 15:38:11 a952d0d9ca03 sshd[10517]: Invalid user hipchat from 172.30.185.23 port 37422
Apr 18 15:38:11 a952d0d9ca03 sshd[10517]: error: Could not get shadow information for NOUSER
Apr 18 15:38:11 a952d0d9ca03 sshd[10517]: Failed none for invalid user hipchat from 172.30.185.23 port 37422 ssh2
Apr 18 15:38:11 a952d0d9ca03 sshd[10517]: Failed password for invalid user hipchat from 172.30.185.23 port 37422 ssh2
Apr 18 15:38:11 a952d0d9ca03 sshd[10517]: Connection closed by invalid user hipchat 172.30.185.23 port 37422 [preauth]
Apr 18 15:38:11 a952d0d9ca03 sshd[10520]: Invalid user artwork from 172.30.185.22 port 49000
Apr 18 15:38:11 a952d0d9ca03 sshd[10520]: error: Could not get shadow information for NOUSER
Apr 18 15:38:11 a952d0d9ca03 sshd[10520]: Failed none for invalid user artwork from 172.30.185.22 port 49000 ssh2
Apr 18 15:38:11 a952d0d9ca03 sshd[10520]: Failed password for invalid user artwork from 172.30.185.22 port 49000 ssh2
Apr 18 15:38:11 a952d0d9ca03 sshd[10520]: Connection closed by invalid user artwork 172.30.185.22 port 49000 [preauth]
Apr 18 15:38:11 a952d0d9ca03 sshd[10522]: Invalid user satis from 172.30.185.25 port 46770
Apr 18 15:38:11 a952d0d9ca03 sshd[10522]: error: Could not get shadow information for NOUSER
Apr 18 15:38:11 a952d0d9ca03 sshd[10522]: Failed none for invalid user satis from 172.30.185.25 port 46770 ssh2
Apr 18 15:38:11 a952d0d9ca03 sshd[10522]: Failed password for invalid user satis from 172.30.185.25 port 46770 ssh2
Apr 18 15:38:11 a952d0d9ca03 sshd[10522]: Connection closed by invalid user satis 172.30.185.25 port 46770 [preauth]
Apr 18 15:38:11 a952d0d9ca03 sshd[10524]: Invalid user sahil from 172.30.185.24 port 43662
Apr 18 15:38:11 a952d0d9ca03 sshd[10524]: error: Could not get shadow information for NOUSER
Apr 18 15:38:11 a952d0d9ca03 sshd[10524]: Failed none for invalid user sahil from 172.30.185.24 port 43662 ssh2
Apr 18 15:38:11 a952d0d9ca03 sshd[10524]: Failed password for invalid user sahil from 172.30.185.24 port 43662 ssh2
Apr 18 15:38:11 a952d0d9ca03 sshd[10524]: Connection closed by invalid user sahil 172.30.185.24 port 43662 [preauth]
Apr 18 15:38:11 a952d0d9ca03 sshd[10526]: Invalid user authority from 172.30.185.21 port 36468
Apr 18 15:38:11 a952d0d9ca03 sshd[10526]: error: Could not get shadow information for NOUSER
Apr 18 15:38:11 a952d0d9ca03 sshd[10526]: Failed none for invalid user authority from 172.30.185.21 port 36468 ssh2
Apr 18 15:38:11 a952d0d9ca03 sshd[10526]: Failed password for invalid user authority from 172.30.185.21 port 36468 ssh2
Apr 18 15:38:11 a952d0d9ca03 sshd[10526]: Connection closed by invalid user authority 172.30.185.21 port 36468 [preauth]
Apr 18 15:38:11 a952d0d9ca03 sshd[10530]: Invalid user hipchat from 172.30.185.23 port 37424
Apr 18 15:38:11 a952d0d9ca03 sshd[10530]: error: Could not get shadow information for NOUSER
Apr 18 15:38:11 a952d0d9ca03 sshd[10528]: Invalid user shopify from 172.30.185.26 port 35580
Apr 18 15:38:11 a952d0d9ca03 sshd[10528]: error: Could not get shadow information for NOUSER
Apr 18 15:38:11 a952d0d9ca03 sshd[10530]: Failed none for invalid user hipchat from 172.30.185.23 port 37424 ssh2
Apr 18 15:38:11 a952d0d9ca03 sshd[10528]: Failed none for invalid user shopify from 172.30.185.26 port 35580 ssh2
Apr 18 15:38:11 a952d0d9ca03 sshd[10528]: Failed password for invalid user shopify from 172.30.185.26 port 35580 ssh2
Apr 18 15:38:11 a952d0d9ca03 sshd[10530]: Failed password for invalid user hipchat from 172.30.185.23 port 37424 ssh2
Apr 18 15:38:11 a952d0d9ca03 sshd[10528]: Connection closed by invalid user shopify 172.30.185.26 port 35580 [preauth]
Apr 18 15:38:11 a952d0d9ca03 sshd[10530]: Connection closed by invalid user hipchat 172.30.185.23 port 37424 [preauth]
Apr 18 15:38:11 a952d0d9ca03 sshd[10532]: Invalid user artwork from 172.30.185.22 port 49016
Apr 18 15:38:11 a952d0d9ca03 sshd[10532]: error: Could not get shadow information for NOUSER
Apr 18 15:38:11 a952d0d9ca03 sshd[10532]: Failed none for invalid user artwork from 172.30.185.22 port 49016 ssh2
Apr 18 15:38:11 a952d0d9ca03 sshd[10532]: Failed password for invalid user artwork from 172.30.185.22 port 49016 ssh2
Apr 18 15:38:11 a952d0d9ca03 sshd[10532]: Connection closed by invalid user artwork 172.30.185.22 port 49016 [preauth]
Apr 18 15:38:11 a952d0d9ca03 sshd[10534]: Invalid user satis from 172.30.185.25 port 46786
Apr 18 15:38:11 a952d0d9ca03 sshd[10534]: error: Could not get shadow information for NOUSER
Apr 18 15:38:11 a952d0d9ca03 sshd[10534]: Failed none for invalid user satis from 172.30.185.25 port 46786 ssh2
Apr 18 15:38:11 a952d0d9ca03 sshd[10536]: Invalid user chz from 172.30.185.3 port 41770
Apr 18 15:38:11 a952d0d9ca03 sshd[10536]: error: Could not get shadow information for NOUSER
Apr 18 15:38:11 a952d0d9ca03 sshd[10536]: Failed none for invalid user chz from 172.30.185.3 port 41770 ssh2
Apr 18 15:38:11 a952d0d9ca03 sshd[10534]: Failed password for invalid user satis from 172.30.185.25 port 46786 ssh2
Apr 18 15:38:11 a952d0d9ca03 sshd[10534]: Connection closed by invalid user satis 172.30.185.25 port 46786 [preauth]
Apr 18 15:38:11 a952d0d9ca03 sshd[10536]: Failed password for invalid user chz from 172.30.185.3 port 41770 ssh2
Apr 18 15:38:11 a952d0d9ca03 sshd[10536]: Connection closed by invalid user chz 172.30.185.3 port 41770 [preauth]
Apr 18 15:38:11 a952d0d9ca03 sshd[10538]: Invalid user sahil from 172.30.185.24 port 43674
Apr 18 15:38:11 a952d0d9ca03 sshd[10538]: error: Could not get shadow information for NOUSER
Apr 18 15:38:11 a952d0d9ca03 sshd[10538]: Failed none for invalid user sahil from 172.30.185.24 port 43674 ssh2
Apr 18 15:38:11 a952d0d9ca03 sshd[10538]: Failed password for invalid user sahil from 172.30.185.24 port 43674 ssh2
Apr 18 15:38:11 a952d0d9ca03 sshd[10538]: Connection closed by invalid user sahil 172.30.185.24 port 43674 [preauth]
Apr 18 15:38:11 a952d0d9ca03 sshd[10543]: Invalid user shopify from 172.30.185.26 port 35586
Apr 18 15:38:11 a952d0d9ca03 sshd[10543]: error: Could not get shadow information for NOUSER
Apr 18 15:38:11 a952d0d9ca03 sshd[10540]: Invalid user authority from 172.30.185.21 port 36470
Apr 18 15:38:11 a952d0d9ca03 sshd[10540]: error: Could not get shadow information for NOUSER
Apr 18 15:38:11 a952d0d9ca03 sshd[10543]: Failed none for invalid user shopify from 172.30.185.26 port 35586 ssh2
Apr 18 15:38:11 a952d0d9ca03 sshd[10540]: Failed none for invalid user authority from 172.30.185.21 port 36470 ssh2
Apr 18 15:38:11 a952d0d9ca03 sshd[10543]: Failed password for invalid user shopify from 172.30.185.26 port 35586 ssh2
Apr 18 15:38:11 a952d0d9ca03 sshd[10540]: Failed password for invalid user authority from 172.30.185.21 port 36470 ssh2
Apr 18 15:38:11 a952d0d9ca03 sshd[10540]: Connection closed by invalid user authority 172.30.185.21 port 36470 [preauth]
Apr 18 15:38:11 a952d0d9ca03 sshd[10543]: Connection closed by invalid user shopify 172.30.185.26 port 35586 [preauth]
Apr 18 15:38:11 a952d0d9ca03 sshd[10542]: Invalid user hipchat from 172.30.185.23 port 37438
Apr 18 15:38:11 a952d0d9ca03 sshd[10542]: error: Could not get shadow information for NOUSER
Apr 18 15:38:11 a952d0d9ca03 sshd[10542]: Failed none for invalid user hipchat from 172.30.185.23 port 37438 ssh2
Apr 18 15:38:11 a952d0d9ca03 sshd[10542]: Failed password for invalid user hipchat from 172.30.185.23 port 37438 ssh2
Apr 18 15:38:11 a952d0d9ca03 sshd[10542]: Connection closed by invalid user hipchat 172.30.185.23 port 37438 [preauth]
Apr 18 15:38:11 a952d0d9ca03 sshd[10546]: Invalid user artwork from 172.30.185.22 port 49024
Apr 18 15:38:11 a952d0d9ca03 sshd[10546]: error: Could not get shadow information for NOUSER
Apr 18 15:38:11 a952d0d9ca03 sshd[10546]: Failed none for invalid user artwork from 172.30.185.22 port 49024 ssh2
Apr 18 15:38:11 a952d0d9ca03 sshd[10546]: Failed password for invalid user artwork from 172.30.185.22 port 49024 ssh2
Apr 18 15:38:11 a952d0d9ca03 sshd[10546]: Connection closed by invalid user artwork 172.30.185.22 port 49024 [preauth]
Apr 18 15:38:12 a952d0d9ca03 sshd[10548]: Invalid user satis from 172.30.185.25 port 46800
Apr 18 15:38:12 a952d0d9ca03 sshd[10548]: error: Could not get shadow information for NOUSER
Apr 18 15:38:12 a952d0d9ca03 sshd[10548]: Failed none for invalid user satis from 172.30.185.25 port 46800 ssh2
Apr 18 15:38:12 a952d0d9ca03 sshd[10548]: Failed password for invalid user satis from 172.30.185.25 port 46800 ssh2
Apr 18 15:38:12 a952d0d9ca03 sshd[10549]: Invalid user systemd from 172.30.185.3 port 41780
Apr 18 15:38:12 a952d0d9ca03 sshd[10549]: error: Could not get shadow information for NOUSER
Apr 18 15:38:12 a952d0d9ca03 sshd[10548]: Connection closed by invalid user satis 172.30.185.25 port 46800 [preauth]
Apr 18 15:38:12 a952d0d9ca03 sshd[10549]: Failed none for invalid user systemd from 172.30.185.3 port 41780 ssh2
Apr 18 15:38:12 a952d0d9ca03 sshd[10549]: Failed password for invalid user systemd from 172.30.185.3 port 41780 ssh2
Apr 18 15:38:12 a952d0d9ca03 sshd[10549]: Connection closed by invalid user systemd 172.30.185.3 port 41780 [preauth]
Apr 18 15:38:12 a952d0d9ca03 sshd[10552]: Invalid user sahil from 172.30.185.24 port 43690
Apr 18 15:38:12 a952d0d9ca03 sshd[10552]: error: Could not get shadow information for NOUSER
Apr 18 15:38:12 a952d0d9ca03 sshd[10552]: Failed none for invalid user sahil from 172.30.185.24 port 43690 ssh2
Apr 18 15:38:12 a952d0d9ca03 sshd[10552]: Failed password for invalid user sahil from 172.30.185.24 port 43690 ssh2
Apr 18 15:38:12 a952d0d9ca03 sshd[10552]: Connection closed by invalid user sahil 172.30.185.24 port 43690 [preauth]
Apr 18 15:38:12 a952d0d9ca03 sshd[10554]: Invalid user gitlab-runner from 172.30.185.4 port 35186
Apr 18 15:38:12 a952d0d9ca03 sshd[10554]: error: Could not get shadow information for NOUSER
Apr 18 15:38:12 a952d0d9ca03 sshd[10554]: Failed none for invalid user gitlab-runner from 172.30.185.4 port 35186 ssh2
Apr 18 15:38:12 a952d0d9ca03 sshd[10554]: Failed password for invalid user gitlab-runner from 172.30.185.4 port 35186 ssh2
Apr 18 15:38:12 a952d0d9ca03 sshd[10554]: Connection closed by invalid user gitlab-runner 172.30.185.4 port 35186 [preauth]
Apr 18 15:38:12 a952d0d9ca03 sshd[10557]: Invalid user shopify from 172.30.185.26 port 35594
Apr 18 15:38:12 a952d0d9ca03 sshd[10557]: error: Could not get shadow information for NOUSER
Apr 18 15:38:12 a952d0d9ca03 sshd[10560]: Invalid user hipchat from 172.30.185.23 port 37444
Apr 18 15:38:12 a952d0d9ca03 sshd[10557]: Failed none for invalid user shopify from 172.30.185.26 port 35594 ssh2
Apr 18 15:38:12 a952d0d9ca03 sshd[10560]: error: Could not get shadow information for NOUSER
Apr 18 15:38:12 a952d0d9ca03 sshd[10560]: Failed none for invalid user hipchat from 172.30.185.23 port 37444 ssh2
Apr 18 15:38:12 a952d0d9ca03 sshd[10557]: Failed password for invalid user shopify from 172.30.185.26 port 35594 ssh2
Apr 18 15:38:12 a952d0d9ca03 sshd[10557]: Connection closed by invalid user shopify 172.30.185.26 port 35594 [preauth]
Apr 18 15:38:12 a952d0d9ca03 sshd[10556]: Invalid user authority from 172.30.185.21 port 36482
Apr 18 15:38:12 a952d0d9ca03 sshd[10556]: error: Could not get shadow information for NOUSER
Apr 18 15:38:12 a952d0d9ca03 sshd[10560]: Failed password for invalid user hipchat from 172.30.185.23 port 37444 ssh2
Apr 18 15:38:12 a952d0d9ca03 sshd[10556]: Failed none for invalid user authority from 172.30.185.21 port 36482 ssh2
Apr 18 15:38:12 a952d0d9ca03 sshd[10560]: Connection closed by invalid user hipchat 172.30.185.23 port 37444 [preauth]
Apr 18 15:38:12 a952d0d9ca03 sshd[10562]: Invalid user artwork from 172.30.185.22 port 49038
Apr 18 15:38:12 a952d0d9ca03 sshd[10562]: error: Could not get shadow information for NOUSER
Apr 18 15:38:12 a952d0d9ca03 sshd[10562]: Failed none for invalid user artwork from 172.30.185.22 port 49038 ssh2
Apr 18 15:38:12 a952d0d9ca03 sshd[10556]: Failed password for invalid user authority from 172.30.185.21 port 36482 ssh2
Apr 18 15:38:12 a952d0d9ca03 sshd[10556]: Connection closed by invalid user authority 172.30.185.21 port 36482 [preauth]
Apr 18 15:38:12 a952d0d9ca03 sshd[10562]: Failed password for invalid user artwork from 172.30.185.22 port 49038 ssh2
Apr 18 15:38:12 a952d0d9ca03 sshd[10562]: Connection closed by invalid user artwork 172.30.185.22 port 49038 [preauth]
Apr 18 15:38:12 a952d0d9ca03 sshd[10564]: Invalid user satis from 172.30.185.25 port 46814
Apr 18 15:38:12 a952d0d9ca03 sshd[10564]: error: Could not get shadow information for NOUSER
Apr 18 15:38:12 a952d0d9ca03 sshd[10564]: Failed none for invalid user satis from 172.30.185.25 port 46814 ssh2
Apr 18 15:38:12 a952d0d9ca03 sshd[10564]: Failed password for invalid user satis from 172.30.185.25 port 46814 ssh2
Apr 18 15:38:12 a952d0d9ca03 sshd[10564]: Connection closed by invalid user satis 172.30.185.25 port 46814 [preauth]
Apr 18 15:38:12 a952d0d9ca03 sshd[10566]: Invalid user systemd from 172.30.185.3 port 41786
Apr 18 15:38:12 a952d0d9ca03 sshd[10566]: error: Could not get shadow information for NOUSER
Apr 18 15:38:12 a952d0d9ca03 sshd[10566]: Failed none for invalid user systemd from 172.30.185.3 port 41786 ssh2
Apr 18 15:38:12 a952d0d9ca03 sshd[10566]: Failed password for invalid user systemd from 172.30.185.3 port 41786 ssh2
Apr 18 15:38:12 a952d0d9ca03 sshd[10566]: Connection closed by invalid user systemd 172.30.185.3 port 41786 [preauth]
Apr 18 15:38:12 a952d0d9ca03 sshd[10570]: Invalid user bot from 172.30.185.4 port 35188
Apr 18 15:38:12 a952d0d9ca03 sshd[10570]: error: Could not get shadow information for NOUSER
Apr 18 15:38:12 a952d0d9ca03 sshd[10570]: Failed none for invalid user bot from 172.30.185.4 port 35188 ssh2
Apr 18 15:38:12 a952d0d9ca03 sshd[10568]: Invalid user sahil from 172.30.185.24 port 43706
Apr 18 15:38:12 a952d0d9ca03 sshd[10568]: error: Could not get shadow information for NOUSER
Apr 18 15:38:12 a952d0d9ca03 sshd[10570]: Failed password for invalid user bot from 172.30.185.4 port 35188 ssh2
Apr 18 15:38:12 a952d0d9ca03 sshd[10568]: Failed none for invalid user sahil from 172.30.185.24 port 43706 ssh2
Apr 18 15:38:12 a952d0d9ca03 sshd[10570]: Connection closed by invalid user bot 172.30.185.4 port 35188 [preauth]
Apr 18 15:38:12 a952d0d9ca03 sshd[10574]: Invalid user hipchat from 172.30.185.23 port 37458
Apr 18 15:38:12 a952d0d9ca03 sshd[10574]: error: Could not get shadow information for NOUSER
Apr 18 15:38:12 a952d0d9ca03 sshd[10568]: Failed password for invalid user sahil from 172.30.185.24 port 43706 ssh2
Apr 18 15:38:12 a952d0d9ca03 sshd[10574]: Failed none for invalid user hipchat from 172.30.185.23 port 37458 ssh2
Apr 18 15:38:12 a952d0d9ca03 sshd[10568]: Connection closed by invalid user sahil 172.30.185.24 port 43706 [preauth]
Apr 18 15:38:12 a952d0d9ca03 sshd[10576]: Invalid user authority from 172.30.185.21 port 36490
Apr 18 15:38:12 a952d0d9ca03 sshd[10576]: error: Could not get shadow information for NOUSER
Apr 18 15:38:12 a952d0d9ca03 sshd[10576]: Failed none for invalid user authority from 172.30.185.21 port 36490 ssh2
Apr 18 15:38:12 a952d0d9ca03 sshd[10574]: Failed password for invalid user hipchat from 172.30.185.23 port 37458 ssh2
Apr 18 15:38:12 a952d0d9ca03 sshd[10576]: Failed password for invalid user authority from 172.30.185.21 port 36490 ssh2
Apr 18 15:38:12 a952d0d9ca03 sshd[10572]: Invalid user shopify from 172.30.185.26 port 35610
Apr 18 15:38:12 a952d0d9ca03 sshd[10574]: Connection closed by invalid user hipchat 172.30.185.23 port 37458 [preauth]
Apr 18 15:38:12 a952d0d9ca03 sshd[10572]: error: Could not get shadow information for NOUSER
Apr 18 15:38:12 a952d0d9ca03 sshd[10576]: Connection closed by invalid user authority 172.30.185.21 port 36490 [preauth]
Apr 18 15:38:12 a952d0d9ca03 sshd[10572]: Failed none for invalid user shopify from 172.30.185.26 port 35610 ssh2
Apr 18 15:38:12 a952d0d9ca03 sshd[10572]: Failed password for invalid user shopify from 172.30.185.26 port 35610 ssh2
Apr 18 15:38:12 a952d0d9ca03 sshd[10572]: Connection closed by invalid user shopify 172.30.185.26 port 35610 [preauth]
Apr 18 15:38:12 a952d0d9ca03 sshd[10578]: Invalid user artwork from 172.30.185.22 port 49054
Apr 18 15:38:12 a952d0d9ca03 sshd[10578]: error: Could not get shadow information for NOUSER
Apr 18 15:38:12 a952d0d9ca03 sshd[10578]: Failed none for invalid user artwork from 172.30.185.22 port 49054 ssh2
Apr 18 15:38:12 a952d0d9ca03 sshd[10578]: Failed password for invalid user artwork from 172.30.185.22 port 49054 ssh2
Apr 18 15:38:12 a952d0d9ca03 sshd[10578]: Connection closed by invalid user artwork 172.30.185.22 port 49054 [preauth]
Apr 18 15:38:12 a952d0d9ca03 sshd[10580]: Invalid user satis from 172.30.185.25 port 46822
Apr 18 15:38:12 a952d0d9ca03 sshd[10580]: error: Could not get shadow information for NOUSER
Apr 18 15:38:12 a952d0d9ca03 sshd[10580]: Failed none for invalid user satis from 172.30.185.25 port 46822 ssh2
Apr 18 15:38:12 a952d0d9ca03 sshd[10580]: Failed password for invalid user satis from 172.30.185.25 port 46822 ssh2
Apr 18 15:38:12 a952d0d9ca03 sshd[10580]: Connection closed by invalid user satis 172.30.185.25 port 46822 [preauth]
Apr 18 15:38:12 a952d0d9ca03 sshd[10582]: Invalid user systemd from 172.30.185.3 port 41798
Apr 18 15:38:12 a952d0d9ca03 sshd[10582]: error: Could not get shadow information for NOUSER
Apr 18 15:38:12 a952d0d9ca03 sshd[10582]: Failed none for invalid user systemd from 172.30.185.3 port 41798 ssh2
Apr 18 15:38:12 a952d0d9ca03 sshd[10582]: Failed password for invalid user systemd from 172.30.185.3 port 41798 ssh2
Apr 18 15:38:12 a952d0d9ca03 sshd[10586]: Invalid user sahil from 172.30.185.24 port 43722
Apr 18 15:38:12 a952d0d9ca03 sshd[10586]: error: Could not get shadow information for NOUSER
Apr 18 15:38:12 a952d0d9ca03 sshd[10586]: Failed none for invalid user sahil from 172.30.185.24 port 43722 ssh2
Apr 18 15:38:12 a952d0d9ca03 sshd[10582]: Connection closed by invalid user systemd 172.30.185.3 port 41798 [preauth]
Apr 18 15:38:12 a952d0d9ca03 sshd[10586]: Failed password for invalid user sahil from 172.30.185.24 port 43722 ssh2
Apr 18 15:38:12 a952d0d9ca03 sshd[10586]: Connection closed by invalid user sahil 172.30.185.24 port 43722 [preauth]
Apr 18 15:38:12 a952d0d9ca03 sshd[10584]: Invalid user bot from 172.30.185.4 port 35204
Apr 18 15:38:12 a952d0d9ca03 sshd[10584]: error: Could not get shadow information for NOUSER
Apr 18 15:38:12 a952d0d9ca03 sshd[10584]: Failed none for invalid user bot from 172.30.185.4 port 35204 ssh2
Apr 18 15:38:12 a952d0d9ca03 sshd[10584]: Failed password for invalid user bot from 172.30.185.4 port 35204 ssh2
Apr 18 15:38:12 a952d0d9ca03 sshd[10590]: Invalid user shopify from 172.30.185.26 port 35616
Apr 18 15:38:12 a952d0d9ca03 sshd[10590]: error: Could not get shadow information for NOUSER
Apr 18 15:38:12 a952d0d9ca03 sshd[10584]: Connection closed by invalid user bot 172.30.185.4 port 35204 [preauth]
Apr 18 15:38:12 a952d0d9ca03 sshd[10590]: Failed none for invalid user shopify from 172.30.185.26 port 35616 ssh2
Apr 18 15:38:12 a952d0d9ca03 sshd[10588]: Invalid user hipchat from 172.30.185.23 port 37460
Apr 18 15:38:12 a952d0d9ca03 sshd[10588]: error: Could not get shadow information for NOUSER
Apr 18 15:38:12 a952d0d9ca03 sshd[10590]: Failed password for invalid user shopify from 172.30.185.26 port 35616 ssh2
Apr 18 15:38:12 a952d0d9ca03 sshd[10588]: Failed none for invalid user hipchat from 172.30.185.23 port 37460 ssh2
Apr 18 15:38:12 a952d0d9ca03 sshd[10590]: Connection closed by invalid user shopify 172.30.185.26 port 35616 [preauth]
Apr 18 15:38:12 a952d0d9ca03 sshd[10588]: Failed password for invalid user hipchat from 172.30.185.23 port 37460 ssh2
Apr 18 15:38:12 a952d0d9ca03 sshd[10592]: Invalid user artwork from 172.30.185.22 port 49058
Apr 18 15:38:12 a952d0d9ca03 sshd[10592]: error: Could not get shadow information for NOUSER
Apr 18 15:38:12 a952d0d9ca03 sshd[10588]: Connection closed by invalid user hipchat 172.30.185.23 port 37460 [preauth]
Apr 18 15:38:12 a952d0d9ca03 sshd[10592]: Failed none for invalid user artwork from 172.30.185.22 port 49058 ssh2
Apr 18 15:38:12 a952d0d9ca03 sshd[10592]: Failed password for invalid user artwork from 172.30.185.22 port 49058 ssh2
Apr 18 15:38:12 a952d0d9ca03 sshd[10592]: Connection closed by invalid user artwork 172.30.185.22 port 49058 [preauth]
Apr 18 15:38:12 a952d0d9ca03 sshd[10594]: Invalid user satis from 172.30.185.25 port 46836
Apr 18 15:38:12 a952d0d9ca03 sshd[10594]: error: Could not get shadow information for NOUSER
Apr 18 15:38:12 a952d0d9ca03 sshd[10594]: Failed none for invalid user satis from 172.30.185.25 port 46836 ssh2
Apr 18 15:38:12 a952d0d9ca03 sshd[10594]: Failed password for invalid user satis from 172.30.185.25 port 46836 ssh2
Apr 18 15:38:12 a952d0d9ca03 sshd[10596]: Invalid user systemd from 172.30.185.3 port 41812
Apr 18 15:38:12 a952d0d9ca03 sshd[10596]: error: Could not get shadow information for NOUSER
Apr 18 15:38:12 a952d0d9ca03 sshd[10594]: Connection closed by invalid user satis 172.30.185.25 port 46836 [preauth]
Apr 18 15:38:12 a952d0d9ca03 sshd[10596]: Failed none for invalid user systemd from 172.30.185.3 port 41812 ssh2
Apr 18 15:38:12 a952d0d9ca03 sshd[10596]: Failed password for invalid user systemd from 172.30.185.3 port 41812 ssh2
Apr 18 15:38:12 a952d0d9ca03 sshd[10596]: Connection closed by invalid user systemd 172.30.185.3 port 41812 [preauth]
Apr 18 15:38:12 a952d0d9ca03 sshd[10598]: Invalid user sahil from 172.30.185.24 port 43726
Apr 18 15:38:12 a952d0d9ca03 sshd[10598]: error: Could not get shadow information for NOUSER
Apr 18 15:38:12 a952d0d9ca03 sshd[10598]: Failed none for invalid user sahil from 172.30.185.24 port 43726 ssh2
Apr 18 15:38:12 a952d0d9ca03 sshd[10598]: Failed password for invalid user sahil from 172.30.185.24 port 43726 ssh2
Apr 18 15:38:12 a952d0d9ca03 sshd[10598]: Connection closed by invalid user sahil 172.30.185.24 port 43726 [preauth]
Apr 18 15:38:12 a952d0d9ca03 sshd[10606]: Invalid user hipchat from 172.30.185.23 port 37476
Apr 18 15:38:12 a952d0d9ca03 sshd[10606]: error: Could not get shadow information for NOUSER
Apr 18 15:38:12 a952d0d9ca03 sshd[10606]: Failed none for invalid user hipchat from 172.30.185.23 port 37476 ssh2
Apr 18 15:38:12 a952d0d9ca03 sshd[10606]: Failed password for invalid user hipchat from 172.30.185.23 port 37476 ssh2
Apr 18 15:38:12 a952d0d9ca03 sshd[10600]: Invalid user bot from 172.30.185.4 port 35206
Apr 18 15:38:12 a952d0d9ca03 sshd[10600]: error: Could not get shadow information for NOUSER
Apr 18 15:38:12 a952d0d9ca03 sshd[10606]: Connection closed by invalid user hipchat 172.30.185.23 port 37476 [preauth]
Apr 18 15:38:12 a952d0d9ca03 sshd[10608]: Invalid user artwork from 172.30.185.22 port 49064
Apr 18 15:38:12 a952d0d9ca03 sshd[10608]: error: Could not get shadow information for NOUSER
Apr 18 15:38:12 a952d0d9ca03 sshd[10600]: Failed none for invalid user bot from 172.30.185.4 port 35206 ssh2
Apr 18 15:38:12 a952d0d9ca03 sshd[10608]: Failed none for invalid user artwork from 172.30.185.22 port 49064 ssh2
Apr 18 15:38:12 a952d0d9ca03 sshd[10603]: Invalid user shopify from 172.30.185.26 port 35628
Apr 18 15:38:12 a952d0d9ca03 sshd[10603]: error: Could not get shadow information for NOUSER
Apr 18 15:38:12 a952d0d9ca03 sshd[10600]: Failed password for invalid user bot from 172.30.185.4 port 35206 ssh2
Apr 18 15:38:12 a952d0d9ca03 sshd[10602]: Invalid user jason from 172.30.185.5 port 58364
Apr 18 15:38:12 a952d0d9ca03 sshd[10602]: error: Could not get shadow information for NOUSER
Apr 18 15:38:12 a952d0d9ca03 sshd[10600]: Connection closed by invalid user bot 172.30.185.4 port 35206 [preauth]
Apr 18 15:38:12 a952d0d9ca03 sshd[10608]: Failed password for invalid user artwork from 172.30.185.22 port 49064 ssh2
Apr 18 15:38:12 a952d0d9ca03 sshd[10603]: Failed none for invalid user shopify from 172.30.185.26 port 35628 ssh2
Apr 18 15:38:12 a952d0d9ca03 sshd[10602]: Failed none for invalid user jason from 172.30.185.5 port 58364 ssh2
Apr 18 15:38:12 a952d0d9ca03 sshd[10608]: Connection closed by invalid user artwork 172.30.185.22 port 49064 [preauth]
Apr 18 15:38:12 a952d0d9ca03 sshd[10603]: Failed password for invalid user shopify from 172.30.185.26 port 35628 ssh2
Apr 18 15:38:12 a952d0d9ca03 sshd[10602]: Failed password for invalid user jason from 172.30.185.5 port 58364 ssh2
Apr 18 15:38:12 a952d0d9ca03 sshd[10602]: Connection closed by invalid user jason 172.30.185.5 port 58364 [preauth]
Apr 18 15:38:12 a952d0d9ca03 sshd[10603]: Connection closed by invalid user shopify 172.30.185.26 port 35628 [preauth]
Apr 18 15:38:13 a952d0d9ca03 sshd[10610]: Invalid user satis from 172.30.185.25 port 46846
Apr 18 15:38:13 a952d0d9ca03 sshd[10610]: error: Could not get shadow information for NOUSER
Apr 18 15:38:13 a952d0d9ca03 sshd[10610]: Failed none for invalid user satis from 172.30.185.25 port 46846 ssh2
Apr 18 15:38:13 a952d0d9ca03 sshd[10610]: Failed password for invalid user satis from 172.30.185.25 port 46846 ssh2
Apr 18 15:38:13 a952d0d9ca03 sshd[10610]: Connection closed by invalid user satis 172.30.185.25 port 46846 [preauth]
Apr 18 15:38:13 a952d0d9ca03 sshd[10612]: Invalid user systemd from 172.30.185.3 port 41822
Apr 18 15:38:13 a952d0d9ca03 sshd[10612]: error: Could not get shadow information for NOUSER
Apr 18 15:38:13 a952d0d9ca03 sshd[10612]: Failed none for invalid user systemd from 172.30.185.3 port 41822 ssh2
Apr 18 15:38:13 a952d0d9ca03 sshd[10614]: Invalid user sahil from 172.30.185.24 port 43734
Apr 18 15:38:13 a952d0d9ca03 sshd[10614]: error: Could not get shadow information for NOUSER
Apr 18 15:38:13 a952d0d9ca03 sshd[10612]: Failed password for invalid user systemd from 172.30.185.3 port 41822 ssh2
Apr 18 15:38:13 a952d0d9ca03 sshd[10614]: Failed none for invalid user sahil from 172.30.185.24 port 43734 ssh2
Apr 18 15:38:13 a952d0d9ca03 sshd[10612]: Connection closed by invalid user systemd 172.30.185.3 port 41822 [preauth]
Apr 18 15:38:13 a952d0d9ca03 sshd[10614]: Failed password for invalid user sahil from 172.30.185.24 port 43734 ssh2
Apr 18 15:38:13 a952d0d9ca03 sshd[10614]: Connection closed by invalid user sahil 172.30.185.24 port 43734 [preauth]
Apr 18 15:38:13 a952d0d9ca03 sshd[10619]: Invalid user shopify from 172.30.185.26 port 35630
Apr 18 15:38:13 a952d0d9ca03 sshd[10619]: error: Could not get shadow information for NOUSER
Apr 18 15:38:13 a952d0d9ca03 sshd[10619]: Failed none for invalid user shopify from 172.30.185.26 port 35630 ssh2
Apr 18 15:38:13 a952d0d9ca03 sshd[10616]: Invalid user bot from 172.30.185.4 port 35212
Apr 18 15:38:13 a952d0d9ca03 sshd[10616]: error: Could not get shadow information for NOUSER
Apr 18 15:38:13 a952d0d9ca03 sshd[10616]: Failed none for invalid user bot from 172.30.185.4 port 35212 ssh2
Apr 18 15:38:13 a952d0d9ca03 sshd[10619]: Failed password for invalid user shopify from 172.30.185.26 port 35630 ssh2
Apr 18 15:38:13 a952d0d9ca03 sshd[10619]: Connection closed by invalid user shopify 172.30.185.26 port 35630 [preauth]
Apr 18 15:38:13 a952d0d9ca03 sshd[10616]: Failed password for invalid user bot from 172.30.185.4 port 35212 ssh2
Apr 18 15:38:13 a952d0d9ca03 sshd[10616]: Connection closed by invalid user bot 172.30.185.4 port 35212 [preauth]
Apr 18 15:38:13 a952d0d9ca03 sshd[10618]: Invalid user ftp_id from 172.30.185.5 port 58374
Apr 18 15:38:13 a952d0d9ca03 sshd[10618]: error: Could not get shadow information for NOUSER
Apr 18 15:38:13 a952d0d9ca03 sshd[10618]: Failed none for invalid user ftp_id from 172.30.185.5 port 58374 ssh2
Apr 18 15:38:13 a952d0d9ca03 sshd[10618]: Failed password for invalid user ftp_id from 172.30.185.5 port 58374 ssh2
Apr 18 15:38:13 a952d0d9ca03 sshd[10618]: Connection closed by invalid user ftp_id 172.30.185.5 port 58374 [preauth]
Apr 18 15:38:13 a952d0d9ca03 sshd[10622]: Invalid user satis from 172.30.185.25 port 46852
Apr 18 15:38:13 a952d0d9ca03 sshd[10622]: error: Could not get shadow information for NOUSER
Apr 18 15:38:13 a952d0d9ca03 sshd[10622]: Failed none for invalid user satis from 172.30.185.25 port 46852 ssh2
Apr 18 15:38:13 a952d0d9ca03 sshd[10622]: Failed password for invalid user satis from 172.30.185.25 port 46852 ssh2
Apr 18 15:38:13 a952d0d9ca03 sshd[10622]: Connection closed by invalid user satis 172.30.185.25 port 46852 [preauth]
Apr 18 15:38:13 a952d0d9ca03 sshd[10626]: Invalid user sahil from 172.30.185.24 port 43746
Apr 18 15:38:13 a952d0d9ca03 sshd[10626]: error: Could not get shadow information for NOUSER
Apr 18 15:38:13 a952d0d9ca03 sshd[10626]: Failed none for invalid user sahil from 172.30.185.24 port 43746 ssh2
Apr 18 15:38:13 a952d0d9ca03 sshd[10624]: Invalid user systemd from 172.30.185.3 port 41832
Apr 18 15:38:13 a952d0d9ca03 sshd[10624]: error: Could not get shadow information for NOUSER
Apr 18 15:38:13 a952d0d9ca03 sshd[10624]: Failed none for invalid user systemd from 172.30.185.3 port 41832 ssh2
Apr 18 15:38:13 a952d0d9ca03 sshd[10626]: Failed password for invalid user sahil from 172.30.185.24 port 43746 ssh2
Apr 18 15:38:13 a952d0d9ca03 sshd[10626]: Connection closed by invalid user sahil 172.30.185.24 port 43746 [preauth]
Apr 18 15:38:13 a952d0d9ca03 sshd[10624]: Failed password for invalid user systemd from 172.30.185.3 port 41832 ssh2
Apr 18 15:38:13 a952d0d9ca03 sshd[10624]: Connection closed by invalid user systemd 172.30.185.3 port 41832 [preauth]
Apr 18 15:38:13 a952d0d9ca03 sshd[10628]: Invalid user shopify from 172.30.185.26 port 35646
Apr 18 15:38:13 a952d0d9ca03 sshd[10628]: error: Could not get shadow information for NOUSER
Apr 18 15:38:13 a952d0d9ca03 sshd[10628]: Failed none for invalid user shopify from 172.30.185.26 port 35646 ssh2
Apr 18 15:38:13 a952d0d9ca03 sshd[10629]: Invalid user bot from 172.30.185.4 port 35224
Apr 18 15:38:13 a952d0d9ca03 sshd[10629]: error: Could not get shadow information for NOUSER
Apr 18 15:38:13 a952d0d9ca03 sshd[10628]: Failed password for invalid user shopify from 172.30.185.26 port 35646 ssh2
Apr 18 15:38:13 a952d0d9ca03 sshd[10629]: Failed none for invalid user bot from 172.30.185.4 port 35224 ssh2
Apr 18 15:38:13 a952d0d9ca03 sshd[10628]: Connection closed by invalid user shopify 172.30.185.26 port 35646 [preauth]
Apr 18 15:38:13 a952d0d9ca03 sshd[10629]: Failed password for invalid user bot from 172.30.185.4 port 35224 ssh2
Apr 18 15:38:13 a952d0d9ca03 sshd[10629]: Connection closed by invalid user bot 172.30.185.4 port 35224 [preauth]
Apr 18 15:38:13 a952d0d9ca03 sshd[10632]: Invalid user ftp_id from 172.30.185.5 port 58388
Apr 18 15:38:13 a952d0d9ca03 sshd[10632]: error: Could not get shadow information for NOUSER
Apr 18 15:38:13 a952d0d9ca03 sshd[10632]: Failed none for invalid user ftp_id from 172.30.185.5 port 58388 ssh2
Apr 18 15:38:13 a952d0d9ca03 sshd[10632]: Failed password for invalid user ftp_id from 172.30.185.5 port 58388 ssh2
Apr 18 15:38:13 a952d0d9ca03 sshd[10632]: Connection closed by invalid user ftp_id 172.30.185.5 port 58388 [preauth]
Apr 18 15:38:13 a952d0d9ca03 sshd[10634]: Invalid user satis from 172.30.185.25 port 46856
Apr 18 15:38:13 a952d0d9ca03 sshd[10634]: error: Could not get shadow information for NOUSER
Apr 18 15:38:13 a952d0d9ca03 sshd[10634]: Failed none for invalid user satis from 172.30.185.25 port 46856 ssh2
Apr 18 15:38:13 a952d0d9ca03 sshd[10634]: Failed password for invalid user satis from 172.30.185.25 port 46856 ssh2
Apr 18 15:38:13 a952d0d9ca03 sshd[10634]: Connection closed by invalid user satis 172.30.185.25 port 46856 [preauth]
Apr 18 15:38:13 a952d0d9ca03 sshd[10638]: Invalid user systemd from 172.30.185.3 port 41846
Apr 18 15:38:13 a952d0d9ca03 sshd[10638]: error: Could not get shadow information for NOUSER
Apr 18 15:38:13 a952d0d9ca03 sshd[10638]: Failed none for invalid user systemd from 172.30.185.3 port 41846 ssh2
Apr 18 15:38:13 a952d0d9ca03 sshd[10638]: Failed password for invalid user systemd from 172.30.185.3 port 41846 ssh2
Apr 18 15:38:13 a952d0d9ca03 sshd[10638]: Connection closed by invalid user systemd 172.30.185.3 port 41846 [preauth]
Apr 18 15:38:13 a952d0d9ca03 sshd[10636]: Invalid user sahil from 172.30.185.24 port 43758
Apr 18 15:38:13 a952d0d9ca03 sshd[10636]: error: Could not get shadow information for NOUSER
Apr 18 15:38:13 a952d0d9ca03 sshd[10636]: Failed none for invalid user sahil from 172.30.185.24 port 43758 ssh2
Apr 18 15:38:13 a952d0d9ca03 sshd[10636]: Failed password for invalid user sahil from 172.30.185.24 port 43758 ssh2
Apr 18 15:38:13 a952d0d9ca03 sshd[10640]: Invalid user bot from 172.30.185.4 port 35228
Apr 18 15:38:13 a952d0d9ca03 sshd[10640]: error: Could not get shadow information for NOUSER
Apr 18 15:38:13 a952d0d9ca03 sshd[10636]: Connection closed by invalid user sahil 172.30.185.24 port 43758 [preauth]
Apr 18 15:38:13 a952d0d9ca03 sshd[10640]: Failed none for invalid user bot from 172.30.185.4 port 35228 ssh2
Apr 18 15:38:13 a952d0d9ca03 sshd[10640]: Failed password for invalid user bot from 172.30.185.4 port 35228 ssh2
Apr 18 15:38:13 a952d0d9ca03 sshd[10640]: Connection closed by invalid user bot 172.30.185.4 port 35228 [preauth]
Apr 18 15:38:13 a952d0d9ca03 sshd[10642]: Invalid user ftp_id from 172.30.185.5 port 58396
Apr 18 15:38:13 a952d0d9ca03 sshd[10642]: error: Could not get shadow information for NOUSER
Apr 18 15:38:13 a952d0d9ca03 sshd[10642]: Failed none for invalid user ftp_id from 172.30.185.5 port 58396 ssh2
Apr 18 15:38:13 a952d0d9ca03 sshd[10642]: Failed password for invalid user ftp_id from 172.30.185.5 port 58396 ssh2
Apr 18 15:38:13 a952d0d9ca03 sshd[10642]: Connection closed by invalid user ftp_id 172.30.185.5 port 58396 [preauth]
Apr 18 15:38:13 a952d0d9ca03 sshd[10644]: Invalid user systemd from 172.30.185.3 port 41852
Apr 18 15:38:13 a952d0d9ca03 sshd[10644]: error: Could not get shadow information for NOUSER
Apr 18 15:38:13 a952d0d9ca03 sshd[10644]: Failed none for invalid user systemd from 172.30.185.3 port 41852 ssh2
Apr 18 15:38:13 a952d0d9ca03 sshd[10644]: Failed password for invalid user systemd from 172.30.185.3 port 41852 ssh2
Apr 18 15:38:13 a952d0d9ca03 sshd[10644]: Connection closed by invalid user systemd 172.30.185.3 port 41852 [preauth]
Apr 18 15:38:13 a952d0d9ca03 sshd[10646]: Invalid user bot from 172.30.185.4 port 35238
Apr 18 15:38:13 a952d0d9ca03 sshd[10646]: error: Could not get shadow information for NOUSER
Apr 18 15:38:13 a952d0d9ca03 sshd[10648]: Invalid user lab from 172.30.185.6 port 52420
Apr 18 15:38:13 a952d0d9ca03 sshd[10648]: error: Could not get shadow information for NOUSER
Apr 18 15:38:13 a952d0d9ca03 sshd[10646]: Failed none for invalid user bot from 172.30.185.4 port 35238 ssh2
Apr 18 15:38:13 a952d0d9ca03 sshd[10648]: Failed none for invalid user lab from 172.30.185.6 port 52420 ssh2
Apr 18 15:38:13 a952d0d9ca03 sshd[10646]: Failed password for invalid user bot from 172.30.185.4 port 35238 ssh2
Apr 18 15:38:13 a952d0d9ca03 sshd[10648]: Failed password for invalid user lab from 172.30.185.6 port 52420 ssh2
Apr 18 15:38:13 a952d0d9ca03 sshd[10646]: Connection closed by invalid user bot 172.30.185.4 port 35238 [preauth]
Apr 18 15:38:13 a952d0d9ca03 sshd[10648]: Connection closed by invalid user lab 172.30.185.6 port 52420 [preauth]
Apr 18 15:38:13 a952d0d9ca03 sshd[10650]: Invalid user ftp_id from 172.30.185.5 port 58408
Apr 18 15:38:13 a952d0d9ca03 sshd[10650]: error: Could not get shadow information for NOUSER
Apr 18 15:38:13 a952d0d9ca03 sshd[10650]: Failed none for invalid user ftp_id from 172.30.185.5 port 58408 ssh2
Apr 18 15:38:13 a952d0d9ca03 sshd[10650]: Failed password for invalid user ftp_id from 172.30.185.5 port 58408 ssh2
Apr 18 15:38:13 a952d0d9ca03 sshd[10650]: Connection closed by invalid user ftp_id 172.30.185.5 port 58408 [preauth]
Apr 18 15:38:14 a952d0d9ca03 sshd[10652]: Invalid user systemd from 172.30.185.3 port 41860
Apr 18 15:38:14 a952d0d9ca03 sshd[10652]: error: Could not get shadow information for NOUSER
Apr 18 15:38:14 a952d0d9ca03 sshd[10652]: Failed none for invalid user systemd from 172.30.185.3 port 41860 ssh2
Apr 18 15:38:14 a952d0d9ca03 sshd[10652]: Failed password for invalid user systemd from 172.30.185.3 port 41860 ssh2
Apr 18 15:38:14 a952d0d9ca03 sshd[10652]: Connection closed by invalid user systemd 172.30.185.3 port 41860 [preauth]
Apr 18 15:38:14 a952d0d9ca03 sshd[10654]: Invalid user bot from 172.30.185.4 port 35240
Apr 18 15:38:14 a952d0d9ca03 sshd[10654]: error: Could not get shadow information for NOUSER
Apr 18 15:38:14 a952d0d9ca03 sshd[10654]: Failed none for invalid user bot from 172.30.185.4 port 35240 ssh2
Apr 18 15:38:14 a952d0d9ca03 sshd[10655]: Invalid user login from 172.30.185.6 port 52422
Apr 18 15:38:14 a952d0d9ca03 sshd[10655]: error: Could not get shadow information for NOUSER
Apr 18 15:38:14 a952d0d9ca03 sshd[10658]: Invalid user ftp_id from 172.30.185.5 port 58420
Apr 18 15:38:14 a952d0d9ca03 sshd[10658]: error: Could not get shadow information for NOUSER
Apr 18 15:38:14 a952d0d9ca03 sshd[10654]: Failed password for invalid user bot from 172.30.185.4 port 35240 ssh2
Apr 18 15:38:14 a952d0d9ca03 sshd[10654]: Connection closed by invalid user bot 172.30.185.4 port 35240 [preauth]
Apr 18 15:38:14 a952d0d9ca03 sshd[10655]: Failed none for invalid user login from 172.30.185.6 port 52422 ssh2
Apr 18 15:38:14 a952d0d9ca03 sshd[10658]: Failed none for invalid user ftp_id from 172.30.185.5 port 58420 ssh2
Apr 18 15:38:14 a952d0d9ca03 sshd[10658]: Failed password for invalid user ftp_id from 172.30.185.5 port 58420 ssh2
Apr 18 15:38:14 a952d0d9ca03 sshd[10655]: Failed password for invalid user login from 172.30.185.6 port 52422 ssh2
Apr 18 15:38:14 a952d0d9ca03 sshd[10658]: Connection closed by invalid user ftp_id 172.30.185.5 port 58420 [preauth]
Apr 18 15:38:14 a952d0d9ca03 sshd[10655]: Connection closed by invalid user login 172.30.185.6 port 52422 [preauth]
Apr 18 15:38:14 a952d0d9ca03 sshd[10660]: Invalid user bot from 172.30.185.4 port 35246
Apr 18 15:38:14 a952d0d9ca03 sshd[10660]: error: Could not get shadow information for NOUSER
Apr 18 15:38:14 a952d0d9ca03 sshd[10660]: Failed none for invalid user bot from 172.30.185.4 port 35246 ssh2
Apr 18 15:38:14 a952d0d9ca03 sshd[10662]: Invalid user ftp_id from 172.30.185.5 port 58424
Apr 18 15:38:14 a952d0d9ca03 sshd[10662]: error: Could not get shadow information for NOUSER
Apr 18 15:38:14 a952d0d9ca03 sshd[10660]: Failed password for invalid user bot from 172.30.185.4 port 35246 ssh2
Apr 18 15:38:14 a952d0d9ca03 sshd[10662]: Failed none for invalid user ftp_id from 172.30.185.5 port 58424 ssh2
Apr 18 15:38:14 a952d0d9ca03 sshd[10660]: Connection closed by invalid user bot 172.30.185.4 port 35246 [preauth]
Apr 18 15:38:14 a952d0d9ca03 sshd[10662]: Failed password for invalid user ftp_id from 172.30.185.5 port 58424 ssh2
Apr 18 15:38:14 a952d0d9ca03 sshd[10663]: Invalid user login from 172.30.185.6 port 52426
Apr 18 15:38:14 a952d0d9ca03 sshd[10662]: Connection closed by invalid user ftp_id 172.30.185.5 port 58424 [preauth]
Apr 18 15:38:14 a952d0d9ca03 sshd[10663]: error: Could not get shadow information for NOUSER
Apr 18 15:38:14 a952d0d9ca03 sshd[10663]: Failed none for invalid user login from 172.30.185.6 port 52426 ssh2
Apr 18 15:38:14 a952d0d9ca03 sshd[10663]: Failed password for invalid user login from 172.30.185.6 port 52426 ssh2
Apr 18 15:38:14 a952d0d9ca03 sshd[10663]: Connection closed by invalid user login 172.30.185.6 port 52426 [preauth]
Apr 18 15:38:14 a952d0d9ca03 sshd[10667]: Invalid user ftp_id from 172.30.185.5 port 58426
Apr 18 15:38:14 a952d0d9ca03 sshd[10667]: error: Could not get shadow information for NOUSER
Apr 18 15:38:14 a952d0d9ca03 sshd[10666]: Invalid user info from 172.30.185.7 port 57844
