Apr 18 15:36:16 a952d0d9ca03 sshd[6042]: Failed none for invalid user proxyuser from 172.30.185.16 port 39832 ssh2
Apr 18 15:36:16 a952d0d9ca03 sshd[6042]: Failed password for invalid user proxyuser from 172.30.185.16 port 39832 ssh2
Apr 18 15:36:16 a952d0d9ca03 sshd[6042]: Connection closed by invalid user proxyuser 172.30.185.16 port 39832 [preauth]
Apr 18 15:36:16 a952d0d9ca03 sshd[6044]: Invalid user bharath from 172.30.185.15 port 45870
Apr 18 15:36:16 a952d0d9ca03 sshd[6044]: error: Could not get shadow information for NOUSER
Apr 18 15:36:16 a952d0d9ca03 sshd[6044]: Failed none for invalid user bharath from 172.30.185.15 port 45870 ssh2
Apr 18 15:36:16 a952d0d9ca03 sshd[6044]: Failed password for invalid user bharath from 172.30.185.15 port 45870 ssh2
Apr 18 15:36:16 a952d0d9ca03 sshd[6044]: Connection closed by invalid user bharath 172.30.185.15 port 45870 [preauth]
Apr 18 15:36:16 a952d0d9ca03 sshd[6046]: Invalid user uniform from 172.30.185.13 port 49530
Apr 18 15:36:16 a952d0d9ca03 sshd[6046]: error: Could not get shadow information for NOUSER
Apr 18 15:36:16 a952d0d9ca03 sshd[6046]: Failed none for invalid user uniform from 172.30.185.13 port 49530 ssh2
Apr 18 15:36:16 a952d0d9ca03 sshd[6046]: Failed password for invalid user uniform from 172.30.185.13 port 49530 ssh2
Apr 18 15:36:16 a952d0d9ca03 sshd[6046]: Connection closed by invalid user uniform 172.30.185.13 port 49530 [preauth]
Apr 18 15:36:16 a952d0d9ca03 sshd[6048]: Invalid user sol from 172.30.185.14 port 48336
Apr 18 15:36:16 a952d0d9ca03 sshd[6048]: error: Could not get shadow information for NOUSER
Apr 18 15:36:16 a952d0d9ca03 sshd[6048]: Failed none for invalid user sol from 172.30.185.14 port 48336 ssh2
Apr 18 15:36:16 a952d0d9ca03 sshd[6048]: Failed password for invalid user sol from 172.30.185.14 port 48336 ssh2
Apr 18 15:36:16 a952d0d9ca03 sshd[6050]: Invalid user proxyuser from 172.30.185.16 port 39844
Apr 18 15:36:16 a952d0d9ca03 sshd[6050]: error: Could not get shadow information for NOUSER
Apr 18 15:36:16 a952d0d9ca03 sshd[6050]: Failed none for invalid user proxyuser from 172.30.185.16 port 39844 ssh2
Apr 18 15:36:16 a952d0d9ca03 sshd[6048]: Connection closed by invalid user sol 172.30.185.14 port 48336 [preauth]
Apr 18 15:36:16 a952d0d9ca03 sshd[6050]: Failed password for invalid user proxyuser from 172.30.185.16 port 39844 ssh2
Apr 18 15:36:16 a952d0d9ca03 sshd[6050]: Connection closed by invalid user proxyuser 172.30.185.16 port 39844 [preauth]
Apr 18 15:36:16 a952d0d9ca03 sshd[6052]: Invalid user bharath from 172.30.185.15 port 45882
Apr 18 15:36:16 a952d0d9ca03 sshd[6052]: error: Could not get shadow information for NOUSER
Apr 18 15:36:16 a952d0d9ca03 sshd[6052]: Failed none for invalid user bharath from 172.30.185.15 port 45882 ssh2
Apr 18 15:36:16 a952d0d9ca03 sshd[6052]: Failed password for invalid user bharath from 172.30.185.15 port 45882 ssh2
Apr 18 15:36:16 a952d0d9ca03 sshd[6054]: Invalid user uniform from 172.30.185.13 port 49544
Apr 18 15:36:16 a952d0d9ca03 sshd[6054]: error: Could not get shadow information for NOUSER
Apr 18 15:36:16 a952d0d9ca03 sshd[6052]: Connection closed by invalid user bharath 172.30.185.15 port 45882 [preauth]
Apr 18 15:36:16 a952d0d9ca03 sshd[6054]: Failed none for invalid user uniform from 172.30.185.13 port 49544 ssh2
Apr 18 15:36:16 a952d0d9ca03 sshd[6054]: Failed password for invalid user uniform from 172.30.185.13 port 49544 ssh2
Apr 18 15:36:16 a952d0d9ca03 sshd[6054]: Connection closed by invalid user uniform 172.30.185.13 port 49544 [preauth]
Apr 18 15:36:16 a952d0d9ca03 sshd[6056]: Invalid user sol from 172.30.185.14 port 48350
Apr 18 15:36:16 a952d0d9ca03 sshd[6056]: error: Could not get shadow information for NOUSER
Apr 18 15:36:16 a952d0d9ca03 sshd[6056]: Failed none for invalid user sol from 172.30.185.14 port 48350 ssh2
Apr 18 15:36:16 a952d0d9ca03 sshd[6058]: Invalid user proxyuser from 172.30.185.16 port 39854
Apr 18 15:36:16 a952d0d9ca03 sshd[6058]: error: Could not get shadow information for NOUSER
Apr 18 15:36:16 a952d0d9ca03 sshd[6056]: Failed password for invalid user sol from 172.30.185.14 port 48350 ssh2
Apr 18 15:36:16 a952d0d9ca03 sshd[6058]: Failed none for invalid user proxyuser from 172.30.185.16 port 39854 ssh2
Apr 18 15:36:16 a952d0d9ca03 sshd[6056]: Connection closed by invalid user sol 172.30.185.14 port 48350 [preauth]
Apr 18 15:36:16 a952d0d9ca03 sshd[6058]: Failed password for invalid user proxyuser from 172.30.185.16 port 39854 ssh2
Apr 18 15:36:16 a952d0d9ca03 sshd[6058]: Connection closed by invalid user proxyuser 172.30.185.16 port 39854 [preauth]
Apr 18 15:36:16 a952d0d9ca03 sshd[6060]: Invalid user bharath from 172.30.185.15 port 45892
Apr 18 15:36:16 a952d0d9ca03 sshd[6060]: error: Could not get shadow information for NOUSER
Apr 18 15:36:16 a952d0d9ca03 sshd[6060]: Failed none for invalid user bharath from 172.30.185.15 port 45892 ssh2
Apr 18 15:36:16 a952d0d9ca03 sshd[6060]: Failed password for invalid user bharath from 172.30.185.15 port 45892 ssh2
Apr 18 15:36:16 a952d0d9ca03 sshd[6060]: Connection closed by invalid user bharath 172.30.185.15 port 45892 [preauth]
Apr 18 15:36:16 a952d0d9ca03 sshd[6062]: Invalid user uniform from 172.30.185.13 port 49552
Apr 18 15:36:16 a952d0d9ca03 sshd[6062]: error: Could not get shadow information for NOUSER
Apr 18 15:36:16 a952d0d9ca03 sshd[6062]: Failed none for invalid user uniform from 172.30.185.13 port 49552 ssh2
Apr 18 15:36:16 a952d0d9ca03 sshd[6062]: Failed password for invalid user uniform from 172.30.185.13 port 49552 ssh2
Apr 18 15:36:16 a952d0d9ca03 sshd[6062]: Connection closed by invalid user uniform 172.30.185.13 port 49552 [preauth]
Apr 18 15:36:16 a952d0d9ca03 sshd[6063]: Invalid user susana from 172.30.185.17 port 37622
Apr 18 15:36:16 a952d0d9ca03 sshd[6063]: error: Could not get shadow information for NOUSER
Apr 18 15:36:16 a952d0d9ca03 sshd[6063]: Failed none for invalid user susana from 172.30.185.17 port 37622 ssh2
Apr 18 15:36:16 a952d0d9ca03 sshd[6063]: Failed password for invalid user susana from 172.30.185.17 port 37622 ssh2
Apr 18 15:36:16 a952d0d9ca03 sshd[6063]: Connection closed by invalid user susana 172.30.185.17 port 37622 [preauth]
Apr 18 15:36:16 a952d0d9ca03 sshd[6066]: Invalid user administrator from 172.30.185.18 port 42684
Apr 18 15:36:16 a952d0d9ca03 sshd[6066]: error: Could not get shadow information for NOUSER
Apr 18 15:36:16 a952d0d9ca03 sshd[6066]: Failed none for invalid user administrator from 172.30.185.18 port 42684 ssh2
Apr 18 15:36:16 a952d0d9ca03 sshd[6066]: Failed password for invalid user administrator from 172.30.185.18 port 42684 ssh2
Apr 18 15:36:16 a952d0d9ca03 sshd[6066]: Connection closed by invalid user administrator 172.30.185.18 port 42684 [preauth]
Apr 18 15:36:16 a952d0d9ca03 sshd[6070]: Invalid user proxyuser from 172.30.185.16 port 56026
Apr 18 15:36:16 a952d0d9ca03 sshd[6070]: error: Could not get shadow information for NOUSER
Apr 18 15:36:16 a952d0d9ca03 sshd[6070]: Failed none for invalid user proxyuser from 172.30.185.16 port 56026 ssh2
Apr 18 15:36:16 a952d0d9ca03 sshd[6068]: Invalid user sol from 172.30.185.14 port 56272
Apr 18 15:36:16 a952d0d9ca03 sshd[6068]: error: Could not get shadow information for NOUSER
Apr 18 15:36:16 a952d0d9ca03 sshd[6068]: Failed none for invalid user sol from 172.30.185.14 port 56272 ssh2
Apr 18 15:36:16 a952d0d9ca03 sshd[6070]: Failed password for invalid user proxyuser from 172.30.185.16 port 56026 ssh2
Apr 18 15:36:16 a952d0d9ca03 sshd[6070]: Connection closed by invalid user proxyuser 172.30.185.16 port 56026 [preauth]
Apr 18 15:36:16 a952d0d9ca03 sshd[6068]: Failed password for invalid user sol from 172.30.185.14 port 56272 ssh2
Apr 18 15:36:16 a952d0d9ca03 sshd[6068]: Connection closed by invalid user sol 172.30.185.14 port 56272 [preauth]
Apr 18 15:36:16 a952d0d9ca03 sshd[6072]: Invalid user bharath from 172.30.185.15 port 34750
Apr 18 15:36:16 a952d0d9ca03 sshd[6072]: error: Could not get shadow information for NOUSER
Apr 18 15:36:16 a952d0d9ca03 sshd[6074]: Invalid user UBUNTU from 172.30.185.17 port 48792
Apr 18 15:36:16 a952d0d9ca03 sshd[6074]: error: Could not get shadow information for NOUSER
Apr 18 15:36:16 a952d0d9ca03 sshd[6072]: Failed none for invalid user bharath from 172.30.185.15 port 34750 ssh2
Apr 18 15:36:16 a952d0d9ca03 sshd[6074]: Failed none for invalid user UBUNTU from 172.30.185.17 port 48792 ssh2
Apr 18 15:36:16 a952d0d9ca03 sshd[6072]: Failed password for invalid user bharath from 172.30.185.15 port 34750 ssh2
Apr 18 15:36:16 a952d0d9ca03 sshd[6072]: Connection closed by invalid user bharath 172.30.185.15 port 34750 [preauth]
Apr 18 15:36:16 a952d0d9ca03 sshd[6074]: Failed password for invalid user UBUNTU from 172.30.185.17 port 48792 ssh2
Apr 18 15:36:16 a952d0d9ca03 sshd[6074]: Connection closed by invalid user UBUNTU 172.30.185.17 port 48792 [preauth]
Apr 18 15:36:16 a952d0d9ca03 sshd[6076]: Invalid user hupass from 172.30.185.18 port 42700
Apr 18 15:36:16 a952d0d9ca03 sshd[6076]: error: Could not get shadow information for NOUSER
Apr 18 15:36:16 a952d0d9ca03 sshd[6076]: Failed none for invalid user hupass from 172.30.185.18 port 42700 ssh2
Apr 18 15:36:16 a952d0d9ca03 sshd[6076]: Failed password for invalid user hupass from 172.30.185.18 port 42700 ssh2
Apr 18 15:36:16 a952d0d9ca03 sshd[6076]: Connection closed by invalid user hupass 172.30.185.18 port 42700 [preauth]
Apr 18 15:36:17 a952d0d9ca03 sshd[6078]: Invalid user proxyuser from 172.30.185.16 port 56036
Apr 18 15:36:17 a952d0d9ca03 sshd[6078]: error: Could not get shadow information for NOUSER
Apr 18 15:36:17 a952d0d9ca03 sshd[6078]: Failed none for invalid user proxyuser from 172.30.185.16 port 56036 ssh2
Apr 18 15:36:17 a952d0d9ca03 sshd[6080]: Invalid user filecoin from 172.30.185.19 port 37332
Apr 18 15:36:17 a952d0d9ca03 sshd[6080]: error: Could not get shadow information for NOUSER
Apr 18 15:36:17 a952d0d9ca03 sshd[6080]: Failed none for invalid user filecoin from 172.30.185.19 port 37332 ssh2
Apr 18 15:36:17 a952d0d9ca03 sshd[6078]: Failed password for invalid user proxyuser from 172.30.185.16 port 56036 ssh2
Apr 18 15:36:17 a952d0d9ca03 sshd[6078]: Connection closed by invalid user proxyuser 172.30.185.16 port 56036 [preauth]
Apr 18 15:36:17 a952d0d9ca03 sshd[6080]: Failed password for invalid user filecoin from 172.30.185.19 port 37332 ssh2
Apr 18 15:36:17 a952d0d9ca03 sshd[6080]: Connection closed by invalid user filecoin 172.30.185.19 port 37332 [preauth]
Apr 18 15:36:17 a952d0d9ca03 sshd[6082]: Invalid user bharath from 172.30.185.15 port 34756
Apr 18 15:36:17 a952d0d9ca03 sshd[6082]: error: Could not get shadow information for NOUSER
Apr 18 15:36:17 a952d0d9ca03 sshd[6082]: Failed none for invalid user bharath from 172.30.185.15 port 34756 ssh2
Apr 18 15:36:17 a952d0d9ca03 sshd[6082]: Failed password for invalid user bharath from 172.30.185.15 port 34756 ssh2
Apr 18 15:36:17 a952d0d9ca03 sshd[6082]: Connection closed by invalid user bharath 172.30.185.15 port 34756 [preauth]
Apr 18 15:36:17 a952d0d9ca03 sshd[6084]: Invalid user UBUNTU from 172.30.185.17 port 48798
Apr 18 15:36:17 a952d0d9ca03 sshd[6084]: error: Could not get shadow information for NOUSER
Apr 18 15:36:17 a952d0d9ca03 sshd[6084]: Failed none for invalid user UBUNTU from 172.30.185.17 port 48798 ssh2
Apr 18 15:36:17 a952d0d9ca03 sshd[6084]: Failed password for invalid user UBUNTU from 172.30.185.17 port 48798 ssh2
Apr 18 15:36:17 a952d0d9ca03 sshd[6084]: Connection closed by invalid user UBUNTU 172.30.185.17 port 48798 [preauth]
Apr 18 15:36:17 a952d0d9ca03 sshd[6086]: Invalid user hupass from 172.30.185.18 port 42704
Apr 18 15:36:17 a952d0d9ca03 sshd[6086]: error: Could not get shadow information for NOUSER
Apr 18 15:36:17 a952d0d9ca03 sshd[6086]: Failed none for invalid user hupass from 172.30.185.18 port 42704 ssh2
Apr 18 15:36:17 a952d0d9ca03 sshd[6086]: Failed password for invalid user hupass from 172.30.185.18 port 42704 ssh2
Apr 18 15:36:17 a952d0d9ca03 sshd[6086]: Connection closed by invalid user hupass 172.30.185.18 port 42704 [preauth]
Apr 18 15:36:17 a952d0d9ca03 sshd[6088]: Invalid user proxyuser from 172.30.185.16 port 56048
Apr 18 15:36:17 a952d0d9ca03 sshd[6088]: error: Could not get shadow information for NOUSER
Apr 18 15:36:17 a952d0d9ca03 sshd[6088]: Failed none for invalid user proxyuser from 172.30.185.16 port 56048 ssh2
Apr 18 15:36:17 a952d0d9ca03 sshd[6090]: Invalid user lifesize from 172.30.185.19 port 37338
Apr 18 15:36:17 a952d0d9ca03 sshd[6090]: error: Could not get shadow information for NOUSER
Apr 18 15:36:17 a952d0d9ca03 sshd[6088]: Failed password for invalid user proxyuser from 172.30.185.16 port 56048 ssh2
Apr 18 15:36:17 a952d0d9ca03 sshd[6090]: Failed none for invalid user lifesize from 172.30.185.19 port 37338 ssh2
Apr 18 15:36:17 a952d0d9ca03 sshd[6088]: Connection closed by invalid user proxyuser 172.30.185.16 port 56048 [preauth]
Apr 18 15:36:17 a952d0d9ca03 sshd[6090]: Failed password for invalid user lifesize from 172.30.185.19 port 37338 ssh2
Apr 18 15:36:17 a952d0d9ca03 sshd[6090]: Connection closed by invalid user lifesize 172.30.185.19 port 37338 [preauth]
Apr 18 15:36:17 a952d0d9ca03 sshd[6092]: Invalid user bharath from 172.30.185.15 port 34770
Apr 18 15:36:17 a952d0d9ca03 sshd[6092]: error: Could not get shadow information for NOUSER
Apr 18 15:36:17 a952d0d9ca03 sshd[6092]: Failed none for invalid user bharath from 172.30.185.15 port 34770 ssh2
Apr 18 15:36:17 a952d0d9ca03 sshd[6092]: Failed password for invalid user bharath from 172.30.185.15 port 34770 ssh2
Apr 18 15:36:17 a952d0d9ca03 sshd[6092]: Connection closed by invalid user bharath 172.30.185.15 port 34770 [preauth]
Apr 18 15:36:17 a952d0d9ca03 sshd[6094]: Invalid user UBUNTU from 172.30.185.17 port 48806
Apr 18 15:36:17 a952d0d9ca03 sshd[6094]: error: Could not get shadow information for NOUSER
Apr 18 15:36:17 a952d0d9ca03 sshd[6094]: Failed none for invalid user UBUNTU from 172.30.185.17 port 48806 ssh2
Apr 18 15:36:17 a952d0d9ca03 sshd[6094]: Failed password for invalid user UBUNTU from 172.30.185.17 port 48806 ssh2
Apr 18 15:36:17 a952d0d9ca03 sshd[6094]: Connection closed by invalid user UBUNTU 172.30.185.17 port 48806 [preauth]
Apr 18 15:36:17 a952d0d9ca03 sshd[6096]: Invalid user hupass from 172.30.185.18 port 42712
Apr 18 15:36:17 a952d0d9ca03 sshd[6096]: error: Could not get shadow information for NOUSER
Apr 18 15:36:17 a952d0d9ca03 sshd[6096]: Failed none for invalid user hupass from 172.30.185.18 port 42712 ssh2
Apr 18 15:36:17 a952d0d9ca03 sshd[6096]: Failed password for invalid user hupass from 172.30.185.18 port 42712 ssh2
Apr 18 15:36:17 a952d0d9ca03 sshd[6096]: Connection closed by invalid user hupass 172.30.185.18 port 42712 [preauth]
Apr 18 15:36:17 a952d0d9ca03 sshd[6098]: Invalid user proxyuser from 172.30.185.16 port 56058
Apr 18 15:36:17 a952d0d9ca03 sshd[6098]: error: Could not get shadow information for NOUSER
Apr 18 15:36:17 a952d0d9ca03 sshd[6098]: Failed none for invalid user proxyuser from 172.30.185.16 port 56058 ssh2
Apr 18 15:36:17 a952d0d9ca03 sshd[6098]: Failed password for invalid user proxyuser from 172.30.185.16 port 56058 ssh2
Apr 18 15:36:17 a952d0d9ca03 sshd[6098]: Connection closed by invalid user proxyuser 172.30.185.16 port 56058 [preauth]
Apr 18 15:36:17 a952d0d9ca03 sshd[6100]: Invalid user lifesize from 172.30.185.19 port 37344
Apr 18 15:36:17 a952d0d9ca03 sshd[6100]: error: Could not get shadow information for NOUSER
Apr 18 15:36:17 a952d0d9ca03 sshd[6100]: Failed none for invalid user lifesize from 172.30.185.19 port 37344 ssh2
Apr 18 15:36:17 a952d0d9ca03 sshd[6100]: Failed password for invalid user lifesize from 172.30.185.19 port 37344 ssh2
Apr 18 15:36:17 a952d0d9ca03 sshd[6100]: Connection closed by invalid user lifesize 172.30.185.19 port 37344 [preauth]
Apr 18 15:36:17 a952d0d9ca03 sshd[6104]: Invalid user UBUNTU from 172.30.185.17 port 48822
Apr 18 15:36:17 a952d0d9ca03 sshd[6104]: error: Could not get shadow information for NOUSER
Apr 18 15:36:17 a952d0d9ca03 sshd[6104]: Failed none for invalid user UBUNTU from 172.30.185.17 port 48822 ssh2
Apr 18 15:36:17 a952d0d9ca03 sshd[6102]: Invalid user btc from 172.30.185.20 port 49588
Apr 18 15:36:17 a952d0d9ca03 sshd[6102]: error: Could not get shadow information for NOUSER
Apr 18 15:36:17 a952d0d9ca03 sshd[6102]: Failed none for invalid user btc from 172.30.185.20 port 49588 ssh2
Apr 18 15:36:17 a952d0d9ca03 sshd[6104]: Failed password for invalid user UBUNTU from 172.30.185.17 port 48822 ssh2
Apr 18 15:36:17 a952d0d9ca03 sshd[6104]: Connection closed by invalid user UBUNTU 172.30.185.17 port 48822 [preauth]
Apr 18 15:36:17 a952d0d9ca03 sshd[6106]: Invalid user hupass from 172.30.185.18 port 42714
Apr 18 15:36:17 a952d0d9ca03 sshd[6102]: Failed password for invalid user btc from 172.30.185.20 port 49588 ssh2
Apr 18 15:36:17 a952d0d9ca03 sshd[6106]: error: Could not get shadow information for NOUSER
Apr 18 15:36:17 a952d0d9ca03 sshd[6106]: Failed none for invalid user hupass from 172.30.185.18 port 42714 ssh2
Apr 18 15:36:17 a952d0d9ca03 sshd[6102]: Connection closed by invalid user btc 172.30.185.20 port 49588 [preauth]
Apr 18 15:36:17 a952d0d9ca03 sshd[6106]: Failed password for invalid user hupass from 172.30.185.18 port 42714 ssh2
Apr 18 15:36:17 a952d0d9ca03 sshd[6106]: Connection closed by invalid user hupass 172.30.185.18 port 42714 [preauth]
Apr 18 15:36:17 a952d0d9ca03 sshd[6108]: Invalid user lifesize from 172.30.185.19 port 37348
Apr 18 15:36:17 a952d0d9ca03 sshd[6108]: error: Could not get shadow information for NOUSER
Apr 18 15:36:17 a952d0d9ca03 sshd[6108]: Failed none for invalid user lifesize from 172.30.185.19 port 37348 ssh2
Apr 18 15:36:17 a952d0d9ca03 sshd[6108]: Failed password for invalid user lifesize from 172.30.185.19 port 37348 ssh2
Apr 18 15:36:17 a952d0d9ca03 sshd[6108]: Connection closed by invalid user lifesize 172.30.185.19 port 37348 [preauth]
Apr 18 15:36:17 a952d0d9ca03 sshd[6110]: Invalid user UBUNTU from 172.30.185.17 port 48832
Apr 18 15:36:17 a952d0d9ca03 sshd[6110]: error: Could not get shadow information for NOUSER
Apr 18 15:36:17 a952d0d9ca03 sshd[6110]: Failed none for invalid user UBUNTU from 172.30.185.17 port 48832 ssh2
Apr 18 15:36:17 a952d0d9ca03 sshd[6110]: Failed password for invalid user UBUNTU from 172.30.185.17 port 48832 ssh2
Apr 18 15:36:17 a952d0d9ca03 sshd[6114]: Invalid user hupass from 172.30.185.18 port 42716
Apr 18 15:36:17 a952d0d9ca03 sshd[6114]: error: Could not get shadow information for NOUSER
Apr 18 15:36:17 a952d0d9ca03 sshd[6110]: Connection closed by invalid user UBUNTU 172.30.185.17 port 48832 [preauth]
Apr 18 15:36:17 a952d0d9ca03 sshd[6111]: Invalid user cardano from 172.30.185.20 port 49604
Apr 18 15:36:17 a952d0d9ca03 sshd[6114]: Failed none for invalid user hupass from 172.30.185.18 port 42716 ssh2
Apr 18 15:36:17 a952d0d9ca03 sshd[6111]: error: Could not get shadow information for NOUSER
Apr 18 15:36:17 a952d0d9ca03 sshd[6111]: Failed none for invalid user cardano from 172.30.185.20 port 49604 ssh2
Apr 18 15:36:17 a952d0d9ca03 sshd[6114]: Failed password for invalid user hupass from 172.30.185.18 port 42716 ssh2
Apr 18 15:36:17 a952d0d9ca03 sshd[6111]: Failed password for invalid user cardano from 172.30.185.20 port 49604 ssh2
Apr 18 15:36:17 a952d0d9ca03 sshd[6114]: Connection closed by invalid user hupass 172.30.185.18 port 42716 [preauth]
Apr 18 15:36:17 a952d0d9ca03 sshd[6111]: Connection closed by invalid user cardano 172.30.185.20 port 49604 [preauth]
Apr 18 15:36:17 a952d0d9ca03 sshd[6116]: Invalid user lifesize from 172.30.185.19 port 37362
Apr 18 15:36:17 a952d0d9ca03 sshd[6116]: error: Could not get shadow information for NOUSER
Apr 18 15:36:17 a952d0d9ca03 sshd[6116]: Failed none for invalid user lifesize from 172.30.185.19 port 37362 ssh2
Apr 18 15:36:17 a952d0d9ca03 sshd[6116]: Failed password for invalid user lifesize from 172.30.185.19 port 37362 ssh2
Apr 18 15:36:17 a952d0d9ca03 sshd[6116]: Connection closed by invalid user lifesize 172.30.185.19 port 37362 [preauth]
Apr 18 15:36:18 a952d0d9ca03 sshd[6118]: Invalid user UBUNTU from 172.30.185.17 port 48836
Apr 18 15:36:18 a952d0d9ca03 sshd[6118]: error: Could not get shadow information for NOUSER
Apr 18 15:36:18 a952d0d9ca03 sshd[6118]: Failed none for invalid user UBUNTU from 172.30.185.17 port 48836 ssh2
Apr 18 15:36:18 a952d0d9ca03 sshd[6118]: Failed password for invalid user UBUNTU from 172.30.185.17 port 48836 ssh2
Apr 18 15:36:18 a952d0d9ca03 sshd[6118]: Connection closed by invalid user UBUNTU 172.30.185.17 port 48836 [preauth]
Apr 18 15:36:18 a952d0d9ca03 sshd[6121]: Invalid user cardano from 172.30.185.20 port 49612
Apr 18 15:36:18 a952d0d9ca03 sshd[6121]: error: Could not get shadow information for NOUSER
Apr 18 15:36:18 a952d0d9ca03 sshd[6121]: Failed none for invalid user cardano from 172.30.185.20 port 49612 ssh2
Apr 18 15:36:18 a952d0d9ca03 sshd[6121]: Failed password for invalid user cardano from 172.30.185.20 port 49612 ssh2
Apr 18 15:36:18 a952d0d9ca03 sshd[6121]: Connection closed by invalid user cardano 172.30.185.20 port 49612 [preauth]
Apr 18 15:36:18 a952d0d9ca03 sshd[6120]: Invalid user hupass from 172.30.185.18 port 42730
Apr 18 15:36:18 a952d0d9ca03 sshd[6120]: error: Could not get shadow information for NOUSER
Apr 18 15:36:18 a952d0d9ca03 sshd[6123]: Invalid user backupuser from 172.30.185.21 port 46898
Apr 18 15:36:18 a952d0d9ca03 sshd[6123]: error: Could not get shadow information for NOUSER
Apr 18 15:36:18 a952d0d9ca03 sshd[6120]: Failed none for invalid user hupass from 172.30.185.18 port 42730 ssh2
Apr 18 15:36:18 a952d0d9ca03 sshd[6123]: Failed none for invalid user backupuser from 172.30.185.21 port 46898 ssh2
Apr 18 15:36:18 a952d0d9ca03 sshd[6120]: Failed password for invalid user hupass from 172.30.185.18 port 42730 ssh2
Apr 18 15:36:18 a952d0d9ca03 sshd[6123]: Failed password for invalid user backupuser from 172.30.185.21 port 46898 ssh2
Apr 18 15:36:18 a952d0d9ca03 sshd[6120]: Connection closed by invalid user hupass 172.30.185.18 port 42730 [preauth]
Apr 18 15:36:18 a952d0d9ca03 sshd[6123]: Connection closed by invalid user backupuser 172.30.185.21 port 46898 [preauth]
Apr 18 15:36:18 a952d0d9ca03 sshd[6126]: Invalid user lifesize from 172.30.185.19 port 37366
Apr 18 15:36:18 a952d0d9ca03 sshd[6126]: error: Could not get shadow information for NOUSER
Apr 18 15:36:18 a952d0d9ca03 sshd[6126]: Failed none for invalid user lifesize from 172.30.185.19 port 37366 ssh2
Apr 18 15:36:18 a952d0d9ca03 sshd[6126]: Failed password for invalid user lifesize from 172.30.185.19 port 37366 ssh2
Apr 18 15:36:18 a952d0d9ca03 sshd[6126]: Connection closed by invalid user lifesize 172.30.185.19 port 37366 [preauth]
Apr 18 15:36:18 a952d0d9ca03 sshd[6128]: Invalid user x from 172.30.185.23 port 52342
Apr 18 15:36:18 a952d0d9ca03 sshd[6128]: error: Could not get shadow information for NOUSER
Apr 18 15:36:18 a952d0d9ca03 sshd[6128]: Failed none for invalid user x from 172.30.185.23 port 52342 ssh2
Apr 18 15:36:18 a952d0d9ca03 sshd[6128]: Failed password for invalid user x from 172.30.185.23 port 52342 ssh2
Apr 18 15:36:18 a952d0d9ca03 sshd[6128]: Connection closed by invalid user x 172.30.185.23 port 52342 [preauth]
Apr 18 15:36:18 a952d0d9ca03 sshd[6134]: Invalid user cardano from 172.30.185.20 port 49616
Apr 18 15:36:18 a952d0d9ca03 sshd[6134]: error: Could not get shadow information for NOUSER
Apr 18 15:36:18 a952d0d9ca03 sshd[6134]: Failed none for invalid user cardano from 172.30.185.20 port 49616 ssh2
Apr 18 15:36:18 a952d0d9ca03 sshd[6134]: Failed password for invalid user cardano from 172.30.185.20 port 49616 ssh2
Apr 18 15:36:18 a952d0d9ca03 sshd[6134]: Connection closed by invalid user cardano 172.30.185.20 port 49616 [preauth]
Apr 18 15:36:18 a952d0d9ca03 sshd[6130]: Invalid user yos from 172.30.185.22 port 37056
Apr 18 15:36:18 a952d0d9ca03 sshd[6130]: error: Could not get shadow information for NOUSER
Apr 18 15:36:18 a952d0d9ca03 sshd[6130]: Failed none for invalid user yos from 172.30.185.22 port 37056 ssh2
Apr 18 15:36:18 a952d0d9ca03 sshd[6130]: Failed password for invalid user yos from 172.30.185.22 port 37056 ssh2
Apr 18 15:36:18 a952d0d9ca03 sshd[6137]: Invalid user hupass from 172.30.185.18 port 42742
Apr 18 15:36:18 a952d0d9ca03 sshd[6137]: error: Could not get shadow information for NOUSER
Apr 18 15:36:18 a952d0d9ca03 sshd[6130]: Connection closed by invalid user yos 172.30.185.22 port 37056 [preauth]
Apr 18 15:36:18 a952d0d9ca03 sshd[6132]: Invalid user UBUNTU from 172.30.185.17 port 48846
Apr 18 15:36:18 a952d0d9ca03 sshd[6132]: error: Could not get shadow information for NOUSER
Apr 18 15:36:18 a952d0d9ca03 sshd[6137]: Failed none for invalid user hupass from 172.30.185.18 port 42742 ssh2
Apr 18 15:36:18 a952d0d9ca03 sshd[6132]: Failed none for invalid user UBUNTU from 172.30.185.17 port 48846 ssh2
Apr 18 15:36:18 a952d0d9ca03 sshd[6137]: Failed password for invalid user hupass from 172.30.185.18 port 42742 ssh2
Apr 18 15:36:18 a952d0d9ca03 sshd[6137]: Connection closed by invalid user hupass 172.30.185.18 port 42742 [preauth]
Apr 18 15:36:18 a952d0d9ca03 sshd[6132]: Failed password for invalid user UBUNTU from 172.30.185.17 port 48846 ssh2
Apr 18 15:36:18 a952d0d9ca03 sshd[6132]: Connection closed by invalid user UBUNTU 172.30.185.17 port 48846 [preauth]
Apr 18 15:36:18 a952d0d9ca03 sshd[6140]: Invalid user dzq from 172.30.185.25 port 37440
Apr 18 15:36:18 a952d0d9ca03 sshd[6140]: error: Could not get shadow information for NOUSER
Apr 18 15:36:18 a952d0d9ca03 sshd[6136]: Invalid user from from 172.30.185.21 port 46902
Apr 18 15:36:18 a952d0d9ca03 sshd[6136]: error: Could not get shadow information for NOUSER
Apr 18 15:36:18 a952d0d9ca03 sshd[6140]: Failed none for invalid user dzq from 172.30.185.25 port 37440 ssh2
Apr 18 15:36:18 a952d0d9ca03 sshd[6136]: Failed none for invalid user from from 172.30.185.21 port 46902 ssh2
Apr 18 15:36:18 a952d0d9ca03 sshd[6140]: Failed password for invalid user dzq from 172.30.185.25 port 37440 ssh2
Apr 18 15:36:18 a952d0d9ca03 sshd[6136]: Failed password for invalid user from from 172.30.185.21 port 46902 ssh2
Apr 18 15:36:18 a952d0d9ca03 sshd[6136]: Connection closed by invalid user from 172.30.185.21 port 46902 [preauth]
Apr 18 15:36:18 a952d0d9ca03 sshd[6140]: Connection closed by invalid user dzq 172.30.185.25 port 37440 [preauth]
Apr 18 15:36:18 a952d0d9ca03 sshd[6142]: Invalid user lifesize from 172.30.185.19 port 37380
Apr 18 15:36:18 a952d0d9ca03 sshd[6142]: error: Could not get shadow information for NOUSER
Apr 18 15:36:18 a952d0d9ca03 sshd[6142]: Failed none for invalid user lifesize from 172.30.185.19 port 37380 ssh2
Apr 18 15:36:18 a952d0d9ca03 sshd[6142]: Failed password for invalid user lifesize from 172.30.185.19 port 37380 ssh2
Apr 18 15:36:18 a952d0d9ca03 sshd[6142]: Connection closed by invalid user lifesize 172.30.185.19 port 37380 [preauth]
Apr 18 15:36:18 a952d0d9ca03 sshd[6144]: Invalid user hqadmin from 172.30.185.23 port 52344
Apr 18 15:36:18 a952d0d9ca03 sshd[6144]: error: Could not get shadow information for NOUSER
Apr 18 15:36:18 a952d0d9ca03 sshd[6144]: Failed none for invalid user hqadmin from 172.30.185.23 port 52344 ssh2
Apr 18 15:36:18 a952d0d9ca03 sshd[6144]: Failed password for invalid user hqadmin from 172.30.185.23 port 52344 ssh2
Apr 18 15:36:18 a952d0d9ca03 sshd[6144]: Connection closed by invalid user hqadmin 172.30.185.23 port 52344 [preauth]
Apr 18 15:36:18 a952d0d9ca03 sshd[6146]: Invalid user cardano from 172.30.185.20 port 49624
Apr 18 15:36:18 a952d0d9ca03 sshd[6146]: error: Could not get shadow information for NOUSER
Apr 18 15:36:18 a952d0d9ca03 sshd[6146]: Failed none for invalid user cardano from 172.30.185.20 port 49624 ssh2
Apr 18 15:36:18 a952d0d9ca03 sshd[6148]: Invalid user amanda from 172.30.185.22 port 37060
Apr 18 15:36:18 a952d0d9ca03 sshd[6148]: error: Could not get shadow information for NOUSER
Apr 18 15:36:18 a952d0d9ca03 sshd[6148]: Failed none for invalid user amanda from 172.30.185.22 port 37060 ssh2
Apr 18 15:36:18 a952d0d9ca03 sshd[6146]: Failed password for invalid user cardano from 172.30.185.20 port 49624 ssh2
Apr 18 15:36:18 a952d0d9ca03 sshd[6146]: Connection closed by invalid user cardano 172.30.185.20 port 49624 [preauth]
Apr 18 15:36:18 a952d0d9ca03 sshd[6148]: Failed password for invalid user amanda from 172.30.185.22 port 37060 ssh2
Apr 18 15:36:18 a952d0d9ca03 sshd[6148]: Connection closed by invalid user amanda 172.30.185.22 port 37060 [preauth]
Apr 18 15:36:18 a952d0d9ca03 sshd[6150]: Invalid user hupass from 172.30.185.18 port 42752
Apr 18 15:36:18 a952d0d9ca03 sshd[6150]: error: Could not get shadow information for NOUSER
Apr 18 15:36:18 a952d0d9ca03 sshd[6150]: Failed none for invalid user hupass from 172.30.185.18 port 42752 ssh2
Apr 18 15:36:18 a952d0d9ca03 sshd[6150]: Failed password for invalid user hupass from 172.30.185.18 port 42752 ssh2
Apr 18 15:36:18 a952d0d9ca03 sshd[6150]: Connection closed by invalid user hupass 172.30.185.18 port 42752 [preauth]
Apr 18 15:36:18 a952d0d9ca03 sshd[6151]: Invalid user UBUNTU from 172.30.185.17 port 48862
Apr 18 15:36:18 a952d0d9ca03 sshd[6151]: error: Could not get shadow information for NOUSER
Apr 18 15:36:18 a952d0d9ca03 sshd[6151]: Failed none for invalid user UBUNTU from 172.30.185.17 port 48862 ssh2
Apr 18 15:36:18 a952d0d9ca03 sshd[6151]: Failed password for invalid user UBUNTU from 172.30.185.17 port 48862 ssh2
Apr 18 15:36:18 a952d0d9ca03 sshd[6154]: Invalid user telegram from 172.30.185.24 port 44464
Apr 18 15:36:18 a952d0d9ca03 sshd[6154]: error: Could not get shadow information for NOUSER
Apr 18 15:36:18 a952d0d9ca03 sshd[6151]: Connection closed by invalid user UBUNTU 172.30.185.17 port 48862 [preauth]
Apr 18 15:36:18 a952d0d9ca03 sshd[6154]: Failed none for invalid user telegram from 172.30.185.24 port 44464 ssh2
Apr 18 15:36:18 a952d0d9ca03 sshd[6157]: User operator not allowed because account is locked
Apr 18 15:36:18 a952d0d9ca03 sshd[6157]: error: Could not get shadow information for NOUSER
Apr 18 15:36:18 a952d0d9ca03 sshd[6157]: Failed none for invalid user operator from 172.30.185.25 port 37454 ssh2
Apr 18 15:36:18 a952d0d9ca03 sshd[6162]: Invalid user sammy from 172.30.185.26 port 42794
Apr 18 15:36:18 a952d0d9ca03 sshd[6162]: error: Could not get shadow information for NOUSER
Apr 18 15:36:18 a952d0d9ca03 sshd[6154]: Failed password for invalid user telegram from 172.30.185.24 port 44464 ssh2
Apr 18 15:36:18 a952d0d9ca03 sshd[6162]: Failed none for invalid user sammy from 172.30.185.26 port 42794 ssh2
Apr 18 15:36:18 a952d0d9ca03 sshd[6154]: Connection closed by invalid user telegram 172.30.185.24 port 44464 [preauth]
Apr 18 15:36:18 a952d0d9ca03 sshd[6157]: Failed password for invalid user operator from 172.30.185.25 port 37454 ssh2
Apr 18 15:36:18 a952d0d9ca03 sshd[6156]: Invalid user from from 172.30.185.21 port 46904
Apr 18 15:36:18 a952d0d9ca03 sshd[6156]: error: Could not get shadow information for NOUSER
Apr 18 15:36:18 a952d0d9ca03 sshd[6162]: Failed password for invalid user sammy from 172.30.185.26 port 42794 ssh2
Apr 18 15:36:18 a952d0d9ca03 sshd[6157]: Connection closed by invalid user operator 172.30.185.25 port 37454 [preauth]
Apr 18 15:36:18 a952d0d9ca03 sshd[6156]: Failed none for invalid user from from 172.30.185.21 port 46904 ssh2
Apr 18 15:36:18 a952d0d9ca03 sshd[6162]: Connection closed by invalid user sammy 172.30.185.26 port 42794 [preauth]
Apr 18 15:36:18 a952d0d9ca03 sshd[6156]: Failed password for invalid user from from 172.30.185.21 port 46904 ssh2
Apr 18 15:36:18 a952d0d9ca03 sshd[6156]: Connection closed by invalid user from 172.30.185.21 port 46904 [preauth]
Apr 18 15:36:18 a952d0d9ca03 sshd[6160]: Invalid user lifesize from 172.30.185.19 port 37394
Apr 18 15:36:18 a952d0d9ca03 sshd[6160]: error: Could not get shadow information for NOUSER
Apr 18 15:36:18 a952d0d9ca03 sshd[6160]: Failed none for invalid user lifesize from 172.30.185.19 port 37394 ssh2
Apr 18 15:36:18 a952d0d9ca03 sshd[6160]: Failed password for invalid user lifesize from 172.30.185.19 port 37394 ssh2
Apr 18 15:36:18 a952d0d9ca03 sshd[6164]: Invalid user hqadmin from 172.30.185.23 port 52348
Apr 18 15:36:18 a952d0d9ca03 sshd[6160]: Connection closed by invalid user lifesize 172.30.185.19 port 37394 [preauth]
Apr 18 15:36:18 a952d0d9ca03 sshd[6164]: error: Could not get shadow information for NOUSER
Apr 18 15:36:18 a952d0d9ca03 sshd[6164]: Failed none for invalid user hqadmin from 172.30.185.23 port 52348 ssh2
Apr 18 15:36:18 a952d0d9ca03 sshd[6164]: Failed password for invalid user hqadmin from 172.30.185.23 port 52348 ssh2
Apr 18 15:36:18 a952d0d9ca03 sshd[6164]: Connection closed by invalid user hqadmin 172.30.185.23 port 52348 [preauth]
Apr 18 15:36:18 a952d0d9ca03 sshd[6166]: Invalid user cardano from 172.30.185.20 port 49632
Apr 18 15:36:18 a952d0d9ca03 sshd[6166]: error: Could not get shadow information for NOUSER
Apr 18 15:36:18 a952d0d9ca03 sshd[6166]: Failed none for invalid user cardano from 172.30.185.20 port 49632 ssh2
Apr 18 15:36:18 a952d0d9ca03 sshd[6168]: Invalid user amanda from 172.30.185.22 port 37072
Apr 18 15:36:18 a952d0d9ca03 sshd[6168]: error: Could not get shadow information for NOUSER
Apr 18 15:36:18 a952d0d9ca03 sshd[6168]: Failed none for invalid user amanda from 172.30.185.22 port 37072 ssh2
Apr 18 15:36:18 a952d0d9ca03 sshd[6166]: Failed password for invalid user cardano from 172.30.185.20 port 49632 ssh2
Apr 18 15:36:18 a952d0d9ca03 sshd[6166]: Connection closed by invalid user cardano 172.30.185.20 port 49632 [preauth]
Apr 18 15:36:18 a952d0d9ca03 sshd[6168]: Failed password for invalid user amanda from 172.30.185.22 port 37072 ssh2
Apr 18 15:36:18 a952d0d9ca03 sshd[6168]: Connection closed by invalid user amanda 172.30.185.22 port 37072 [preauth]
Apr 18 15:36:18 a952d0d9ca03 sshd[6170]: Invalid user hupass from 172.30.185.18 port 42764
Apr 18 15:36:18 a952d0d9ca03 sshd[6170]: error: Could not get shadow information for NOUSER
Apr 18 15:36:18 a952d0d9ca03 sshd[6172]: Invalid user UBUNTU from 172.30.185.17 port 48868
Apr 18 15:36:18 a952d0d9ca03 sshd[6172]: error: Could not get shadow information for NOUSER
Apr 18 15:36:18 a952d0d9ca03 sshd[6170]: Failed none for invalid user hupass from 172.30.185.18 port 42764 ssh2
Apr 18 15:36:18 a952d0d9ca03 sshd[6172]: Failed none for invalid user UBUNTU from 172.30.185.17 port 48868 ssh2
Apr 18 15:36:18 a952d0d9ca03 sshd[6170]: Failed password for invalid user hupass from 172.30.185.18 port 42764 ssh2
Apr 18 15:36:18 a952d0d9ca03 sshd[6170]: Connection closed by invalid user hupass 172.30.185.18 port 42764 [preauth]
Apr 18 15:36:18 a952d0d9ca03 sshd[6172]: Failed password for invalid user UBUNTU from 172.30.185.17 port 48868 ssh2
Apr 18 15:36:18 a952d0d9ca03 sshd[6172]: Connection closed by invalid user UBUNTU 172.30.185.17 port 48868 [preauth]
Apr 18 15:36:18 a952d0d9ca03 sshd[6176]: User operator not allowed because account is locked
Apr 18 15:36:18 a952d0d9ca03 sshd[6176]: error: Could not get shadow information for NOUSER
Apr 18 15:36:18 a952d0d9ca03 sshd[6177]: Invalid user vm from 172.30.185.26 port 42808
Apr 18 15:36:18 a952d0d9ca03 sshd[6177]: error: Could not get shadow information for NOUSER
Apr 18 15:36:18 a952d0d9ca03 sshd[6176]: Failed none for invalid user operator from 172.30.185.25 port 37464 ssh2
Apr 18 15:36:18 a952d0d9ca03 sshd[6177]: Failed none for invalid user vm from 172.30.185.26 port 42808 ssh2
Apr 18 15:36:18 a952d0d9ca03 sshd[6176]: Failed password for invalid user operator from 172.30.185.25 port 37464 ssh2
Apr 18 15:36:18 a952d0d9ca03 sshd[6177]: Failed password for invalid user vm from 172.30.185.26 port 42808 ssh2
Apr 18 15:36:18 a952d0d9ca03 sshd[6174]: Invalid user nagios from 172.30.185.24 port 44472
Apr 18 15:36:18 a952d0d9ca03 sshd[6176]: Connection closed by invalid user operator 172.30.185.25 port 37464 [preauth]
Apr 18 15:36:18 a952d0d9ca03 sshd[6174]: error: Could not get shadow information for NOUSER
Apr 18 15:36:18 a952d0d9ca03 sshd[6177]: Connection closed by invalid user vm 172.30.185.26 port 42808 [preauth]
Apr 18 15:36:18 a952d0d9ca03 sshd[6174]: Failed none for invalid user nagios from 172.30.185.24 port 44472 ssh2
Apr 18 15:36:18 a952d0d9ca03 sshd[6174]: Failed password for invalid user nagios from 172.30.185.24 port 44472 ssh2
Apr 18 15:36:18 a952d0d9ca03 sshd[6174]: Connection closed by invalid user nagios 172.30.185.24 port 44472 [preauth]
Apr 18 15:36:18 a952d0d9ca03 sshd[6180]: Invalid user from from 172.30.185.21 port 46908
Apr 18 15:36:18 a952d0d9ca03 sshd[6180]: error: Could not get shadow information for NOUSER
Apr 18 15:36:18 a952d0d9ca03 sshd[6180]: Failed none for invalid user from from 172.30.185.21 port 46908 ssh2
Apr 18 15:36:18 a952d0d9ca03 sshd[6180]: Failed password for invalid user from from 172.30.185.21 port 46908 ssh2
Apr 18 15:36:18 a952d0d9ca03 sshd[6180]: Connection closed by invalid user from 172.30.185.21 port 46908 [preauth]
Apr 18 15:36:18 a952d0d9ca03 sshd[6182]: Invalid user lifesize from 172.30.185.19 port 37404
Apr 18 15:36:18 a952d0d9ca03 sshd[6182]: error: Could not get shadow information for NOUSER
Apr 18 15:36:18 a952d0d9ca03 sshd[6182]: Failed none for invalid user lifesize from 172.30.185.19 port 37404 ssh2
Apr 18 15:36:18 a952d0d9ca03 sshd[6182]: Failed password for invalid user lifesize from 172.30.185.19 port 37404 ssh2
Apr 18 15:36:18 a952d0d9ca03 sshd[6184]: Invalid user hqadmin from 172.30.185.23 port 52358
Apr 18 15:36:18 a952d0d9ca03 sshd[6182]: Connection closed by invalid user lifesize 172.30.185.19 port 37404 [preauth]
Apr 18 15:36:18 a952d0d9ca03 sshd[6184]: error: Could not get shadow information for NOUSER
Apr 18 15:36:18 a952d0d9ca03 sshd[6184]: Failed none for invalid user hqadmin from 172.30.185.23 port 52358 ssh2
Apr 18 15:36:19 a952d0d9ca03 sshd[6184]: Failed password for invalid user hqadmin from 172.30.185.23 port 52358 ssh2
Apr 18 15:36:19 a952d0d9ca03 sshd[6184]: Connection closed by invalid user hqadmin 172.30.185.23 port 52358 [preauth]
Apr 18 15:36:19 a952d0d9ca03 sshd[6186]: Invalid user cardano from 172.30.185.20 port 49646
Apr 18 15:36:19 a952d0d9ca03 sshd[6186]: error: Could not get shadow information for NOUSER
Apr 18 15:36:19 a952d0d9ca03 sshd[6186]: Failed none for invalid user cardano from 172.30.185.20 port 49646 ssh2
Apr 18 15:36:19 a952d0d9ca03 sshd[6186]: Failed password for invalid user cardano from 172.30.185.20 port 49646 ssh2
Apr 18 15:36:19 a952d0d9ca03 sshd[6186]: Connection closed by invalid user cardano 172.30.185.20 port 49646 [preauth]
Apr 18 15:36:19 a952d0d9ca03 sshd[6188]: Invalid user amanda from 172.30.185.22 port 37084
Apr 18 15:36:19 a952d0d9ca03 sshd[6188]: error: Could not get shadow information for NOUSER
Apr 18 15:36:19 a952d0d9ca03 sshd[6188]: Failed none for invalid user amanda from 172.30.185.22 port 37084 ssh2
Apr 18 15:36:19 a952d0d9ca03 sshd[6188]: Failed password for invalid user amanda from 172.30.185.22 port 37084 ssh2
Apr 18 15:36:19 a952d0d9ca03 sshd[6188]: Connection closed by invalid user amanda 172.30.185.22 port 37084 [preauth]
Apr 18 15:36:19 a952d0d9ca03 sshd[6190]: User operator not allowed because account is locked
Apr 18 15:36:19 a952d0d9ca03 sshd[6190]: error: Could not get shadow information for NOUSER
Apr 18 15:36:19 a952d0d9ca03 sshd[6190]: Failed none for invalid user operator from 172.30.185.25 port 37480 ssh2
Apr 18 15:36:19 a952d0d9ca03 sshd[6191]: Invalid user vm from 172.30.185.26 port 42820
Apr 18 15:36:19 a952d0d9ca03 sshd[6191]: error: Could not get shadow information for NOUSER
Apr 18 15:36:19 a952d0d9ca03 sshd[6191]: Failed none for invalid user vm from 172.30.185.26 port 42820 ssh2
Apr 18 15:36:19 a952d0d9ca03 sshd[6190]: Failed password for invalid user operator from 172.30.185.25 port 37480 ssh2
Apr 18 15:36:19 a952d0d9ca03 sshd[6190]: Connection closed by invalid user operator 172.30.185.25 port 37480 [preauth]
Apr 18 15:36:19 a952d0d9ca03 sshd[6191]: Failed password for invalid user vm from 172.30.185.26 port 42820 ssh2
Apr 18 15:36:19 a952d0d9ca03 sshd[6191]: Connection closed by invalid user vm 172.30.185.26 port 42820 [preauth]
Apr 18 15:36:19 a952d0d9ca03 sshd[6194]: Invalid user nagios from 172.30.185.24 port 44482
Apr 18 15:36:19 a952d0d9ca03 sshd[6194]: error: Could not get shadow information for NOUSER
Apr 18 15:36:19 a952d0d9ca03 sshd[6194]: Failed none for invalid user nagios from 172.30.185.24 port 44482 ssh2
Apr 18 15:36:19 a952d0d9ca03 sshd[6194]: Failed password for invalid user nagios from 172.30.185.24 port 44482 ssh2
Apr 18 15:36:19 a952d0d9ca03 sshd[6194]: Connection closed by invalid user nagios 172.30.185.24 port 44482 [preauth]
Apr 18 15:36:19 a952d0d9ca03 sshd[6196]: Invalid user from from 172.30.185.21 port 46916
Apr 18 15:36:19 a952d0d9ca03 sshd[6196]: error: Could not get shadow information for NOUSER
Apr 18 15:36:19 a952d0d9ca03 sshd[6196]: Failed none for invalid user from from 172.30.185.21 port 46916 ssh2
Apr 18 15:36:19 a952d0d9ca03 sshd[6200]: Invalid user hqadmin from 172.30.185.23 port 52372
Apr 18 15:36:19 a952d0d9ca03 sshd[6200]: error: Could not get shadow information for NOUSER
Apr 18 15:36:19 a952d0d9ca03 sshd[6200]: Failed none for invalid user hqadmin from 172.30.185.23 port 52372 ssh2
Apr 18 15:36:19 a952d0d9ca03 sshd[6196]: Failed password for invalid user from from 172.30.185.21 port 46916 ssh2
Apr 18 15:36:19 a952d0d9ca03 sshd[6196]: Connection closed by invalid user from 172.30.185.21 port 46916 [preauth]
Apr 18 15:36:19 a952d0d9ca03 sshd[6198]: Invalid user lifesize from 172.30.185.19 port 37420
Apr 18 15:36:19 a952d0d9ca03 sshd[6198]: error: Could not get shadow information for NOUSER
Apr 18 15:36:19 a952d0d9ca03 sshd[6198]: Failed none for invalid user lifesize from 172.30.185.19 port 37420 ssh2
Apr 18 15:36:19 a952d0d9ca03 sshd[6200]: Failed password for invalid user hqadmin from 172.30.185.23 port 52372 ssh2
Apr 18 15:36:19 a952d0d9ca03 sshd[6200]: Connection closed by invalid user hqadmin 172.30.185.23 port 52372 [preauth]
Apr 18 15:36:19 a952d0d9ca03 sshd[6198]: Failed password for invalid user lifesize from 172.30.185.19 port 37420 ssh2
Apr 18 15:36:19 a952d0d9ca03 sshd[6198]: Connection closed by invalid user lifesize 172.30.185.19 port 37420 [preauth]
Apr 18 15:36:19 a952d0d9ca03 sshd[6204]: Invalid user amanda from 172.30.185.22 port 37088
Apr 18 15:36:19 a952d0d9ca03 sshd[6204]: error: Could not get shadow information for NOUSER
Apr 18 15:36:19 a952d0d9ca03 sshd[6204]: Failed none for invalid user amanda from 172.30.185.22 port 37088 ssh2
Apr 18 15:36:19 a952d0d9ca03 sshd[6204]: Failed password for invalid user amanda from 172.30.185.22 port 37088 ssh2
Apr 18 15:36:19 a952d0d9ca03 sshd[6204]: Connection closed by invalid user amanda 172.30.185.22 port 37088 [preauth]
Apr 18 15:36:19 a952d0d9ca03 sshd[6202]: Invalid user cardano from 172.30.185.20 port 49652
Apr 18 15:36:19 a952d0d9ca03 sshd[6202]: error: Could not get shadow information for NOUSER
Apr 18 15:36:19 a952d0d9ca03 sshd[6202]: Failed none for invalid user cardano from 172.30.185.20 port 49652 ssh2
Apr 18 15:36:19 a952d0d9ca03 sshd[6202]: Failed password for invalid user cardano from 172.30.185.20 port 49652 ssh2
Apr 18 15:36:19 a952d0d9ca03 sshd[6202]: Connection closed by invalid user cardano 172.30.185.20 port 49652 [preauth]
Apr 18 15:36:19 a952d0d9ca03 sshd[6206]: User operator not allowed because account is locked
Apr 18 15:36:19 a952d0d9ca03 sshd[6206]: error: Could not get shadow information for NOUSER
Apr 18 15:36:19 a952d0d9ca03 sshd[6206]: Failed none for invalid user operator from 172.30.185.25 port 37490 ssh2
Apr 18 15:36:19 a952d0d9ca03 sshd[6206]: Failed password for invalid user operator from 172.30.185.25 port 37490 ssh2
Apr 18 15:36:19 a952d0d9ca03 sshd[6206]: Connection closed by invalid user operator 172.30.185.25 port 37490 [preauth]
Apr 18 15:36:19 a952d0d9ca03 sshd[6208]: Invalid user vm from 172.30.185.26 port 42830
Apr 18 15:36:19 a952d0d9ca03 sshd[6208]: error: Could not get shadow information for NOUSER
Apr 18 15:36:19 a952d0d9ca03 sshd[6208]: Failed none for invalid user vm from 172.30.185.26 port 42830 ssh2
Apr 18 15:36:19 a952d0d9ca03 sshd[6214]: Invalid user hqadmin from 172.30.185.23 port 52382
Apr 18 15:36:19 a952d0d9ca03 sshd[6214]: error: Could not get shadow information for NOUSER
Apr 18 15:36:19 a952d0d9ca03 sshd[6214]: Failed none for invalid user hqadmin from 172.30.185.23 port 52382 ssh2
Apr 18 15:36:19 a952d0d9ca03 sshd[6208]: Failed password for invalid user vm from 172.30.185.26 port 42830 ssh2
Apr 18 15:36:19 a952d0d9ca03 sshd[6210]: Invalid user nagios from 172.30.185.24 port 44498
Apr 18 15:36:19 a952d0d9ca03 sshd[6210]: error: Could not get shadow information for NOUSER
Apr 18 15:36:19 a952d0d9ca03 sshd[6210]: Failed none for invalid user nagios from 172.30.185.24 port 44498 ssh2
Apr 18 15:36:19 a952d0d9ca03 sshd[6214]: Failed password for invalid user hqadmin from 172.30.185.23 port 52382 ssh2
Apr 18 15:36:19 a952d0d9ca03 sshd[6208]: Connection closed by invalid user vm 172.30.185.26 port 42830 [preauth]
Apr 18 15:36:19 a952d0d9ca03 sshd[6214]: Connection closed by invalid user hqadmin 172.30.185.23 port 52382 [preauth]
Apr 18 15:36:19 a952d0d9ca03 sshd[6210]: Failed password for invalid user nagios from 172.30.185.24 port 44498 ssh2
Apr 18 15:36:19 a952d0d9ca03 sshd[6212]: Invalid user from from 172.30.185.21 port 46918
Apr 18 15:36:19 a952d0d9ca03 sshd[6212]: error: Could not get shadow information for NOUSER
Apr 18 15:36:19 a952d0d9ca03 sshd[6210]: Connection closed by invalid user nagios 172.30.185.24 port 44498 [preauth]
Apr 18 15:36:19 a952d0d9ca03 sshd[6212]: Failed none for invalid user from from 172.30.185.21 port 46918 ssh2
Apr 18 15:36:19 a952d0d9ca03 sshd[6212]: Failed password for invalid user from from 172.30.185.21 port 46918 ssh2
Apr 18 15:36:19 a952d0d9ca03 sshd[6212]: Connection closed by invalid user from 172.30.185.21 port 46918 [preauth]
Apr 18 15:36:19 a952d0d9ca03 sshd[6216]: Invalid user amanda from 172.30.185.22 port 37104
Apr 18 15:36:19 a952d0d9ca03 sshd[6216]: error: Could not get shadow information for NOUSER
Apr 18 15:36:19 a952d0d9ca03 sshd[6216]: Failed none for invalid user amanda from 172.30.185.22 port 37104 ssh2
Apr 18 15:36:19 a952d0d9ca03 sshd[6216]: Failed password for invalid user amanda from 172.30.185.22 port 37104 ssh2
Apr 18 15:36:19 a952d0d9ca03 sshd[6216]: Connection closed by invalid user amanda 172.30.185.22 port 37104 [preauth]
Apr 18 15:36:19 a952d0d9ca03 sshd[6218]: Invalid user cardano from 172.30.185.20 port 49656
Apr 18 15:36:19 a952d0d9ca03 sshd[6218]: error: Could not get shadow information for NOUSER
Apr 18 15:36:19 a952d0d9ca03 sshd[6218]: Failed none for invalid user cardano from 172.30.185.20 port 49656 ssh2
Apr 18 15:36:19 a952d0d9ca03 sshd[6218]: Failed password for invalid user cardano from 172.30.185.20 port 49656 ssh2
Apr 18 15:36:19 a952d0d9ca03 sshd[6218]: Connection closed by invalid user cardano 172.30.185.20 port 49656 [preauth]
Apr 18 15:36:19 a952d0d9ca03 sshd[6220]: User operator not allowed because account is locked
Apr 18 15:36:19 a952d0d9ca03 sshd[6220]: error: Could not get shadow information for NOUSER
Apr 18 15:36:19 a952d0d9ca03 sshd[6220]: Failed none for invalid user operator from 172.30.185.25 port 37504 ssh2
Apr 18 15:36:19 a952d0d9ca03 sshd[6220]: Failed password for invalid user operator from 172.30.185.25 port 37504 ssh2
Apr 18 15:36:19 a952d0d9ca03 sshd[6220]: Connection closed by invalid user operator 172.30.185.25 port 37504 [preauth]
Apr 18 15:36:19 a952d0d9ca03 sshd[6226]: Invalid user nagios from 172.30.185.24 port 44508
Apr 18 15:36:19 a952d0d9ca03 sshd[6226]: error: Could not get shadow information for NOUSER
Apr 18 15:36:19 a952d0d9ca03 sshd[6226]: Failed none for invalid user nagios from 172.30.185.24 port 44508 ssh2
Apr 18 15:36:19 a952d0d9ca03 sshd[6222]: Invalid user vm from 172.30.185.26 port 42838
Apr 18 15:36:19 a952d0d9ca03 sshd[6222]: error: Could not get shadow information for NOUSER
Apr 18 15:36:19 a952d0d9ca03 sshd[6222]: Failed none for invalid user vm from 172.30.185.26 port 42838 ssh2
Apr 18 15:36:19 a952d0d9ca03 sshd[6226]: Failed password for invalid user nagios from 172.30.185.24 port 44508 ssh2
Apr 18 15:36:19 a952d0d9ca03 sshd[6228]: Invalid user from from 172.30.185.21 port 46926
Apr 18 15:36:19 a952d0d9ca03 sshd[6228]: error: Could not get shadow information for NOUSER
Apr 18 15:36:19 a952d0d9ca03 sshd[6226]: Connection closed by invalid user nagios 172.30.185.24 port 44508 [preauth]
Apr 18 15:36:19 a952d0d9ca03 sshd[6222]: Failed password for invalid user vm from 172.30.185.26 port 42838 ssh2
Apr 18 15:36:19 a952d0d9ca03 sshd[6228]: Failed none for invalid user from from 172.30.185.21 port 46926 ssh2
Apr 18 15:36:19 a952d0d9ca03 sshd[6222]: Connection closed by invalid user vm 172.30.185.26 port 42838 [preauth]
Apr 18 15:36:19 a952d0d9ca03 sshd[6224]: Invalid user hqadmin from 172.30.185.23 port 52394
Apr 18 15:36:19 a952d0d9ca03 sshd[6224]: error: Could not get shadow information for NOUSER
Apr 18 15:36:19 a952d0d9ca03 sshd[6228]: Failed password for invalid user from from 172.30.185.21 port 46926 ssh2
Apr 18 15:36:19 a952d0d9ca03 sshd[6224]: Failed none for invalid user hqadmin from 172.30.185.23 port 52394 ssh2
Apr 18 15:36:19 a952d0d9ca03 sshd[6228]: Connection closed by invalid user from 172.30.185.21 port 46926 [preauth]
Apr 18 15:36:19 a952d0d9ca03 sshd[6224]: Failed password for invalid user hqadmin from 172.30.185.23 port 52394 ssh2
Apr 18 15:36:19 a952d0d9ca03 sshd[6224]: Connection closed by invalid user hqadmin 172.30.185.23 port 52394 [preauth]
Apr 18 15:36:19 a952d0d9ca03 sshd[6230]: Invalid user amanda from 172.30.185.22 port 37112
Apr 18 15:36:19 a952d0d9ca03 sshd[6230]: error: Could not get shadow information for NOUSER
Apr 18 15:36:19 a952d0d9ca03 sshd[6232]: Invalid user cardano from 172.30.185.20 port 49664
Apr 18 15:36:19 a952d0d9ca03 sshd[6232]: error: Could not get shadow information for NOUSER
