Apr 18 15:37:15 a952d0d9ca03 sshd[8351]: Invalid user crv from 172.30.185.10 port 41854
Apr 18 15:37:15 a952d0d9ca03 sshd[8351]: error: Could not get shadow information for NOUSER
Apr 18 15:37:15 a952d0d9ca03 sshd[8351]: Failed none for invalid user crv from 172.30.185.10 port 41854 ssh2
Apr 18 15:37:15 a952d0d9ca03 sshd[8349]: Connection closed by invalid user chris 172.30.185.9 port 56300 [preauth]
Apr 18 15:37:15 a952d0d9ca03 sshd[8351]: Failed password for invalid user crv from 172.30.185.10 port 41854 ssh2
Apr 18 15:37:15 a952d0d9ca03 sshd[8351]: Connection closed by invalid user crv 172.30.185.10 port 41854 [preauth]
Apr 18 15:37:15 a952d0d9ca03 sshd[8353]: Invalid user audit from 172.30.185.12 port 39330
Apr 18 15:37:15 a952d0d9ca03 sshd[8353]: error: Could not get shadow information for NOUSER
Apr 18 15:37:15 a952d0d9ca03 sshd[8353]: Failed none for invalid user audit from 172.30.185.12 port 39330 ssh2
Apr 18 15:37:15 a952d0d9ca03 sshd[8353]: Failed password for invalid user audit from 172.30.185.12 port 39330 ssh2
Apr 18 15:37:15 a952d0d9ca03 sshd[8353]: Connection closed by invalid user audit 172.30.185.12 port 39330 [preauth]
Apr 18 15:37:15 a952d0d9ca03 sshd[8355]: Invalid user annie from 172.30.185.11 port 51978
Apr 18 15:37:15 a952d0d9ca03 sshd[8355]: error: Could not get shadow information for NOUSER
Apr 18 15:37:15 a952d0d9ca03 sshd[8355]: Failed none for invalid user annie from 172.30.185.11 port 51978 ssh2
Apr 18 15:37:15 a952d0d9ca03 sshd[8355]: Failed password for invalid user annie from 172.30.185.11 port 51978 ssh2
Apr 18 15:37:15 a952d0d9ca03 sshd[8355]: Connection closed by invalid user annie 172.30.185.11 port 51978 [preauth]
Apr 18 15:37:15 a952d0d9ca03 sshd[8359]: Invalid user crv from 172.30.185.10 port 41860
Apr 18 15:37:15 a952d0d9ca03 sshd[8359]: error: Could not get shadow information for NOUSER
Apr 18 15:37:15 a952d0d9ca03 sshd[8357]: Invalid user chris from 172.30.185.9 port 56308
Apr 18 15:37:15 a952d0d9ca03 sshd[8357]: error: Could not get shadow information for NOUSER
Apr 18 15:37:15 a952d0d9ca03 sshd[8359]: Failed none for invalid user crv from 172.30.185.10 port 41860 ssh2
Apr 18 15:37:15 a952d0d9ca03 sshd[8357]: Failed none for invalid user chris from 172.30.185.9 port 56308 ssh2
Apr 18 15:37:15 a952d0d9ca03 sshd[8359]: Failed password for invalid user crv from 172.30.185.10 port 41860 ssh2
Apr 18 15:37:15 a952d0d9ca03 sshd[8359]: Connection closed by invalid user crv 172.30.185.10 port 41860 [preauth]
Apr 18 15:37:15 a952d0d9ca03 sshd[8357]: Failed password for invalid user chris from 172.30.185.9 port 56308 ssh2
Apr 18 15:37:15 a952d0d9ca03 sshd[8357]: Connection closed by invalid user chris 172.30.185.9 port 56308 [preauth]
Apr 18 15:37:16 a952d0d9ca03 sshd[8361]: Invalid user audit from 172.30.185.12 port 39332
Apr 18 15:37:16 a952d0d9ca03 sshd[8361]: error: Could not get shadow information for NOUSER
Apr 18 15:37:16 a952d0d9ca03 sshd[8361]: Failed none for invalid user audit from 172.30.185.12 port 39332 ssh2
Apr 18 15:37:16 a952d0d9ca03 sshd[8363]: Invalid user annie from 172.30.185.11 port 51980
Apr 18 15:37:16 a952d0d9ca03 sshd[8363]: error: Could not get shadow information for NOUSER
Apr 18 15:37:16 a952d0d9ca03 sshd[8361]: Failed password for invalid user audit from 172.30.185.12 port 39332 ssh2
Apr 18 15:37:16 a952d0d9ca03 sshd[8363]: Failed none for invalid user annie from 172.30.185.11 port 51980 ssh2
Apr 18 15:37:16 a952d0d9ca03 sshd[8361]: Connection closed by invalid user audit 172.30.185.12 port 39332 [preauth]
Apr 18 15:37:16 a952d0d9ca03 sshd[8363]: Failed password for invalid user annie from 172.30.185.11 port 51980 ssh2
Apr 18 15:37:16 a952d0d9ca03 sshd[8363]: Connection closed by invalid user annie 172.30.185.11 port 51980 [preauth]
Apr 18 15:37:16 a952d0d9ca03 sshd[8365]: Invalid user crv from 172.30.185.10 port 41872
Apr 18 15:37:16 a952d0d9ca03 sshd[8365]: error: Could not get shadow information for NOUSER
Apr 18 15:37:16 a952d0d9ca03 sshd[8365]: Failed none for invalid user crv from 172.30.185.10 port 41872 ssh2
Apr 18 15:37:16 a952d0d9ca03 sshd[8365]: Failed password for invalid user crv from 172.30.185.10 port 41872 ssh2
Apr 18 15:37:16 a952d0d9ca03 sshd[8365]: Connection closed by invalid user crv 172.30.185.10 port 41872 [preauth]
Apr 18 15:37:16 a952d0d9ca03 sshd[8367]: Invalid user audit from 172.30.185.12 port 39346
Apr 18 15:37:16 a952d0d9ca03 sshd[8367]: error: Could not get shadow information for NOUSER
Apr 18 15:37:16 a952d0d9ca03 sshd[8367]: Failed none for invalid user audit from 172.30.185.12 port 39346 ssh2
Apr 18 15:37:16 a952d0d9ca03 sshd[8369]: Invalid user annie from 172.30.185.11 port 51992
Apr 18 15:37:16 a952d0d9ca03 sshd[8369]: error: Could not get shadow information for NOUSER
Apr 18 15:37:16 a952d0d9ca03 sshd[8367]: Failed password for invalid user audit from 172.30.185.12 port 39346 ssh2
Apr 18 15:37:16 a952d0d9ca03 sshd[8369]: Failed none for invalid user annie from 172.30.185.11 port 51992 ssh2
Apr 18 15:37:16 a952d0d9ca03 sshd[8367]: Connection closed by invalid user audit 172.30.185.12 port 39346 [preauth]
Apr 18 15:37:16 a952d0d9ca03 sshd[8369]: Failed password for invalid user annie from 172.30.185.11 port 51992 ssh2
Apr 18 15:37:16 a952d0d9ca03 sshd[8369]: Connection closed by invalid user annie 172.30.185.11 port 51992 [preauth]
Apr 18 15:37:16 a952d0d9ca03 sshd[8371]: Invalid user inst01 from 172.30.185.13 port 52246
Apr 18 15:37:16 a952d0d9ca03 sshd[8371]: error: Could not get shadow information for NOUSER
Apr 18 15:37:16 a952d0d9ca03 sshd[8371]: Failed none for invalid user inst01 from 172.30.185.13 port 52246 ssh2
Apr 18 15:37:16 a952d0d9ca03 sshd[8371]: Failed password for invalid user inst01 from 172.30.185.13 port 52246 ssh2
Apr 18 15:37:16 a952d0d9ca03 sshd[8371]: Connection closed by invalid user inst01 172.30.185.13 port 52246 [preauth]
Apr 18 15:37:16 a952d0d9ca03 sshd[8373]: Invalid user crv from 172.30.185.10 port 41882
Apr 18 15:37:16 a952d0d9ca03 sshd[8373]: error: Could not get shadow information for NOUSER
Apr 18 15:37:16 a952d0d9ca03 sshd[8373]: Failed none for invalid user crv from 172.30.185.10 port 41882 ssh2
Apr 18 15:37:16 a952d0d9ca03 sshd[8373]: Failed password for invalid user crv from 172.30.185.10 port 41882 ssh2
Apr 18 15:37:16 a952d0d9ca03 sshd[8373]: Connection closed by invalid user crv 172.30.185.10 port 41882 [preauth]
Apr 18 15:37:16 a952d0d9ca03 sshd[8377]: Invalid user annie from 172.30.185.11 port 51996
Apr 18 15:37:16 a952d0d9ca03 sshd[8377]: error: Could not get shadow information for NOUSER
Apr 18 15:37:16 a952d0d9ca03 sshd[8377]: Failed none for invalid user annie from 172.30.185.11 port 51996 ssh2
Apr 18 15:37:16 a952d0d9ca03 sshd[8375]: Invalid user audit from 172.30.185.12 port 39354
Apr 18 15:37:16 a952d0d9ca03 sshd[8375]: error: Could not get shadow information for NOUSER
Apr 18 15:37:16 a952d0d9ca03 sshd[8375]: Failed none for invalid user audit from 172.30.185.12 port 39354 ssh2
Apr 18 15:37:16 a952d0d9ca03 sshd[8377]: Failed password for invalid user annie from 172.30.185.11 port 51996 ssh2
Apr 18 15:37:16 a952d0d9ca03 sshd[8377]: Connection closed by invalid user annie 172.30.185.11 port 51996 [preauth]
Apr 18 15:37:16 a952d0d9ca03 sshd[8375]: Failed password for invalid user audit from 172.30.185.12 port 39354 ssh2
Apr 18 15:37:16 a952d0d9ca03 sshd[8375]: Connection closed by invalid user audit 172.30.185.12 port 39354 [preauth]
Apr 18 15:37:16 a952d0d9ca03 sshd[8379]: Invalid user inst01 from 172.30.185.13 port 52248
Apr 18 15:37:16 a952d0d9ca03 sshd[8379]: error: Could not get shadow information for NOUSER
Apr 18 15:37:16 a952d0d9ca03 sshd[8379]: Failed none for invalid user inst01 from 172.30.185.13 port 52248 ssh2
Apr 18 15:37:16 a952d0d9ca03 sshd[8379]: Failed password for invalid user inst01 from 172.30.185.13 port 52248 ssh2
Apr 18 15:37:16 a952d0d9ca03 sshd[8379]: Connection closed by invalid user inst01 172.30.185.13 port 52248 [preauth]
Apr 18 15:37:16 a952d0d9ca03 sshd[8383]: Invalid user crv from 172.30.185.10 port 41890
Apr 18 15:37:16 a952d0d9ca03 sshd[8383]: error: Could not get shadow information for NOUSER
Apr 18 15:37:16 a952d0d9ca03 sshd[8383]: Failed none for invalid user crv from 172.30.185.10 port 41890 ssh2
Apr 18 15:37:16 a952d0d9ca03 sshd[8381]: Invalid user rico from 172.30.185.14 port 41784
Apr 18 15:37:16 a952d0d9ca03 sshd[8381]: error: Could not get shadow information for NOUSER
Apr 18 15:37:16 a952d0d9ca03 sshd[8381]: Failed none for invalid user rico from 172.30.185.14 port 41784 ssh2
Apr 18 15:37:16 a952d0d9ca03 sshd[8383]: Failed password for invalid user crv from 172.30.185.10 port 41890 ssh2
Apr 18 15:37:16 a952d0d9ca03 sshd[8383]: Connection closed by invalid user crv 172.30.185.10 port 41890 [preauth]
Apr 18 15:37:16 a952d0d9ca03 sshd[8381]: Failed password for invalid user rico from 172.30.185.14 port 41784 ssh2
Apr 18 15:37:16 a952d0d9ca03 sshd[8381]: Connection closed by invalid user rico 172.30.185.14 port 41784 [preauth]
Apr 18 15:37:16 a952d0d9ca03 sshd[8387]: Invalid user audit from 172.30.185.12 port 32888
Apr 18 15:37:16 a952d0d9ca03 sshd[8387]: error: Could not get shadow information for NOUSER
Apr 18 15:37:16 a952d0d9ca03 sshd[8385]: Invalid user annie from 172.30.185.11 port 44354
Apr 18 15:37:16 a952d0d9ca03 sshd[8385]: error: Could not get shadow information for NOUSER
Apr 18 15:37:16 a952d0d9ca03 sshd[8387]: Failed none for invalid user audit from 172.30.185.12 port 32888 ssh2
Apr 18 15:37:16 a952d0d9ca03 sshd[8385]: Failed none for invalid user annie from 172.30.185.11 port 44354 ssh2
Apr 18 15:37:16 a952d0d9ca03 sshd[8385]: Failed password for invalid user annie from 172.30.185.11 port 44354 ssh2
Apr 18 15:37:16 a952d0d9ca03 sshd[8387]: Failed password for invalid user audit from 172.30.185.12 port 32888 ssh2
Apr 18 15:37:16 a952d0d9ca03 sshd[8385]: Connection closed by invalid user annie 172.30.185.11 port 44354 [preauth]
Apr 18 15:37:16 a952d0d9ca03 sshd[8387]: Connection closed by invalid user audit 172.30.185.12 port 32888 [preauth]
Apr 18 15:37:16 a952d0d9ca03 sshd[8389]: Invalid user inst01 from 172.30.185.13 port 46186
Apr 18 15:37:16 a952d0d9ca03 sshd[8389]: error: Could not get shadow information for NOUSER
Apr 18 15:37:16 a952d0d9ca03 sshd[8389]: Failed none for invalid user inst01 from 172.30.185.13 port 46186 ssh2
Apr 18 15:37:16 a952d0d9ca03 sshd[8391]: Invalid user crv from 172.30.185.10 port 56592
Apr 18 15:37:16 a952d0d9ca03 sshd[8391]: error: Could not get shadow information for NOUSER
Apr 18 15:37:16 a952d0d9ca03 sshd[8389]: Failed password for invalid user inst01 from 172.30.185.13 port 46186 ssh2
Apr 18 15:37:16 a952d0d9ca03 sshd[8391]: Failed none for invalid user crv from 172.30.185.10 port 56592 ssh2
Apr 18 15:37:16 a952d0d9ca03 sshd[8389]: Connection closed by invalid user inst01 172.30.185.13 port 46186 [preauth]
Apr 18 15:37:16 a952d0d9ca03 sshd[8391]: Failed password for invalid user crv from 172.30.185.10 port 56592 ssh2
Apr 18 15:37:16 a952d0d9ca03 sshd[8391]: Connection closed by invalid user crv 172.30.185.10 port 56592 [preauth]
Apr 18 15:37:16 a952d0d9ca03 sshd[8393]: Invalid user rico from 172.30.185.14 port 59216
Apr 18 15:37:16 a952d0d9ca03 sshd[8393]: error: Could not get shadow information for NOUSER
Apr 18 15:37:16 a952d0d9ca03 sshd[8393]: Failed none for invalid user rico from 172.30.185.14 port 59216 ssh2
Apr 18 15:37:16 a952d0d9ca03 sshd[8393]: Failed password for invalid user rico from 172.30.185.14 port 59216 ssh2
Apr 18 15:37:16 a952d0d9ca03 sshd[8393]: Connection closed by invalid user rico 172.30.185.14 port 59216 [preauth]
Apr 18 15:37:16 a952d0d9ca03 sshd[8396]: Invalid user audit from 172.30.185.12 port 32896
Apr 18 15:37:16 a952d0d9ca03 sshd[8396]: error: Could not get shadow information for NOUSER
Apr 18 15:37:16 a952d0d9ca03 sshd[8395]: Invalid user annie from 172.30.185.11 port 44364
Apr 18 15:37:16 a952d0d9ca03 sshd[8396]: Failed none for invalid user audit from 172.30.185.12 port 32896 ssh2
Apr 18 15:37:16 a952d0d9ca03 sshd[8395]: error: Could not get shadow information for NOUSER
Apr 18 15:37:16 a952d0d9ca03 sshd[8395]: Failed none for invalid user annie from 172.30.185.11 port 44364 ssh2
Apr 18 15:37:16 a952d0d9ca03 sshd[8396]: Failed password for invalid user audit from 172.30.185.12 port 32896 ssh2
Apr 18 15:37:16 a952d0d9ca03 sshd[8395]: Failed password for invalid user annie from 172.30.185.11 port 44364 ssh2
Apr 18 15:37:16 a952d0d9ca03 sshd[8395]: Connection closed by invalid user annie 172.30.185.11 port 44364 [preauth]
Apr 18 15:37:16 a952d0d9ca03 sshd[8396]: Connection closed by invalid user audit 172.30.185.12 port 32896 [preauth]
Apr 18 15:37:17 a952d0d9ca03 sshd[8399]: Invalid user elsa from 172.30.185.15 port 43700
Apr 18 15:37:17 a952d0d9ca03 sshd[8399]: error: Could not get shadow information for NOUSER
Apr 18 15:37:17 a952d0d9ca03 sshd[8399]: Failed none for invalid user elsa from 172.30.185.15 port 43700 ssh2
Apr 18 15:37:17 a952d0d9ca03 sshd[8399]: Failed password for invalid user elsa from 172.30.185.15 port 43700 ssh2
Apr 18 15:37:17 a952d0d9ca03 sshd[8399]: Connection closed by invalid user elsa 172.30.185.15 port 43700 [preauth]
Apr 18 15:37:17 a952d0d9ca03 sshd[8403]: Invalid user crv from 172.30.185.10 port 56602
Apr 18 15:37:17 a952d0d9ca03 sshd[8403]: error: Could not get shadow information for NOUSER
Apr 18 15:37:17 a952d0d9ca03 sshd[8403]: Failed none for invalid user crv from 172.30.185.10 port 56602 ssh2
Apr 18 15:37:17 a952d0d9ca03 sshd[8401]: Invalid user inst01 from 172.30.185.13 port 46200
Apr 18 15:37:17 a952d0d9ca03 sshd[8401]: error: Could not get shadow information for NOUSER
Apr 18 15:37:17 a952d0d9ca03 sshd[8403]: Failed password for invalid user crv from 172.30.185.10 port 56602 ssh2
Apr 18 15:37:17 a952d0d9ca03 sshd[8401]: Failed none for invalid user inst01 from 172.30.185.13 port 46200 ssh2
Apr 18 15:37:17 a952d0d9ca03 sshd[8403]: Connection closed by invalid user crv 172.30.185.10 port 56602 [preauth]
Apr 18 15:37:17 a952d0d9ca03 sshd[8401]: Failed password for invalid user inst01 from 172.30.185.13 port 46200 ssh2
Apr 18 15:37:17 a952d0d9ca03 sshd[8401]: Connection closed by invalid user inst01 172.30.185.13 port 46200 [preauth]
Apr 18 15:37:17 a952d0d9ca03 sshd[8405]: Invalid user rico from 172.30.185.14 port 59224
Apr 18 15:37:17 a952d0d9ca03 sshd[8405]: error: Could not get shadow information for NOUSER
Apr 18 15:37:17 a952d0d9ca03 sshd[8405]: Failed none for invalid user rico from 172.30.185.14 port 59224 ssh2
Apr 18 15:37:17 a952d0d9ca03 sshd[8405]: Failed password for invalid user rico from 172.30.185.14 port 59224 ssh2
Apr 18 15:37:17 a952d0d9ca03 sshd[8405]: Connection closed by invalid user rico 172.30.185.14 port 59224 [preauth]
Apr 18 15:37:17 a952d0d9ca03 sshd[8407]: Invalid user mapadmin from 172.30.185.16 port 53926
Apr 18 15:37:17 a952d0d9ca03 sshd[8407]: error: Could not get shadow information for NOUSER
Apr 18 15:37:17 a952d0d9ca03 sshd[8407]: Failed none for invalid user mapadmin from 172.30.185.16 port 53926 ssh2
Apr 18 15:37:17 a952d0d9ca03 sshd[8410]: Invalid user annie from 172.30.185.11 port 44366
Apr 18 15:37:17 a952d0d9ca03 sshd[8410]: error: Could not get shadow information for NOUSER
Apr 18 15:37:17 a952d0d9ca03 sshd[8410]: Failed none for invalid user annie from 172.30.185.11 port 44366 ssh2
Apr 18 15:37:17 a952d0d9ca03 sshd[8407]: Failed password for invalid user mapadmin from 172.30.185.16 port 53926 ssh2
Apr 18 15:37:17 a952d0d9ca03 sshd[8410]: Failed password for invalid user annie from 172.30.185.11 port 44366 ssh2
Apr 18 15:37:17 a952d0d9ca03 sshd[8409]: Invalid user audit from 172.30.185.12 port 32910
Apr 18 15:37:17 a952d0d9ca03 sshd[8409]: error: Could not get shadow information for NOUSER
Apr 18 15:37:17 a952d0d9ca03 sshd[8410]: Connection closed by invalid user annie 172.30.185.11 port 44366 [preauth]
Apr 18 15:37:17 a952d0d9ca03 sshd[8407]: Connection closed by invalid user mapadmin 172.30.185.16 port 53926 [preauth]
Apr 18 15:37:17 a952d0d9ca03 sshd[8409]: Failed none for invalid user audit from 172.30.185.12 port 32910 ssh2
Apr 18 15:37:17 a952d0d9ca03 sshd[8409]: Failed password for invalid user audit from 172.30.185.12 port 32910 ssh2
Apr 18 15:37:17 a952d0d9ca03 sshd[8409]: Connection closed by invalid user audit 172.30.185.12 port 32910 [preauth]
Apr 18 15:37:17 a952d0d9ca03 sshd[8413]: Invalid user elsa from 172.30.185.15 port 43712
Apr 18 15:37:17 a952d0d9ca03 sshd[8413]: error: Could not get shadow information for NOUSER
Apr 18 15:37:17 a952d0d9ca03 sshd[8413]: Failed none for invalid user elsa from 172.30.185.15 port 43712 ssh2
Apr 18 15:37:17 a952d0d9ca03 sshd[8413]: Failed password for invalid user elsa from 172.30.185.15 port 43712 ssh2
Apr 18 15:37:17 a952d0d9ca03 sshd[8413]: Connection closed by invalid user elsa 172.30.185.15 port 43712 [preauth]
Apr 18 15:37:17 a952d0d9ca03 sshd[8415]: Invalid user inst01 from 172.30.185.13 port 46214
Apr 18 15:37:17 a952d0d9ca03 sshd[8415]: error: Could not get shadow information for NOUSER
Apr 18 15:37:17 a952d0d9ca03 sshd[8415]: Failed none for invalid user inst01 from 172.30.185.13 port 46214 ssh2
Apr 18 15:37:17 a952d0d9ca03 sshd[8417]: Invalid user rico from 172.30.185.14 port 59228
Apr 18 15:37:17 a952d0d9ca03 sshd[8417]: error: Could not get shadow information for NOUSER
Apr 18 15:37:17 a952d0d9ca03 sshd[8415]: Failed password for invalid user inst01 from 172.30.185.13 port 46214 ssh2
Apr 18 15:37:17 a952d0d9ca03 sshd[8417]: Failed none for invalid user rico from 172.30.185.14 port 59228 ssh2
Apr 18 15:37:17 a952d0d9ca03 sshd[8415]: Connection closed by invalid user inst01 172.30.185.13 port 46214 [preauth]
Apr 18 15:37:17 a952d0d9ca03 sshd[8417]: Failed password for invalid user rico from 172.30.185.14 port 59228 ssh2
Apr 18 15:37:17 a952d0d9ca03 sshd[8417]: Connection closed by invalid user rico 172.30.185.14 port 59228 [preauth]
Apr 18 15:37:17 a952d0d9ca03 sshd[8420]: Invalid user mapadmin from 172.30.185.16 port 53942
Apr 18 15:37:17 a952d0d9ca03 sshd[8420]: error: Could not get shadow information for NOUSER
Apr 18 15:37:17 a952d0d9ca03 sshd[8420]: Failed none for invalid user mapadmin from 172.30.185.16 port 53942 ssh2
Apr 18 15:37:17 a952d0d9ca03 sshd[8420]: Failed password for invalid user mapadmin from 172.30.185.16 port 53942 ssh2
Apr 18 15:37:17 a952d0d9ca03 sshd[8420]: Connection closed by invalid user mapadmin 172.30.185.16 port 53942 [preauth]
Apr 18 15:37:17 a952d0d9ca03 sshd[8419]: Invalid user annie from 172.30.185.11 port 44372
Apr 18 15:37:17 a952d0d9ca03 sshd[8419]: error: Could not get shadow information for NOUSER
Apr 18 15:37:17 a952d0d9ca03 sshd[8419]: Failed none for invalid user annie from 172.30.185.11 port 44372 ssh2
Apr 18 15:37:17 a952d0d9ca03 sshd[8419]: Failed password for invalid user annie from 172.30.185.11 port 44372 ssh2
Apr 18 15:37:17 a952d0d9ca03 sshd[8423]: Invalid user audit from 172.30.185.12 port 32914
Apr 18 15:37:17 a952d0d9ca03 sshd[8423]: error: Could not get shadow information for NOUSER
Apr 18 15:37:17 a952d0d9ca03 sshd[8419]: Connection closed by invalid user annie 172.30.185.11 port 44372 [preauth]
Apr 18 15:37:17 a952d0d9ca03 sshd[8423]: Failed none for invalid user audit from 172.30.185.12 port 32914 ssh2
Apr 18 15:37:17 a952d0d9ca03 sshd[8423]: Failed password for invalid user audit from 172.30.185.12 port 32914 ssh2
Apr 18 15:37:17 a952d0d9ca03 sshd[8423]: Connection closed by invalid user audit 172.30.185.12 port 32914 [preauth]
Apr 18 15:37:17 a952d0d9ca03 sshd[8425]: Invalid user elsa from 172.30.185.15 port 43722
Apr 18 15:37:17 a952d0d9ca03 sshd[8425]: error: Could not get shadow information for NOUSER
Apr 18 15:37:17 a952d0d9ca03 sshd[8425]: Failed none for invalid user elsa from 172.30.185.15 port 43722 ssh2
Apr 18 15:37:17 a952d0d9ca03 sshd[8425]: Failed password for invalid user elsa from 172.30.185.15 port 43722 ssh2
Apr 18 15:37:17 a952d0d9ca03 sshd[8425]: Connection closed by invalid user elsa 172.30.185.15 port 43722 [preauth]
Apr 18 15:37:17 a952d0d9ca03 sshd[8427]: Invalid user inst01 from 172.30.185.13 port 46226
Apr 18 15:37:17 a952d0d9ca03 sshd[8427]: error: Could not get shadow information for NOUSER
Apr 18 15:37:17 a952d0d9ca03 sshd[8427]: Failed none for invalid user inst01 from 172.30.185.13 port 46226 ssh2
Apr 18 15:37:17 a952d0d9ca03 sshd[8427]: Failed password for invalid user inst01 from 172.30.185.13 port 46226 ssh2
Apr 18 15:37:17 a952d0d9ca03 sshd[8429]: Invalid user rico from 172.30.185.14 port 59240
Apr 18 15:37:17 a952d0d9ca03 sshd[8429]: error: Could not get shadow information for NOUSER
Apr 18 15:37:17 a952d0d9ca03 sshd[8427]: Connection closed by invalid user inst01 172.30.185.13 port 46226 [preauth]
Apr 18 15:37:17 a952d0d9ca03 sshd[8429]: Failed none for invalid user rico from 172.30.185.14 port 59240 ssh2
Apr 18 15:37:17 a952d0d9ca03 sshd[8429]: Failed password for invalid user rico from 172.30.185.14 port 59240 ssh2
Apr 18 15:37:17 a952d0d9ca03 sshd[8429]: Connection closed by invalid user rico 172.30.185.14 port 59240 [preauth]
Apr 18 15:37:17 a952d0d9ca03 sshd[8431]: Invalid user mapadmin from 172.30.185.16 port 53954
Apr 18 15:37:17 a952d0d9ca03 sshd[8431]: error: Could not get shadow information for NOUSER
Apr 18 15:37:17 a952d0d9ca03 sshd[8431]: Failed none for invalid user mapadmin from 172.30.185.16 port 53954 ssh2
Apr 18 15:37:17 a952d0d9ca03 sshd[8431]: Failed password for invalid user mapadmin from 172.30.185.16 port 53954 ssh2
Apr 18 15:37:17 a952d0d9ca03 sshd[8433]: Invalid user audit from 172.30.185.12 port 32928
Apr 18 15:37:17 a952d0d9ca03 sshd[8433]: error: Could not get shadow information for NOUSER
Apr 18 15:37:17 a952d0d9ca03 sshd[8431]: Connection closed by invalid user mapadmin 172.30.185.16 port 53954 [preauth]
Apr 18 15:37:17 a952d0d9ca03 sshd[8433]: Failed none for invalid user audit from 172.30.185.12 port 32928 ssh2
Apr 18 15:37:17 a952d0d9ca03 sshd[8433]: Failed password for invalid user audit from 172.30.185.12 port 32928 ssh2
Apr 18 15:37:17 a952d0d9ca03 sshd[8433]: Connection closed by invalid user audit 172.30.185.12 port 32928 [preauth]
Apr 18 15:37:17 a952d0d9ca03 sshd[8437]: Invalid user inst01 from 172.30.185.13 port 46230
Apr 18 15:37:17 a952d0d9ca03 sshd[8437]: error: Could not get shadow information for NOUSER
Apr 18 15:37:17 a952d0d9ca03 sshd[8437]: Failed none for invalid user inst01 from 172.30.185.13 port 46230 ssh2
Apr 18 15:37:17 a952d0d9ca03 sshd[8437]: Failed password for invalid user inst01 from 172.30.185.13 port 46230 ssh2
Apr 18 15:37:17 a952d0d9ca03 sshd[8435]: Invalid user elsa from 172.30.185.15 port 43732
Apr 18 15:37:17 a952d0d9ca03 sshd[8435]: error: Could not get shadow information for NOUSER
Apr 18 15:37:17 a952d0d9ca03 sshd[8437]: Connection closed by invalid user inst01 172.30.185.13 port 46230 [preauth]
Apr 18 15:37:17 a952d0d9ca03 sshd[8435]: Failed none for invalid user elsa from 172.30.185.15 port 43732 ssh2
Apr 18 15:37:17 a952d0d9ca03 sshd[8439]: Invalid user rico from 172.30.185.14 port 59254
Apr 18 15:37:17 a952d0d9ca03 sshd[8439]: error: Could not get shadow information for NOUSER
Apr 18 15:37:17 a952d0d9ca03 sshd[8439]: Failed none for invalid user rico from 172.30.185.14 port 59254 ssh2
Apr 18 15:37:17 a952d0d9ca03 sshd[8435]: Failed password for invalid user elsa from 172.30.185.15 port 43732 ssh2
Apr 18 15:37:17 a952d0d9ca03 sshd[8435]: Connection closed by invalid user elsa 172.30.185.15 port 43732 [preauth]
Apr 18 15:37:17 a952d0d9ca03 sshd[8439]: Failed password for invalid user rico from 172.30.185.14 port 59254 ssh2
Apr 18 15:37:17 a952d0d9ca03 sshd[8439]: Connection closed by invalid user rico 172.30.185.14 port 59254 [preauth]
Apr 18 15:37:17 a952d0d9ca03 sshd[8441]: Invalid user mapadmin from 172.30.185.16 port 53962
Apr 18 15:37:17 a952d0d9ca03 sshd[8441]: error: Could not get shadow information for NOUSER
Apr 18 15:37:17 a952d0d9ca03 sshd[8441]: Failed none for invalid user mapadmin from 172.30.185.16 port 53962 ssh2
Apr 18 15:37:17 a952d0d9ca03 sshd[8443]: Invalid user audit from 172.30.185.12 port 32938
Apr 18 15:37:17 a952d0d9ca03 sshd[8443]: error: Could not get shadow information for NOUSER
Apr 18 15:37:17 a952d0d9ca03 sshd[8441]: Failed password for invalid user mapadmin from 172.30.185.16 port 53962 ssh2
Apr 18 15:37:17 a952d0d9ca03 sshd[8443]: Failed none for invalid user audit from 172.30.185.12 port 32938 ssh2
Apr 18 15:37:17 a952d0d9ca03 sshd[8441]: Connection closed by invalid user mapadmin 172.30.185.16 port 53962 [preauth]
Apr 18 15:37:17 a952d0d9ca03 sshd[8443]: Failed password for invalid user audit from 172.30.185.12 port 32938 ssh2
Apr 18 15:37:17 a952d0d9ca03 sshd[8443]: Connection closed by invalid user audit 172.30.185.12 port 32938 [preauth]
Apr 18 15:37:17 a952d0d9ca03 sshd[8445]: Invalid user inst01 from 172.30.185.13 port 46242
Apr 18 15:37:17 a952d0d9ca03 sshd[8445]: error: Could not get shadow information for NOUSER
Apr 18 15:37:17 a952d0d9ca03 sshd[8445]: Failed none for invalid user inst01 from 172.30.185.13 port 46242 ssh2
Apr 18 15:37:18 a952d0d9ca03 sshd[8445]: Failed password for invalid user inst01 from 172.30.185.13 port 46242 ssh2
Apr 18 15:37:18 a952d0d9ca03 sshd[8447]: Invalid user elsa from 172.30.185.15 port 43748
Apr 18 15:37:18 a952d0d9ca03 sshd[8445]: Connection closed by invalid user inst01 172.30.185.13 port 46242 [preauth]
Apr 18 15:37:18 a952d0d9ca03 sshd[8447]: error: Could not get shadow information for NOUSER
Apr 18 15:37:18 a952d0d9ca03 sshd[8447]: Failed none for invalid user elsa from 172.30.185.15 port 43748 ssh2
Apr 18 15:37:18 a952d0d9ca03 sshd[8447]: Failed password for invalid user elsa from 172.30.185.15 port 43748 ssh2
Apr 18 15:37:18 a952d0d9ca03 sshd[8449]: Invalid user rico from 172.30.185.14 port 59264
Apr 18 15:37:18 a952d0d9ca03 sshd[8449]: error: Could not get shadow information for NOUSER
Apr 18 15:37:18 a952d0d9ca03 sshd[8447]: Connection closed by invalid user elsa 172.30.185.15 port 43748 [preauth]
Apr 18 15:37:18 a952d0d9ca03 sshd[8449]: Failed none for invalid user rico from 172.30.185.14 port 59264 ssh2
Apr 18 15:37:18 a952d0d9ca03 sshd[8449]: Failed password for invalid user rico from 172.30.185.14 port 59264 ssh2
Apr 18 15:37:18 a952d0d9ca03 sshd[8449]: Connection closed by invalid user rico 172.30.185.14 port 59264 [preauth]
Apr 18 15:37:18 a952d0d9ca03 sshd[8451]: Invalid user mapadmin from 172.30.185.16 port 53974
Apr 18 15:37:18 a952d0d9ca03 sshd[8451]: error: Could not get shadow information for NOUSER
Apr 18 15:37:18 a952d0d9ca03 sshd[8451]: Failed none for invalid user mapadmin from 172.30.185.16 port 53974 ssh2
Apr 18 15:37:18 a952d0d9ca03 sshd[8451]: Failed password for invalid user mapadmin from 172.30.185.16 port 53974 ssh2
Apr 18 15:37:18 a952d0d9ca03 sshd[8451]: Connection closed by invalid user mapadmin 172.30.185.16 port 53974 [preauth]
Apr 18 15:37:18 a952d0d9ca03 sshd[8453]: Invalid user inst01 from 172.30.185.13 port 46244
Apr 18 15:37:18 a952d0d9ca03 sshd[8453]: error: Could not get shadow information for NOUSER
Apr 18 15:37:18 a952d0d9ca03 sshd[8453]: Failed none for invalid user inst01 from 172.30.185.13 port 46244 ssh2
Apr 18 15:37:18 a952d0d9ca03 sshd[8455]: Invalid user elsa from 172.30.185.15 port 43750
Apr 18 15:37:18 a952d0d9ca03 sshd[8455]: error: Could not get shadow information for NOUSER
Apr 18 15:37:18 a952d0d9ca03 sshd[8455]: Failed none for invalid user elsa from 172.30.185.15 port 43750 ssh2
Apr 18 15:37:18 a952d0d9ca03 sshd[8453]: Failed password for invalid user inst01 from 172.30.185.13 port 46244 ssh2
Apr 18 15:37:18 a952d0d9ca03 sshd[8453]: Connection closed by invalid user inst01 172.30.185.13 port 46244 [preauth]
Apr 18 15:37:18 a952d0d9ca03 sshd[8455]: Failed password for invalid user elsa from 172.30.185.15 port 43750 ssh2
Apr 18 15:37:18 a952d0d9ca03 sshd[8455]: Connection closed by invalid user elsa 172.30.185.15 port 43750 [preauth]
Apr 18 15:37:18 a952d0d9ca03 sshd[8457]: Invalid user rico from 172.30.185.14 port 59280
Apr 18 15:37:18 a952d0d9ca03 sshd[8457]: error: Could not get shadow information for NOUSER
Apr 18 15:37:18 a952d0d9ca03 sshd[8457]: Failed none for invalid user rico from 172.30.185.14 port 59280 ssh2
Apr 18 15:37:18 a952d0d9ca03 sshd[8457]: Failed password for invalid user rico from 172.30.185.14 port 59280 ssh2
Apr 18 15:37:18 a952d0d9ca03 sshd[8457]: Connection closed by invalid user rico 172.30.185.14 port 59280 [preauth]
Apr 18 15:37:18 a952d0d9ca03 sshd[8459]: Invalid user mapadmin from 172.30.185.16 port 53980
Apr 18 15:37:18 a952d0d9ca03 sshd[8459]: error: Could not get shadow information for NOUSER
Apr 18 15:37:18 a952d0d9ca03 sshd[8459]: Failed none for invalid user mapadmin from 172.30.185.16 port 53980 ssh2
Apr 18 15:37:18 a952d0d9ca03 sshd[8459]: Failed password for invalid user mapadmin from 172.30.185.16 port 53980 ssh2
Apr 18 15:37:18 a952d0d9ca03 sshd[8459]: Connection closed by invalid user mapadmin 172.30.185.16 port 53980 [preauth]
Apr 18 15:37:18 a952d0d9ca03 sshd[8461]: Invalid user inst01 from 172.30.185.13 port 46252
Apr 18 15:37:18 a952d0d9ca03 sshd[8461]: error: Could not get shadow information for NOUSER
Apr 18 15:37:18 a952d0d9ca03 sshd[8461]: Failed none for invalid user inst01 from 172.30.185.13 port 46252 ssh2
Apr 18 15:37:18 a952d0d9ca03 sshd[8462]: Invalid user elsa from 172.30.185.15 port 43766
Apr 18 15:37:18 a952d0d9ca03 sshd[8461]: Failed password for invalid user inst01 from 172.30.185.13 port 46252 ssh2
Apr 18 15:37:18 a952d0d9ca03 sshd[8462]: error: Could not get shadow information for NOUSER
Apr 18 15:37:18 a952d0d9ca03 sshd[8462]: Failed none for invalid user elsa from 172.30.185.15 port 43766 ssh2
Apr 18 15:37:18 a952d0d9ca03 sshd[8461]: Connection closed by invalid user inst01 172.30.185.13 port 46252 [preauth]
Apr 18 15:37:18 a952d0d9ca03 sshd[8462]: Failed password for invalid user elsa from 172.30.185.15 port 43766 ssh2
Apr 18 15:37:18 a952d0d9ca03 sshd[8465]: Invalid user rico from 172.30.185.14 port 59296
Apr 18 15:37:18 a952d0d9ca03 sshd[8462]: Connection closed by invalid user elsa 172.30.185.15 port 43766 [preauth]
Apr 18 15:37:18 a952d0d9ca03 sshd[8465]: error: Could not get shadow information for NOUSER
Apr 18 15:37:18 a952d0d9ca03 sshd[8465]: Failed none for invalid user rico from 172.30.185.14 port 59296 ssh2
Apr 18 15:37:18 a952d0d9ca03 sshd[8465]: Failed password for invalid user rico from 172.30.185.14 port 59296 ssh2
Apr 18 15:37:18 a952d0d9ca03 sshd[8465]: Connection closed by invalid user rico 172.30.185.14 port 59296 [preauth]
Apr 18 15:37:18 a952d0d9ca03 sshd[8467]: Invalid user yvonne from 172.30.185.18 port 51114
Apr 18 15:37:18 a952d0d9ca03 sshd[8467]: error: Could not get shadow information for NOUSER
Apr 18 15:37:18 a952d0d9ca03 sshd[8467]: Failed none for invalid user yvonne from 172.30.185.18 port 51114 ssh2
Apr 18 15:37:18 a952d0d9ca03 sshd[8469]: Invalid user mapadmin from 172.30.185.16 port 53988
Apr 18 15:37:18 a952d0d9ca03 sshd[8469]: error: Could not get shadow information for NOUSER
Apr 18 15:37:18 a952d0d9ca03 sshd[8467]: Failed password for invalid user yvonne from 172.30.185.18 port 51114 ssh2
Apr 18 15:37:18 a952d0d9ca03 sshd[8469]: Failed none for invalid user mapadmin from 172.30.185.16 port 53988 ssh2
Apr 18 15:37:18 a952d0d9ca03 sshd[8467]: Connection closed by invalid user yvonne 172.30.185.18 port 51114 [preauth]
Apr 18 15:37:18 a952d0d9ca03 sshd[8469]: Failed password for invalid user mapadmin from 172.30.185.16 port 53988 ssh2
Apr 18 15:37:18 a952d0d9ca03 sshd[8469]: Connection closed by invalid user mapadmin 172.30.185.16 port 53988 [preauth]
Apr 18 15:37:18 a952d0d9ca03 sshd[8471]: Invalid user elsa from 172.30.185.15 port 43778
Apr 18 15:37:18 a952d0d9ca03 sshd[8471]: error: Could not get shadow information for NOUSER
Apr 18 15:37:18 a952d0d9ca03 sshd[8471]: Failed none for invalid user elsa from 172.30.185.15 port 43778 ssh2
Apr 18 15:37:18 a952d0d9ca03 sshd[8473]: Invalid user rico from 172.30.185.14 port 59300
Apr 18 15:37:18 a952d0d9ca03 sshd[8473]: error: Could not get shadow information for NOUSER
Apr 18 15:37:18 a952d0d9ca03 sshd[8473]: Failed none for invalid user rico from 172.30.185.14 port 59300 ssh2
Apr 18 15:37:18 a952d0d9ca03 sshd[8471]: Failed password for invalid user elsa from 172.30.185.15 port 43778 ssh2
Apr 18 15:37:18 a952d0d9ca03 sshd[8471]: Connection closed by invalid user elsa 172.30.185.15 port 43778 [preauth]
Apr 18 15:37:18 a952d0d9ca03 sshd[8473]: Failed password for invalid user rico from 172.30.185.14 port 59300 ssh2
Apr 18 15:37:18 a952d0d9ca03 sshd[8473]: Connection closed by invalid user rico 172.30.185.14 port 59300 [preauth]
Apr 18 15:37:18 a952d0d9ca03 sshd[8477]: Invalid user vhpadmin from 172.30.185.17 port 49674
Apr 18 15:37:18 a952d0d9ca03 sshd[8477]: error: Could not get shadow information for NOUSER
Apr 18 15:37:18 a952d0d9ca03 sshd[8477]: Failed none for invalid user vhpadmin from 172.30.185.17 port 49674 ssh2
Apr 18 15:37:18 a952d0d9ca03 sshd[8479]: Invalid user mapadmin from 172.30.185.16 port 54004
Apr 18 15:37:18 a952d0d9ca03 sshd[8479]: error: Could not get shadow information for NOUSER
Apr 18 15:37:18 a952d0d9ca03 sshd[8477]: Failed password for invalid user vhpadmin from 172.30.185.17 port 49674 ssh2
Apr 18 15:37:18 a952d0d9ca03 sshd[8479]: Failed none for invalid user mapadmin from 172.30.185.16 port 54004 ssh2
Apr 18 15:37:18 a952d0d9ca03 sshd[8477]: Connection closed by invalid user vhpadmin 172.30.185.17 port 49674 [preauth]
Apr 18 15:37:18 a952d0d9ca03 sshd[8479]: Failed password for invalid user mapadmin from 172.30.185.16 port 54004 ssh2
Apr 18 15:37:18 a952d0d9ca03 sshd[8479]: Connection closed by invalid user mapadmin 172.30.185.16 port 54004 [preauth]
Apr 18 15:37:18 a952d0d9ca03 sshd[8475]: Invalid user yvonne from 172.30.185.18 port 51122
Apr 18 15:37:18 a952d0d9ca03 sshd[8475]: error: Could not get shadow information for NOUSER
Apr 18 15:37:18 a952d0d9ca03 sshd[8475]: Failed none for invalid user yvonne from 172.30.185.18 port 51122 ssh2
Apr 18 15:37:18 a952d0d9ca03 sshd[8475]: Failed password for invalid user yvonne from 172.30.185.18 port 51122 ssh2
Apr 18 15:37:18 a952d0d9ca03 sshd[8475]: Connection closed by invalid user yvonne 172.30.185.18 port 51122 [preauth]
Apr 18 15:37:18 a952d0d9ca03 sshd[8481]: Invalid user elsa from 172.30.185.15 port 43792
Apr 18 15:37:18 a952d0d9ca03 sshd[8481]: error: Could not get shadow information for NOUSER
Apr 18 15:37:18 a952d0d9ca03 sshd[8481]: Failed none for invalid user elsa from 172.30.185.15 port 43792 ssh2
Apr 18 15:37:18 a952d0d9ca03 sshd[8481]: Failed password for invalid user elsa from 172.30.185.15 port 43792 ssh2
Apr 18 15:37:18 a952d0d9ca03 sshd[8481]: Connection closed by invalid user elsa 172.30.185.15 port 43792 [preauth]
Apr 18 15:37:19 a952d0d9ca03 sshd[8487]: Invalid user yvonne from 172.30.185.18 port 51126
Apr 18 15:37:19 a952d0d9ca03 sshd[8487]: error: Could not get shadow information for NOUSER
Apr 18 15:37:19 a952d0d9ca03 sshd[8487]: Failed none for invalid user yvonne from 172.30.185.18 port 51126 ssh2
Apr 18 15:37:19 a952d0d9ca03 sshd[8483]: Invalid user vhpadmin from 172.30.185.17 port 49676
Apr 18 15:37:19 a952d0d9ca03 sshd[8483]: error: Could not get shadow information for NOUSER
Apr 18 15:37:19 a952d0d9ca03 sshd[8487]: Failed password for invalid user yvonne from 172.30.185.18 port 51126 ssh2
Apr 18 15:37:19 a952d0d9ca03 sshd[8485]: Invalid user mapadmin from 172.30.185.16 port 54012
Apr 18 15:37:19 a952d0d9ca03 sshd[8483]: Failed none for invalid user vhpadmin from 172.30.185.17 port 49676 ssh2
Apr 18 15:37:19 a952d0d9ca03 sshd[8485]: error: Could not get shadow information for NOUSER
Apr 18 15:37:19 a952d0d9ca03 sshd[8487]: Connection closed by invalid user yvonne 172.30.185.18 port 51126 [preauth]
Apr 18 15:37:19 a952d0d9ca03 sshd[8485]: Failed none for invalid user mapadmin from 172.30.185.16 port 54012 ssh2
Apr 18 15:37:19 a952d0d9ca03 sshd[8483]: Failed password for invalid user vhpadmin from 172.30.185.17 port 49676 ssh2
Apr 18 15:37:19 a952d0d9ca03 sshd[8483]: Connection closed by invalid user vhpadmin 172.30.185.17 port 49676 [preauth]
Apr 18 15:37:19 a952d0d9ca03 sshd[8485]: Failed password for invalid user mapadmin from 172.30.185.16 port 54012 ssh2
Apr 18 15:37:19 a952d0d9ca03 sshd[8485]: Connection closed by invalid user mapadmin 172.30.185.16 port 54012 [preauth]
Apr 18 15:37:19 a952d0d9ca03 sshd[8489]: Invalid user nushi from 172.30.185.19 port 38492
Apr 18 15:37:19 a952d0d9ca03 sshd[8489]: error: Could not get shadow information for NOUSER
Apr 18 15:37:19 a952d0d9ca03 sshd[8489]: Failed none for invalid user nushi from 172.30.185.19 port 38492 ssh2
Apr 18 15:37:19 a952d0d9ca03 sshd[8489]: Failed password for invalid user nushi from 172.30.185.19 port 38492 ssh2
Apr 18 15:37:19 a952d0d9ca03 sshd[8491]: Invalid user elsa from 172.30.185.15 port 43796
Apr 18 15:37:19 a952d0d9ca03 sshd[8491]: error: Could not get shadow information for NOUSER
Apr 18 15:37:19 a952d0d9ca03 sshd[8489]: Connection closed by invalid user nushi 172.30.185.19 port 38492 [preauth]
Apr 18 15:37:19 a952d0d9ca03 sshd[8491]: Failed none for invalid user elsa from 172.30.185.15 port 43796 ssh2
Apr 18 15:37:19 a952d0d9ca03 sshd[8491]: Failed password for invalid user elsa from 172.30.185.15 port 43796 ssh2
Apr 18 15:37:19 a952d0d9ca03 sshd[8491]: Connection closed by invalid user elsa 172.30.185.15 port 43796 [preauth]
Apr 18 15:37:19 a952d0d9ca03 sshd[8493]: Invalid user yvonne from 172.30.185.18 port 51142
Apr 18 15:37:19 a952d0d9ca03 sshd[8493]: error: Could not get shadow information for NOUSER
Apr 18 15:37:19 a952d0d9ca03 sshd[8493]: Failed none for invalid user yvonne from 172.30.185.18 port 51142 ssh2
Apr 18 15:37:19 a952d0d9ca03 sshd[8493]: Failed password for invalid user yvonne from 172.30.185.18 port 51142 ssh2
Apr 18 15:37:19 a952d0d9ca03 sshd[8493]: Connection closed by invalid user yvonne 172.30.185.18 port 51142 [preauth]
Apr 18 15:37:19 a952d0d9ca03 sshd[8497]: Invalid user mapadmin from 172.30.185.16 port 54028
Apr 18 15:37:19 a952d0d9ca03 sshd[8497]: error: Could not get shadow information for NOUSER
Apr 18 15:37:19 a952d0d9ca03 sshd[8495]: Invalid user vhpadmin from 172.30.185.17 port 49688
Apr 18 15:37:19 a952d0d9ca03 sshd[8495]: error: Could not get shadow information for NOUSER
Apr 18 15:37:19 a952d0d9ca03 sshd[8497]: Failed none for invalid user mapadmin from 172.30.185.16 port 54028 ssh2
Apr 18 15:37:19 a952d0d9ca03 sshd[8495]: Failed none for invalid user vhpadmin from 172.30.185.17 port 49688 ssh2
Apr 18 15:37:19 a952d0d9ca03 sshd[8495]: Failed password for invalid user vhpadmin from 172.30.185.17 port 49688 ssh2
Apr 18 15:37:19 a952d0d9ca03 sshd[8497]: Failed password for invalid user mapadmin from 172.30.185.16 port 54028 ssh2
Apr 18 15:37:19 a952d0d9ca03 sshd[8495]: Connection closed by invalid user vhpadmin 172.30.185.17 port 49688 [preauth]
Apr 18 15:37:19 a952d0d9ca03 sshd[8497]: Connection closed by invalid user mapadmin 172.30.185.16 port 54028 [preauth]
Apr 18 15:37:19 a952d0d9ca03 sshd[8499]: Invalid user nushi from 172.30.185.19 port 38500
Apr 18 15:37:19 a952d0d9ca03 sshd[8499]: error: Could not get shadow information for NOUSER
Apr 18 15:37:19 a952d0d9ca03 sshd[8499]: Failed none for invalid user nushi from 172.30.185.19 port 38500 ssh2
Apr 18 15:37:19 a952d0d9ca03 sshd[8499]: Failed password for invalid user nushi from 172.30.185.19 port 38500 ssh2
Apr 18 15:37:19 a952d0d9ca03 sshd[8499]: Connection closed by invalid user nushi 172.30.185.19 port 38500 [preauth]
Apr 18 15:37:19 a952d0d9ca03 sshd[8501]: Invalid user yvonne from 172.30.185.18 port 51154
Apr 18 15:37:19 a952d0d9ca03 sshd[8501]: error: Could not get shadow information for NOUSER
Apr 18 15:37:19 a952d0d9ca03 sshd[8501]: Failed none for invalid user yvonne from 172.30.185.18 port 51154 ssh2
Apr 18 15:37:19 a952d0d9ca03 sshd[8501]: Failed password for invalid user yvonne from 172.30.185.18 port 51154 ssh2
Apr 18 15:37:19 a952d0d9ca03 sshd[8501]: Connection closed by invalid user yvonne 172.30.185.18 port 51154 [preauth]
Apr 18 15:37:19 a952d0d9ca03 sshd[8503]: Invalid user vhpadmin from 172.30.185.17 port 49704
Apr 18 15:37:19 a952d0d9ca03 sshd[8503]: error: Could not get shadow information for NOUSER
Apr 18 15:37:19 a952d0d9ca03 sshd[8503]: Failed none for invalid user vhpadmin from 172.30.185.17 port 49704 ssh2
Apr 18 15:37:19 a952d0d9ca03 sshd[8503]: Failed password for invalid user vhpadmin from 172.30.185.17 port 49704 ssh2
Apr 18 15:37:19 a952d0d9ca03 sshd[8503]: Connection closed by invalid user vhpadmin 172.30.185.17 port 49704 [preauth]
Apr 18 15:37:19 a952d0d9ca03 sshd[8505]: Invalid user nushi from 172.30.185.19 port 38502
Apr 18 15:37:19 a952d0d9ca03 sshd[8505]: error: Could not get shadow information for NOUSER
Apr 18 15:37:19 a952d0d9ca03 sshd[8505]: Failed none for invalid user nushi from 172.30.185.19 port 38502 ssh2
Apr 18 15:37:19 a952d0d9ca03 sshd[8505]: Failed password for invalid user nushi from 172.30.185.19 port 38502 ssh2
Apr 18 15:37:19 a952d0d9ca03 sshd[8505]: Connection closed by invalid user nushi 172.30.185.19 port 38502 [preauth]
Apr 18 15:37:19 a952d0d9ca03 sshd[8507]: Invalid user yvonne from 172.30.185.18 port 51160
Apr 18 15:37:19 a952d0d9ca03 sshd[8507]: error: Could not get shadow information for NOUSER
Apr 18 15:37:19 a952d0d9ca03 sshd[8507]: Failed none for invalid user yvonne from 172.30.185.18 port 51160 ssh2
Apr 18 15:37:19 a952d0d9ca03 sshd[8507]: Failed password for invalid user yvonne from 172.30.185.18 port 51160 ssh2
Apr 18 15:37:19 a952d0d9ca03 sshd[8507]: Connection closed by invalid user yvonne 172.30.185.18 port 51160 [preauth]
Apr 18 15:37:19 a952d0d9ca03 sshd[8509]: Invalid user vhpadmin from 172.30.185.17 port 49710
Apr 18 15:37:19 a952d0d9ca03 sshd[8509]: error: Could not get shadow information for NOUSER
Apr 18 15:37:19 a952d0d9ca03 sshd[8509]: Failed none for invalid user vhpadmin from 172.30.185.17 port 49710 ssh2
Apr 18 15:37:19 a952d0d9ca03 sshd[8509]: Failed password for invalid user vhpadmin from 172.30.185.17 port 49710 ssh2
Apr 18 15:37:19 a952d0d9ca03 sshd[8509]: Connection closed by invalid user vhpadmin 172.30.185.17 port 49710 [preauth]
Apr 18 15:37:19 a952d0d9ca03 sshd[8511]: Invalid user nushi from 172.30.185.19 port 38504
Apr 18 15:37:19 a952d0d9ca03 sshd[8511]: error: Could not get shadow information for NOUSER
Apr 18 15:37:19 a952d0d9ca03 sshd[8511]: Failed none for invalid user nushi from 172.30.185.19 port 38504 ssh2
Apr 18 15:37:19 a952d0d9ca03 sshd[8511]: Failed password for invalid user nushi from 172.30.185.19 port 38504 ssh2
Apr 18 15:37:19 a952d0d9ca03 sshd[8511]: Connection closed by invalid user nushi 172.30.185.19 port 38504 [preauth]
Apr 18 15:37:19 a952d0d9ca03 sshd[8513]: Invalid user onlyoffice from 172.30.185.20 port 39930
Apr 18 15:37:19 a952d0d9ca03 sshd[8513]: error: Could not get shadow information for NOUSER
Apr 18 15:37:19 a952d0d9ca03 sshd[8513]: Failed none for invalid user onlyoffice from 172.30.185.20 port 39930 ssh2
Apr 18 15:37:19 a952d0d9ca03 sshd[8513]: Failed password for invalid user onlyoffice from 172.30.185.20 port 39930 ssh2
Apr 18 15:37:19 a952d0d9ca03 sshd[8513]: Connection closed by invalid user onlyoffice 172.30.185.20 port 39930 [preauth]
Apr 18 15:37:19 a952d0d9ca03 sshd[8515]: Invalid user yvonne from 172.30.185.18 port 51164
Apr 18 15:37:19 a952d0d9ca03 sshd[8515]: error: Could not get shadow information for NOUSER
Apr 18 15:37:19 a952d0d9ca03 sshd[8515]: Failed none for invalid user yvonne from 172.30.185.18 port 51164 ssh2
Apr 18 15:37:19 a952d0d9ca03 sshd[8515]: Failed password for invalid user yvonne from 172.30.185.18 port 51164 ssh2
Apr 18 15:37:19 a952d0d9ca03 sshd[8515]: Connection closed by invalid user yvonne 172.30.185.18 port 51164 [preauth]
Apr 18 15:37:19 a952d0d9ca03 sshd[8517]: Invalid user vhpadmin from 172.30.185.17 port 49724
Apr 18 15:37:19 a952d0d9ca03 sshd[8517]: error: Could not get shadow information for NOUSER
Apr 18 15:37:19 a952d0d9ca03 sshd[8517]: Failed none for invalid user vhpadmin from 172.30.185.17 port 49724 ssh2
Apr 18 15:37:19 a952d0d9ca03 sshd[8517]: Failed password for invalid user vhpadmin from 172.30.185.17 port 49724 ssh2
Apr 18 15:37:19 a952d0d9ca03 sshd[8517]: Connection closed by invalid user vhpadmin 172.30.185.17 port 49724 [preauth]
Apr 18 15:37:19 a952d0d9ca03 sshd[8519]: Invalid user nushi from 172.30.185.19 port 38516
Apr 18 15:37:19 a952d0d9ca03 sshd[8519]: error: Could not get shadow information for NOUSER
Apr 18 15:37:19 a952d0d9ca03 sshd[8519]: Failed none for invalid user nushi from 172.30.185.19 port 38516 ssh2
Apr 18 15:37:19 a952d0d9ca03 sshd[8519]: Failed password for invalid user nushi from 172.30.185.19 port 38516 ssh2
Apr 18 15:37:19 a952d0d9ca03 sshd[8519]: Connection closed by invalid user nushi 172.30.185.19 port 38516 [preauth]
Apr 18 15:37:20 a952d0d9ca03 sshd[8521]: Invalid user onlyoffice from 172.30.185.20 port 39932
Apr 18 15:37:20 a952d0d9ca03 sshd[8521]: error: Could not get shadow information for NOUSER
Apr 18 15:37:20 a952d0d9ca03 sshd[8521]: Failed none for invalid user onlyoffice from 172.30.185.20 port 39932 ssh2
Apr 18 15:37:20 a952d0d9ca03 sshd[8521]: Failed password for invalid user onlyoffice from 172.30.185.20 port 39932 ssh2
Apr 18 15:37:20 a952d0d9ca03 sshd[8521]: Connection closed by invalid user onlyoffice 172.30.185.20 port 39932 [preauth]
Apr 18 15:37:20 a952d0d9ca03 sshd[8525]: Invalid user vhpadmin from 172.30.185.17 port 49726
Apr 18 15:37:20 a952d0d9ca03 sshd[8525]: error: Could not get shadow information for NOUSER
Apr 18 15:37:20 a952d0d9ca03 sshd[8525]: Failed none for invalid user vhpadmin from 172.30.185.17 port 49726 ssh2
Apr 18 15:37:20 a952d0d9ca03 sshd[8525]: Failed password for invalid user vhpadmin from 172.30.185.17 port 49726 ssh2
Apr 18 15:37:20 a952d0d9ca03 sshd[8525]: Connection closed by invalid user vhpadmin 172.30.185.17 port 49726 [preauth]
Apr 18 15:37:20 a952d0d9ca03 sshd[8527]: Invalid user nushi from 172.30.185.19 port 38526
Apr 18 15:37:20 a952d0d9ca03 sshd[8523]: Invalid user yvonne from 172.30.185.18 port 51170
Apr 18 15:37:20 a952d0d9ca03 sshd[8527]: error: Could not get shadow information for NOUSER
Apr 18 15:37:20 a952d0d9ca03 sshd[8523]: error: Could not get shadow information for NOUSER
Apr 18 15:37:20 a952d0d9ca03 sshd[8527]: Failed none for invalid user nushi from 172.30.185.19 port 38526 ssh2
Apr 18 15:37:20 a952d0d9ca03 sshd[8523]: Failed none for invalid user yvonne from 172.30.185.18 port 51170 ssh2
Apr 18 15:37:20 a952d0d9ca03 sshd[8527]: Failed password for invalid user nushi from 172.30.185.19 port 38526 ssh2
Apr 18 15:37:20 a952d0d9ca03 sshd[8523]: Failed password for invalid user yvonne from 172.30.185.18 port 51170 ssh2
Apr 18 15:37:20 a952d0d9ca03 sshd[8527]: Connection closed by invalid user nushi 172.30.185.19 port 38526 [preauth]
Apr 18 15:37:20 a952d0d9ca03 sshd[8523]: Connection closed by invalid user yvonne 172.30.185.18 port 51170 [preauth]
Apr 18 15:37:20 a952d0d9ca03 sshd[8529]: Invalid user onlyoffice from 172.30.185.20 port 39938
Apr 18 15:37:20 a952d0d9ca03 sshd[8529]: error: Could not get shadow information for NOUSER
Apr 18 15:37:20 a952d0d9ca03 sshd[8529]: Failed none for invalid user onlyoffice from 172.30.185.20 port 39938 ssh2
Apr 18 15:37:20 a952d0d9ca03 sshd[8529]: Failed password for invalid user onlyoffice from 172.30.185.20 port 39938 ssh2
Apr 18 15:37:20 a952d0d9ca03 sshd[8529]: Connection closed by invalid user onlyoffice 172.30.185.20 port 39938 [preauth]
Apr 18 15:37:20 a952d0d9ca03 sshd[8531]: Invalid user vhpadmin from 172.30.185.17 port 49732
Apr 18 15:37:20 a952d0d9ca03 sshd[8531]: error: Could not get shadow information for NOUSER
Apr 18 15:37:20 a952d0d9ca03 sshd[8531]: Failed none for invalid user vhpadmin from 172.30.185.17 port 49732 ssh2
Apr 18 15:37:20 a952d0d9ca03 sshd[8531]: Failed password for invalid user vhpadmin from 172.30.185.17 port 49732 ssh2
Apr 18 15:37:20 a952d0d9ca03 sshd[8531]: Connection closed by invalid user vhpadmin 172.30.185.17 port 49732 [preauth]
Apr 18 15:37:20 a952d0d9ca03 sshd[8533]: Invalid user nushi from 172.30.185.19 port 38538
Apr 18 15:37:20 a952d0d9ca03 sshd[8533]: error: Could not get shadow information for NOUSER
Apr 18 15:37:20 a952d0d9ca03 sshd[8533]: Failed none for invalid user nushi from 172.30.185.19 port 38538 ssh2
Apr 18 15:37:20 a952d0d9ca03 sshd[8535]: Invalid user zhenshan from 172.30.185.21 port 57900
Apr 18 15:37:20 a952d0d9ca03 sshd[8535]: error: Could not get shadow information for NOUSER
Apr 18 15:37:20 a952d0d9ca03 sshd[8533]: Failed password for invalid user nushi from 172.30.185.19 port 38538 ssh2
Apr 18 15:37:20 a952d0d9ca03 sshd[8535]: Failed none for invalid user zhenshan from 172.30.185.21 port 57900 ssh2
Apr 18 15:37:20 a952d0d9ca03 sshd[8533]: Connection closed by invalid user nushi 172.30.185.19 port 38538 [preauth]
Apr 18 15:37:20 a952d0d9ca03 sshd[8535]: Failed password for invalid user zhenshan from 172.30.185.21 port 57900 ssh2
Apr 18 15:37:20 a952d0d9ca03 sshd[8535]: Connection closed by invalid user zhenshan 172.30.185.21 port 57900 [preauth]
Apr 18 15:37:20 a952d0d9ca03 sshd[8534]: Invalid user yvonne from 172.30.185.18 port 51178
Apr 18 15:37:20 a952d0d9ca03 sshd[8534]: error: Could not get shadow information for NOUSER
Apr 18 15:37:20 a952d0d9ca03 sshd[8534]: Failed none for invalid user yvonne from 172.30.185.18 port 51178 ssh2
Apr 18 15:37:20 a952d0d9ca03 sshd[8534]: Failed password for invalid user yvonne from 172.30.185.18 port 51178 ssh2
Apr 18 15:37:20 a952d0d9ca03 sshd[8534]: Connection closed by invalid user yvonne 172.30.185.18 port 51178 [preauth]
Apr 18 15:37:20 a952d0d9ca03 sshd[8539]: Invalid user onlyoffice from 172.30.185.20 port 39942
Apr 18 15:37:20 a952d0d9ca03 sshd[8539]: error: Could not get shadow information for NOUSER
Apr 18 15:37:20 a952d0d9ca03 sshd[8539]: Failed none for invalid user onlyoffice from 172.30.185.20 port 39942 ssh2
