Apr 18 15:37:20 a952d0d9ca03 sshd[8539]: Failed password for invalid user onlyoffice from 172.30.185.20 port 39942 ssh2
Apr 18 15:37:20 a952d0d9ca03 sshd[8539]: Connection closed by invalid user onlyoffice 172.30.185.20 port 39942 [preauth]
Apr 18 15:37:20 a952d0d9ca03 sshd[8541]: Invalid user vhpadmin from 172.30.185.17 port 49742
Apr 18 15:37:20 a952d0d9ca03 sshd[8541]: error: Could not get shadow information for NOUSER
Apr 18 15:37:20 a952d0d9ca03 sshd[8541]: Failed none for invalid user vhpadmin from 172.30.185.17 port 49742 ssh2
Apr 18 15:37:20 a952d0d9ca03 sshd[8541]: Failed password for invalid user vhpadmin from 172.30.185.17 port 49742 ssh2
Apr 18 15:37:20 a952d0d9ca03 sshd[8541]: Connection closed by invalid user vhpadmin 172.30.185.17 port 49742 [preauth]
Apr 18 15:37:20 a952d0d9ca03 sshd[8543]: Invalid user nushi from 172.30.185.19 port 38554
Apr 18 15:37:20 a952d0d9ca03 sshd[8543]: error: Could not get shadow information for NOUSER
Apr 18 15:37:20 a952d0d9ca03 sshd[8543]: Failed none for invalid user nushi from 172.30.185.19 port 38554 ssh2
Apr 18 15:37:20 a952d0d9ca03 sshd[8545]: Invalid user zhenshan from 172.30.185.21 port 57910
Apr 18 15:37:20 a952d0d9ca03 sshd[8545]: error: Could not get shadow information for NOUSER
Apr 18 15:37:20 a952d0d9ca03 sshd[8545]: Failed none for invalid user zhenshan from 172.30.185.21 port 57910 ssh2
Apr 18 15:37:20 a952d0d9ca03 sshd[8543]: Failed password for invalid user nushi from 172.30.185.19 port 38554 ssh2
Apr 18 15:37:20 a952d0d9ca03 sshd[8543]: Connection closed by invalid user nushi 172.30.185.19 port 38554 [preauth]
Apr 18 15:37:20 a952d0d9ca03 sshd[8545]: Failed password for invalid user zhenshan from 172.30.185.21 port 57910 ssh2
Apr 18 15:37:20 a952d0d9ca03 sshd[8545]: Connection closed by invalid user zhenshan 172.30.185.21 port 57910 [preauth]
Apr 18 15:37:20 a952d0d9ca03 sshd[8547]: Invalid user yvonne from 172.30.185.18 port 51194
Apr 18 15:37:20 a952d0d9ca03 sshd[8547]: error: Could not get shadow information for NOUSER
Apr 18 15:37:20 a952d0d9ca03 sshd[8547]: Failed none for invalid user yvonne from 172.30.185.18 port 51194 ssh2
Apr 18 15:37:20 a952d0d9ca03 sshd[8547]: Failed password for invalid user yvonne from 172.30.185.18 port 51194 ssh2
Apr 18 15:37:20 a952d0d9ca03 sshd[8547]: Connection closed by invalid user yvonne 172.30.185.18 port 51194 [preauth]
Apr 18 15:37:20 a952d0d9ca03 sshd[8549]: Invalid user onlyoffice from 172.30.185.20 port 39944
Apr 18 15:37:20 a952d0d9ca03 sshd[8549]: error: Could not get shadow information for NOUSER
Apr 18 15:37:20 a952d0d9ca03 sshd[8549]: Failed none for invalid user onlyoffice from 172.30.185.20 port 39944 ssh2
Apr 18 15:37:20 a952d0d9ca03 sshd[8549]: Failed password for invalid user onlyoffice from 172.30.185.20 port 39944 ssh2
Apr 18 15:37:20 a952d0d9ca03 sshd[8549]: Connection closed by invalid user onlyoffice 172.30.185.20 port 39944 [preauth]
Apr 18 15:37:20 a952d0d9ca03 sshd[8551]: Invalid user valentyna from 172.30.185.23 port 56904
Apr 18 15:37:20 a952d0d9ca03 sshd[8551]: error: Could not get shadow information for NOUSER
Apr 18 15:37:20 a952d0d9ca03 sshd[8551]: Failed none for invalid user valentyna from 172.30.185.23 port 56904 ssh2
Apr 18 15:37:20 a952d0d9ca03 sshd[8551]: Failed password for invalid user valentyna from 172.30.185.23 port 56904 ssh2
Apr 18 15:37:20 a952d0d9ca03 sshd[8551]: Connection closed by invalid user valentyna 172.30.185.23 port 56904 [preauth]
Apr 18 15:37:20 a952d0d9ca03 sshd[8553]: Invalid user library from 172.30.185.22 port 43112
Apr 18 15:37:20 a952d0d9ca03 sshd[8553]: error: Could not get shadow information for NOUSER
Apr 18 15:37:20 a952d0d9ca03 sshd[8553]: Failed none for invalid user library from 172.30.185.22 port 43112 ssh2
Apr 18 15:37:20 a952d0d9ca03 sshd[8555]: Invalid user vhpadmin from 172.30.185.17 port 49744
Apr 18 15:37:20 a952d0d9ca03 sshd[8555]: error: Could not get shadow information for NOUSER
Apr 18 15:37:20 a952d0d9ca03 sshd[8555]: Failed none for invalid user vhpadmin from 172.30.185.17 port 49744 ssh2
Apr 18 15:37:20 a952d0d9ca03 sshd[8553]: Failed password for invalid user library from 172.30.185.22 port 43112 ssh2
Apr 18 15:37:20 a952d0d9ca03 sshd[8559]: Invalid user zhenshan from 172.30.185.21 port 57918
Apr 18 15:37:20 a952d0d9ca03 sshd[8559]: error: Could not get shadow information for NOUSER
Apr 18 15:37:20 a952d0d9ca03 sshd[8559]: Failed none for invalid user zhenshan from 172.30.185.21 port 57918 ssh2
Apr 18 15:37:20 a952d0d9ca03 sshd[8553]: Connection closed by invalid user library 172.30.185.22 port 43112 [preauth]
Apr 18 15:37:20 a952d0d9ca03 sshd[8555]: Failed password for invalid user vhpadmin from 172.30.185.17 port 49744 ssh2
Apr 18 15:37:20 a952d0d9ca03 sshd[8555]: Connection closed by invalid user vhpadmin 172.30.185.17 port 49744 [preauth]
Apr 18 15:37:20 a952d0d9ca03 sshd[8559]: Failed password for invalid user zhenshan from 172.30.185.21 port 57918 ssh2
Apr 18 15:37:20 a952d0d9ca03 sshd[8559]: Connection closed by invalid user zhenshan 172.30.185.21 port 57918 [preauth]
Apr 18 15:37:20 a952d0d9ca03 sshd[8557]: Invalid user nushi from 172.30.185.19 port 38558
Apr 18 15:37:20 a952d0d9ca03 sshd[8557]: error: Could not get shadow information for NOUSER
Apr 18 15:37:20 a952d0d9ca03 sshd[8557]: Failed none for invalid user nushi from 172.30.185.19 port 38558 ssh2
Apr 18 15:37:20 a952d0d9ca03 sshd[8557]: Failed password for invalid user nushi from 172.30.185.19 port 38558 ssh2
Apr 18 15:37:20 a952d0d9ca03 sshd[8557]: Connection closed by invalid user nushi 172.30.185.19 port 38558 [preauth]
Apr 18 15:37:20 a952d0d9ca03 sshd[8561]: Invalid user onlyoffice from 172.30.185.20 port 39956
Apr 18 15:37:20 a952d0d9ca03 sshd[8561]: error: Could not get shadow information for NOUSER
Apr 18 15:37:20 a952d0d9ca03 sshd[8561]: Failed none for invalid user onlyoffice from 172.30.185.20 port 39956 ssh2
Apr 18 15:37:20 a952d0d9ca03 sshd[8561]: Failed password for invalid user onlyoffice from 172.30.185.20 port 39956 ssh2
Apr 18 15:37:20 a952d0d9ca03 sshd[8561]: Connection closed by invalid user onlyoffice 172.30.185.20 port 39956 [preauth]
Apr 18 15:37:21 a952d0d9ca03 sshd[8563]: Invalid user valentyna from 172.30.185.23 port 56910
Apr 18 15:37:21 a952d0d9ca03 sshd[8563]: error: Could not get shadow information for NOUSER
Apr 18 15:37:21 a952d0d9ca03 sshd[8563]: Failed none for invalid user valentyna from 172.30.185.23 port 56910 ssh2
Apr 18 15:37:21 a952d0d9ca03 sshd[8563]: Failed password for invalid user valentyna from 172.30.185.23 port 56910 ssh2
Apr 18 15:37:21 a952d0d9ca03 sshd[8563]: Connection closed by invalid user valentyna 172.30.185.23 port 56910 [preauth]
Apr 18 15:37:21 a952d0d9ca03 sshd[8569]: Invalid user library from 172.30.185.22 port 43126
Apr 18 15:37:21 a952d0d9ca03 sshd[8569]: error: Could not get shadow information for NOUSER
Apr 18 15:37:21 a952d0d9ca03 sshd[8569]: Failed none for invalid user library from 172.30.185.22 port 43126 ssh2
Apr 18 15:37:21 a952d0d9ca03 sshd[8569]: Failed password for invalid user library from 172.30.185.22 port 43126 ssh2
Apr 18 15:37:21 a952d0d9ca03 sshd[8569]: Connection closed by invalid user library 172.30.185.22 port 43126 [preauth]
Apr 18 15:37:21 a952d0d9ca03 sshd[8571]: Invalid user zhenshan from 172.30.185.21 port 57922
Apr 18 15:37:21 a952d0d9ca03 sshd[8571]: error: Could not get shadow information for NOUSER
Apr 18 15:37:21 a952d0d9ca03 sshd[8565]: Invalid user lawrence from 172.30.185.25 port 57100
Apr 18 15:37:21 a952d0d9ca03 sshd[8565]: error: Could not get shadow information for NOUSER
Apr 18 15:37:21 a952d0d9ca03 sshd[8571]: Failed none for invalid user zhenshan from 172.30.185.21 port 57922 ssh2
Apr 18 15:37:21 a952d0d9ca03 sshd[8565]: Failed none for invalid user lawrence from 172.30.185.25 port 57100 ssh2
Apr 18 15:37:21 a952d0d9ca03 sshd[8567]: Invalid user scs from 172.30.185.24 port 59144
Apr 18 15:37:21 a952d0d9ca03 sshd[8567]: error: Could not get shadow information for NOUSER
Apr 18 15:37:21 a952d0d9ca03 sshd[8567]: Failed none for invalid user scs from 172.30.185.24 port 59144 ssh2
Apr 18 15:37:21 a952d0d9ca03 sshd[8571]: Failed password for invalid user zhenshan from 172.30.185.21 port 57922 ssh2
Apr 18 15:37:21 a952d0d9ca03 sshd[8571]: Connection closed by invalid user zhenshan 172.30.185.21 port 57922 [preauth]
Apr 18 15:37:21 a952d0d9ca03 sshd[8565]: Failed password for invalid user lawrence from 172.30.185.25 port 57100 ssh2
Apr 18 15:37:21 a952d0d9ca03 sshd[8567]: Failed password for invalid user scs from 172.30.185.24 port 59144 ssh2
Apr 18 15:37:21 a952d0d9ca03 sshd[8565]: Connection closed by invalid user lawrence 172.30.185.25 port 57100 [preauth]
Apr 18 15:37:21 a952d0d9ca03 sshd[8567]: Connection closed by invalid user scs 172.30.185.24 port 59144 [preauth]
Apr 18 15:37:21 a952d0d9ca03 sshd[8573]: Invalid user nushi from 172.30.185.19 port 38568
Apr 18 15:37:21 a952d0d9ca03 sshd[8573]: error: Could not get shadow information for NOUSER
Apr 18 15:37:21 a952d0d9ca03 sshd[8573]: Failed none for invalid user nushi from 172.30.185.19 port 38568 ssh2
Apr 18 15:37:21 a952d0d9ca03 sshd[8575]: Invalid user onlyoffice from 172.30.185.20 port 39966
Apr 18 15:37:21 a952d0d9ca03 sshd[8575]: error: Could not get shadow information for NOUSER
Apr 18 15:37:21 a952d0d9ca03 sshd[8575]: Failed none for invalid user onlyoffice from 172.30.185.20 port 39966 ssh2
Apr 18 15:37:21 a952d0d9ca03 sshd[8573]: Failed password for invalid user nushi from 172.30.185.19 port 38568 ssh2
Apr 18 15:37:21 a952d0d9ca03 sshd[8573]: Connection closed by invalid user nushi 172.30.185.19 port 38568 [preauth]
Apr 18 15:37:21 a952d0d9ca03 sshd[8576]: Invalid user moon from 172.30.185.26 port 39906
Apr 18 15:37:21 a952d0d9ca03 sshd[8576]: error: Could not get shadow information for NOUSER
Apr 18 15:37:21 a952d0d9ca03 sshd[8576]: Failed none for invalid user moon from 172.30.185.26 port 39906 ssh2
Apr 18 15:37:21 a952d0d9ca03 sshd[8575]: Failed password for invalid user onlyoffice from 172.30.185.20 port 39966 ssh2
Apr 18 15:37:21 a952d0d9ca03 sshd[8575]: Connection closed by invalid user onlyoffice 172.30.185.20 port 39966 [preauth]
Apr 18 15:37:21 a952d0d9ca03 sshd[8576]: Failed password for invalid user moon from 172.30.185.26 port 39906 ssh2
Apr 18 15:37:21 a952d0d9ca03 sshd[8576]: Connection closed by invalid user moon 172.30.185.26 port 39906 [preauth]
Apr 18 15:37:21 a952d0d9ca03 sshd[8579]: Invalid user valentyna from 172.30.185.23 port 56912
Apr 18 15:37:21 a952d0d9ca03 sshd[8579]: error: Could not get shadow information for NOUSER
Apr 18 15:37:21 a952d0d9ca03 sshd[8579]: Failed none for invalid user valentyna from 172.30.185.23 port 56912 ssh2
Apr 18 15:37:21 a952d0d9ca03 sshd[8579]: Failed password for invalid user valentyna from 172.30.185.23 port 56912 ssh2
Apr 18 15:37:21 a952d0d9ca03 sshd[8579]: Connection closed by invalid user valentyna 172.30.185.23 port 56912 [preauth]
Apr 18 15:37:21 a952d0d9ca03 sshd[8585]: Invalid user lawrence from 172.30.185.25 port 57114
Apr 18 15:37:21 a952d0d9ca03 sshd[8585]: error: Could not get shadow information for NOUSER
Apr 18 15:37:21 a952d0d9ca03 sshd[8585]: Failed none for invalid user lawrence from 172.30.185.25 port 57114 ssh2
Apr 18 15:37:21 a952d0d9ca03 sshd[8586]: Invalid user scs from 172.30.185.24 port 59160
Apr 18 15:37:21 a952d0d9ca03 sshd[8586]: error: Could not get shadow information for NOUSER
Apr 18 15:37:21 a952d0d9ca03 sshd[8581]: Invalid user library from 172.30.185.22 port 43138
Apr 18 15:37:21 a952d0d9ca03 sshd[8581]: error: Could not get shadow information for NOUSER
Apr 18 15:37:21 a952d0d9ca03 sshd[8585]: Failed password for invalid user lawrence from 172.30.185.25 port 57114 ssh2
Apr 18 15:37:21 a952d0d9ca03 sshd[8586]: Failed none for invalid user scs from 172.30.185.24 port 59160 ssh2
Apr 18 15:37:21 a952d0d9ca03 sshd[8581]: Failed none for invalid user library from 172.30.185.22 port 43138 ssh2
Apr 18 15:37:21 a952d0d9ca03 sshd[8585]: Connection closed by invalid user lawrence 172.30.185.25 port 57114 [preauth]
Apr 18 15:37:21 a952d0d9ca03 sshd[8586]: Failed password for invalid user scs from 172.30.185.24 port 59160 ssh2
Apr 18 15:37:21 a952d0d9ca03 sshd[8581]: Failed password for invalid user library from 172.30.185.22 port 43138 ssh2
Apr 18 15:37:21 a952d0d9ca03 sshd[8586]: Connection closed by invalid user scs 172.30.185.24 port 59160 [preauth]
Apr 18 15:37:21 a952d0d9ca03 sshd[8581]: Connection closed by invalid user library 172.30.185.22 port 43138 [preauth]
Apr 18 15:37:21 a952d0d9ca03 sshd[8583]: Invalid user zhenshan from 172.30.185.21 port 57936
Apr 18 15:37:21 a952d0d9ca03 sshd[8583]: error: Could not get shadow information for NOUSER
Apr 18 15:37:21 a952d0d9ca03 sshd[8583]: Failed none for invalid user zhenshan from 172.30.185.21 port 57936 ssh2
Apr 18 15:37:21 a952d0d9ca03 sshd[8583]: Failed password for invalid user zhenshan from 172.30.185.21 port 57936 ssh2
Apr 18 15:37:21 a952d0d9ca03 sshd[8583]: Connection closed by invalid user zhenshan 172.30.185.21 port 57936 [preauth]
Apr 18 15:37:21 a952d0d9ca03 sshd[8591]: Invalid user moon from 172.30.185.26 port 39922
Apr 18 15:37:21 a952d0d9ca03 sshd[8591]: error: Could not get shadow information for NOUSER
Apr 18 15:37:21 a952d0d9ca03 sshd[8591]: Failed none for invalid user moon from 172.30.185.26 port 39922 ssh2
Apr 18 15:37:21 a952d0d9ca03 sshd[8589]: Invalid user onlyoffice from 172.30.185.20 port 39970
Apr 18 15:37:21 a952d0d9ca03 sshd[8589]: error: Could not get shadow information for NOUSER
Apr 18 15:37:21 a952d0d9ca03 sshd[8589]: Failed none for invalid user onlyoffice from 172.30.185.20 port 39970 ssh2
Apr 18 15:37:21 a952d0d9ca03 sshd[8591]: Failed password for invalid user moon from 172.30.185.26 port 39922 ssh2
Apr 18 15:37:21 a952d0d9ca03 sshd[8591]: Connection closed by invalid user moon 172.30.185.26 port 39922 [preauth]
Apr 18 15:37:21 a952d0d9ca03 sshd[8589]: Failed password for invalid user onlyoffice from 172.30.185.20 port 39970 ssh2
Apr 18 15:37:21 a952d0d9ca03 sshd[8589]: Connection closed by invalid user onlyoffice 172.30.185.20 port 39970 [preauth]
Apr 18 15:37:21 a952d0d9ca03 sshd[8593]: Invalid user valentyna from 172.30.185.23 port 56916
Apr 18 15:37:21 a952d0d9ca03 sshd[8593]: error: Could not get shadow information for NOUSER
Apr 18 15:37:21 a952d0d9ca03 sshd[8593]: Failed none for invalid user valentyna from 172.30.185.23 port 56916 ssh2
Apr 18 15:37:21 a952d0d9ca03 sshd[8593]: Failed password for invalid user valentyna from 172.30.185.23 port 56916 ssh2
Apr 18 15:37:21 a952d0d9ca03 sshd[8598]: Invalid user library from 172.30.185.22 port 43152
Apr 18 15:37:21 a952d0d9ca03 sshd[8598]: error: Could not get shadow information for NOUSER
Apr 18 15:37:21 a952d0d9ca03 sshd[8593]: Connection closed by invalid user valentyna 172.30.185.23 port 56916 [preauth]
Apr 18 15:37:21 a952d0d9ca03 sshd[8598]: Failed none for invalid user library from 172.30.185.22 port 43152 ssh2
Apr 18 15:37:21 a952d0d9ca03 sshd[8595]: Invalid user lawrence from 172.30.185.25 port 57116
Apr 18 15:37:21 a952d0d9ca03 sshd[8595]: error: Could not get shadow information for NOUSER
Apr 18 15:37:21 a952d0d9ca03 sshd[8597]: Invalid user scs from 172.30.185.24 port 59164
Apr 18 15:37:21 a952d0d9ca03 sshd[8597]: error: Could not get shadow information for NOUSER
Apr 18 15:37:21 a952d0d9ca03 sshd[8595]: Failed none for invalid user lawrence from 172.30.185.25 port 57116 ssh2
Apr 18 15:37:21 a952d0d9ca03 sshd[8597]: Failed none for invalid user scs from 172.30.185.24 port 59164 ssh2
Apr 18 15:37:21 a952d0d9ca03 sshd[8598]: Failed password for invalid user library from 172.30.185.22 port 43152 ssh2
Apr 18 15:37:21 a952d0d9ca03 sshd[8598]: Connection closed by invalid user library 172.30.185.22 port 43152 [preauth]
Apr 18 15:37:21 a952d0d9ca03 sshd[8595]: Failed password for invalid user lawrence from 172.30.185.25 port 57116 ssh2
Apr 18 15:37:21 a952d0d9ca03 sshd[8597]: Failed password for invalid user scs from 172.30.185.24 port 59164 ssh2
Apr 18 15:37:21 a952d0d9ca03 sshd[8597]: Connection closed by invalid user scs 172.30.185.24 port 59164 [preauth]
Apr 18 15:37:21 a952d0d9ca03 sshd[8595]: Connection closed by invalid user lawrence 172.30.185.25 port 57116 [preauth]
Apr 18 15:37:21 a952d0d9ca03 sshd[8601]: Invalid user zhenshan from 172.30.185.21 port 57940
Apr 18 15:37:21 a952d0d9ca03 sshd[8601]: error: Could not get shadow information for NOUSER
Apr 18 15:37:21 a952d0d9ca03 sshd[8601]: Failed none for invalid user zhenshan from 172.30.185.21 port 57940 ssh2
Apr 18 15:37:21 a952d0d9ca03 sshd[8601]: Failed password for invalid user zhenshan from 172.30.185.21 port 57940 ssh2
Apr 18 15:37:21 a952d0d9ca03 sshd[8601]: Connection closed by invalid user zhenshan 172.30.185.21 port 57940 [preauth]
Apr 18 15:37:21 a952d0d9ca03 sshd[8605]: Invalid user onlyoffice from 172.30.185.20 port 39978
Apr 18 15:37:21 a952d0d9ca03 sshd[8605]: error: Could not get shadow information for NOUSER
Apr 18 15:37:21 a952d0d9ca03 sshd[8605]: Failed none for invalid user onlyoffice from 172.30.185.20 port 39978 ssh2
Apr 18 15:37:21 a952d0d9ca03 sshd[8605]: Failed password for invalid user onlyoffice from 172.30.185.20 port 39978 ssh2
Apr 18 15:37:21 a952d0d9ca03 sshd[8603]: Invalid user moon from 172.30.185.26 port 39938
Apr 18 15:37:21 a952d0d9ca03 sshd[8605]: Connection closed by invalid user onlyoffice 172.30.185.20 port 39978 [preauth]
Apr 18 15:37:21 a952d0d9ca03 sshd[8603]: error: Could not get shadow information for NOUSER
Apr 18 15:37:21 a952d0d9ca03 sshd[8603]: Failed none for invalid user moon from 172.30.185.26 port 39938 ssh2
Apr 18 15:37:21 a952d0d9ca03 sshd[8603]: Failed password for invalid user moon from 172.30.185.26 port 39938 ssh2
Apr 18 15:37:21 a952d0d9ca03 sshd[8603]: Connection closed by invalid user moon 172.30.185.26 port 39938 [preauth]
Apr 18 15:37:21 a952d0d9ca03 sshd[8607]: Invalid user valentyna from 172.30.185.23 port 56922
Apr 18 15:37:21 a952d0d9ca03 sshd[8607]: error: Could not get shadow information for NOUSER
Apr 18 15:37:21 a952d0d9ca03 sshd[8607]: Failed none for invalid user valentyna from 172.30.185.23 port 56922 ssh2
Apr 18 15:37:21 a952d0d9ca03 sshd[8607]: Failed password for invalid user valentyna from 172.30.185.23 port 56922 ssh2
Apr 18 15:37:21 a952d0d9ca03 sshd[8607]: Connection closed by invalid user valentyna 172.30.185.23 port 56922 [preauth]
Apr 18 15:37:21 a952d0d9ca03 sshd[8612]: Invalid user scs from 172.30.185.24 port 59176
Apr 18 15:37:21 a952d0d9ca03 sshd[8612]: error: Could not get shadow information for NOUSER
Apr 18 15:37:21 a952d0d9ca03 sshd[8612]: Failed none for invalid user scs from 172.30.185.24 port 59176 ssh2
Apr 18 15:37:21 a952d0d9ca03 sshd[8609]: Invalid user library from 172.30.185.22 port 43166
Apr 18 15:37:21 a952d0d9ca03 sshd[8609]: error: Could not get shadow information for NOUSER
Apr 18 15:37:21 a952d0d9ca03 sshd[8611]: Invalid user lawrence from 172.30.185.25 port 57132
Apr 18 15:37:21 a952d0d9ca03 sshd[8611]: error: Could not get shadow information for NOUSER
Apr 18 15:37:21 a952d0d9ca03 sshd[8609]: Failed none for invalid user library from 172.30.185.22 port 43166 ssh2
Apr 18 15:37:21 a952d0d9ca03 sshd[8612]: Failed password for invalid user scs from 172.30.185.24 port 59176 ssh2
Apr 18 15:37:21 a952d0d9ca03 sshd[8611]: Failed none for invalid user lawrence from 172.30.185.25 port 57132 ssh2
Apr 18 15:37:21 a952d0d9ca03 sshd[8612]: Connection closed by invalid user scs 172.30.185.24 port 59176 [preauth]
Apr 18 15:37:21 a952d0d9ca03 sshd[8609]: Failed password for invalid user library from 172.30.185.22 port 43166 ssh2
Apr 18 15:37:21 a952d0d9ca03 sshd[8611]: Failed password for invalid user lawrence from 172.30.185.25 port 57132 ssh2
Apr 18 15:37:21 a952d0d9ca03 sshd[8609]: Connection closed by invalid user library 172.30.185.22 port 43166 [preauth]
Apr 18 15:37:21 a952d0d9ca03 sshd[8611]: Connection closed by invalid user lawrence 172.30.185.25 port 57132 [preauth]
Apr 18 15:37:21 a952d0d9ca03 sshd[8617]: Invalid user onlyoffice from 172.30.185.20 port 39988
Apr 18 15:37:21 a952d0d9ca03 sshd[8617]: error: Could not get shadow information for NOUSER
Apr 18 15:37:21 a952d0d9ca03 sshd[8615]: Invalid user zhenshan from 172.30.185.21 port 57954
Apr 18 15:37:21 a952d0d9ca03 sshd[8615]: error: Could not get shadow information for NOUSER
Apr 18 15:37:21 a952d0d9ca03 sshd[8617]: Failed none for invalid user onlyoffice from 172.30.185.20 port 39988 ssh2
Apr 18 15:37:21 a952d0d9ca03 sshd[8615]: Failed none for invalid user zhenshan from 172.30.185.21 port 57954 ssh2
Apr 18 15:37:21 a952d0d9ca03 sshd[8619]: Invalid user moon from 172.30.185.26 port 39940
Apr 18 15:37:21 a952d0d9ca03 sshd[8619]: error: Could not get shadow information for NOUSER
Apr 18 15:37:21 a952d0d9ca03 sshd[8617]: Failed password for invalid user onlyoffice from 172.30.185.20 port 39988 ssh2
Apr 18 15:37:21 a952d0d9ca03 sshd[8619]: Failed none for invalid user moon from 172.30.185.26 port 39940 ssh2
Apr 18 15:37:21 a952d0d9ca03 sshd[8615]: Failed password for invalid user zhenshan from 172.30.185.21 port 57954 ssh2
Apr 18 15:37:21 a952d0d9ca03 sshd[8615]: Connection closed by invalid user zhenshan 172.30.185.21 port 57954 [preauth]
Apr 18 15:37:21 a952d0d9ca03 sshd[8617]: Connection closed by invalid user onlyoffice 172.30.185.20 port 39988 [preauth]
Apr 18 15:37:21 a952d0d9ca03 sshd[8619]: Failed password for invalid user moon from 172.30.185.26 port 39940 ssh2
Apr 18 15:37:21 a952d0d9ca03 sshd[8619]: Connection closed by invalid user moon 172.30.185.26 port 39940 [preauth]
Apr 18 15:37:22 a952d0d9ca03 sshd[8621]: Invalid user valentyna from 172.30.185.23 port 56924
Apr 18 15:37:22 a952d0d9ca03 sshd[8621]: error: Could not get shadow information for NOUSER
Apr 18 15:37:22 a952d0d9ca03 sshd[8621]: Failed none for invalid user valentyna from 172.30.185.23 port 56924 ssh2
Apr 18 15:37:22 a952d0d9ca03 sshd[8621]: Failed password for invalid user valentyna from 172.30.185.23 port 56924 ssh2
Apr 18 15:37:22 a952d0d9ca03 sshd[8621]: Connection closed by invalid user valentyna 172.30.185.23 port 56924 [preauth]
Apr 18 15:37:22 a952d0d9ca03 sshd[8626]: Invalid user lawrence from 172.30.185.25 port 57144
Apr 18 15:37:22 a952d0d9ca03 sshd[8626]: error: Could not get shadow information for NOUSER
Apr 18 15:37:22 a952d0d9ca03 sshd[8623]: Invalid user scs from 172.30.185.24 port 59180
Apr 18 15:37:22 a952d0d9ca03 sshd[8626]: Failed none for invalid user lawrence from 172.30.185.25 port 57144 ssh2
Apr 18 15:37:22 a952d0d9ca03 sshd[8623]: error: Could not get shadow information for NOUSER
Apr 18 15:37:22 a952d0d9ca03 sshd[8623]: Failed none for invalid user scs from 172.30.185.24 port 59180 ssh2
Apr 18 15:37:22 a952d0d9ca03 sshd[8625]: Invalid user library from 172.30.185.22 port 43170
Apr 18 15:37:22 a952d0d9ca03 sshd[8625]: error: Could not get shadow information for NOUSER
Apr 18 15:37:22 a952d0d9ca03 sshd[8626]: Failed password for invalid user lawrence from 172.30.185.25 port 57144 ssh2
Apr 18 15:37:22 a952d0d9ca03 sshd[8623]: Failed password for invalid user scs from 172.30.185.24 port 59180 ssh2
Apr 18 15:37:22 a952d0d9ca03 sshd[8625]: Failed none for invalid user library from 172.30.185.22 port 43170 ssh2
Apr 18 15:37:22 a952d0d9ca03 sshd[8626]: Connection closed by invalid user lawrence 172.30.185.25 port 57144 [preauth]
Apr 18 15:37:22 a952d0d9ca03 sshd[8629]: Invalid user zhenshan from 172.30.185.21 port 57956
Apr 18 15:37:22 a952d0d9ca03 sshd[8629]: error: Could not get shadow information for NOUSER
Apr 18 15:37:22 a952d0d9ca03 sshd[8623]: Connection closed by invalid user scs 172.30.185.24 port 59180 [preauth]
Apr 18 15:37:22 a952d0d9ca03 sshd[8629]: Failed none for invalid user zhenshan from 172.30.185.21 port 57956 ssh2
Apr 18 15:37:22 a952d0d9ca03 sshd[8625]: Failed password for invalid user library from 172.30.185.22 port 43170 ssh2
Apr 18 15:37:22 a952d0d9ca03 sshd[8625]: Connection closed by invalid user library 172.30.185.22 port 43170 [preauth]
Apr 18 15:37:22 a952d0d9ca03 sshd[8629]: Failed password for invalid user zhenshan from 172.30.185.21 port 57956 ssh2
Apr 18 15:37:22 a952d0d9ca03 sshd[8629]: Connection closed by invalid user zhenshan 172.30.185.21 port 57956 [preauth]
Apr 18 15:37:22 a952d0d9ca03 sshd[8630]: Invalid user near from 172.30.185.3 port 44760
Apr 18 15:37:22 a952d0d9ca03 sshd[8630]: error: Could not get shadow information for NOUSER
Apr 18 15:37:22 a952d0d9ca03 sshd[8630]: Failed none for invalid user near from 172.30.185.3 port 44760 ssh2
Apr 18 15:37:22 a952d0d9ca03 sshd[8633]: Invalid user moon from 172.30.185.26 port 39950
Apr 18 15:37:22 a952d0d9ca03 sshd[8633]: error: Could not get shadow information for NOUSER
Apr 18 15:37:22 a952d0d9ca03 sshd[8633]: Failed none for invalid user moon from 172.30.185.26 port 39950 ssh2
Apr 18 15:37:22 a952d0d9ca03 sshd[8630]: Failed password for invalid user near from 172.30.185.3 port 44760 ssh2
Apr 18 15:37:22 a952d0d9ca03 sshd[8630]: Connection closed by invalid user near 172.30.185.3 port 44760 [preauth]
Apr 18 15:37:22 a952d0d9ca03 sshd[8633]: Failed password for invalid user moon from 172.30.185.26 port 39950 ssh2
Apr 18 15:37:22 a952d0d9ca03 sshd[8633]: Connection closed by invalid user moon 172.30.185.26 port 39950 [preauth]
Apr 18 15:37:22 a952d0d9ca03 sshd[8635]: Invalid user valentyna from 172.30.185.23 port 56934
Apr 18 15:37:22 a952d0d9ca03 sshd[8635]: error: Could not get shadow information for NOUSER
Apr 18 15:37:22 a952d0d9ca03 sshd[8635]: Failed none for invalid user valentyna from 172.30.185.23 port 56934 ssh2
Apr 18 15:37:22 a952d0d9ca03 sshd[8635]: Failed password for invalid user valentyna from 172.30.185.23 port 56934 ssh2
Apr 18 15:37:22 a952d0d9ca03 sshd[8635]: Connection closed by invalid user valentyna 172.30.185.23 port 56934 [preauth]
Apr 18 15:37:22 a952d0d9ca03 sshd[8641]: Invalid user library from 172.30.185.22 port 43186
Apr 18 15:37:22 a952d0d9ca03 sshd[8641]: error: Could not get shadow information for NOUSER
Apr 18 15:37:22 a952d0d9ca03 sshd[8641]: Failed none for invalid user library from 172.30.185.22 port 43186 ssh2
Apr 18 15:37:22 a952d0d9ca03 sshd[8641]: Failed password for invalid user library from 172.30.185.22 port 43186 ssh2
Apr 18 15:37:22 a952d0d9ca03 sshd[8637]: Invalid user lawrence from 172.30.185.25 port 57146
Apr 18 15:37:22 a952d0d9ca03 sshd[8637]: error: Could not get shadow information for NOUSER
Apr 18 15:37:22 a952d0d9ca03 sshd[8641]: Connection closed by invalid user library 172.30.185.22 port 43186 [preauth]
Apr 18 15:37:22 a952d0d9ca03 sshd[8637]: Failed none for invalid user lawrence from 172.30.185.25 port 57146 ssh2
Apr 18 15:37:22 a952d0d9ca03 sshd[8642]: Invalid user zhenshan from 172.30.185.21 port 57966
Apr 18 15:37:22 a952d0d9ca03 sshd[8642]: error: Could not get shadow information for NOUSER
Apr 18 15:37:22 a952d0d9ca03 sshd[8642]: Failed none for invalid user zhenshan from 172.30.185.21 port 57966 ssh2
Apr 18 15:37:22 a952d0d9ca03 sshd[8637]: Failed password for invalid user lawrence from 172.30.185.25 port 57146 ssh2
Apr 18 15:37:22 a952d0d9ca03 sshd[8642]: Failed password for invalid user zhenshan from 172.30.185.21 port 57966 ssh2
Apr 18 15:37:22 a952d0d9ca03 sshd[8637]: Connection closed by invalid user lawrence 172.30.185.25 port 57146 [preauth]
Apr 18 15:37:22 a952d0d9ca03 sshd[8642]: Connection closed by invalid user zhenshan 172.30.185.21 port 57966 [preauth]
Apr 18 15:37:22 a952d0d9ca03 sshd[8638]: Invalid user scs from 172.30.185.24 port 59186
Apr 18 15:37:22 a952d0d9ca03 sshd[8638]: error: Could not get shadow information for NOUSER
Apr 18 15:37:22 a952d0d9ca03 sshd[8638]: Failed none for invalid user scs from 172.30.185.24 port 59186 ssh2
Apr 18 15:37:22 a952d0d9ca03 sshd[8638]: Failed password for invalid user scs from 172.30.185.24 port 59186 ssh2
Apr 18 15:37:22 a952d0d9ca03 sshd[8638]: Connection closed by invalid user scs 172.30.185.24 port 59186 [preauth]
Apr 18 15:37:22 a952d0d9ca03 sshd[8646]: Invalid user moon from 172.30.185.26 port 39954
Apr 18 15:37:22 a952d0d9ca03 sshd[8646]: error: Could not get shadow information for NOUSER
Apr 18 15:37:22 a952d0d9ca03 sshd[8646]: Failed none for invalid user moon from 172.30.185.26 port 39954 ssh2
Apr 18 15:37:22 a952d0d9ca03 sshd[8646]: Failed password for invalid user moon from 172.30.185.26 port 39954 ssh2
Apr 18 15:37:22 a952d0d9ca03 sshd[8646]: Connection closed by invalid user moon 172.30.185.26 port 39954 [preauth]
Apr 18 15:37:22 a952d0d9ca03 sshd[8645]: Invalid user carmen from 172.30.185.3 port 44774
Apr 18 15:37:22 a952d0d9ca03 sshd[8645]: error: Could not get shadow information for NOUSER
Apr 18 15:37:22 a952d0d9ca03 sshd[8645]: Failed none for invalid user carmen from 172.30.185.3 port 44774 ssh2
Apr 18 15:37:22 a952d0d9ca03 sshd[8645]: Failed password for invalid user carmen from 172.30.185.3 port 44774 ssh2
Apr 18 15:37:22 a952d0d9ca03 sshd[8645]: Connection closed by invalid user carmen 172.30.185.3 port 44774 [preauth]
Apr 18 15:37:22 a952d0d9ca03 sshd[8649]: Invalid user valentyna from 172.30.185.23 port 56946
Apr 18 15:37:22 a952d0d9ca03 sshd[8649]: error: Could not get shadow information for NOUSER
Apr 18 15:37:22 a952d0d9ca03 sshd[8649]: Failed none for invalid user valentyna from 172.30.185.23 port 56946 ssh2
Apr 18 15:37:22 a952d0d9ca03 sshd[8649]: Failed password for invalid user valentyna from 172.30.185.23 port 56946 ssh2
Apr 18 15:37:22 a952d0d9ca03 sshd[8649]: Connection closed by invalid user valentyna 172.30.185.23 port 56946 [preauth]
Apr 18 15:37:22 a952d0d9ca03 sshd[8651]: Invalid user library from 172.30.185.22 port 43202
Apr 18 15:37:22 a952d0d9ca03 sshd[8651]: error: Could not get shadow information for NOUSER
Apr 18 15:37:22 a952d0d9ca03 sshd[8651]: Failed none for invalid user library from 172.30.185.22 port 43202 ssh2
Apr 18 15:37:22 a952d0d9ca03 sshd[8651]: Failed password for invalid user library from 172.30.185.22 port 43202 ssh2
Apr 18 15:37:22 a952d0d9ca03 sshd[8651]: Connection closed by invalid user library 172.30.185.22 port 43202 [preauth]
Apr 18 15:37:22 a952d0d9ca03 sshd[8653]: Invalid user zhenshan from 172.30.185.21 port 57976
Apr 18 15:37:22 a952d0d9ca03 sshd[8653]: error: Could not get shadow information for NOUSER
Apr 18 15:37:22 a952d0d9ca03 sshd[8653]: Failed none for invalid user zhenshan from 172.30.185.21 port 57976 ssh2
Apr 18 15:37:22 a952d0d9ca03 sshd[8657]: Invalid user scs from 172.30.185.24 port 59192
Apr 18 15:37:22 a952d0d9ca03 sshd[8657]: error: Could not get shadow information for NOUSER
Apr 18 15:37:22 a952d0d9ca03 sshd[8657]: Failed none for invalid user scs from 172.30.185.24 port 59192 ssh2
Apr 18 15:37:22 a952d0d9ca03 sshd[8653]: Failed password for invalid user zhenshan from 172.30.185.21 port 57976 ssh2
Apr 18 15:37:22 a952d0d9ca03 sshd[8653]: Connection closed by invalid user zhenshan 172.30.185.21 port 57976 [preauth]
Apr 18 15:37:22 a952d0d9ca03 sshd[8654]: Invalid user lawrence from 172.30.185.25 port 57148
Apr 18 15:37:22 a952d0d9ca03 sshd[8654]: error: Could not get shadow information for NOUSER
Apr 18 15:37:22 a952d0d9ca03 sshd[8654]: Failed none for invalid user lawrence from 172.30.185.25 port 57148 ssh2
Apr 18 15:37:22 a952d0d9ca03 sshd[8657]: Failed password for invalid user scs from 172.30.185.24 port 59192 ssh2
Apr 18 15:37:22 a952d0d9ca03 sshd[8657]: Connection closed by invalid user scs 172.30.185.24 port 59192 [preauth]
Apr 18 15:37:22 a952d0d9ca03 sshd[8654]: Failed password for invalid user lawrence from 172.30.185.25 port 57148 ssh2
Apr 18 15:37:22 a952d0d9ca03 sshd[8654]: Connection closed by invalid user lawrence 172.30.185.25 port 57148 [preauth]
Apr 18 15:37:22 a952d0d9ca03 sshd[8663]: Invalid user carmen from 172.30.185.3 port 44786
Apr 18 15:37:22 a952d0d9ca03 sshd[8663]: error: Could not get shadow information for NOUSER
Apr 18 15:37:22 a952d0d9ca03 sshd[8661]: Invalid user moon from 172.30.185.26 port 39970
Apr 18 15:37:22 a952d0d9ca03 sshd[8661]: error: Could not get shadow information for NOUSER
Apr 18 15:37:22 a952d0d9ca03 sshd[8663]: Failed none for invalid user carmen from 172.30.185.3 port 44786 ssh2
Apr 18 15:37:22 a952d0d9ca03 sshd[8661]: Failed none for invalid user moon from 172.30.185.26 port 39970 ssh2
Apr 18 15:37:22 a952d0d9ca03 sshd[8659]: Invalid user backups from 172.30.185.4 port 44438
Apr 18 15:37:22 a952d0d9ca03 sshd[8659]: error: Could not get shadow information for NOUSER
Apr 18 15:37:22 a952d0d9ca03 sshd[8659]: Failed none for invalid user backups from 172.30.185.4 port 44438 ssh2
Apr 18 15:37:22 a952d0d9ca03 sshd[8663]: Failed password for invalid user carmen from 172.30.185.3 port 44786 ssh2
Apr 18 15:37:22 a952d0d9ca03 sshd[8661]: Failed password for invalid user moon from 172.30.185.26 port 39970 ssh2
Apr 18 15:37:22 a952d0d9ca03 sshd[8661]: Connection closed by invalid user moon 172.30.185.26 port 39970 [preauth]
Apr 18 15:37:22 a952d0d9ca03 sshd[8663]: Connection closed by invalid user carmen 172.30.185.3 port 44786 [preauth]
Apr 18 15:37:22 a952d0d9ca03 sshd[8659]: Failed password for invalid user backups from 172.30.185.4 port 44438 ssh2
Apr 18 15:37:22 a952d0d9ca03 sshd[8665]: Invalid user valentyna from 172.30.185.23 port 56960
Apr 18 15:37:22 a952d0d9ca03 sshd[8665]: error: Could not get shadow information for NOUSER
Apr 18 15:37:22 a952d0d9ca03 sshd[8665]: Failed none for invalid user valentyna from 172.30.185.23 port 56960 ssh2
Apr 18 15:37:22 a952d0d9ca03 sshd[8659]: Connection closed by invalid user backups 172.30.185.4 port 44438 [preauth]
Apr 18 15:37:22 a952d0d9ca03 sshd[8665]: Failed password for invalid user valentyna from 172.30.185.23 port 56960 ssh2
Apr 18 15:37:22 a952d0d9ca03 sshd[8665]: Connection closed by invalid user valentyna 172.30.185.23 port 56960 [preauth]
Apr 18 15:37:22 a952d0d9ca03 sshd[8667]: Invalid user library from 172.30.185.22 port 43214
Apr 18 15:37:22 a952d0d9ca03 sshd[8667]: error: Could not get shadow information for NOUSER
Apr 18 15:37:22 a952d0d9ca03 sshd[8667]: Failed none for invalid user library from 172.30.185.22 port 43214 ssh2
Apr 18 15:37:22 a952d0d9ca03 sshd[8667]: Failed password for invalid user library from 172.30.185.22 port 43214 ssh2
Apr 18 15:37:22 a952d0d9ca03 sshd[8667]: Connection closed by invalid user library 172.30.185.22 port 43214 [preauth]
Apr 18 15:37:22 a952d0d9ca03 sshd[8671]: Invalid user lawrence from 172.30.185.25 port 57156
Apr 18 15:37:22 a952d0d9ca03 sshd[8671]: error: Could not get shadow information for NOUSER
Apr 18 15:37:22 a952d0d9ca03 sshd[8671]: Failed none for invalid user lawrence from 172.30.185.25 port 57156 ssh2
Apr 18 15:37:22 a952d0d9ca03 sshd[8671]: Failed password for invalid user lawrence from 172.30.185.25 port 57156 ssh2
Apr 18 15:37:22 a952d0d9ca03 sshd[8671]: Connection closed by invalid user lawrence 172.30.185.25 port 57156 [preauth]
Apr 18 15:37:22 a952d0d9ca03 sshd[8669]: Invalid user scs from 172.30.185.24 port 59196
Apr 18 15:37:22 a952d0d9ca03 sshd[8669]: error: Could not get shadow information for NOUSER
Apr 18 15:37:22 a952d0d9ca03 sshd[8669]: Failed none for invalid user scs from 172.30.185.24 port 59196 ssh2
Apr 18 15:37:22 a952d0d9ca03 sshd[8677]: User guest not allowed because account is locked
Apr 18 15:37:22 a952d0d9ca03 sshd[8677]: error: Could not get shadow information for NOUSER
Apr 18 15:37:22 a952d0d9ca03 sshd[8669]: Failed password for invalid user scs from 172.30.185.24 port 59196 ssh2
Apr 18 15:37:22 a952d0d9ca03 sshd[8677]: Failed none for invalid user guest from 172.30.185.4 port 44440 ssh2
Apr 18 15:37:22 a952d0d9ca03 sshd[8669]: Connection closed by invalid user scs 172.30.185.24 port 59196 [preauth]
Apr 18 15:37:22 a952d0d9ca03 sshd[8677]: Failed password for invalid user guest from 172.30.185.4 port 44440 ssh2
Apr 18 15:37:22 a952d0d9ca03 sshd[8677]: Connection closed by invalid user guest 172.30.185.4 port 44440 [preauth]
Apr 18 15:37:22 a952d0d9ca03 sshd[8674]: Invalid user carmen from 172.30.185.3 port 44802
Apr 18 15:37:22 a952d0d9ca03 sshd[8674]: error: Could not get shadow information for NOUSER
Apr 18 15:37:22 a952d0d9ca03 sshd[8674]: Failed none for invalid user carmen from 172.30.185.3 port 44802 ssh2
Apr 18 15:37:22 a952d0d9ca03 sshd[8674]: Failed password for invalid user carmen from 172.30.185.3 port 44802 ssh2
Apr 18 15:37:22 a952d0d9ca03 sshd[8673]: Invalid user moon from 172.30.185.26 port 39976
Apr 18 15:37:22 a952d0d9ca03 sshd[8673]: error: Could not get shadow information for NOUSER
Apr 18 15:37:22 a952d0d9ca03 sshd[8679]: Invalid user valentyna from 172.30.185.23 port 56976
Apr 18 15:37:22 a952d0d9ca03 sshd[8679]: error: Could not get shadow information for NOUSER
Apr 18 15:37:22 a952d0d9ca03 sshd[8674]: Connection closed by invalid user carmen 172.30.185.3 port 44802 [preauth]
Apr 18 15:37:22 a952d0d9ca03 sshd[8673]: Failed none for invalid user moon from 172.30.185.26 port 39976 ssh2
Apr 18 15:37:22 a952d0d9ca03 sshd[8679]: Failed none for invalid user valentyna from 172.30.185.23 port 56976 ssh2
Apr 18 15:37:23 a952d0d9ca03 sshd[8673]: Failed password for invalid user moon from 172.30.185.26 port 39976 ssh2
Apr 18 15:37:23 a952d0d9ca03 sshd[8679]: Failed password for invalid user valentyna from 172.30.185.23 port 56976 ssh2
Apr 18 15:37:23 a952d0d9ca03 sshd[8673]: Connection closed by invalid user moon 172.30.185.26 port 39976 [preauth]
Apr 18 15:37:23 a952d0d9ca03 sshd[8679]: Connection closed by invalid user valentyna 172.30.185.23 port 56976 [preauth]
Apr 18 15:37:23 a952d0d9ca03 sshd[8681]: Invalid user library from 172.30.185.22 port 43216
Apr 18 15:37:23 a952d0d9ca03 sshd[8681]: error: Could not get shadow information for NOUSER
Apr 18 15:37:23 a952d0d9ca03 sshd[8681]: Failed none for invalid user library from 172.30.185.22 port 43216 ssh2
Apr 18 15:37:23 a952d0d9ca03 sshd[8681]: Failed password for invalid user library from 172.30.185.22 port 43216 ssh2
Apr 18 15:37:23 a952d0d9ca03 sshd[8681]: Connection closed by invalid user library 172.30.185.22 port 43216 [preauth]
Apr 18 15:37:23 a952d0d9ca03 sshd[8683]: Invalid user lawrence from 172.30.185.25 port 57158
Apr 18 15:37:23 a952d0d9ca03 sshd[8683]: error: Could not get shadow information for NOUSER
Apr 18 15:37:23 a952d0d9ca03 sshd[8683]: Failed none for invalid user lawrence from 172.30.185.25 port 57158 ssh2
Apr 18 15:37:23 a952d0d9ca03 sshd[8683]: Failed password for invalid user lawrence from 172.30.185.25 port 57158 ssh2
Apr 18 15:37:23 a952d0d9ca03 sshd[8683]: Connection closed by invalid user lawrence 172.30.185.25 port 57158 [preauth]
Apr 18 15:37:23 a952d0d9ca03 sshd[8685]: Invalid user scs from 172.30.185.24 port 59210
Apr 18 15:37:23 a952d0d9ca03 sshd[8685]: error: Could not get shadow information for NOUSER
Apr 18 15:37:23 a952d0d9ca03 sshd[8685]: Failed none for invalid user scs from 172.30.185.24 port 59210 ssh2
Apr 18 15:37:23 a952d0d9ca03 sshd[8685]: Failed password for invalid user scs from 172.30.185.24 port 59210 ssh2
Apr 18 15:37:23 a952d0d9ca03 sshd[8687]: User guest not allowed because account is locked
Apr 18 15:37:23 a952d0d9ca03 sshd[8687]: error: Could not get shadow information for NOUSER
Apr 18 15:37:23 a952d0d9ca03 sshd[8685]: Connection closed by invalid user scs 172.30.185.24 port 59210 [preauth]
Apr 18 15:37:23 a952d0d9ca03 sshd[8687]: Failed none for invalid user guest from 172.30.185.4 port 44442 ssh2
Apr 18 15:37:23 a952d0d9ca03 sshd[8691]: Invalid user moon from 172.30.185.26 port 39984
Apr 18 15:37:23 a952d0d9ca03 sshd[8691]: error: Could not get shadow information for NOUSER
Apr 18 15:37:23 a952d0d9ca03 sshd[8691]: Failed none for invalid user moon from 172.30.185.26 port 39984 ssh2
Apr 18 15:37:23 a952d0d9ca03 sshd[8687]: Failed password for invalid user guest from 172.30.185.4 port 44442 ssh2
Apr 18 15:37:23 a952d0d9ca03 sshd[8687]: Connection closed by invalid user guest 172.30.185.4 port 44442 [preauth]
Apr 18 15:37:23 a952d0d9ca03 sshd[8691]: Failed password for invalid user moon from 172.30.185.26 port 39984 ssh2
Apr 18 15:37:23 a952d0d9ca03 sshd[8691]: Connection closed by invalid user moon 172.30.185.26 port 39984 [preauth]
Apr 18 15:37:23 a952d0d9ca03 sshd[8689]: Invalid user carmen from 172.30.185.3 port 44812
Apr 18 15:37:23 a952d0d9ca03 sshd[8689]: error: Could not get shadow information for NOUSER
Apr 18 15:37:23 a952d0d9ca03 sshd[8689]: Failed none for invalid user carmen from 172.30.185.3 port 44812 ssh2
Apr 18 15:37:23 a952d0d9ca03 sshd[8689]: Failed password for invalid user carmen from 172.30.185.3 port 44812 ssh2
Apr 18 15:37:23 a952d0d9ca03 sshd[8689]: Connection closed by invalid user carmen 172.30.185.3 port 44812 [preauth]
Apr 18 15:37:23 a952d0d9ca03 sshd[8693]: Invalid user lawrence from 172.30.185.25 port 57170
Apr 18 15:37:23 a952d0d9ca03 sshd[8693]: error: Could not get shadow information for NOUSER
Apr 18 15:37:23 a952d0d9ca03 sshd[8693]: Failed none for invalid user lawrence from 172.30.185.25 port 57170 ssh2
Apr 18 15:37:23 a952d0d9ca03 sshd[8693]: Failed password for invalid user lawrence from 172.30.185.25 port 57170 ssh2
Apr 18 15:37:23 a952d0d9ca03 sshd[8693]: Connection closed by invalid user lawrence 172.30.185.25 port 57170 [preauth]
Apr 18 15:37:23 a952d0d9ca03 sshd[8697]: User guest not allowed because account is locked
Apr 18 15:37:23 a952d0d9ca03 sshd[8695]: Invalid user scs from 172.30.185.24 port 59218
Apr 18 15:37:23 a952d0d9ca03 sshd[8697]: error: Could not get shadow information for NOUSER
Apr 18 15:37:23 a952d0d9ca03 sshd[8695]: error: Could not get shadow information for NOUSER
Apr 18 15:37:23 a952d0d9ca03 sshd[8695]: Failed none for invalid user scs from 172.30.185.24 port 59218 ssh2
Apr 18 15:37:23 a952d0d9ca03 sshd[8697]: Failed none for invalid user guest from 172.30.185.4 port 44444 ssh2
Apr 18 15:37:23 a952d0d9ca03 sshd[8697]: Failed password for invalid user guest from 172.30.185.4 port 44444 ssh2
Apr 18 15:37:23 a952d0d9ca03 sshd[8695]: Failed password for invalid user scs from 172.30.185.24 port 59218 ssh2
Apr 18 15:37:23 a952d0d9ca03 sshd[8697]: Connection closed by invalid user guest 172.30.185.4 port 44444 [preauth]
Apr 18 15:37:23 a952d0d9ca03 sshd[8695]: Connection closed by invalid user scs 172.30.185.24 port 59218 [preauth]
Apr 18 15:37:23 a952d0d9ca03 sshd[8701]: Invalid user carmen from 172.30.185.3 port 44824
Apr 18 15:37:23 a952d0d9ca03 sshd[8701]: error: Could not get shadow information for NOUSER
Apr 18 15:37:23 a952d0d9ca03 sshd[8701]: Failed none for invalid user carmen from 172.30.185.3 port 44824 ssh2
Apr 18 15:37:23 a952d0d9ca03 sshd[8698]: Invalid user moon from 172.30.185.26 port 40000
Apr 18 15:37:23 a952d0d9ca03 sshd[8698]: error: Could not get shadow information for NOUSER
Apr 18 15:37:23 a952d0d9ca03 sshd[8698]: Failed none for invalid user moon from 172.30.185.26 port 40000 ssh2
Apr 18 15:37:23 a952d0d9ca03 sshd[8701]: Failed password for invalid user carmen from 172.30.185.3 port 44824 ssh2
Apr 18 15:37:23 a952d0d9ca03 sshd[8698]: Failed password for invalid user moon from 172.30.185.26 port 40000 ssh2
Apr 18 15:37:23 a952d0d9ca03 sshd[8701]: Connection closed by invalid user carmen 172.30.185.3 port 44824 [preauth]
Apr 18 15:37:23 a952d0d9ca03 sshd[8698]: Connection closed by invalid user moon 172.30.185.26 port 40000 [preauth]
Apr 18 15:37:23 a952d0d9ca03 sshd[8703]: User guest not allowed because account is locked
Apr 18 15:37:23 a952d0d9ca03 sshd[8703]: error: Could not get shadow information for NOUSER
Apr 18 15:37:23 a952d0d9ca03 sshd[8703]: Failed none for invalid user guest from 172.30.185.4 port 44448 ssh2
Apr 18 15:37:23 a952d0d9ca03 sshd[8703]: Failed password for invalid user guest from 172.30.185.4 port 44448 ssh2
Apr 18 15:37:23 a952d0d9ca03 sshd[8703]: Connection closed by invalid user guest 172.30.185.4 port 44448 [preauth]
Apr 18 15:37:23 a952d0d9ca03 sshd[8705]: Invalid user carmen from 172.30.185.3 port 44830
Apr 18 15:37:23 a952d0d9ca03 sshd[8705]: error: Could not get shadow information for NOUSER
Apr 18 15:37:23 a952d0d9ca03 sshd[8705]: Failed none for invalid user carmen from 172.30.185.3 port 44830 ssh2
Apr 18 15:37:23 a952d0d9ca03 sshd[8705]: Failed password for invalid user carmen from 172.30.185.3 port 44830 ssh2
Apr 18 15:37:23 a952d0d9ca03 sshd[8705]: Connection closed by invalid user carmen 172.30.185.3 port 44830 [preauth]
Apr 18 15:37:23 a952d0d9ca03 sshd[8707]: User guest not allowed because account is locked
Apr 18 15:37:23 a952d0d9ca03 sshd[8707]: error: Could not get shadow information for NOUSER
Apr 18 15:37:23 a952d0d9ca03 sshd[8707]: Failed none for invalid user guest from 172.30.185.4 port 44456 ssh2
Apr 18 15:37:23 a952d0d9ca03 sshd[8707]: Failed password for invalid user guest from 172.30.185.4 port 44456 ssh2
Apr 18 15:37:23 a952d0d9ca03 sshd[8707]: Connection closed by invalid user guest 172.30.185.4 port 44456 [preauth]
Apr 18 15:37:23 a952d0d9ca03 sshd[8709]: Invalid user carmen from 172.30.185.3 port 44834
Apr 18 15:37:23 a952d0d9ca03 sshd[8709]: error: Could not get shadow information for NOUSER
Apr 18 15:37:23 a952d0d9ca03 sshd[8709]: Failed none for invalid user carmen from 172.30.185.3 port 44834 ssh2
Apr 18 15:37:23 a952d0d9ca03 sshd[8709]: Failed password for invalid user carmen from 172.30.185.3 port 44834 ssh2
Apr 18 15:37:23 a952d0d9ca03 sshd[8709]: Connection closed by invalid user carmen 172.30.185.3 port 44834 [preauth]
Apr 18 15:37:24 a952d0d9ca03 sshd[8711]: User guest not allowed because account is locked
Apr 18 15:37:24 a952d0d9ca03 sshd[8711]: error: Could not get shadow information for NOUSER
Apr 18 15:37:24 a952d0d9ca03 sshd[8711]: Failed none for invalid user guest from 172.30.185.4 port 44468 ssh2
Apr 18 15:37:24 a952d0d9ca03 sshd[8711]: Failed password for invalid user guest from 172.30.185.4 port 44468 ssh2
Apr 18 15:37:24 a952d0d9ca03 sshd[8714]: Invalid user validator from 172.30.185.5 port 57744
Apr 18 15:37:24 a952d0d9ca03 sshd[8714]: error: Could not get shadow information for NOUSER
Apr 18 15:37:24 a952d0d9ca03 sshd[8711]: Connection closed by invalid user guest 172.30.185.4 port 44468 [preauth]
Apr 18 15:37:24 a952d0d9ca03 sshd[8714]: Failed none for invalid user validator from 172.30.185.5 port 57744 ssh2
Apr 18 15:37:24 a952d0d9ca03 sshd[8714]: Failed password for invalid user validator from 172.30.185.5 port 57744 ssh2
Apr 18 15:37:24 a952d0d9ca03 sshd[8714]: Connection closed by invalid user validator 172.30.185.5 port 57744 [preauth]
Apr 18 15:37:24 a952d0d9ca03 sshd[8713]: Invalid user carmen from 172.30.185.3 port 44838
Apr 18 15:37:24 a952d0d9ca03 sshd[8713]: error: Could not get shadow information for NOUSER
Apr 18 15:37:24 a952d0d9ca03 sshd[8713]: Failed none for invalid user carmen from 172.30.185.3 port 44838 ssh2
Apr 18 15:37:24 a952d0d9ca03 sshd[8713]: Failed password for invalid user carmen from 172.30.185.3 port 44838 ssh2
Apr 18 15:37:24 a952d0d9ca03 sshd[8713]: Connection closed by invalid user carmen 172.30.185.3 port 44838 [preauth]
Apr 18 15:37:24 a952d0d9ca03 sshd[8717]: User guest not allowed because account is locked
Apr 18 15:37:24 a952d0d9ca03 sshd[8717]: error: Could not get shadow information for NOUSER
Apr 18 15:37:24 a952d0d9ca03 sshd[8717]: Failed none for invalid user guest from 172.30.185.4 port 44472 ssh2
Apr 18 15:37:24 a952d0d9ca03 sshd[8719]: Invalid user coder from 172.30.185.5 port 57758
Apr 18 15:37:24 a952d0d9ca03 sshd[8717]: Failed password for invalid user guest from 172.30.185.4 port 44472 ssh2
Apr 18 15:37:24 a952d0d9ca03 sshd[8719]: error: Could not get shadow information for NOUSER
Apr 18 15:37:24 a952d0d9ca03 sshd[8719]: Failed none for invalid user coder from 172.30.185.5 port 57758 ssh2
Apr 18 15:37:24 a952d0d9ca03 sshd[8717]: Connection closed by invalid user guest 172.30.185.4 port 44472 [preauth]
Apr 18 15:37:24 a952d0d9ca03 sshd[8719]: Failed password for invalid user coder from 172.30.185.5 port 57758 ssh2
Apr 18 15:37:24 a952d0d9ca03 sshd[8719]: Connection closed by invalid user coder 172.30.185.5 port 57758 [preauth]
Apr 18 15:37:24 a952d0d9ca03 sshd[8721]: Invalid user carmen from 172.30.185.3 port 44848
Apr 18 15:37:24 a952d0d9ca03 sshd[8721]: error: Could not get shadow information for NOUSER
Apr 18 15:37:24 a952d0d9ca03 sshd[8721]: Failed none for invalid user carmen from 172.30.185.3 port 44848 ssh2
Apr 18 15:37:24 a952d0d9ca03 sshd[8721]: Failed password for invalid user carmen from 172.30.185.3 port 44848 ssh2
Apr 18 15:37:24 a952d0d9ca03 sshd[8721]: Connection closed by invalid user carmen 172.30.185.3 port 44848 [preauth]
Apr 18 15:37:24 a952d0d9ca03 sshd[8723]: User guest not allowed because account is locked
Apr 18 15:37:24 a952d0d9ca03 sshd[8723]: error: Could not get shadow information for NOUSER
Apr 18 15:37:24 a952d0d9ca03 sshd[8723]: Failed none for invalid user guest from 172.30.185.4 port 44482 ssh2
Apr 18 15:37:24 a952d0d9ca03 sshd[8725]: Invalid user coder from 172.30.185.5 port 57760
Apr 18 15:37:24 a952d0d9ca03 sshd[8725]: error: Could not get shadow information for NOUSER
Apr 18 15:37:24 a952d0d9ca03 sshd[8725]: Failed none for invalid user coder from 172.30.185.5 port 57760 ssh2
Apr 18 15:37:24 a952d0d9ca03 sshd[8723]: Failed password for invalid user guest from 172.30.185.4 port 44482 ssh2
Apr 18 15:37:24 a952d0d9ca03 sshd[8723]: Connection closed by invalid user guest 172.30.185.4 port 44482 [preauth]
Apr 18 15:37:24 a952d0d9ca03 sshd[8725]: Failed password for invalid user coder from 172.30.185.5 port 57760 ssh2
Apr 18 15:37:24 a952d0d9ca03 sshd[8725]: Connection closed by invalid user coder 172.30.185.5 port 57760 [preauth]
Apr 18 15:37:24 a952d0d9ca03 sshd[8728]: Invalid user coder from 172.30.185.5 port 57764
Apr 18 15:37:24 a952d0d9ca03 sshd[8727]: User guest not allowed because account is locked
Apr 18 15:37:24 a952d0d9ca03 sshd[8727]: error: Could not get shadow information for NOUSER
Apr 18 15:37:24 a952d0d9ca03 sshd[8728]: error: Could not get shadow information for NOUSER
Apr 18 15:37:24 a952d0d9ca03 sshd[8727]: Failed none for invalid user guest from 172.30.185.4 port 44488 ssh2
