Apr 18 15:33:46 a952d0d9ca03 sshd[208]: Failed none for invalid user yangy from 172.30.185.14 port 39968 ssh2
Apr 18 15:33:46 a952d0d9ca03 sshd[209]: Invalid user jb from 172.30.185.13 port 53620
Apr 18 15:33:46 a952d0d9ca03 sshd[209]: error: Could not get shadow information for NOUSER
Apr 18 15:33:46 a952d0d9ca03 sshd[212]: Failed password for invalid user testftp from 172.30.185.15 port 36522 ssh2
Apr 18 15:33:46 a952d0d9ca03 sshd[209]: Failed none for invalid user jb from 172.30.185.13 port 53620 ssh2
Apr 18 15:33:46 a952d0d9ca03 sshd[208]: Failed password for invalid user yangy from 172.30.185.14 port 39968 ssh2
Apr 18 15:33:46 a952d0d9ca03 sshd[212]: Connection closed by invalid user testftp 172.30.185.15 port 36522 [preauth]
Apr 18 15:33:46 a952d0d9ca03 sshd[208]: Connection closed by invalid user yangy 172.30.185.14 port 39968 [preauth]
Apr 18 15:33:46 a952d0d9ca03 sshd[209]: Failed password for invalid user jb from 172.30.185.13 port 53620 ssh2
Apr 18 15:33:46 a952d0d9ca03 sshd[218]: Invalid user RPM from 172.30.185.10 port 44188
Apr 18 15:33:46 a952d0d9ca03 sshd[218]: error: Could not get shadow information for NOUSER
Apr 18 15:33:46 a952d0d9ca03 sshd[218]: Failed none for invalid user RPM from 172.30.185.10 port 44188 ssh2
Apr 18 15:33:46 a952d0d9ca03 sshd[209]: Connection closed by invalid user jb 172.30.185.13 port 53620 [preauth]
Apr 18 15:33:46 a952d0d9ca03 sshd[214]: Invalid user binance from 172.30.185.11 port 48854
Apr 18 15:33:46 a952d0d9ca03 sshd[214]: error: Could not get shadow information for NOUSER
Apr 18 15:33:46 a952d0d9ca03 sshd[214]: Failed none for invalid user binance from 172.30.185.11 port 48854 ssh2
Apr 18 15:33:46 a952d0d9ca03 sshd[218]: Failed password for invalid user RPM from 172.30.185.10 port 44188 ssh2
Apr 18 15:33:46 a952d0d9ca03 sshd[218]: Connection closed by invalid user RPM 172.30.185.10 port 44188 [preauth]
Apr 18 15:33:46 a952d0d9ca03 sshd[214]: Failed password for invalid user binance from 172.30.185.11 port 48854 ssh2
Apr 18 15:33:46 a952d0d9ca03 sshd[214]: Connection closed by invalid user binance 172.30.185.11 port 48854 [preauth]
Apr 18 15:33:46 a952d0d9ca03 sshd[216]: Invalid user jose from 172.30.185.12 port 47946
Apr 18 15:33:46 a952d0d9ca03 sshd[216]: error: Could not get shadow information for NOUSER
Apr 18 15:33:46 a952d0d9ca03 sshd[216]: Failed none for invalid user jose from 172.30.185.12 port 47946 ssh2
Apr 18 15:33:46 a952d0d9ca03 sshd[220]: Invalid user ospite from 172.30.185.16 port 56444
Apr 18 15:33:46 a952d0d9ca03 sshd[220]: error: Could not get shadow information for NOUSER
Apr 18 15:33:46 a952d0d9ca03 sshd[220]: Failed none for invalid user ospite from 172.30.185.16 port 56444 ssh2
Apr 18 15:33:46 a952d0d9ca03 sshd[216]: Failed password for invalid user jose from 172.30.185.12 port 47946 ssh2
Apr 18 15:33:46 a952d0d9ca03 sshd[216]: Connection closed by invalid user jose 172.30.185.12 port 47946 [preauth]
Apr 18 15:33:46 a952d0d9ca03 sshd[220]: Failed password for invalid user ospite from 172.30.185.16 port 56444 ssh2
Apr 18 15:33:46 a952d0d9ca03 sshd[220]: Connection closed by invalid user ospite 172.30.185.16 port 56444 [preauth]
Apr 18 15:33:46 a952d0d9ca03 sshd[222]: Invalid user testftp from 172.30.185.15 port 36532
Apr 18 15:33:46 a952d0d9ca03 sshd[222]: error: Could not get shadow information for NOUSER
Apr 18 15:33:46 a952d0d9ca03 sshd[222]: Failed none for invalid user testftp from 172.30.185.15 port 36532 ssh2
Apr 18 15:33:46 a952d0d9ca03 sshd[222]: Failed password for invalid user testftp from 172.30.185.15 port 36532 ssh2
Apr 18 15:33:46 a952d0d9ca03 sshd[222]: Connection closed by invalid user testftp 172.30.185.15 port 36532 [preauth]
Apr 18 15:33:46 a952d0d9ca03 sshd[230]: Invalid user binance from 172.30.185.11 port 48870
Apr 18 15:33:46 a952d0d9ca03 sshd[230]: error: Could not get shadow information for NOUSER
Apr 18 15:33:46 a952d0d9ca03 sshd[223]: Invalid user yangy from 172.30.185.14 port 39980
Apr 18 15:33:46 a952d0d9ca03 sshd[223]: error: Could not get shadow information for NOUSER
Apr 18 15:33:46 a952d0d9ca03 sshd[230]: Failed none for invalid user binance from 172.30.185.11 port 48870 ssh2
Apr 18 15:33:46 a952d0d9ca03 sshd[223]: Failed none for invalid user yangy from 172.30.185.14 port 39980 ssh2
Apr 18 15:33:46 a952d0d9ca03 sshd[230]: Failed password for invalid user binance from 172.30.185.11 port 48870 ssh2
Apr 18 15:33:46 a952d0d9ca03 sshd[223]: Failed password for invalid user yangy from 172.30.185.14 port 39980 ssh2
Apr 18 15:33:46 a952d0d9ca03 sshd[226]: Invalid user jb from 172.30.185.13 port 53622
Apr 18 15:33:46 a952d0d9ca03 sshd[230]: Connection closed by invalid user binance 172.30.185.11 port 48870 [preauth]
Apr 18 15:33:46 a952d0d9ca03 sshd[226]: error: Could not get shadow information for NOUSER
Apr 18 15:33:46 a952d0d9ca03 sshd[223]: Connection closed by invalid user yangy 172.30.185.14 port 39980 [preauth]
Apr 18 15:33:46 a952d0d9ca03 sshd[226]: Failed none for invalid user jb from 172.30.185.13 port 53622 ssh2
Apr 18 15:33:46 a952d0d9ca03 sshd[228]: Invalid user RPM from 172.30.185.10 port 44194
Apr 18 15:33:46 a952d0d9ca03 sshd[228]: error: Could not get shadow information for NOUSER
Apr 18 15:33:46 a952d0d9ca03 sshd[226]: Failed password for invalid user jb from 172.30.185.13 port 53622 ssh2
Apr 18 15:33:46 a952d0d9ca03 sshd[228]: Failed none for invalid user RPM from 172.30.185.10 port 44194 ssh2
Apr 18 15:33:46 a952d0d9ca03 sshd[226]: Connection closed by invalid user jb 172.30.185.13 port 53622 [preauth]
Apr 18 15:33:46 a952d0d9ca03 sshd[228]: Failed password for invalid user RPM from 172.30.185.10 port 44194 ssh2
Apr 18 15:33:46 a952d0d9ca03 sshd[232]: Invalid user jose from 172.30.185.12 port 47956
Apr 18 15:33:46 a952d0d9ca03 sshd[232]: error: Could not get shadow information for NOUSER
Apr 18 15:33:46 a952d0d9ca03 sshd[228]: Connection closed by invalid user RPM 172.30.185.10 port 44194 [preauth]
Apr 18 15:33:46 a952d0d9ca03 sshd[232]: Failed none for invalid user jose from 172.30.185.12 port 47956 ssh2
Apr 18 15:33:46 a952d0d9ca03 sshd[232]: Failed password for invalid user jose from 172.30.185.12 port 47956 ssh2
Apr 18 15:33:46 a952d0d9ca03 sshd[232]: Connection closed by invalid user jose 172.30.185.12 port 47956 [preauth]
Apr 18 15:33:46 a952d0d9ca03 sshd[234]: Invalid user ospite from 172.30.185.16 port 56452
Apr 18 15:33:46 a952d0d9ca03 sshd[234]: error: Could not get shadow information for NOUSER
Apr 18 15:33:46 a952d0d9ca03 sshd[234]: Failed none for invalid user ospite from 172.30.185.16 port 56452 ssh2
Apr 18 15:33:46 a952d0d9ca03 sshd[236]: Invalid user wang from 172.30.185.17 port 34462
Apr 18 15:33:46 a952d0d9ca03 sshd[236]: error: Could not get shadow information for NOUSER
Apr 18 15:33:46 a952d0d9ca03 sshd[234]: Failed password for invalid user ospite from 172.30.185.16 port 56452 ssh2
Apr 18 15:33:46 a952d0d9ca03 sshd[236]: Failed none for invalid user wang from 172.30.185.17 port 34462 ssh2
Apr 18 15:33:46 a952d0d9ca03 sshd[234]: Connection closed by invalid user ospite 172.30.185.16 port 56452 [preauth]
Apr 18 15:33:46 a952d0d9ca03 sshd[236]: Failed password for invalid user wang from 172.30.185.17 port 34462 ssh2
Apr 18 15:33:46 a952d0d9ca03 sshd[236]: Connection closed by invalid user wang 172.30.185.17 port 34462 [preauth]
Apr 18 15:33:46 a952d0d9ca03 sshd[238]: Invalid user testftp from 172.30.185.15 port 32886
Apr 18 15:33:46 a952d0d9ca03 sshd[238]: error: Could not get shadow information for NOUSER
Apr 18 15:33:46 a952d0d9ca03 sshd[238]: Failed none for invalid user testftp from 172.30.185.15 port 32886 ssh2
Apr 18 15:33:46 a952d0d9ca03 sshd[238]: Failed password for invalid user testftp from 172.30.185.15 port 32886 ssh2
Apr 18 15:33:46 a952d0d9ca03 sshd[238]: Connection closed by invalid user testftp 172.30.185.15 port 32886 [preauth]
Apr 18 15:33:46 a952d0d9ca03 sshd[241]: Invalid user yangy from 172.30.185.14 port 52254
Apr 18 15:33:46 a952d0d9ca03 sshd[241]: error: Could not get shadow information for NOUSER
Apr 18 15:33:46 a952d0d9ca03 sshd[240]: Invalid user binance from 172.30.185.11 port 53152
Apr 18 15:33:46 a952d0d9ca03 sshd[241]: Failed none for invalid user yangy from 172.30.185.14 port 52254 ssh2
Apr 18 15:33:46 a952d0d9ca03 sshd[240]: error: Could not get shadow information for NOUSER
Apr 18 15:33:46 a952d0d9ca03 sshd[240]: Failed none for invalid user binance from 172.30.185.11 port 53152 ssh2
Apr 18 15:33:46 a952d0d9ca03 sshd[241]: Failed password for invalid user yangy from 172.30.185.14 port 52254 ssh2
Apr 18 15:33:46 a952d0d9ca03 sshd[240]: Failed password for invalid user binance from 172.30.185.11 port 53152 ssh2
Apr 18 15:33:46 a952d0d9ca03 sshd[241]: Connection closed by invalid user yangy 172.30.185.14 port 52254 [preauth]
Apr 18 15:33:46 a952d0d9ca03 sshd[240]: Connection closed by invalid user binance 172.30.185.11 port 53152 [preauth]
Apr 18 15:33:46 a952d0d9ca03 sshd[244]: Invalid user jb from 172.30.185.13 port 41772
Apr 18 15:33:46 a952d0d9ca03 sshd[244]: error: Could not get shadow information for NOUSER
Apr 18 15:33:46 a952d0d9ca03 sshd[244]: Failed none for invalid user jb from 172.30.185.13 port 41772 ssh2
Apr 18 15:33:46 a952d0d9ca03 sshd[244]: Failed password for invalid user jb from 172.30.185.13 port 41772 ssh2
Apr 18 15:33:46 a952d0d9ca03 sshd[246]: Invalid user jose from 172.30.185.12 port 34324
Apr 18 15:33:46 a952d0d9ca03 sshd[246]: error: Could not get shadow information for NOUSER
Apr 18 15:33:46 a952d0d9ca03 sshd[244]: Connection closed by invalid user jb 172.30.185.13 port 41772 [preauth]
Apr 18 15:33:46 a952d0d9ca03 sshd[246]: Failed none for invalid user jose from 172.30.185.12 port 34324 ssh2
Apr 18 15:33:46 a952d0d9ca03 sshd[246]: Failed password for invalid user jose from 172.30.185.12 port 34324 ssh2
Apr 18 15:33:46 a952d0d9ca03 sshd[246]: Connection closed by invalid user jose 172.30.185.12 port 34324 [preauth]
Apr 18 15:33:46 a952d0d9ca03 sshd[250]: Invalid user wang from 172.30.185.17 port 55644
Apr 18 15:33:46 a952d0d9ca03 sshd[250]: error: Could not get shadow information for NOUSER
Apr 18 15:33:46 a952d0d9ca03 sshd[250]: Failed none for invalid user wang from 172.30.185.17 port 55644 ssh2
Apr 18 15:33:46 a952d0d9ca03 sshd[248]: Invalid user ospite from 172.30.185.16 port 43884
Apr 18 15:33:46 a952d0d9ca03 sshd[248]: error: Could not get shadow information for NOUSER
Apr 18 15:33:46 a952d0d9ca03 sshd[248]: Failed none for invalid user ospite from 172.30.185.16 port 43884 ssh2
Apr 18 15:33:46 a952d0d9ca03 sshd[250]: Failed password for invalid user wang from 172.30.185.17 port 55644 ssh2
Apr 18 15:33:46 a952d0d9ca03 sshd[250]: Connection closed by invalid user wang 172.30.185.17 port 55644 [preauth]
Apr 18 15:33:46 a952d0d9ca03 sshd[248]: Failed password for invalid user ospite from 172.30.185.16 port 43884 ssh2
Apr 18 15:33:46 a952d0d9ca03 sshd[248]: Connection closed by invalid user ospite 172.30.185.16 port 43884 [preauth]
Apr 18 15:33:46 a952d0d9ca03 sshd[252]: Invalid user mysql from 172.30.185.18 port 49382
Apr 18 15:33:46 a952d0d9ca03 sshd[252]: error: Could not get shadow information for NOUSER
Apr 18 15:33:46 a952d0d9ca03 sshd[252]: Failed none for invalid user mysql from 172.30.185.18 port 49382 ssh2
Apr 18 15:33:46 a952d0d9ca03 sshd[252]: Failed password for invalid user mysql from 172.30.185.18 port 49382 ssh2
Apr 18 15:33:46 a952d0d9ca03 sshd[252]: Connection closed by invalid user mysql 172.30.185.18 port 49382 [preauth]
Apr 18 15:33:46 a952d0d9ca03 sshd[254]: Invalid user testftp from 172.30.185.15 port 32890
Apr 18 15:33:46 a952d0d9ca03 sshd[254]: error: Could not get shadow information for NOUSER
Apr 18 15:33:46 a952d0d9ca03 sshd[254]: Failed none for invalid user testftp from 172.30.185.15 port 32890 ssh2
Apr 18 15:33:46 a952d0d9ca03 sshd[254]: Failed password for invalid user testftp from 172.30.185.15 port 32890 ssh2
Apr 18 15:33:46 a952d0d9ca03 sshd[254]: Connection closed by invalid user testftp 172.30.185.15 port 32890 [preauth]
Apr 18 15:33:47 a952d0d9ca03 sshd[256]: Invalid user yangy from 172.30.185.14 port 52256
Apr 18 15:33:47 a952d0d9ca03 sshd[256]: error: Could not get shadow information for NOUSER
Apr 18 15:33:47 a952d0d9ca03 sshd[256]: Failed none for invalid user yangy from 172.30.185.14 port 52256 ssh2
Apr 18 15:33:47 a952d0d9ca03 sshd[258]: Invalid user jb from 172.30.185.13 port 41782
Apr 18 15:33:47 a952d0d9ca03 sshd[258]: error: Could not get shadow information for NOUSER
Apr 18 15:33:47 a952d0d9ca03 sshd[258]: Failed none for invalid user jb from 172.30.185.13 port 41782 ssh2
Apr 18 15:33:47 a952d0d9ca03 sshd[256]: Failed password for invalid user yangy from 172.30.185.14 port 52256 ssh2
Apr 18 15:33:47 a952d0d9ca03 sshd[256]: Connection closed by invalid user yangy 172.30.185.14 port 52256 [preauth]
Apr 18 15:33:47 a952d0d9ca03 sshd[258]: Failed password for invalid user jb from 172.30.185.13 port 41782 ssh2
Apr 18 15:33:47 a952d0d9ca03 sshd[258]: Connection closed by invalid user jb 172.30.185.13 port 41782 [preauth]
Apr 18 15:33:47 a952d0d9ca03 sshd[260]: Invalid user jose from 172.30.185.12 port 34328
Apr 18 15:33:47 a952d0d9ca03 sshd[260]: error: Could not get shadow information for NOUSER
Apr 18 15:33:47 a952d0d9ca03 sshd[260]: Failed none for invalid user jose from 172.30.185.12 port 34328 ssh2
Apr 18 15:33:47 a952d0d9ca03 sshd[262]: Invalid user wang from 172.30.185.17 port 55660
Apr 18 15:33:47 a952d0d9ca03 sshd[262]: error: Could not get shadow information for NOUSER
Apr 18 15:33:47 a952d0d9ca03 sshd[262]: Failed none for invalid user wang from 172.30.185.17 port 55660 ssh2
Apr 18 15:33:47 a952d0d9ca03 sshd[260]: Failed password for invalid user jose from 172.30.185.12 port 34328 ssh2
Apr 18 15:33:47 a952d0d9ca03 sshd[260]: Connection closed by invalid user jose 172.30.185.12 port 34328 [preauth]
Apr 18 15:33:47 a952d0d9ca03 sshd[262]: Failed password for invalid user wang from 172.30.185.17 port 55660 ssh2
Apr 18 15:33:47 a952d0d9ca03 sshd[262]: Connection closed by invalid user wang 172.30.185.17 port 55660 [preauth]
Apr 18 15:33:47 a952d0d9ca03 sshd[266]: Invalid user mysql from 172.30.185.18 port 49394
Apr 18 15:33:47 a952d0d9ca03 sshd[266]: error: Could not get shadow information for NOUSER
Apr 18 15:33:47 a952d0d9ca03 sshd[264]: Invalid user ospite from 172.30.185.16 port 43894
Apr 18 15:33:47 a952d0d9ca03 sshd[264]: error: Could not get shadow information for NOUSER
Apr 18 15:33:47 a952d0d9ca03 sshd[264]: Failed none for invalid user ospite from 172.30.185.16 port 43894 ssh2
Apr 18 15:33:47 a952d0d9ca03 sshd[266]: Failed none for invalid user mysql from 172.30.185.18 port 49394 ssh2
Apr 18 15:33:47 a952d0d9ca03 sshd[266]: Failed password for invalid user mysql from 172.30.185.18 port 49394 ssh2
Apr 18 15:33:47 a952d0d9ca03 sshd[264]: Failed password for invalid user ospite from 172.30.185.16 port 43894 ssh2
Apr 18 15:33:47 a952d0d9ca03 sshd[266]: Connection closed by invalid user mysql 172.30.185.18 port 49394 [preauth]
Apr 18 15:33:47 a952d0d9ca03 sshd[264]: Connection closed by invalid user ospite 172.30.185.16 port 43894 [preauth]
Apr 18 15:33:47 a952d0d9ca03 sshd[268]: Invalid user xiaolong from 172.30.185.19 port 40742
Apr 18 15:33:47 a952d0d9ca03 sshd[270]: Invalid user testftp from 172.30.185.15 port 32906
Apr 18 15:33:47 a952d0d9ca03 sshd[268]: error: Could not get shadow information for NOUSER
Apr 18 15:33:47 a952d0d9ca03 sshd[270]: error: Could not get shadow information for NOUSER
Apr 18 15:33:47 a952d0d9ca03 sshd[270]: Failed none for invalid user testftp from 172.30.185.15 port 32906 ssh2
Apr 18 15:33:47 a952d0d9ca03 sshd[268]: Failed none for invalid user xiaolong from 172.30.185.19 port 40742 ssh2
Apr 18 15:33:47 a952d0d9ca03 sshd[270]: Failed password for invalid user testftp from 172.30.185.15 port 32906 ssh2
Apr 18 15:33:47 a952d0d9ca03 sshd[268]: Failed password for invalid user xiaolong from 172.30.185.19 port 40742 ssh2
Apr 18 15:33:47 a952d0d9ca03 sshd[270]: Connection closed by invalid user testftp 172.30.185.15 port 32906 [preauth]
Apr 18 15:33:47 a952d0d9ca03 sshd[268]: Connection closed by invalid user xiaolong 172.30.185.19 port 40742 [preauth]
Apr 18 15:33:47 a952d0d9ca03 sshd[272]: Invalid user yangy from 172.30.185.14 port 52258
Apr 18 15:33:47 a952d0d9ca03 sshd[272]: error: Could not get shadow information for NOUSER
Apr 18 15:33:47 a952d0d9ca03 sshd[272]: Failed none for invalid user yangy from 172.30.185.14 port 52258 ssh2
Apr 18 15:33:47 a952d0d9ca03 sshd[274]: Invalid user jb from 172.30.185.13 port 41796
Apr 18 15:33:47 a952d0d9ca03 sshd[274]: error: Could not get shadow information for NOUSER
Apr 18 15:33:47 a952d0d9ca03 sshd[274]: Failed none for invalid user jb from 172.30.185.13 port 41796 ssh2
Apr 18 15:33:47 a952d0d9ca03 sshd[272]: Failed password for invalid user yangy from 172.30.185.14 port 52258 ssh2
Apr 18 15:33:47 a952d0d9ca03 sshd[272]: Connection closed by invalid user yangy 172.30.185.14 port 52258 [preauth]
Apr 18 15:33:47 a952d0d9ca03 sshd[274]: Failed password for invalid user jb from 172.30.185.13 port 41796 ssh2
Apr 18 15:33:47 a952d0d9ca03 sshd[274]: Connection closed by invalid user jb 172.30.185.13 port 41796 [preauth]
Apr 18 15:33:47 a952d0d9ca03 sshd[276]: Invalid user wang from 172.30.185.17 port 55676
Apr 18 15:33:47 a952d0d9ca03 sshd[276]: error: Could not get shadow information for NOUSER
Apr 18 15:33:47 a952d0d9ca03 sshd[276]: Failed none for invalid user wang from 172.30.185.17 port 55676 ssh2
Apr 18 15:33:47 a952d0d9ca03 sshd[276]: Failed password for invalid user wang from 172.30.185.17 port 55676 ssh2
Apr 18 15:33:47 a952d0d9ca03 sshd[276]: Connection closed by invalid user wang 172.30.185.17 port 55676 [preauth]
Apr 18 15:33:47 a952d0d9ca03 sshd[278]: Invalid user mysql from 172.30.185.18 port 49396
Apr 18 15:33:47 a952d0d9ca03 sshd[278]: error: Could not get shadow information for NOUSER
Apr 18 15:33:47 a952d0d9ca03 sshd[279]: Invalid user ospite from 172.30.185.16 port 43908
Apr 18 15:33:47 a952d0d9ca03 sshd[279]: error: Could not get shadow information for NOUSER
Apr 18 15:33:47 a952d0d9ca03 sshd[278]: Failed none for invalid user mysql from 172.30.185.18 port 49396 ssh2
Apr 18 15:33:47 a952d0d9ca03 sshd[279]: Failed none for invalid user ospite from 172.30.185.16 port 43908 ssh2
Apr 18 15:33:47 a952d0d9ca03 sshd[278]: Failed password for invalid user mysql from 172.30.185.18 port 49396 ssh2
Apr 18 15:33:47 a952d0d9ca03 sshd[279]: Failed password for invalid user ospite from 172.30.185.16 port 43908 ssh2
Apr 18 15:33:47 a952d0d9ca03 sshd[278]: Connection closed by invalid user mysql 172.30.185.18 port 49396 [preauth]
Apr 18 15:33:47 a952d0d9ca03 sshd[279]: Connection closed by invalid user ospite 172.30.185.16 port 43908 [preauth]
Apr 18 15:33:47 a952d0d9ca03 sshd[282]: Invalid user testftp from 172.30.185.15 port 32922
Apr 18 15:33:47 a952d0d9ca03 sshd[282]: error: Could not get shadow information for NOUSER
Apr 18 15:33:47 a952d0d9ca03 sshd[282]: Failed none for invalid user testftp from 172.30.185.15 port 32922 ssh2
Apr 18 15:33:47 a952d0d9ca03 sshd[283]: Invalid user xiaolong from 172.30.185.19 port 40752
Apr 18 15:33:47 a952d0d9ca03 sshd[283]: error: Could not get shadow information for NOUSER
Apr 18 15:33:47 a952d0d9ca03 sshd[283]: Failed none for invalid user xiaolong from 172.30.185.19 port 40752 ssh2
Apr 18 15:33:47 a952d0d9ca03 sshd[282]: Failed password for invalid user testftp from 172.30.185.15 port 32922 ssh2
Apr 18 15:33:47 a952d0d9ca03 sshd[283]: Failed password for invalid user xiaolong from 172.30.185.19 port 40752 ssh2
Apr 18 15:33:47 a952d0d9ca03 sshd[282]: Connection closed by invalid user testftp 172.30.185.15 port 32922 [preauth]
Apr 18 15:33:47 a952d0d9ca03 sshd[283]: Connection closed by invalid user xiaolong 172.30.185.19 port 40752 [preauth]
Apr 18 15:33:47 a952d0d9ca03 sshd[286]: Invalid user shib from 172.30.185.20 port 47050
Apr 18 15:33:47 a952d0d9ca03 sshd[286]: error: Could not get shadow information for NOUSER
Apr 18 15:33:47 a952d0d9ca03 sshd[286]: Failed none for invalid user shib from 172.30.185.20 port 47050 ssh2
Apr 18 15:33:47 a952d0d9ca03 sshd[286]: Failed password for invalid user shib from 172.30.185.20 port 47050 ssh2
Apr 18 15:33:47 a952d0d9ca03 sshd[286]: Connection closed by invalid user shib 172.30.185.20 port 47050 [preauth]
Apr 18 15:33:47 a952d0d9ca03 sshd[288]: Invalid user yangy from 172.30.185.14 port 52264
Apr 18 15:33:47 a952d0d9ca03 sshd[288]: error: Could not get shadow information for NOUSER
Apr 18 15:33:47 a952d0d9ca03 sshd[288]: Failed none for invalid user yangy from 172.30.185.14 port 52264 ssh2
Apr 18 15:33:47 a952d0d9ca03 sshd[290]: Invalid user jb from 172.30.185.13 port 41806
Apr 18 15:33:47 a952d0d9ca03 sshd[290]: error: Could not get shadow information for NOUSER
Apr 18 15:33:47 a952d0d9ca03 sshd[290]: Failed none for invalid user jb from 172.30.185.13 port 41806 ssh2
Apr 18 15:33:47 a952d0d9ca03 sshd[288]: Failed password for invalid user yangy from 172.30.185.14 port 52264 ssh2
Apr 18 15:33:47 a952d0d9ca03 sshd[288]: Connection closed by invalid user yangy 172.30.185.14 port 52264 [preauth]
Apr 18 15:33:47 a952d0d9ca03 sshd[290]: Failed password for invalid user jb from 172.30.185.13 port 41806 ssh2
Apr 18 15:33:47 a952d0d9ca03 sshd[290]: Connection closed by invalid user jb 172.30.185.13 port 41806 [preauth]
Apr 18 15:33:47 a952d0d9ca03 sshd[295]: Invalid user ospite from 172.30.185.16 port 43918
Apr 18 15:33:47 a952d0d9ca03 sshd[295]: error: Could not get shadow information for NOUSER
Apr 18 15:33:47 a952d0d9ca03 sshd[292]: Invalid user wang from 172.30.185.17 port 55682
Apr 18 15:33:47 a952d0d9ca03 sshd[292]: error: Could not get shadow information for NOUSER
Apr 18 15:33:47 a952d0d9ca03 sshd[295]: Failed none for invalid user ospite from 172.30.185.16 port 43918 ssh2
Apr 18 15:33:47 a952d0d9ca03 sshd[292]: Failed none for invalid user wang from 172.30.185.17 port 55682 ssh2
Apr 18 15:33:47 a952d0d9ca03 sshd[295]: Failed password for invalid user ospite from 172.30.185.16 port 43918 ssh2
Apr 18 15:33:47 a952d0d9ca03 sshd[295]: Connection closed by invalid user ospite 172.30.185.16 port 43918 [preauth]
Apr 18 15:33:47 a952d0d9ca03 sshd[292]: Failed password for invalid user wang from 172.30.185.17 port 55682 ssh2
Apr 18 15:33:47 a952d0d9ca03 sshd[292]: Connection closed by invalid user wang 172.30.185.17 port 55682 [preauth]
Apr 18 15:33:47 a952d0d9ca03 sshd[294]: Invalid user mysql from 172.30.185.18 port 49406
Apr 18 15:33:47 a952d0d9ca03 sshd[294]: error: Could not get shadow information for NOUSER
Apr 18 15:33:47 a952d0d9ca03 sshd[294]: Failed none for invalid user mysql from 172.30.185.18 port 49406 ssh2
Apr 18 15:33:47 a952d0d9ca03 sshd[294]: Failed password for invalid user mysql from 172.30.185.18 port 49406 ssh2
Apr 18 15:33:47 a952d0d9ca03 sshd[298]: Invalid user testftp from 172.30.185.15 port 32928
Apr 18 15:33:47 a952d0d9ca03 sshd[298]: error: Could not get shadow information for NOUSER
Apr 18 15:33:47 a952d0d9ca03 sshd[298]: Failed none for invalid user testftp from 172.30.185.15 port 32928 ssh2
Apr 18 15:33:47 a952d0d9ca03 sshd[294]: Connection closed by invalid user mysql 172.30.185.18 port 49406 [preauth]
Apr 18 15:33:47 a952d0d9ca03 sshd[298]: Failed password for invalid user testftp from 172.30.185.15 port 32928 ssh2
Apr 18 15:33:47 a952d0d9ca03 sshd[299]: Invalid user xiaolong from 172.30.185.19 port 40758
Apr 18 15:33:47 a952d0d9ca03 sshd[298]: Connection closed by invalid user testftp 172.30.185.15 port 32928 [preauth]
Apr 18 15:33:47 a952d0d9ca03 sshd[299]: error: Could not get shadow information for NOUSER
Apr 18 15:33:47 a952d0d9ca03 sshd[299]: Failed none for invalid user xiaolong from 172.30.185.19 port 40758 ssh2
Apr 18 15:33:47 a952d0d9ca03 sshd[299]: Failed password for invalid user xiaolong from 172.30.185.19 port 40758 ssh2
Apr 18 15:33:47 a952d0d9ca03 sshd[299]: Connection closed by invalid user xiaolong 172.30.185.19 port 40758 [preauth]
Apr 18 15:33:47 a952d0d9ca03 sshd[304]: Invalid user yangy from 172.30.185.14 port 52268
Apr 18 15:33:47 a952d0d9ca03 sshd[304]: error: Could not get shadow information for NOUSER
Apr 18 15:33:47 a952d0d9ca03 sshd[304]: Failed none for invalid user yangy from 172.30.185.14 port 52268 ssh2
Apr 18 15:33:47 a952d0d9ca03 sshd[302]: Invalid user shib from 172.30.185.20 port 47062
Apr 18 15:33:47 a952d0d9ca03 sshd[302]: error: Could not get shadow information for NOUSER
Apr 18 15:33:47 a952d0d9ca03 sshd[302]: Failed none for invalid user shib from 172.30.185.20 port 47062 ssh2
Apr 18 15:33:47 a952d0d9ca03 sshd[304]: Failed password for invalid user yangy from 172.30.185.14 port 52268 ssh2
Apr 18 15:33:47 a952d0d9ca03 sshd[302]: Failed password for invalid user shib from 172.30.185.20 port 47062 ssh2
Apr 18 15:33:47 a952d0d9ca03 sshd[304]: Connection closed by invalid user yangy 172.30.185.14 port 52268 [preauth]
Apr 18 15:33:47 a952d0d9ca03 sshd[302]: Connection closed by invalid user shib 172.30.185.20 port 47062 [preauth]
Apr 18 15:33:47 a952d0d9ca03 sshd[306]: Invalid user ec2-user from 172.30.185.21 port 32830
Apr 18 15:33:47 a952d0d9ca03 sshd[306]: error: Could not get shadow information for NOUSER
Apr 18 15:33:47 a952d0d9ca03 sshd[306]: Failed none for invalid user ec2-user from 172.30.185.21 port 32830 ssh2
Apr 18 15:33:47 a952d0d9ca03 sshd[306]: Failed password for invalid user ec2-user from 172.30.185.21 port 32830 ssh2
Apr 18 15:33:47 a952d0d9ca03 sshd[308]: Invalid user ospite from 172.30.185.16 port 43932
Apr 18 15:33:47 a952d0d9ca03 sshd[306]: Connection closed by invalid user ec2-user 172.30.185.21 port 32830 [preauth]
Apr 18 15:33:47 a952d0d9ca03 sshd[308]: error: Could not get shadow information for NOUSER
Apr 18 15:33:47 a952d0d9ca03 sshd[308]: Failed none for invalid user ospite from 172.30.185.16 port 43932 ssh2
Apr 18 15:33:47 a952d0d9ca03 sshd[308]: Failed password for invalid user ospite from 172.30.185.16 port 43932 ssh2
Apr 18 15:33:47 a952d0d9ca03 sshd[309]: Invalid user wang from 172.30.185.17 port 55690
Apr 18 15:33:47 a952d0d9ca03 sshd[308]: Connection closed by invalid user ospite 172.30.185.16 port 43932 [preauth]
Apr 18 15:33:47 a952d0d9ca03 sshd[309]: error: Could not get shadow information for NOUSER
Apr 18 15:33:47 a952d0d9ca03 sshd[309]: Failed none for invalid user wang from 172.30.185.17 port 55690 ssh2
Apr 18 15:33:47 a952d0d9ca03 sshd[309]: Failed password for invalid user wang from 172.30.185.17 port 55690 ssh2
Apr 18 15:33:47 a952d0d9ca03 sshd[309]: Connection closed by invalid user wang 172.30.185.17 port 55690 [preauth]
Apr 18 15:33:48 a952d0d9ca03 sshd[316]: Invalid user xiaolong from 172.30.185.19 port 40760
Apr 18 15:33:48 a952d0d9ca03 sshd[316]: error: Could not get shadow information for NOUSER
Apr 18 15:33:48 a952d0d9ca03 sshd[312]: Invalid user mysql from 172.30.185.18 port 49414
Apr 18 15:33:48 a952d0d9ca03 sshd[316]: Failed none for invalid user xiaolong from 172.30.185.19 port 40760 ssh2
Apr 18 15:33:48 a952d0d9ca03 sshd[312]: error: Could not get shadow information for NOUSER
Apr 18 15:33:48 a952d0d9ca03 sshd[312]: Failed none for invalid user mysql from 172.30.185.18 port 49414 ssh2
Apr 18 15:33:48 a952d0d9ca03 sshd[314]: Invalid user testftp from 172.30.185.15 port 32942
Apr 18 15:33:48 a952d0d9ca03 sshd[316]: Failed password for invalid user xiaolong from 172.30.185.19 port 40760 ssh2
Apr 18 15:33:48 a952d0d9ca03 sshd[314]: error: Could not get shadow information for NOUSER
Apr 18 15:33:48 a952d0d9ca03 sshd[312]: Failed password for invalid user mysql from 172.30.185.18 port 49414 ssh2
Apr 18 15:33:48 a952d0d9ca03 sshd[314]: Failed none for invalid user testftp from 172.30.185.15 port 32942 ssh2
Apr 18 15:33:48 a952d0d9ca03 sshd[316]: Connection closed by invalid user xiaolong 172.30.185.19 port 40760 [preauth]
Apr 18 15:33:48 a952d0d9ca03 sshd[312]: Connection closed by invalid user mysql 172.30.185.18 port 49414 [preauth]
Apr 18 15:33:48 a952d0d9ca03 sshd[314]: Failed password for invalid user testftp from 172.30.185.15 port 32942 ssh2
Apr 18 15:33:48 a952d0d9ca03 sshd[314]: Connection closed by invalid user testftp 172.30.185.15 port 32942 [preauth]
Apr 18 15:33:48 a952d0d9ca03 sshd[318]: Invalid user shib from 172.30.185.20 port 47072
Apr 18 15:33:48 a952d0d9ca03 sshd[318]: error: Could not get shadow information for NOUSER
Apr 18 15:33:48 a952d0d9ca03 sshd[318]: Failed none for invalid user shib from 172.30.185.20 port 47072 ssh2
Apr 18 15:33:48 a952d0d9ca03 sshd[318]: Failed password for invalid user shib from 172.30.185.20 port 47072 ssh2
Apr 18 15:33:48 a952d0d9ca03 sshd[318]: Connection closed by invalid user shib 172.30.185.20 port 47072 [preauth]
Apr 18 15:33:48 a952d0d9ca03 sshd[320]: Invalid user ec2-user from 172.30.185.21 port 32834
Apr 18 15:33:48 a952d0d9ca03 sshd[320]: error: Could not get shadow information for NOUSER
Apr 18 15:33:48 a952d0d9ca03 sshd[320]: Failed none for invalid user ec2-user from 172.30.185.21 port 32834 ssh2
Apr 18 15:33:48 a952d0d9ca03 sshd[320]: Failed password for invalid user ec2-user from 172.30.185.21 port 32834 ssh2
Apr 18 15:33:48 a952d0d9ca03 sshd[320]: Connection closed by invalid user ec2-user 172.30.185.21 port 32834 [preauth]
Apr 18 15:33:48 a952d0d9ca03 sshd[322]: Invalid user ospite from 172.30.185.16 port 43948
Apr 18 15:33:48 a952d0d9ca03 sshd[322]: error: Could not get shadow information for NOUSER
Apr 18 15:33:48 a952d0d9ca03 sshd[322]: Failed none for invalid user ospite from 172.30.185.16 port 43948 ssh2
Apr 18 15:33:48 a952d0d9ca03 sshd[322]: Failed password for invalid user ospite from 172.30.185.16 port 43948 ssh2
Apr 18 15:33:48 a952d0d9ca03 sshd[324]: Invalid user wang from 172.30.185.17 port 55698
Apr 18 15:33:48 a952d0d9ca03 sshd[324]: error: Could not get shadow information for NOUSER
Apr 18 15:33:48 a952d0d9ca03 sshd[322]: Connection closed by invalid user ospite 172.30.185.16 port 43948 [preauth]
Apr 18 15:33:48 a952d0d9ca03 sshd[324]: Failed none for invalid user wang from 172.30.185.17 port 55698 ssh2
Apr 18 15:33:48 a952d0d9ca03 sshd[329]: Invalid user mysql from 172.30.185.18 port 49418
Apr 18 15:33:48 a952d0d9ca03 sshd[329]: error: Could not get shadow information for NOUSER
Apr 18 15:33:48 a952d0d9ca03 sshd[329]: Failed none for invalid user mysql from 172.30.185.18 port 49418 ssh2
Apr 18 15:33:48 a952d0d9ca03 sshd[324]: Failed password for invalid user wang from 172.30.185.17 port 55698 ssh2
Apr 18 15:33:48 a952d0d9ca03 sshd[324]: Connection closed by invalid user wang 172.30.185.17 port 55698 [preauth]
Apr 18 15:33:48 a952d0d9ca03 sshd[329]: Failed password for invalid user mysql from 172.30.185.18 port 49418 ssh2
Apr 18 15:33:48 a952d0d9ca03 sshd[326]: Invalid user tool from 172.30.185.22 port 42016
Apr 18 15:33:48 a952d0d9ca03 sshd[326]: error: Could not get shadow information for NOUSER
Apr 18 15:33:48 a952d0d9ca03 sshd[329]: Connection closed by invalid user mysql 172.30.185.18 port 49418 [preauth]
Apr 18 15:33:48 a952d0d9ca03 sshd[326]: Failed none for invalid user tool from 172.30.185.22 port 42016 ssh2
Apr 18 15:33:48 a952d0d9ca03 sshd[328]: Invalid user xiaolong from 172.30.185.19 port 40770
Apr 18 15:33:48 a952d0d9ca03 sshd[328]: error: Could not get shadow information for NOUSER
Apr 18 15:33:48 a952d0d9ca03 sshd[328]: Failed none for invalid user xiaolong from 172.30.185.19 port 40770 ssh2
Apr 18 15:33:48 a952d0d9ca03 sshd[326]: Failed password for invalid user tool from 172.30.185.22 port 42016 ssh2
Apr 18 15:33:48 a952d0d9ca03 sshd[326]: Connection closed by invalid user tool 172.30.185.22 port 42016 [preauth]
Apr 18 15:33:48 a952d0d9ca03 sshd[328]: Failed password for invalid user xiaolong from 172.30.185.19 port 40770 ssh2
Apr 18 15:33:48 a952d0d9ca03 sshd[328]: Connection closed by invalid user xiaolong 172.30.185.19 port 40770 [preauth]
Apr 18 15:33:48 a952d0d9ca03 sshd[332]: Invalid user shib from 172.30.185.20 port 47076
Apr 18 15:33:48 a952d0d9ca03 sshd[332]: error: Could not get shadow information for NOUSER
Apr 18 15:33:48 a952d0d9ca03 sshd[332]: Failed none for invalid user shib from 172.30.185.20 port 47076 ssh2
Apr 18 15:33:48 a952d0d9ca03 sshd[332]: Failed password for invalid user shib from 172.30.185.20 port 47076 ssh2
Apr 18 15:33:48 a952d0d9ca03 sshd[332]: Connection closed by invalid user shib 172.30.185.20 port 47076 [preauth]
Apr 18 15:33:48 a952d0d9ca03 sshd[334]: Invalid user ec2-user from 172.30.185.21 port 32850
Apr 18 15:33:48 a952d0d9ca03 sshd[334]: error: Could not get shadow information for NOUSER
Apr 18 15:33:48 a952d0d9ca03 sshd[334]: Failed none for invalid user ec2-user from 172.30.185.21 port 32850 ssh2
Apr 18 15:33:48 a952d0d9ca03 sshd[334]: Failed password for invalid user ec2-user from 172.30.185.21 port 32850 ssh2
Apr 18 15:33:48 a952d0d9ca03 sshd[334]: Connection closed by invalid user ec2-user 172.30.185.21 port 32850 [preauth]
Apr 18 15:33:48 a952d0d9ca03 sshd[336]: Invalid user ospite from 172.30.185.16 port 43964
Apr 18 15:33:48 a952d0d9ca03 sshd[336]: error: Could not get shadow information for NOUSER
Apr 18 15:33:48 a952d0d9ca03 sshd[336]: Failed none for invalid user ospite from 172.30.185.16 port 43964 ssh2
Apr 18 15:33:48 a952d0d9ca03 sshd[336]: Failed password for invalid user ospite from 172.30.185.16 port 43964 ssh2
Apr 18 15:33:48 a952d0d9ca03 sshd[336]: Connection closed by invalid user ospite 172.30.185.16 port 43964 [preauth]
Apr 18 15:33:48 a952d0d9ca03 sshd[338]: Invalid user wang from 172.30.185.17 port 55706
Apr 18 15:33:48 a952d0d9ca03 sshd[338]: error: Could not get shadow information for NOUSER
Apr 18 15:33:48 a952d0d9ca03 sshd[343]: Invalid user xiaolong from 172.30.185.19 port 40780
Apr 18 15:33:48 a952d0d9ca03 sshd[343]: error: Could not get shadow information for NOUSER
Apr 18 15:33:48 a952d0d9ca03 sshd[338]: Failed none for invalid user wang from 172.30.185.17 port 55706 ssh2
Apr 18 15:33:48 a952d0d9ca03 sshd[343]: Failed none for invalid user xiaolong from 172.30.185.19 port 40780 ssh2
Apr 18 15:33:48 a952d0d9ca03 sshd[340]: Invalid user mysql from 172.30.185.18 port 49432
Apr 18 15:33:48 a952d0d9ca03 sshd[340]: error: Could not get shadow information for NOUSER
Apr 18 15:33:48 a952d0d9ca03 sshd[338]: Failed password for invalid user wang from 172.30.185.17 port 55706 ssh2
Apr 18 15:33:48 a952d0d9ca03 sshd[343]: Failed password for invalid user xiaolong from 172.30.185.19 port 40780 ssh2
Apr 18 15:33:48 a952d0d9ca03 sshd[340]: Failed none for invalid user mysql from 172.30.185.18 port 49432 ssh2
Apr 18 15:33:48 a952d0d9ca03 sshd[338]: Connection closed by invalid user wang 172.30.185.17 port 55706 [preauth]
Apr 18 15:33:48 a952d0d9ca03 sshd[343]: Connection closed by invalid user xiaolong 172.30.185.19 port 40780 [preauth]
Apr 18 15:33:48 a952d0d9ca03 sshd[342]: Invalid user tool from 172.30.185.22 port 42022
Apr 18 15:33:48 a952d0d9ca03 sshd[342]: error: Could not get shadow information for NOUSER
Apr 18 15:33:48 a952d0d9ca03 sshd[340]: Failed password for invalid user mysql from 172.30.185.18 port 49432 ssh2
Apr 18 15:33:48 a952d0d9ca03 sshd[342]: Failed none for invalid user tool from 172.30.185.22 port 42022 ssh2
Apr 18 15:33:48 a952d0d9ca03 sshd[340]: Connection closed by invalid user mysql 172.30.185.18 port 49432 [preauth]
Apr 18 15:33:48 a952d0d9ca03 sshd[342]: Failed password for invalid user tool from 172.30.185.22 port 42022 ssh2
Apr 18 15:33:48 a952d0d9ca03 sshd[346]: Invalid user letmein from 172.30.185.23 port 36774
Apr 18 15:33:48 a952d0d9ca03 sshd[346]: error: Could not get shadow information for NOUSER
Apr 18 15:33:48 a952d0d9ca03 sshd[342]: Connection closed by invalid user tool 172.30.185.22 port 42022 [preauth]
Apr 18 15:33:48 a952d0d9ca03 sshd[346]: Failed none for invalid user letmein from 172.30.185.23 port 36774 ssh2
Apr 18 15:33:48 a952d0d9ca03 sshd[346]: Failed password for invalid user letmein from 172.30.185.23 port 36774 ssh2
Apr 18 15:33:48 a952d0d9ca03 sshd[346]: Connection closed by invalid user letmein 172.30.185.23 port 36774 [preauth]
Apr 18 15:33:48 a952d0d9ca03 sshd[348]: Invalid user shib from 172.30.185.20 port 47086
Apr 18 15:33:48 a952d0d9ca03 sshd[348]: error: Could not get shadow information for NOUSER
Apr 18 15:33:48 a952d0d9ca03 sshd[348]: Failed none for invalid user shib from 172.30.185.20 port 47086 ssh2
Apr 18 15:33:48 a952d0d9ca03 sshd[348]: Failed password for invalid user shib from 172.30.185.20 port 47086 ssh2
Apr 18 15:33:48 a952d0d9ca03 sshd[348]: Connection closed by invalid user shib 172.30.185.20 port 47086 [preauth]
Apr 18 15:33:48 a952d0d9ca03 sshd[350]: Invalid user ec2-user from 172.30.185.21 port 32854
Apr 18 15:33:48 a952d0d9ca03 sshd[350]: error: Could not get shadow information for NOUSER
Apr 18 15:33:48 a952d0d9ca03 sshd[350]: Failed none for invalid user ec2-user from 172.30.185.21 port 32854 ssh2
Apr 18 15:33:48 a952d0d9ca03 sshd[350]: Failed password for invalid user ec2-user from 172.30.185.21 port 32854 ssh2
Apr 18 15:33:48 a952d0d9ca03 sshd[350]: Connection closed by invalid user ec2-user 172.30.185.21 port 32854 [preauth]
Apr 18 15:33:48 a952d0d9ca03 sshd[356]: Invalid user mysql from 172.30.185.18 port 49434
Apr 18 15:33:48 a952d0d9ca03 sshd[356]: error: Could not get shadow information for NOUSER
Apr 18 15:33:48 a952d0d9ca03 sshd[356]: Failed none for invalid user mysql from 172.30.185.18 port 49434 ssh2
Apr 18 15:33:48 a952d0d9ca03 sshd[356]: Failed password for invalid user mysql from 172.30.185.18 port 49434 ssh2
Apr 18 15:33:48 a952d0d9ca03 sshd[356]: Connection closed by invalid user mysql 172.30.185.18 port 49434 [preauth]
Apr 18 15:33:48 a952d0d9ca03 sshd[358]: Invalid user tool from 172.30.185.22 port 42026
Apr 18 15:33:48 a952d0d9ca03 sshd[358]: error: Could not get shadow information for NOUSER
Apr 18 15:33:48 a952d0d9ca03 sshd[358]: Failed none for invalid user tool from 172.30.185.22 port 42026 ssh2
Apr 18 15:33:48 a952d0d9ca03 sshd[352]: Invalid user wang from 172.30.185.17 port 55716
Apr 18 15:33:48 a952d0d9ca03 sshd[353]: Invalid user xiaolong from 172.30.185.19 port 40794
Apr 18 15:33:48 a952d0d9ca03 sshd[353]: error: Could not get shadow information for NOUSER
Apr 18 15:33:48 a952d0d9ca03 sshd[352]: error: Could not get shadow information for NOUSER
Apr 18 15:33:48 a952d0d9ca03 sshd[353]: Failed none for invalid user xiaolong from 172.30.185.19 port 40794 ssh2
Apr 18 15:33:48 a952d0d9ca03 sshd[352]: Failed none for invalid user wang from 172.30.185.17 port 55716 ssh2
Apr 18 15:33:48 a952d0d9ca03 sshd[358]: Failed password for invalid user tool from 172.30.185.22 port 42026 ssh2
Apr 18 15:33:48 a952d0d9ca03 sshd[353]: Failed password for invalid user xiaolong from 172.30.185.19 port 40794 ssh2
Apr 18 15:33:48 a952d0d9ca03 sshd[358]: Connection closed by invalid user tool 172.30.185.22 port 42026 [preauth]
Apr 18 15:33:48 a952d0d9ca03 sshd[352]: Failed password for invalid user wang from 172.30.185.17 port 55716 ssh2
Apr 18 15:33:48 a952d0d9ca03 sshd[353]: Connection closed by invalid user xiaolong 172.30.185.19 port 40794 [preauth]
Apr 18 15:33:48 a952d0d9ca03 sshd[352]: Connection closed by invalid user wang 172.30.185.17 port 55716 [preauth]
Apr 18 15:33:48 a952d0d9ca03 sshd[360]: Invalid user letmein from 172.30.185.23 port 36788
Apr 18 15:33:48 a952d0d9ca03 sshd[360]: error: Could not get shadow information for NOUSER
Apr 18 15:33:48 a952d0d9ca03 sshd[360]: Failed none for invalid user letmein from 172.30.185.23 port 36788 ssh2
Apr 18 15:33:48 a952d0d9ca03 sshd[360]: Failed password for invalid user letmein from 172.30.185.23 port 36788 ssh2
Apr 18 15:33:48 a952d0d9ca03 sshd[360]: Connection closed by invalid user letmein 172.30.185.23 port 36788 [preauth]
Apr 18 15:33:48 a952d0d9ca03 sshd[362]: Invalid user shib from 172.30.185.20 port 47100
Apr 18 15:33:48 a952d0d9ca03 sshd[362]: error: Could not get shadow information for NOUSER
Apr 18 15:33:48 a952d0d9ca03 sshd[362]: Failed none for invalid user shib from 172.30.185.20 port 47100 ssh2
Apr 18 15:33:48 a952d0d9ca03 sshd[362]: Failed password for invalid user shib from 172.30.185.20 port 47100 ssh2
Apr 18 15:33:48 a952d0d9ca03 sshd[362]: Connection closed by invalid user shib 172.30.185.20 port 47100 [preauth]
Apr 18 15:33:48 a952d0d9ca03 sshd[365]: Invalid user ror from 172.30.185.24 port 58912
Apr 18 15:33:48 a952d0d9ca03 sshd[365]: error: Could not get shadow information for NOUSER
Apr 18 15:33:48 a952d0d9ca03 sshd[365]: Failed none for invalid user ror from 172.30.185.24 port 58912 ssh2
Apr 18 15:33:48 a952d0d9ca03 sshd[364]: Invalid user ec2-user from 172.30.185.21 port 32858
Apr 18 15:33:48 a952d0d9ca03 sshd[364]: error: Could not get shadow information for NOUSER
Apr 18 15:33:48 a952d0d9ca03 sshd[365]: Failed password for invalid user ror from 172.30.185.24 port 58912 ssh2
Apr 18 15:33:48 a952d0d9ca03 sshd[364]: Failed none for invalid user ec2-user from 172.30.185.21 port 32858 ssh2
Apr 18 15:33:48 a952d0d9ca03 sshd[365]: Connection closed by invalid user ror 172.30.185.24 port 58912 [preauth]
Apr 18 15:33:48 a952d0d9ca03 sshd[364]: Failed password for invalid user ec2-user from 172.30.185.21 port 32858 ssh2
Apr 18 15:33:48 a952d0d9ca03 sshd[364]: Connection closed by invalid user ec2-user 172.30.185.21 port 32858 [preauth]
Apr 18 15:33:49 a952d0d9ca03 sshd[370]: Invalid user tool from 172.30.185.22 port 42040
Apr 18 15:33:49 a952d0d9ca03 sshd[370]: error: Could not get shadow information for NOUSER
Apr 18 15:33:49 a952d0d9ca03 sshd[370]: Failed none for invalid user tool from 172.30.185.22 port 42040 ssh2
Apr 18 15:33:49 a952d0d9ca03 sshd[368]: Invalid user mysql from 172.30.185.18 port 49450
Apr 18 15:33:49 a952d0d9ca03 sshd[368]: error: Could not get shadow information for NOUSER
Apr 18 15:33:49 a952d0d9ca03 sshd[368]: Failed none for invalid user mysql from 172.30.185.18 port 49450 ssh2
Apr 18 15:33:49 a952d0d9ca03 sshd[370]: Failed password for invalid user tool from 172.30.185.22 port 42040 ssh2
Apr 18 15:33:49 a952d0d9ca03 sshd[370]: Connection closed by invalid user tool 172.30.185.22 port 42040 [preauth]
Apr 18 15:33:49 a952d0d9ca03 sshd[372]: Invalid user xiaolong from 172.30.185.19 port 40798
Apr 18 15:33:49 a952d0d9ca03 sshd[368]: Failed password for invalid user mysql from 172.30.185.18 port 49450 ssh2
Apr 18 15:33:49 a952d0d9ca03 sshd[372]: error: Could not get shadow information for NOUSER
Apr 18 15:33:49 a952d0d9ca03 sshd[372]: Failed none for invalid user xiaolong from 172.30.185.19 port 40798 ssh2
Apr 18 15:33:49 a952d0d9ca03 sshd[368]: Connection closed by invalid user mysql 172.30.185.18 port 49450 [preauth]
Apr 18 15:33:49 a952d0d9ca03 sshd[372]: Failed password for invalid user xiaolong from 172.30.185.19 port 40798 ssh2
Apr 18 15:33:49 a952d0d9ca03 sshd[374]: Invalid user letmein from 172.30.185.23 port 36790
Apr 18 15:33:49 a952d0d9ca03 sshd[374]: error: Could not get shadow information for NOUSER
Apr 18 15:33:49 a952d0d9ca03 sshd[372]: Connection closed by invalid user xiaolong 172.30.185.19 port 40798 [preauth]
Apr 18 15:33:49 a952d0d9ca03 sshd[374]: Failed none for invalid user letmein from 172.30.185.23 port 36790 ssh2
Apr 18 15:33:49 a952d0d9ca03 sshd[374]: Failed password for invalid user letmein from 172.30.185.23 port 36790 ssh2
Apr 18 15:33:49 a952d0d9ca03 sshd[374]: Connection closed by invalid user letmein 172.30.185.23 port 36790 [preauth]
Apr 18 15:33:49 a952d0d9ca03 sshd[376]: Invalid user shib from 172.30.185.20 port 47114
Apr 18 15:33:49 a952d0d9ca03 sshd[376]: error: Could not get shadow information for NOUSER
Apr 18 15:33:49 a952d0d9ca03 sshd[376]: Failed none for invalid user shib from 172.30.185.20 port 47114 ssh2
Apr 18 15:33:49 a952d0d9ca03 sshd[376]: Failed password for invalid user shib from 172.30.185.20 port 47114 ssh2
Apr 18 15:33:49 a952d0d9ca03 sshd[376]: Connection closed by invalid user shib 172.30.185.20 port 47114 [preauth]
Apr 18 15:33:49 a952d0d9ca03 sshd[378]: Invalid user ror from 172.30.185.24 port 58928
Apr 18 15:33:49 a952d0d9ca03 sshd[378]: error: Could not get shadow information for NOUSER
Apr 18 15:33:49 a952d0d9ca03 sshd[378]: Failed none for invalid user ror from 172.30.185.24 port 58928 ssh2
Apr 18 15:33:49 a952d0d9ca03 sshd[378]: Failed password for invalid user ror from 172.30.185.24 port 58928 ssh2
Apr 18 15:33:49 a952d0d9ca03 sshd[378]: Connection closed by invalid user ror 172.30.185.24 port 58928 [preauth]
Apr 18 15:33:49 a952d0d9ca03 sshd[380]: Invalid user ec2-user from 172.30.185.21 port 32862
Apr 18 15:33:49 a952d0d9ca03 sshd[380]: error: Could not get shadow information for NOUSER
Apr 18 15:33:49 a952d0d9ca03 sshd[380]: Failed none for invalid user ec2-user from 172.30.185.21 port 32862 ssh2
Apr 18 15:33:49 a952d0d9ca03 sshd[380]: Failed password for invalid user ec2-user from 172.30.185.21 port 32862 ssh2
Apr 18 15:33:49 a952d0d9ca03 sshd[380]: Connection closed by invalid user ec2-user 172.30.185.21 port 32862 [preauth]
Apr 18 15:33:49 a952d0d9ca03 sshd[382]: Invalid user tool from 172.30.185.22 port 42050
Apr 18 15:33:49 a952d0d9ca03 sshd[382]: error: Could not get shadow information for NOUSER
Apr 18 15:33:49 a952d0d9ca03 sshd[382]: Failed none for invalid user tool from 172.30.185.22 port 42050 ssh2
Apr 18 15:33:49 a952d0d9ca03 sshd[382]: Failed password for invalid user tool from 172.30.185.22 port 42050 ssh2
Apr 18 15:33:49 a952d0d9ca03 sshd[382]: Connection closed by invalid user tool 172.30.185.22 port 42050 [preauth]
Apr 18 15:33:49 a952d0d9ca03 sshd[383]: User adm not allowed because account is locked
Apr 18 15:33:49 a952d0d9ca03 sshd[383]: error: Could not get shadow information for NOUSER
Apr 18 15:33:49 a952d0d9ca03 sshd[383]: Failed none for invalid user adm from 172.30.185.25 port 59690 ssh2
Apr 18 15:33:49 a952d0d9ca03 sshd[383]: Failed password for invalid user adm from 172.30.185.25 port 59690 ssh2
Apr 18 15:33:49 a952d0d9ca03 sshd[383]: Connection closed by invalid user adm 172.30.185.25 port 59690 [preauth]
Apr 18 15:33:49 a952d0d9ca03 sshd[386]: Invalid user xiaolong from 172.30.185.19 port 40802
Apr 18 15:33:49 a952d0d9ca03 sshd[386]: error: Could not get shadow information for NOUSER
Apr 18 15:33:49 a952d0d9ca03 sshd[388]: Invalid user letmein from 172.30.185.23 port 36806
Apr 18 15:33:49 a952d0d9ca03 sshd[386]: Failed none for invalid user xiaolong from 172.30.185.19 port 40802 ssh2
Apr 18 15:33:49 a952d0d9ca03 sshd[388]: error: Could not get shadow information for NOUSER
Apr 18 15:33:49 a952d0d9ca03 sshd[388]: Failed none for invalid user letmein from 172.30.185.23 port 36806 ssh2
Apr 18 15:33:49 a952d0d9ca03 sshd[386]: Failed password for invalid user xiaolong from 172.30.185.19 port 40802 ssh2
Apr 18 15:33:49 a952d0d9ca03 sshd[388]: Failed password for invalid user letmein from 172.30.185.23 port 36806 ssh2
Apr 18 15:33:49 a952d0d9ca03 sshd[388]: Connection closed by invalid user letmein 172.30.185.23 port 36806 [preauth]
Apr 18 15:33:49 a952d0d9ca03 sshd[386]: Connection closed by invalid user xiaolong 172.30.185.19 port 40802 [preauth]
Apr 18 15:33:49 a952d0d9ca03 sshd[390]: Invalid user shib from 172.30.185.20 port 47126
Apr 18 15:33:49 a952d0d9ca03 sshd[390]: error: Could not get shadow information for NOUSER
Apr 18 15:33:49 a952d0d9ca03 sshd[390]: Failed none for invalid user shib from 172.30.185.20 port 47126 ssh2
Apr 18 15:33:49 a952d0d9ca03 sshd[390]: Failed password for invalid user shib from 172.30.185.20 port 47126 ssh2
Apr 18 15:33:49 a952d0d9ca03 sshd[390]: Connection closed by invalid user shib 172.30.185.20 port 47126 [preauth]
Apr 18 15:33:49 a952d0d9ca03 sshd[392]: Invalid user ror from 172.30.185.24 port 58944
Apr 18 15:33:49 a952d0d9ca03 sshd[392]: error: Could not get shadow information for NOUSER
Apr 18 15:33:49 a952d0d9ca03 sshd[392]: Failed none for invalid user ror from 172.30.185.24 port 58944 ssh2
Apr 18 15:33:49 a952d0d9ca03 sshd[394]: Invalid user ec2-user from 172.30.185.21 port 32876
Apr 18 15:33:49 a952d0d9ca03 sshd[394]: error: Could not get shadow information for NOUSER
Apr 18 15:33:49 a952d0d9ca03 sshd[392]: Failed password for invalid user ror from 172.30.185.24 port 58944 ssh2
Apr 18 15:33:49 a952d0d9ca03 sshd[394]: Failed none for invalid user ec2-user from 172.30.185.21 port 32876 ssh2
Apr 18 15:33:49 a952d0d9ca03 sshd[392]: Connection closed by invalid user ror 172.30.185.24 port 58944 [preauth]
Apr 18 15:33:49 a952d0d9ca03 sshd[394]: Failed password for invalid user ec2-user from 172.30.185.21 port 32876 ssh2
Apr 18 15:33:49 a952d0d9ca03 sshd[394]: Connection closed by invalid user ec2-user 172.30.185.21 port 32876 [preauth]
Apr 18 15:33:49 a952d0d9ca03 sshd[398]: User adm not allowed because account is locked
Apr 18 15:33:49 a952d0d9ca03 sshd[398]: error: Could not get shadow information for NOUSER
Apr 18 15:33:49 a952d0d9ca03 sshd[398]: Failed none for invalid user adm from 172.30.185.25 port 59692 ssh2
Apr 18 15:33:49 a952d0d9ca03 sshd[396]: Invalid user tool from 172.30.185.22 port 42058
Apr 18 15:33:49 a952d0d9ca03 sshd[396]: error: Could not get shadow information for NOUSER
Apr 18 15:33:49 a952d0d9ca03 sshd[396]: Failed none for invalid user tool from 172.30.185.22 port 42058 ssh2
Apr 18 15:33:49 a952d0d9ca03 sshd[398]: Failed password for invalid user adm from 172.30.185.25 port 59692 ssh2
Apr 18 15:33:49 a952d0d9ca03 sshd[398]: Connection closed by invalid user adm 172.30.185.25 port 59692 [preauth]
Apr 18 15:33:49 a952d0d9ca03 sshd[396]: Failed password for invalid user tool from 172.30.185.22 port 42058 ssh2
Apr 18 15:33:49 a952d0d9ca03 sshd[396]: Connection closed by invalid user tool 172.30.185.22 port 42058 [preauth]
Apr 18 15:33:49 a952d0d9ca03 sshd[400]: Invalid user letmein from 172.30.185.23 port 36820
Apr 18 15:33:49 a952d0d9ca03 sshd[400]: error: Could not get shadow information for NOUSER
Apr 18 15:33:49 a952d0d9ca03 sshd[400]: Failed none for invalid user letmein from 172.30.185.23 port 36820 ssh2
Apr 18 15:33:49 a952d0d9ca03 sshd[400]: Failed password for invalid user letmein from 172.30.185.23 port 36820 ssh2
Apr 18 15:33:49 a952d0d9ca03 sshd[400]: Connection closed by invalid user letmein 172.30.185.23 port 36820 [preauth]
