Apr 18 15:38:05 a952d0d9ca03 sshd[10292]: Failed password for invalid user elastic from 172.30.185.10 port 50280 ssh2
Apr 18 15:38:05 a952d0d9ca03 sshd[10292]: Connection closed by invalid user elastic 172.30.185.10 port 50280 [preauth]
Apr 18 15:38:05 a952d0d9ca03 sshd[10294]: Invalid user vpn from 172.30.185.13 port 55962
Apr 18 15:38:05 a952d0d9ca03 sshd[10294]: error: Could not get shadow information for NOUSER
Apr 18 15:38:05 a952d0d9ca03 sshd[10294]: Failed none for invalid user vpn from 172.30.185.13 port 55962 ssh2
Apr 18 15:38:05 a952d0d9ca03 sshd[10294]: Failed password for invalid user vpn from 172.30.185.13 port 55962 ssh2
Apr 18 15:38:05 a952d0d9ca03 sshd[10294]: Connection closed by invalid user vpn 172.30.185.13 port 55962 [preauth]
Apr 18 15:38:05 a952d0d9ca03 sshd[10295]: Invalid user openvpn from 172.30.185.11 port 49036
Apr 18 15:38:05 a952d0d9ca03 sshd[10295]: error: Could not get shadow information for NOUSER
Apr 18 15:38:05 a952d0d9ca03 sshd[10295]: Failed none for invalid user openvpn from 172.30.185.11 port 49036 ssh2
Apr 18 15:38:05 a952d0d9ca03 sshd[10295]: Failed password for invalid user openvpn from 172.30.185.11 port 49036 ssh2
Apr 18 15:38:05 a952d0d9ca03 sshd[10295]: Connection closed by invalid user openvpn 172.30.185.11 port 49036 [preauth]
Apr 18 15:38:05 a952d0d9ca03 sshd[10298]: Invalid user dokku from 172.30.185.12 port 60892
Apr 18 15:38:05 a952d0d9ca03 sshd[10298]: error: Could not get shadow information for NOUSER
Apr 18 15:38:05 a952d0d9ca03 sshd[10298]: Failed none for invalid user dokku from 172.30.185.12 port 60892 ssh2
Apr 18 15:38:05 a952d0d9ca03 sshd[10298]: Failed password for invalid user dokku from 172.30.185.12 port 60892 ssh2
Apr 18 15:38:05 a952d0d9ca03 sshd[10298]: Connection closed by invalid user dokku 172.30.185.12 port 60892 [preauth]
Apr 18 15:38:05 a952d0d9ca03 sshd[10300]: Invalid user elastic from 172.30.185.10 port 50288
Apr 18 15:38:05 a952d0d9ca03 sshd[10300]: error: Could not get shadow information for NOUSER
Apr 18 15:38:05 a952d0d9ca03 sshd[10300]: Failed none for invalid user elastic from 172.30.185.10 port 50288 ssh2
Apr 18 15:38:05 a952d0d9ca03 sshd[10300]: Failed password for invalid user elastic from 172.30.185.10 port 50288 ssh2
Apr 18 15:38:05 a952d0d9ca03 sshd[10300]: Connection closed by invalid user elastic 172.30.185.10 port 50288 [preauth]
Apr 18 15:38:05 a952d0d9ca03 sshd[10302]: Invalid user vpn from 172.30.185.13 port 55964
Apr 18 15:38:05 a952d0d9ca03 sshd[10302]: error: Could not get shadow information for NOUSER
Apr 18 15:38:05 a952d0d9ca03 sshd[10302]: Failed none for invalid user vpn from 172.30.185.13 port 55964 ssh2
Apr 18 15:38:05 a952d0d9ca03 sshd[10302]: Failed password for invalid user vpn from 172.30.185.13 port 55964 ssh2
Apr 18 15:38:05 a952d0d9ca03 sshd[10302]: Connection closed by invalid user vpn 172.30.185.13 port 55964 [preauth]
Apr 18 15:38:05 a952d0d9ca03 sshd[10304]: Invalid user openvpn from 172.30.185.11 port 49038
Apr 18 15:38:05 a952d0d9ca03 sshd[10304]: error: Could not get shadow information for NOUSER
Apr 18 15:38:05 a952d0d9ca03 sshd[10304]: Failed none for invalid user openvpn from 172.30.185.11 port 49038 ssh2
Apr 18 15:38:05 a952d0d9ca03 sshd[10304]: Failed password for invalid user openvpn from 172.30.185.11 port 49038 ssh2
Apr 18 15:38:05 a952d0d9ca03 sshd[10304]: Connection closed by invalid user openvpn 172.30.185.11 port 49038 [preauth]
Apr 18 15:38:06 a952d0d9ca03 sshd[10306]: Invalid user usuario1 from 172.30.185.14 port 48436
Apr 18 15:38:06 a952d0d9ca03 sshd[10306]: error: Could not get shadow information for NOUSER
Apr 18 15:38:06 a952d0d9ca03 sshd[10306]: Failed none for invalid user usuario1 from 172.30.185.14 port 48436 ssh2
Apr 18 15:38:06 a952d0d9ca03 sshd[10306]: Failed password for invalid user usuario1 from 172.30.185.14 port 48436 ssh2
Apr 18 15:38:06 a952d0d9ca03 sshd[10306]: Connection closed by invalid user usuario1 172.30.185.14 port 48436 [preauth]
Apr 18 15:38:06 a952d0d9ca03 sshd[10308]: Invalid user dokku from 172.30.185.12 port 60900
Apr 18 15:38:06 a952d0d9ca03 sshd[10308]: error: Could not get shadow information for NOUSER
Apr 18 15:38:06 a952d0d9ca03 sshd[10308]: Failed none for invalid user dokku from 172.30.185.12 port 60900 ssh2
Apr 18 15:38:06 a952d0d9ca03 sshd[10308]: Failed password for invalid user dokku from 172.30.185.12 port 60900 ssh2
Apr 18 15:38:06 a952d0d9ca03 sshd[10308]: Connection closed by invalid user dokku 172.30.185.12 port 60900 [preauth]
Apr 18 15:38:06 a952d0d9ca03 sshd[10312]: Invalid user vpn from 172.30.185.13 port 55972
Apr 18 15:38:06 a952d0d9ca03 sshd[10312]: error: Could not get shadow information for NOUSER
Apr 18 15:38:06 a952d0d9ca03 sshd[10312]: Failed none for invalid user vpn from 172.30.185.13 port 55972 ssh2
Apr 18 15:38:06 a952d0d9ca03 sshd[10310]: Invalid user elastic from 172.30.185.10 port 50292
Apr 18 15:38:06 a952d0d9ca03 sshd[10310]: error: Could not get shadow information for NOUSER
Apr 18 15:38:06 a952d0d9ca03 sshd[10312]: Failed password for invalid user vpn from 172.30.185.13 port 55972 ssh2
Apr 18 15:38:06 a952d0d9ca03 sshd[10310]: Failed none for invalid user elastic from 172.30.185.10 port 50292 ssh2
Apr 18 15:38:06 a952d0d9ca03 sshd[10312]: Connection closed by invalid user vpn 172.30.185.13 port 55972 [preauth]
Apr 18 15:38:06 a952d0d9ca03 sshd[10314]: Invalid user openvpn from 172.30.185.11 port 49042
Apr 18 15:38:06 a952d0d9ca03 sshd[10314]: error: Could not get shadow information for NOUSER
Apr 18 15:38:06 a952d0d9ca03 sshd[10314]: Failed none for invalid user openvpn from 172.30.185.11 port 49042 ssh2
Apr 18 15:38:06 a952d0d9ca03 sshd[10310]: Failed password for invalid user elastic from 172.30.185.10 port 50292 ssh2
Apr 18 15:38:06 a952d0d9ca03 sshd[10310]: Connection closed by invalid user elastic 172.30.185.10 port 50292 [preauth]
Apr 18 15:38:06 a952d0d9ca03 sshd[10314]: Failed password for invalid user openvpn from 172.30.185.11 port 49042 ssh2
Apr 18 15:38:06 a952d0d9ca03 sshd[10314]: Connection closed by invalid user openvpn 172.30.185.11 port 49042 [preauth]
Apr 18 15:38:06 a952d0d9ca03 sshd[10316]: Invalid user usuario1 from 172.30.185.14 port 48438
Apr 18 15:38:06 a952d0d9ca03 sshd[10316]: error: Could not get shadow information for NOUSER
Apr 18 15:38:06 a952d0d9ca03 sshd[10316]: Failed none for invalid user usuario1 from 172.30.185.14 port 48438 ssh2
Apr 18 15:38:06 a952d0d9ca03 sshd[10316]: Failed password for invalid user usuario1 from 172.30.185.14 port 48438 ssh2
Apr 18 15:38:06 a952d0d9ca03 sshd[10316]: Connection closed by invalid user usuario1 172.30.185.14 port 48438 [preauth]
Apr 18 15:38:06 a952d0d9ca03 sshd[10318]: Invalid user dokku from 172.30.185.12 port 60912
Apr 18 15:38:06 a952d0d9ca03 sshd[10318]: error: Could not get shadow information for NOUSER
Apr 18 15:38:06 a952d0d9ca03 sshd[10318]: Failed none for invalid user dokku from 172.30.185.12 port 60912 ssh2
Apr 18 15:38:06 a952d0d9ca03 sshd[10318]: Failed password for invalid user dokku from 172.30.185.12 port 60912 ssh2
Apr 18 15:38:06 a952d0d9ca03 sshd[10318]: Connection closed by invalid user dokku 172.30.185.12 port 60912 [preauth]
Apr 18 15:38:06 a952d0d9ca03 sshd[10320]: Invalid user vpn from 172.30.185.13 port 55980
Apr 18 15:38:06 a952d0d9ca03 sshd[10320]: error: Could not get shadow information for NOUSER
Apr 18 15:38:06 a952d0d9ca03 sshd[10320]: Failed none for invalid user vpn from 172.30.185.13 port 55980 ssh2
Apr 18 15:38:06 a952d0d9ca03 sshd[10320]: Failed password for invalid user vpn from 172.30.185.13 port 55980 ssh2
Apr 18 15:38:06 a952d0d9ca03 sshd[10324]: Invalid user openvpn from 172.30.185.11 port 49054
Apr 18 15:38:06 a952d0d9ca03 sshd[10324]: error: Could not get shadow information for NOUSER
Apr 18 15:38:06 a952d0d9ca03 sshd[10320]: Connection closed by invalid user vpn 172.30.185.13 port 55980 [preauth]
Apr 18 15:38:06 a952d0d9ca03 sshd[10324]: Failed none for invalid user openvpn from 172.30.185.11 port 49054 ssh2
Apr 18 15:38:06 a952d0d9ca03 sshd[10324]: Failed password for invalid user openvpn from 172.30.185.11 port 49054 ssh2
Apr 18 15:38:06 a952d0d9ca03 sshd[10324]: Connection closed by invalid user openvpn 172.30.185.11 port 49054 [preauth]
Apr 18 15:38:06 a952d0d9ca03 sshd[10322]: Invalid user elastic from 172.30.185.10 port 50306
Apr 18 15:38:06 a952d0d9ca03 sshd[10322]: error: Could not get shadow information for NOUSER
Apr 18 15:38:06 a952d0d9ca03 sshd[10322]: Failed none for invalid user elastic from 172.30.185.10 port 50306 ssh2
Apr 18 15:38:06 a952d0d9ca03 sshd[10322]: Failed password for invalid user elastic from 172.30.185.10 port 50306 ssh2
Apr 18 15:38:06 a952d0d9ca03 sshd[10322]: Connection closed by invalid user elastic 172.30.185.10 port 50306 [preauth]
Apr 18 15:38:06 a952d0d9ca03 sshd[10326]: Invalid user usuario1 from 172.30.185.14 port 48450
Apr 18 15:38:06 a952d0d9ca03 sshd[10326]: error: Could not get shadow information for NOUSER
Apr 18 15:38:06 a952d0d9ca03 sshd[10326]: Failed none for invalid user usuario1 from 172.30.185.14 port 48450 ssh2
Apr 18 15:38:06 a952d0d9ca03 sshd[10326]: Failed password for invalid user usuario1 from 172.30.185.14 port 48450 ssh2
Apr 18 15:38:06 a952d0d9ca03 sshd[10326]: Connection closed by invalid user usuario1 172.30.185.14 port 48450 [preauth]
Apr 18 15:38:06 a952d0d9ca03 sshd[10328]: Invalid user dokku from 172.30.185.12 port 60914
Apr 18 15:38:06 a952d0d9ca03 sshd[10328]: error: Could not get shadow information for NOUSER
Apr 18 15:38:06 a952d0d9ca03 sshd[10328]: Failed none for invalid user dokku from 172.30.185.12 port 60914 ssh2
Apr 18 15:38:06 a952d0d9ca03 sshd[10328]: Failed password for invalid user dokku from 172.30.185.12 port 60914 ssh2
Apr 18 15:38:06 a952d0d9ca03 sshd[10328]: Connection closed by invalid user dokku 172.30.185.12 port 60914 [preauth]
Apr 18 15:38:06 a952d0d9ca03 sshd[10330]: Invalid user vpn from 172.30.185.13 port 55992
Apr 18 15:38:06 a952d0d9ca03 sshd[10330]: error: Could not get shadow information for NOUSER
Apr 18 15:38:06 a952d0d9ca03 sshd[10330]: Failed none for invalid user vpn from 172.30.185.13 port 55992 ssh2
Apr 18 15:38:06 a952d0d9ca03 sshd[10332]: Invalid user openvpn from 172.30.185.11 port 49068
Apr 18 15:38:06 a952d0d9ca03 sshd[10332]: error: Could not get shadow information for NOUSER
Apr 18 15:38:06 a952d0d9ca03 sshd[10332]: Failed none for invalid user openvpn from 172.30.185.11 port 49068 ssh2
Apr 18 15:38:06 a952d0d9ca03 sshd[10330]: Failed password for invalid user vpn from 172.30.185.13 port 55992 ssh2
Apr 18 15:38:06 a952d0d9ca03 sshd[10332]: Failed password for invalid user openvpn from 172.30.185.11 port 49068 ssh2
Apr 18 15:38:06 a952d0d9ca03 sshd[10330]: Connection closed by invalid user vpn 172.30.185.13 port 55992 [preauth]
Apr 18 15:38:06 a952d0d9ca03 sshd[10332]: Connection closed by invalid user openvpn 172.30.185.11 port 49068 [preauth]
Apr 18 15:38:06 a952d0d9ca03 sshd[10334]: Invalid user adminftp from 172.30.185.15 port 51928
Apr 18 15:38:06 a952d0d9ca03 sshd[10334]: error: Could not get shadow information for NOUSER
Apr 18 15:38:06 a952d0d9ca03 sshd[10334]: Failed none for invalid user adminftp from 172.30.185.15 port 51928 ssh2
Apr 18 15:38:06 a952d0d9ca03 sshd[10334]: Failed password for invalid user adminftp from 172.30.185.15 port 51928 ssh2
Apr 18 15:38:06 a952d0d9ca03 sshd[10336]: Invalid user usuario1 from 172.30.185.14 port 37040
Apr 18 15:38:06 a952d0d9ca03 sshd[10336]: error: Could not get shadow information for NOUSER
Apr 18 15:38:06 a952d0d9ca03 sshd[10334]: Connection closed by invalid user adminftp 172.30.185.15 port 51928 [preauth]
Apr 18 15:38:06 a952d0d9ca03 sshd[10336]: Failed none for invalid user usuario1 from 172.30.185.14 port 37040 ssh2
Apr 18 15:38:06 a952d0d9ca03 sshd[10336]: Failed password for invalid user usuario1 from 172.30.185.14 port 37040 ssh2
Apr 18 15:38:06 a952d0d9ca03 sshd[10336]: Connection closed by invalid user usuario1 172.30.185.14 port 37040 [preauth]
Apr 18 15:38:06 a952d0d9ca03 sshd[10338]: Invalid user dokku from 172.30.185.12 port 44814
Apr 18 15:38:06 a952d0d9ca03 sshd[10338]: error: Could not get shadow information for NOUSER
Apr 18 15:38:06 a952d0d9ca03 sshd[10338]: Failed none for invalid user dokku from 172.30.185.12 port 44814 ssh2
Apr 18 15:38:06 a952d0d9ca03 sshd[10338]: Failed password for invalid user dokku from 172.30.185.12 port 44814 ssh2
Apr 18 15:38:06 a952d0d9ca03 sshd[10342]: Invalid user vpn from 172.30.185.13 port 58588
Apr 18 15:38:06 a952d0d9ca03 sshd[10338]: Connection closed by invalid user dokku 172.30.185.12 port 44814 [preauth]
Apr 18 15:38:06 a952d0d9ca03 sshd[10342]: error: Could not get shadow information for NOUSER
Apr 18 15:38:06 a952d0d9ca03 sshd[10342]: Failed none for invalid user vpn from 172.30.185.13 port 58588 ssh2
Apr 18 15:38:06 a952d0d9ca03 sshd[10340]: Invalid user user1 from 172.30.185.16 port 59790
Apr 18 15:38:06 a952d0d9ca03 sshd[10340]: error: Could not get shadow information for NOUSER
Apr 18 15:38:06 a952d0d9ca03 sshd[10340]: Failed none for invalid user user1 from 172.30.185.16 port 59790 ssh2
Apr 18 15:38:06 a952d0d9ca03 sshd[10342]: Failed password for invalid user vpn from 172.30.185.13 port 58588 ssh2
Apr 18 15:38:06 a952d0d9ca03 sshd[10342]: Connection closed by invalid user vpn 172.30.185.13 port 58588 [preauth]
Apr 18 15:38:06 a952d0d9ca03 sshd[10340]: Failed password for invalid user user1 from 172.30.185.16 port 59790 ssh2
Apr 18 15:38:06 a952d0d9ca03 sshd[10344]: Invalid user openvpn from 172.30.185.11 port 41736
Apr 18 15:38:06 a952d0d9ca03 sshd[10344]: error: Could not get shadow information for NOUSER
Apr 18 15:38:06 a952d0d9ca03 sshd[10344]: Failed none for invalid user openvpn from 172.30.185.11 port 41736 ssh2
Apr 18 15:38:06 a952d0d9ca03 sshd[10340]: Connection closed by invalid user user1 172.30.185.16 port 59790 [preauth]
Apr 18 15:38:06 a952d0d9ca03 sshd[10344]: Failed password for invalid user openvpn from 172.30.185.11 port 41736 ssh2
Apr 18 15:38:06 a952d0d9ca03 sshd[10344]: Connection closed by invalid user openvpn 172.30.185.11 port 41736 [preauth]
Apr 18 15:38:06 a952d0d9ca03 sshd[10346]: Invalid user adminftp from 172.30.185.15 port 51944
Apr 18 15:38:06 a952d0d9ca03 sshd[10346]: error: Could not get shadow information for NOUSER
Apr 18 15:38:06 a952d0d9ca03 sshd[10346]: Failed none for invalid user adminftp from 172.30.185.15 port 51944 ssh2
Apr 18 15:38:06 a952d0d9ca03 sshd[10346]: Failed password for invalid user adminftp from 172.30.185.15 port 51944 ssh2
Apr 18 15:38:06 a952d0d9ca03 sshd[10346]: Connection closed by invalid user adminftp 172.30.185.15 port 51944 [preauth]
Apr 18 15:38:06 a952d0d9ca03 sshd[10348]: Invalid user usuario1 from 172.30.185.14 port 37044
Apr 18 15:38:06 a952d0d9ca03 sshd[10348]: error: Could not get shadow information for NOUSER
Apr 18 15:38:06 a952d0d9ca03 sshd[10348]: Failed none for invalid user usuario1 from 172.30.185.14 port 37044 ssh2
Apr 18 15:38:07 a952d0d9ca03 sshd[10348]: Failed password for invalid user usuario1 from 172.30.185.14 port 37044 ssh2
Apr 18 15:38:07 a952d0d9ca03 sshd[10348]: Connection closed by invalid user usuario1 172.30.185.14 port 37044 [preauth]
Apr 18 15:38:07 a952d0d9ca03 sshd[10350]: Invalid user dokku from 172.30.185.12 port 44828
Apr 18 15:38:07 a952d0d9ca03 sshd[10350]: error: Could not get shadow information for NOUSER
Apr 18 15:38:07 a952d0d9ca03 sshd[10350]: Failed none for invalid user dokku from 172.30.185.12 port 44828 ssh2
Apr 18 15:38:07 a952d0d9ca03 sshd[10353]: Invalid user user1 from 172.30.185.16 port 59798
Apr 18 15:38:07 a952d0d9ca03 sshd[10353]: error: Could not get shadow information for NOUSER
Apr 18 15:38:07 a952d0d9ca03 sshd[10353]: Failed none for invalid user user1 from 172.30.185.16 port 59798 ssh2
Apr 18 15:38:07 a952d0d9ca03 sshd[10350]: Failed password for invalid user dokku from 172.30.185.12 port 44828 ssh2
Apr 18 15:38:07 a952d0d9ca03 sshd[10352]: Invalid user vpn from 172.30.185.13 port 58602
Apr 18 15:38:07 a952d0d9ca03 sshd[10352]: error: Could not get shadow information for NOUSER
Apr 18 15:38:07 a952d0d9ca03 sshd[10352]: Failed none for invalid user vpn from 172.30.185.13 port 58602 ssh2
Apr 18 15:38:07 a952d0d9ca03 sshd[10350]: Connection closed by invalid user dokku 172.30.185.12 port 44828 [preauth]
Apr 18 15:38:07 a952d0d9ca03 sshd[10353]: Failed password for invalid user user1 from 172.30.185.16 port 59798 ssh2
Apr 18 15:38:07 a952d0d9ca03 sshd[10353]: Connection closed by invalid user user1 172.30.185.16 port 59798 [preauth]
Apr 18 15:38:07 a952d0d9ca03 sshd[10352]: Failed password for invalid user vpn from 172.30.185.13 port 58602 ssh2
Apr 18 15:38:07 a952d0d9ca03 sshd[10352]: Connection closed by invalid user vpn 172.30.185.13 port 58602 [preauth]
Apr 18 15:38:07 a952d0d9ca03 sshd[10356]: Invalid user adminftp from 172.30.185.15 port 51954
Apr 18 15:38:07 a952d0d9ca03 sshd[10356]: error: Could not get shadow information for NOUSER
Apr 18 15:38:07 a952d0d9ca03 sshd[10356]: Failed none for invalid user adminftp from 172.30.185.15 port 51954 ssh2
Apr 18 15:38:07 a952d0d9ca03 sshd[10358]: Invalid user usuario1 from 172.30.185.14 port 37052
Apr 18 15:38:07 a952d0d9ca03 sshd[10358]: error: Could not get shadow information for NOUSER
Apr 18 15:38:07 a952d0d9ca03 sshd[10358]: Failed none for invalid user usuario1 from 172.30.185.14 port 37052 ssh2
Apr 18 15:38:07 a952d0d9ca03 sshd[10356]: Failed password for invalid user adminftp from 172.30.185.15 port 51954 ssh2
Apr 18 15:38:07 a952d0d9ca03 sshd[10356]: Connection closed by invalid user adminftp 172.30.185.15 port 51954 [preauth]
Apr 18 15:38:07 a952d0d9ca03 sshd[10358]: Failed password for invalid user usuario1 from 172.30.185.14 port 37052 ssh2
Apr 18 15:38:07 a952d0d9ca03 sshd[10358]: Connection closed by invalid user usuario1 172.30.185.14 port 37052 [preauth]
Apr 18 15:38:07 a952d0d9ca03 sshd[10360]: Invalid user dokku from 172.30.185.12 port 44834
Apr 18 15:38:07 a952d0d9ca03 sshd[10360]: error: Could not get shadow information for NOUSER
Apr 18 15:38:07 a952d0d9ca03 sshd[10360]: Failed none for invalid user dokku from 172.30.185.12 port 44834 ssh2
Apr 18 15:38:07 a952d0d9ca03 sshd[10360]: Failed password for invalid user dokku from 172.30.185.12 port 44834 ssh2
Apr 18 15:38:07 a952d0d9ca03 sshd[10362]: Invalid user user1 from 172.30.185.16 port 59810
Apr 18 15:38:07 a952d0d9ca03 sshd[10362]: error: Could not get shadow information for NOUSER
Apr 18 15:38:07 a952d0d9ca03 sshd[10360]: Connection closed by invalid user dokku 172.30.185.12 port 44834 [preauth]
Apr 18 15:38:07 a952d0d9ca03 sshd[10362]: Failed none for invalid user user1 from 172.30.185.16 port 59810 ssh2
Apr 18 15:38:07 a952d0d9ca03 sshd[10362]: Failed password for invalid user user1 from 172.30.185.16 port 59810 ssh2
Apr 18 15:38:07 a952d0d9ca03 sshd[10364]: Invalid user vpn from 172.30.185.13 port 58604
Apr 18 15:38:07 a952d0d9ca03 sshd[10364]: error: Could not get shadow information for NOUSER
Apr 18 15:38:07 a952d0d9ca03 sshd[10364]: Failed none for invalid user vpn from 172.30.185.13 port 58604 ssh2
Apr 18 15:38:07 a952d0d9ca03 sshd[10362]: Connection closed by invalid user user1 172.30.185.16 port 59810 [preauth]
Apr 18 15:38:07 a952d0d9ca03 sshd[10364]: Failed password for invalid user vpn from 172.30.185.13 port 58604 ssh2
Apr 18 15:38:07 a952d0d9ca03 sshd[10364]: Connection closed by invalid user vpn 172.30.185.13 port 58604 [preauth]
Apr 18 15:38:07 a952d0d9ca03 sshd[10366]: Invalid user adminftp from 172.30.185.15 port 51962
Apr 18 15:38:07 a952d0d9ca03 sshd[10366]: error: Could not get shadow information for NOUSER
Apr 18 15:38:07 a952d0d9ca03 sshd[10366]: Failed none for invalid user adminftp from 172.30.185.15 port 51962 ssh2
Apr 18 15:38:07 a952d0d9ca03 sshd[10368]: Invalid user usuario1 from 172.30.185.14 port 37054
Apr 18 15:38:07 a952d0d9ca03 sshd[10368]: error: Could not get shadow information for NOUSER
Apr 18 15:38:07 a952d0d9ca03 sshd[10366]: Failed password for invalid user adminftp from 172.30.185.15 port 51962 ssh2
Apr 18 15:38:07 a952d0d9ca03 sshd[10368]: Failed none for invalid user usuario1 from 172.30.185.14 port 37054 ssh2
Apr 18 15:38:07 a952d0d9ca03 sshd[10366]: Connection closed by invalid user adminftp 172.30.185.15 port 51962 [preauth]
Apr 18 15:38:07 a952d0d9ca03 sshd[10368]: Failed password for invalid user usuario1 from 172.30.185.14 port 37054 ssh2
Apr 18 15:38:07 a952d0d9ca03 sshd[10368]: Connection closed by invalid user usuario1 172.30.185.14 port 37054 [preauth]
Apr 18 15:38:07 a952d0d9ca03 sshd[10370]: Invalid user user1 from 172.30.185.16 port 59826
Apr 18 15:38:07 a952d0d9ca03 sshd[10370]: error: Could not get shadow information for NOUSER
Apr 18 15:38:07 a952d0d9ca03 sshd[10370]: Failed none for invalid user user1 from 172.30.185.16 port 59826 ssh2
Apr 18 15:38:07 a952d0d9ca03 sshd[10370]: Failed password for invalid user user1 from 172.30.185.16 port 59826 ssh2
Apr 18 15:38:07 a952d0d9ca03 sshd[10370]: Connection closed by invalid user user1 172.30.185.16 port 59826 [preauth]
Apr 18 15:38:07 a952d0d9ca03 sshd[10372]: Invalid user vpn from 172.30.185.13 port 58608
Apr 18 15:38:07 a952d0d9ca03 sshd[10372]: error: Could not get shadow information for NOUSER
Apr 18 15:38:07 a952d0d9ca03 sshd[10372]: Failed none for invalid user vpn from 172.30.185.13 port 58608 ssh2
Apr 18 15:38:07 a952d0d9ca03 sshd[10372]: Failed password for invalid user vpn from 172.30.185.13 port 58608 ssh2
Apr 18 15:38:07 a952d0d9ca03 sshd[10372]: Connection closed by invalid user vpn 172.30.185.13 port 58608 [preauth]
Apr 18 15:38:07 a952d0d9ca03 sshd[10374]: Invalid user adminftp from 172.30.185.15 port 51976
Apr 18 15:38:07 a952d0d9ca03 sshd[10374]: error: Could not get shadow information for NOUSER
Apr 18 15:38:07 a952d0d9ca03 sshd[10374]: Failed none for invalid user adminftp from 172.30.185.15 port 51976 ssh2
Apr 18 15:38:07 a952d0d9ca03 sshd[10374]: Failed password for invalid user adminftp from 172.30.185.15 port 51976 ssh2
Apr 18 15:38:07 a952d0d9ca03 sshd[10376]: Invalid user usuario1 from 172.30.185.14 port 37068
Apr 18 15:38:07 a952d0d9ca03 sshd[10376]: error: Could not get shadow information for NOUSER
Apr 18 15:38:07 a952d0d9ca03 sshd[10376]: Failed none for invalid user usuario1 from 172.30.185.14 port 37068 ssh2
Apr 18 15:38:07 a952d0d9ca03 sshd[10374]: Connection closed by invalid user adminftp 172.30.185.15 port 51976 [preauth]
Apr 18 15:38:07 a952d0d9ca03 sshd[10376]: Failed password for invalid user usuario1 from 172.30.185.14 port 37068 ssh2
Apr 18 15:38:07 a952d0d9ca03 sshd[10376]: Connection closed by invalid user usuario1 172.30.185.14 port 37068 [preauth]
Apr 18 15:38:07 a952d0d9ca03 sshd[10379]: Invalid user user1 from 172.30.185.16 port 59840
Apr 18 15:38:07 a952d0d9ca03 sshd[10379]: error: Could not get shadow information for NOUSER
Apr 18 15:38:07 a952d0d9ca03 sshd[10379]: Failed none for invalid user user1 from 172.30.185.16 port 59840 ssh2
Apr 18 15:38:07 a952d0d9ca03 sshd[10379]: Failed password for invalid user user1 from 172.30.185.16 port 59840 ssh2
Apr 18 15:38:07 a952d0d9ca03 sshd[10379]: Connection closed by invalid user user1 172.30.185.16 port 59840 [preauth]
Apr 18 15:38:07 a952d0d9ca03 sshd[10378]: Invalid user asterisk from 172.30.185.18 port 37684
Apr 18 15:38:07 a952d0d9ca03 sshd[10378]: error: Could not get shadow information for NOUSER
Apr 18 15:38:07 a952d0d9ca03 sshd[10378]: Failed none for invalid user asterisk from 172.30.185.18 port 37684 ssh2
Apr 18 15:38:07 a952d0d9ca03 sshd[10382]: Invalid user vpn from 172.30.185.13 port 58618
Apr 18 15:38:07 a952d0d9ca03 sshd[10382]: error: Could not get shadow information for NOUSER
Apr 18 15:38:07 a952d0d9ca03 sshd[10382]: Failed none for invalid user vpn from 172.30.185.13 port 58618 ssh2
Apr 18 15:38:07 a952d0d9ca03 sshd[10378]: Failed password for invalid user asterisk from 172.30.185.18 port 37684 ssh2
Apr 18 15:38:07 a952d0d9ca03 sshd[10378]: Connection closed by invalid user asterisk 172.30.185.18 port 37684 [preauth]
Apr 18 15:38:07 a952d0d9ca03 sshd[10382]: Failed password for invalid user vpn from 172.30.185.13 port 58618 ssh2
Apr 18 15:38:07 a952d0d9ca03 sshd[10382]: Connection closed by invalid user vpn 172.30.185.13 port 58618 [preauth]
Apr 18 15:38:07 a952d0d9ca03 sshd[10388]: Invalid user usuario1 from 172.30.185.14 port 37070
Apr 18 15:38:07 a952d0d9ca03 sshd[10388]: error: Could not get shadow information for NOUSER
Apr 18 15:38:07 a952d0d9ca03 sshd[10386]: Invalid user adminftp from 172.30.185.15 port 51988
Apr 18 15:38:07 a952d0d9ca03 sshd[10386]: error: Could not get shadow information for NOUSER
Apr 18 15:38:07 a952d0d9ca03 sshd[10388]: Failed none for invalid user usuario1 from 172.30.185.14 port 37070 ssh2
Apr 18 15:38:07 a952d0d9ca03 sshd[10386]: Failed none for invalid user adminftp from 172.30.185.15 port 51988 ssh2
Apr 18 15:38:07 a952d0d9ca03 sshd[10388]: Failed password for invalid user usuario1 from 172.30.185.14 port 37070 ssh2
Apr 18 15:38:07 a952d0d9ca03 sshd[10386]: Failed password for invalid user adminftp from 172.30.185.15 port 51988 ssh2
Apr 18 15:38:07 a952d0d9ca03 sshd[10388]: Connection closed by invalid user usuario1 172.30.185.14 port 37070 [preauth]
Apr 18 15:38:07 a952d0d9ca03 sshd[10386]: Connection closed by invalid user adminftp 172.30.185.15 port 51988 [preauth]
Apr 18 15:38:07 a952d0d9ca03 sshd[10384]: Invalid user newuser from 172.30.185.17 port 46838
Apr 18 15:38:07 a952d0d9ca03 sshd[10384]: error: Could not get shadow information for NOUSER
Apr 18 15:38:07 a952d0d9ca03 sshd[10384]: Failed none for invalid user newuser from 172.30.185.17 port 46838 ssh2
Apr 18 15:38:07 a952d0d9ca03 sshd[10384]: Failed password for invalid user newuser from 172.30.185.17 port 46838 ssh2
Apr 18 15:38:07 a952d0d9ca03 sshd[10384]: Connection closed by invalid user newuser 172.30.185.17 port 46838 [preauth]
Apr 18 15:38:07 a952d0d9ca03 sshd[10390]: Invalid user user1 from 172.30.185.16 port 59844
Apr 18 15:38:08 a952d0d9ca03 sshd[10390]: error: Could not get shadow information for NOUSER
Apr 18 15:38:08 a952d0d9ca03 sshd[10390]: Failed none for invalid user user1 from 172.30.185.16 port 59844 ssh2
Apr 18 15:38:08 a952d0d9ca03 sshd[10390]: Failed password for invalid user user1 from 172.30.185.16 port 59844 ssh2
Apr 18 15:38:08 a952d0d9ca03 sshd[10390]: Connection closed by invalid user user1 172.30.185.16 port 59844 [preauth]
Apr 18 15:38:08 a952d0d9ca03 sshd[10392]: Invalid user asterisk from 172.30.185.18 port 37686
Apr 18 15:38:08 a952d0d9ca03 sshd[10392]: error: Could not get shadow information for NOUSER
Apr 18 15:38:08 a952d0d9ca03 sshd[10392]: Failed none for invalid user asterisk from 172.30.185.18 port 37686 ssh2
Apr 18 15:38:08 a952d0d9ca03 sshd[10392]: Failed password for invalid user asterisk from 172.30.185.18 port 37686 ssh2
Apr 18 15:38:08 a952d0d9ca03 sshd[10392]: Connection closed by invalid user asterisk 172.30.185.18 port 37686 [preauth]
Apr 18 15:38:08 a952d0d9ca03 sshd[10395]: Invalid user adminftp from 172.30.185.15 port 52004
Apr 18 15:38:08 a952d0d9ca03 sshd[10395]: error: Could not get shadow information for NOUSER
Apr 18 15:38:08 a952d0d9ca03 sshd[10395]: Failed none for invalid user adminftp from 172.30.185.15 port 52004 ssh2
Apr 18 15:38:08 a952d0d9ca03 sshd[10395]: Failed password for invalid user adminftp from 172.30.185.15 port 52004 ssh2
Apr 18 15:38:08 a952d0d9ca03 sshd[10395]: Connection closed by invalid user adminftp 172.30.185.15 port 52004 [preauth]
Apr 18 15:38:08 a952d0d9ca03 sshd[10398]: Invalid user newuser from 172.30.185.17 port 46854
Apr 18 15:38:08 a952d0d9ca03 sshd[10398]: error: Could not get shadow information for NOUSER
Apr 18 15:38:08 a952d0d9ca03 sshd[10398]: Failed none for invalid user newuser from 172.30.185.17 port 46854 ssh2
Apr 18 15:38:08 a952d0d9ca03 sshd[10394]: Invalid user usuario1 from 172.30.185.14 port 37084
Apr 18 15:38:08 a952d0d9ca03 sshd[10394]: error: Could not get shadow information for NOUSER
Apr 18 15:38:08 a952d0d9ca03 sshd[10398]: Failed password for invalid user newuser from 172.30.185.17 port 46854 ssh2
Apr 18 15:38:08 a952d0d9ca03 sshd[10394]: Failed none for invalid user usuario1 from 172.30.185.14 port 37084 ssh2
Apr 18 15:38:08 a952d0d9ca03 sshd[10398]: Connection closed by invalid user newuser 172.30.185.17 port 46854 [preauth]
Apr 18 15:38:08 a952d0d9ca03 sshd[10394]: Failed password for invalid user usuario1 from 172.30.185.14 port 37084 ssh2
Apr 18 15:38:08 a952d0d9ca03 sshd[10394]: Connection closed by invalid user usuario1 172.30.185.14 port 37084 [preauth]
Apr 18 15:38:08 a952d0d9ca03 sshd[10400]: Invalid user testuser from 172.30.185.19 port 43512
Apr 18 15:38:08 a952d0d9ca03 sshd[10400]: error: Could not get shadow information for NOUSER
Apr 18 15:38:08 a952d0d9ca03 sshd[10400]: Failed none for invalid user testuser from 172.30.185.19 port 43512 ssh2
Apr 18 15:38:08 a952d0d9ca03 sshd[10402]: Invalid user user1 from 172.30.185.16 port 59846
Apr 18 15:38:08 a952d0d9ca03 sshd[10402]: error: Could not get shadow information for NOUSER
Apr 18 15:38:08 a952d0d9ca03 sshd[10400]: Failed password for invalid user testuser from 172.30.185.19 port 43512 ssh2
Apr 18 15:38:08 a952d0d9ca03 sshd[10402]: Failed none for invalid user user1 from 172.30.185.16 port 59846 ssh2
Apr 18 15:38:08 a952d0d9ca03 sshd[10400]: Connection closed by invalid user testuser 172.30.185.19 port 43512 [preauth]
Apr 18 15:38:08 a952d0d9ca03 sshd[10402]: Failed password for invalid user user1 from 172.30.185.16 port 59846 ssh2
Apr 18 15:38:08 a952d0d9ca03 sshd[10402]: Connection closed by invalid user user1 172.30.185.16 port 59846 [preauth]
Apr 18 15:38:08 a952d0d9ca03 sshd[10404]: Invalid user asterisk from 172.30.185.18 port 37696
Apr 18 15:38:08 a952d0d9ca03 sshd[10404]: error: Could not get shadow information for NOUSER
Apr 18 15:38:08 a952d0d9ca03 sshd[10404]: Failed none for invalid user asterisk from 172.30.185.18 port 37696 ssh2
Apr 18 15:38:08 a952d0d9ca03 sshd[10404]: Failed password for invalid user asterisk from 172.30.185.18 port 37696 ssh2
Apr 18 15:38:08 a952d0d9ca03 sshd[10404]: Connection closed by invalid user asterisk 172.30.185.18 port 37696 [preauth]
Apr 18 15:38:08 a952d0d9ca03 sshd[10406]: Invalid user adminftp from 172.30.185.15 port 52008
Apr 18 15:38:08 a952d0d9ca03 sshd[10406]: error: Could not get shadow information for NOUSER
Apr 18 15:38:08 a952d0d9ca03 sshd[10406]: Failed none for invalid user adminftp from 172.30.185.15 port 52008 ssh2
Apr 18 15:38:08 a952d0d9ca03 sshd[10406]: Failed password for invalid user adminftp from 172.30.185.15 port 52008 ssh2
Apr 18 15:38:08 a952d0d9ca03 sshd[10408]: Invalid user newuser from 172.30.185.17 port 46856
Apr 18 15:38:08 a952d0d9ca03 sshd[10408]: error: Could not get shadow information for NOUSER
Apr 18 15:38:08 a952d0d9ca03 sshd[10408]: Failed none for invalid user newuser from 172.30.185.17 port 46856 ssh2
Apr 18 15:38:08 a952d0d9ca03 sshd[10406]: Connection closed by invalid user adminftp 172.30.185.15 port 52008 [preauth]
Apr 18 15:38:08 a952d0d9ca03 sshd[10408]: Failed password for invalid user newuser from 172.30.185.17 port 46856 ssh2
Apr 18 15:38:08 a952d0d9ca03 sshd[10408]: Connection closed by invalid user newuser 172.30.185.17 port 46856 [preauth]
Apr 18 15:38:08 a952d0d9ca03 sshd[10410]: Invalid user testuser from 172.30.185.19 port 43524
Apr 18 15:38:08 a952d0d9ca03 sshd[10410]: error: Could not get shadow information for NOUSER
Apr 18 15:38:08 a952d0d9ca03 sshd[10410]: Failed none for invalid user testuser from 172.30.185.19 port 43524 ssh2
Apr 18 15:38:08 a952d0d9ca03 sshd[10412]: Invalid user user1 from 172.30.185.16 port 59848
Apr 18 15:38:08 a952d0d9ca03 sshd[10412]: error: Could not get shadow information for NOUSER
Apr 18 15:38:08 a952d0d9ca03 sshd[10410]: Failed password for invalid user testuser from 172.30.185.19 port 43524 ssh2
Apr 18 15:38:08 a952d0d9ca03 sshd[10412]: Failed none for invalid user user1 from 172.30.185.16 port 59848 ssh2
Apr 18 15:38:08 a952d0d9ca03 sshd[10410]: Connection closed by invalid user testuser 172.30.185.19 port 43524 [preauth]
Apr 18 15:38:08 a952d0d9ca03 sshd[10412]: Failed password for invalid user user1 from 172.30.185.16 port 59848 ssh2
Apr 18 15:38:08 a952d0d9ca03 sshd[10412]: Connection closed by invalid user user1 172.30.185.16 port 59848 [preauth]
Apr 18 15:38:08 a952d0d9ca03 sshd[10414]: Invalid user asterisk from 172.30.185.18 port 37700
Apr 18 15:38:08 a952d0d9ca03 sshd[10414]: error: Could not get shadow information for NOUSER
Apr 18 15:38:08 a952d0d9ca03 sshd[10414]: Failed none for invalid user asterisk from 172.30.185.18 port 37700 ssh2
Apr 18 15:38:08 a952d0d9ca03 sshd[10414]: Failed password for invalid user asterisk from 172.30.185.18 port 37700 ssh2
Apr 18 15:38:08 a952d0d9ca03 sshd[10414]: Connection closed by invalid user asterisk 172.30.185.18 port 37700 [preauth]
Apr 18 15:38:08 a952d0d9ca03 sshd[10416]: Invalid user adminftp from 172.30.185.15 port 52012
Apr 18 15:38:08 a952d0d9ca03 sshd[10416]: error: Could not get shadow information for NOUSER
Apr 18 15:38:08 a952d0d9ca03 sshd[10416]: Failed none for invalid user adminftp from 172.30.185.15 port 52012 ssh2
Apr 18 15:38:08 a952d0d9ca03 sshd[10418]: Invalid user newuser from 172.30.185.17 port 46858
Apr 18 15:38:08 a952d0d9ca03 sshd[10418]: error: Could not get shadow information for NOUSER
Apr 18 15:38:08 a952d0d9ca03 sshd[10416]: Failed password for invalid user adminftp from 172.30.185.15 port 52012 ssh2
Apr 18 15:38:08 a952d0d9ca03 sshd[10418]: Failed none for invalid user newuser from 172.30.185.17 port 46858 ssh2
Apr 18 15:38:08 a952d0d9ca03 sshd[10416]: Connection closed by invalid user adminftp 172.30.185.15 port 52012 [preauth]
Apr 18 15:38:08 a952d0d9ca03 sshd[10418]: Failed password for invalid user newuser from 172.30.185.17 port 46858 ssh2
Apr 18 15:38:08 a952d0d9ca03 sshd[10418]: Connection closed by invalid user newuser 172.30.185.17 port 46858 [preauth]
Apr 18 15:38:08 a952d0d9ca03 sshd[10420]: Invalid user testuser from 172.30.185.19 port 43534
Apr 18 15:38:08 a952d0d9ca03 sshd[10420]: error: Could not get shadow information for NOUSER
Apr 18 15:38:08 a952d0d9ca03 sshd[10422]: Invalid user user1 from 172.30.185.16 port 59860
Apr 18 15:38:08 a952d0d9ca03 sshd[10420]: Failed none for invalid user testuser from 172.30.185.19 port 43534 ssh2
Apr 18 15:38:08 a952d0d9ca03 sshd[10422]: error: Could not get shadow information for NOUSER
Apr 18 15:38:08 a952d0d9ca03 sshd[10422]: Failed none for invalid user user1 from 172.30.185.16 port 59860 ssh2
Apr 18 15:38:08 a952d0d9ca03 sshd[10420]: Failed password for invalid user testuser from 172.30.185.19 port 43534 ssh2
Apr 18 15:38:08 a952d0d9ca03 sshd[10420]: Connection closed by invalid user testuser 172.30.185.19 port 43534 [preauth]
Apr 18 15:38:08 a952d0d9ca03 sshd[10422]: Failed password for invalid user user1 from 172.30.185.16 port 59860 ssh2
Apr 18 15:38:08 a952d0d9ca03 sshd[10422]: Connection closed by invalid user user1 172.30.185.16 port 59860 [preauth]
Apr 18 15:38:08 a952d0d9ca03 sshd[10424]: Invalid user asterisk from 172.30.185.18 port 37714
Apr 18 15:38:08 a952d0d9ca03 sshd[10424]: error: Could not get shadow information for NOUSER
Apr 18 15:38:08 a952d0d9ca03 sshd[10424]: Failed none for invalid user asterisk from 172.30.185.18 port 37714 ssh2
Apr 18 15:38:08 a952d0d9ca03 sshd[10424]: Failed password for invalid user asterisk from 172.30.185.18 port 37714 ssh2
Apr 18 15:38:08 a952d0d9ca03 sshd[10426]: Invalid user adminftp from 172.30.185.15 port 52024
Apr 18 15:38:08 a952d0d9ca03 sshd[10426]: error: Could not get shadow information for NOUSER
Apr 18 15:38:08 a952d0d9ca03 sshd[10424]: Connection closed by invalid user asterisk 172.30.185.18 port 37714 [preauth]
Apr 18 15:38:08 a952d0d9ca03 sshd[10426]: Failed none for invalid user adminftp from 172.30.185.15 port 52024 ssh2
Apr 18 15:38:08 a952d0d9ca03 sshd[10426]: Failed password for invalid user adminftp from 172.30.185.15 port 52024 ssh2
Apr 18 15:38:08 a952d0d9ca03 sshd[10428]: Invalid user newuser from 172.30.185.17 port 46874
Apr 18 15:38:08 a952d0d9ca03 sshd[10428]: error: Could not get shadow information for NOUSER
Apr 18 15:38:08 a952d0d9ca03 sshd[10426]: Connection closed by invalid user adminftp 172.30.185.15 port 52024 [preauth]
Apr 18 15:38:08 a952d0d9ca03 sshd[10428]: Failed none for invalid user newuser from 172.30.185.17 port 46874 ssh2
Apr 18 15:38:08 a952d0d9ca03 sshd[10428]: Failed password for invalid user newuser from 172.30.185.17 port 46874 ssh2
Apr 18 15:38:08 a952d0d9ca03 sshd[10428]: Connection closed by invalid user newuser 172.30.185.17 port 46874 [preauth]
Apr 18 15:38:08 a952d0d9ca03 sshd[10430]: Invalid user testuser from 172.30.185.19 port 43544
Apr 18 15:38:08 a952d0d9ca03 sshd[10430]: error: Could not get shadow information for NOUSER
Apr 18 15:38:08 a952d0d9ca03 sshd[10430]: Failed none for invalid user testuser from 172.30.185.19 port 43544 ssh2
Apr 18 15:38:08 a952d0d9ca03 sshd[10432]: Invalid user user1 from 172.30.185.16 port 59874
Apr 18 15:38:08 a952d0d9ca03 sshd[10432]: error: Could not get shadow information for NOUSER
Apr 18 15:38:08 a952d0d9ca03 sshd[10432]: Failed none for invalid user user1 from 172.30.185.16 port 59874 ssh2
Apr 18 15:38:08 a952d0d9ca03 sshd[10430]: Failed password for invalid user testuser from 172.30.185.19 port 43544 ssh2
Apr 18 15:38:08 a952d0d9ca03 sshd[10430]: Connection closed by invalid user testuser 172.30.185.19 port 43544 [preauth]
Apr 18 15:38:08 a952d0d9ca03 sshd[10432]: Failed password for invalid user user1 from 172.30.185.16 port 59874 ssh2
Apr 18 15:38:08 a952d0d9ca03 sshd[10432]: Connection closed by invalid user user1 172.30.185.16 port 59874 [preauth]
Apr 18 15:38:09 a952d0d9ca03 sshd[10436]: Invalid user spectrum from 172.30.185.20 port 60476
Apr 18 15:38:09 a952d0d9ca03 sshd[10436]: error: Could not get shadow information for NOUSER
Apr 18 15:38:09 a952d0d9ca03 sshd[10436]: Failed none for invalid user spectrum from 172.30.185.20 port 60476 ssh2
Apr 18 15:38:09 a952d0d9ca03 sshd[10436]: Failed password for invalid user spectrum from 172.30.185.20 port 60476 ssh2
Apr 18 15:38:09 a952d0d9ca03 sshd[10434]: Invalid user asterisk from 172.30.185.18 port 37728
Apr 18 15:38:09 a952d0d9ca03 sshd[10434]: error: Could not get shadow information for NOUSER
Apr 18 15:38:09 a952d0d9ca03 sshd[10436]: Connection closed by invalid user spectrum 172.30.185.20 port 60476 [preauth]
Apr 18 15:38:09 a952d0d9ca03 sshd[10434]: Failed none for invalid user asterisk from 172.30.185.18 port 37728 ssh2
Apr 18 15:38:09 a952d0d9ca03 sshd[10434]: Failed password for invalid user asterisk from 172.30.185.18 port 37728 ssh2
Apr 18 15:38:09 a952d0d9ca03 sshd[10434]: Connection closed by invalid user asterisk 172.30.185.18 port 37728 [preauth]
Apr 18 15:38:09 a952d0d9ca03 sshd[10438]: Invalid user newuser from 172.30.185.17 port 46888
Apr 18 15:38:09 a952d0d9ca03 sshd[10438]: error: Could not get shadow information for NOUSER
Apr 18 15:38:09 a952d0d9ca03 sshd[10438]: Failed none for invalid user newuser from 172.30.185.17 port 46888 ssh2
Apr 18 15:38:09 a952d0d9ca03 sshd[10438]: Failed password for invalid user newuser from 172.30.185.17 port 46888 ssh2
Apr 18 15:38:09 a952d0d9ca03 sshd[10438]: Connection closed by invalid user newuser 172.30.185.17 port 46888 [preauth]
Apr 18 15:38:09 a952d0d9ca03 sshd[10440]: Invalid user testuser from 172.30.185.19 port 43550
Apr 18 15:38:09 a952d0d9ca03 sshd[10440]: error: Could not get shadow information for NOUSER
Apr 18 15:38:09 a952d0d9ca03 sshd[10440]: Failed none for invalid user testuser from 172.30.185.19 port 43550 ssh2
Apr 18 15:38:09 a952d0d9ca03 sshd[10440]: Failed password for invalid user testuser from 172.30.185.19 port 43550 ssh2
Apr 18 15:38:09 a952d0d9ca03 sshd[10440]: Connection closed by invalid user testuser 172.30.185.19 port 43550 [preauth]
Apr 18 15:38:09 a952d0d9ca03 sshd[10442]: Invalid user spectrum from 172.30.185.20 port 60488
Apr 18 15:38:09 a952d0d9ca03 sshd[10442]: error: Could not get shadow information for NOUSER
Apr 18 15:38:09 a952d0d9ca03 sshd[10442]: Failed none for invalid user spectrum from 172.30.185.20 port 60488 ssh2
Apr 18 15:38:09 a952d0d9ca03 sshd[10442]: Failed password for invalid user spectrum from 172.30.185.20 port 60488 ssh2
Apr 18 15:38:09 a952d0d9ca03 sshd[10442]: Connection closed by invalid user spectrum 172.30.185.20 port 60488 [preauth]
Apr 18 15:38:09 a952d0d9ca03 sshd[10444]: Invalid user asterisk from 172.30.185.18 port 37736
Apr 18 15:38:09 a952d0d9ca03 sshd[10444]: error: Could not get shadow information for NOUSER
Apr 18 15:38:09 a952d0d9ca03 sshd[10444]: Failed none for invalid user asterisk from 172.30.185.18 port 37736 ssh2
Apr 18 15:38:09 a952d0d9ca03 sshd[10446]: Invalid user newuser from 172.30.185.17 port 46890
Apr 18 15:38:09 a952d0d9ca03 sshd[10446]: error: Could not get shadow information for NOUSER
Apr 18 15:38:09 a952d0d9ca03 sshd[10446]: Failed none for invalid user newuser from 172.30.185.17 port 46890 ssh2
Apr 18 15:38:09 a952d0d9ca03 sshd[10444]: Failed password for invalid user asterisk from 172.30.185.18 port 37736 ssh2
Apr 18 15:38:09 a952d0d9ca03 sshd[10446]: Failed password for invalid user newuser from 172.30.185.17 port 46890 ssh2
Apr 18 15:38:09 a952d0d9ca03 sshd[10444]: Connection closed by invalid user asterisk 172.30.185.18 port 37736 [preauth]
Apr 18 15:38:09 a952d0d9ca03 sshd[10446]: Connection closed by invalid user newuser 172.30.185.17 port 46890 [preauth]
Apr 18 15:38:09 a952d0d9ca03 sshd[10448]: Invalid user testuser from 172.30.185.19 port 43566
Apr 18 15:38:09 a952d0d9ca03 sshd[10448]: error: Could not get shadow information for NOUSER
Apr 18 15:38:09 a952d0d9ca03 sshd[10448]: Failed none for invalid user testuser from 172.30.185.19 port 43566 ssh2
Apr 18 15:38:09 a952d0d9ca03 sshd[10448]: Failed password for invalid user testuser from 172.30.185.19 port 43566 ssh2
Apr 18 15:38:09 a952d0d9ca03 sshd[10448]: Connection closed by invalid user testuser 172.30.185.19 port 43566 [preauth]
Apr 18 15:38:09 a952d0d9ca03 sshd[10450]: Invalid user spectrum from 172.30.185.20 port 60494
Apr 18 15:38:09 a952d0d9ca03 sshd[10450]: error: Could not get shadow information for NOUSER
Apr 18 15:38:09 a952d0d9ca03 sshd[10450]: Failed none for invalid user spectrum from 172.30.185.20 port 60494 ssh2
Apr 18 15:38:09 a952d0d9ca03 sshd[10450]: Failed password for invalid user spectrum from 172.30.185.20 port 60494 ssh2
Apr 18 15:38:09 a952d0d9ca03 sshd[10450]: Connection closed by invalid user spectrum 172.30.185.20 port 60494 [preauth]
Apr 18 15:38:09 a952d0d9ca03 sshd[10453]: Invalid user newuser from 172.30.185.17 port 46906
Apr 18 15:38:09 a952d0d9ca03 sshd[10453]: error: Could not get shadow information for NOUSER
Apr 18 15:38:09 a952d0d9ca03 sshd[10453]: Failed none for invalid user newuser from 172.30.185.17 port 46906 ssh2
Apr 18 15:38:09 a952d0d9ca03 sshd[10453]: Failed password for invalid user newuser from 172.30.185.17 port 46906 ssh2
Apr 18 15:38:09 a952d0d9ca03 sshd[10453]: Connection closed by invalid user newuser 172.30.185.17 port 46906 [preauth]
Apr 18 15:38:09 a952d0d9ca03 sshd[10456]: Invalid user testuser from 172.30.185.19 port 43580
Apr 18 15:38:09 a952d0d9ca03 sshd[10456]: error: Could not get shadow information for NOUSER
Apr 18 15:38:09 a952d0d9ca03 sshd[10456]: Failed none for invalid user testuser from 172.30.185.19 port 43580 ssh2
Apr 18 15:38:09 a952d0d9ca03 sshd[10452]: Invalid user asterisk from 172.30.185.18 port 37748
Apr 18 15:38:09 a952d0d9ca03 sshd[10452]: error: Could not get shadow information for NOUSER
Apr 18 15:38:09 a952d0d9ca03 sshd[10452]: Failed none for invalid user asterisk from 172.30.185.18 port 37748 ssh2
Apr 18 15:38:09 a952d0d9ca03 sshd[10456]: Failed password for invalid user testuser from 172.30.185.19 port 43580 ssh2
Apr 18 15:38:09 a952d0d9ca03 sshd[10456]: Connection closed by invalid user testuser 172.30.185.19 port 43580 [preauth]
Apr 18 15:38:09 a952d0d9ca03 sshd[10452]: Failed password for invalid user asterisk from 172.30.185.18 port 37748 ssh2
Apr 18 15:38:09 a952d0d9ca03 sshd[10452]: Connection closed by invalid user asterisk 172.30.185.18 port 37748 [preauth]
Apr 18 15:38:09 a952d0d9ca03 sshd[10458]: Invalid user spectrum from 172.30.185.20 port 60504
Apr 18 15:38:09 a952d0d9ca03 sshd[10458]: error: Could not get shadow information for NOUSER
Apr 18 15:38:09 a952d0d9ca03 sshd[10458]: Failed none for invalid user spectrum from 172.30.185.20 port 60504 ssh2
Apr 18 15:38:09 a952d0d9ca03 sshd[10458]: Failed password for invalid user spectrum from 172.30.185.20 port 60504 ssh2
Apr 18 15:38:09 a952d0d9ca03 sshd[10458]: Connection closed by invalid user spectrum 172.30.185.20 port 60504 [preauth]
Apr 18 15:38:09 a952d0d9ca03 sshd[10460]: Invalid user newuser from 172.30.185.17 port 46920
Apr 18 15:38:09 a952d0d9ca03 sshd[10460]: error: Could not get shadow information for NOUSER
Apr 18 15:38:09 a952d0d9ca03 sshd[10460]: Failed none for invalid user newuser from 172.30.185.17 port 46920 ssh2
Apr 18 15:38:09 a952d0d9ca03 sshd[10460]: Failed password for invalid user newuser from 172.30.185.17 port 46920 ssh2
Apr 18 15:38:09 a952d0d9ca03 sshd[10460]: Connection closed by invalid user newuser 172.30.185.17 port 46920 [preauth]
Apr 18 15:38:09 a952d0d9ca03 sshd[10464]: Invalid user asterisk from 172.30.185.18 port 37758
Apr 18 15:38:09 a952d0d9ca03 sshd[10464]: error: Could not get shadow information for NOUSER
Apr 18 15:38:09 a952d0d9ca03 sshd[10464]: Failed none for invalid user asterisk from 172.30.185.18 port 37758 ssh2
Apr 18 15:38:09 a952d0d9ca03 sshd[10464]: Failed password for invalid user asterisk from 172.30.185.18 port 37758 ssh2
Apr 18 15:38:09 a952d0d9ca03 sshd[10464]: Connection closed by invalid user asterisk 172.30.185.18 port 37758 [preauth]
Apr 18 15:38:09 a952d0d9ca03 sshd[10462]: Invalid user testuser from 172.30.185.19 port 43584
Apr 18 15:38:09 a952d0d9ca03 sshd[10462]: error: Could not get shadow information for NOUSER
Apr 18 15:38:09 a952d0d9ca03 sshd[10462]: Failed none for invalid user testuser from 172.30.185.19 port 43584 ssh2
Apr 18 15:38:09 a952d0d9ca03 sshd[10462]: Failed password for invalid user testuser from 172.30.185.19 port 43584 ssh2
Apr 18 15:38:09 a952d0d9ca03 sshd[10462]: Connection closed by invalid user testuser 172.30.185.19 port 43584 [preauth]
Apr 18 15:38:09 a952d0d9ca03 sshd[10466]: Invalid user spectrum from 172.30.185.20 port 60518
Apr 18 15:38:09 a952d0d9ca03 sshd[10466]: error: Could not get shadow information for NOUSER
Apr 18 15:38:09 a952d0d9ca03 sshd[10466]: Failed none for invalid user spectrum from 172.30.185.20 port 60518 ssh2
Apr 18 15:38:09 a952d0d9ca03 sshd[10466]: Failed password for invalid user spectrum from 172.30.185.20 port 60518 ssh2
Apr 18 15:38:09 a952d0d9ca03 sshd[10466]: Connection closed by invalid user spectrum 172.30.185.20 port 60518 [preauth]
Apr 18 15:38:09 a952d0d9ca03 sshd[10468]: Invalid user newuser from 172.30.185.17 port 46936
Apr 18 15:38:09 a952d0d9ca03 sshd[10468]: error: Could not get shadow information for NOUSER
Apr 18 15:38:10 a952d0d9ca03 sshd[10468]: Failed none for invalid user newuser from 172.30.185.17 port 46936 ssh2
Apr 18 15:38:10 a952d0d9ca03 sshd[10468]: Failed password for invalid user newuser from 172.30.185.17 port 46936 ssh2
Apr 18 15:38:10 a952d0d9ca03 sshd[10468]: Connection closed by invalid user newuser 172.30.185.17 port 46936 [preauth]
Apr 18 15:38:10 a952d0d9ca03 sshd[10472]: Invalid user testuser from 172.30.185.19 port 43586
Apr 18 15:38:10 a952d0d9ca03 sshd[10472]: error: Could not get shadow information for NOUSER
Apr 18 15:38:10 a952d0d9ca03 sshd[10472]: Failed none for invalid user testuser from 172.30.185.19 port 43586 ssh2
Apr 18 15:38:10 a952d0d9ca03 sshd[10472]: Failed password for invalid user testuser from 172.30.185.19 port 43586 ssh2
Apr 18 15:38:10 a952d0d9ca03 sshd[10470]: Invalid user asterisk from 172.30.185.18 port 37768
Apr 18 15:38:10 a952d0d9ca03 sshd[10470]: error: Could not get shadow information for NOUSER
Apr 18 15:38:10 a952d0d9ca03 sshd[10472]: Connection closed by invalid user testuser 172.30.185.19 port 43586 [preauth]
Apr 18 15:38:10 a952d0d9ca03 sshd[10470]: Failed none for invalid user asterisk from 172.30.185.18 port 37768 ssh2
Apr 18 15:38:10 a952d0d9ca03 sshd[10470]: Failed password for invalid user asterisk from 172.30.185.18 port 37768 ssh2
Apr 18 15:38:10 a952d0d9ca03 sshd[10470]: Connection closed by invalid user asterisk 172.30.185.18 port 37768 [preauth]
Apr 18 15:38:10 a952d0d9ca03 sshd[10474]: Invalid user spectrum from 172.30.185.20 port 60524
Apr 18 15:38:10 a952d0d9ca03 sshd[10474]: error: Could not get shadow information for NOUSER
Apr 18 15:38:10 a952d0d9ca03 sshd[10474]: Failed none for invalid user spectrum from 172.30.185.20 port 60524 ssh2
Apr 18 15:38:10 a952d0d9ca03 sshd[10474]: Failed password for invalid user spectrum from 172.30.185.20 port 60524 ssh2
Apr 18 15:38:10 a952d0d9ca03 sshd[10474]: Connection closed by invalid user spectrum 172.30.185.20 port 60524 [preauth]
Apr 18 15:38:10 a952d0d9ca03 sshd[10476]: Invalid user testuser from 172.30.185.19 port 43602
Apr 18 15:38:10 a952d0d9ca03 sshd[10476]: error: Could not get shadow information for NOUSER
Apr 18 15:38:10 a952d0d9ca03 sshd[10476]: Failed none for invalid user testuser from 172.30.185.19 port 43602 ssh2
Apr 18 15:38:10 a952d0d9ca03 sshd[10476]: Failed password for invalid user testuser from 172.30.185.19 port 43602 ssh2
Apr 18 15:38:10 a952d0d9ca03 sshd[10478]: Invalid user authority from 172.30.185.21 port 36402
Apr 18 15:38:10 a952d0d9ca03 sshd[10478]: error: Could not get shadow information for NOUSER
Apr 18 15:38:10 a952d0d9ca03 sshd[10476]: Connection closed by invalid user testuser 172.30.185.19 port 43602 [preauth]
Apr 18 15:38:10 a952d0d9ca03 sshd[10478]: Failed none for invalid user authority from 172.30.185.21 port 36402 ssh2
Apr 18 15:38:10 a952d0d9ca03 sshd[10478]: Failed password for invalid user authority from 172.30.185.21 port 36402 ssh2
